.....................................................FFFFFFFFEEE........ [  4%]
...................................................................E.... [  8%]
.....F.................................................................. [ 13%]
........................................................................ [ 17%]
........................................................................ [ 22%]
.................................ssssssssss............................. [ 26%]
s.................................F..FF....F......FEEEEEEEEFFFFFFFFFFFFF [ 31%]
FFFFFFFFFFFFFFFFFFF......FFFFF.FFFFF.FFFF..FFFFFFFFFFFFFFFFFFFFFFFFFF.FF [ 35%]
FF..FF.FFFFFFFFFFFFFFFFF................FFFF.............FF........F.... [ 40%]
......................F.FFFEEEE..FFEEEEEEEEEEEEEEEEEEF.FFFF............. [ 44%]
..FFF..FEFEFE.E.EFEFE.E.E.E.E.E.E.E.EF.........F..........F...........EE [ 47%]
EEEEEE................EEEFFFFFFFFFF.......F...F......................FF. [ 52%]
........F.F............................................................. [ 56%]
........................................................................ [ 61%]
....FF.F...F...........................FF.FFFFFFFFFFFF............F..... [ 65%]
..................................................................F..... [ 70%]
........................................................................ [ 74%]
.................F..F...............F.............EEEEEEF..F.F.....F.FFE [ 79%]
.F.........F.EE...........F............................................. [ 83%]
.......ss..................................F......F....F................ [ 88%]
........................................................................ [ 92%]
...........FF..FFFFFFF....FFF.F.FFFFFF.............FFFFFF............... [ 96%]
..............................FFFFFFFFF..........F                       [100%]
=================================== ERRORS ====================================
________ ERROR at setup of TestAPIIntegration.test_rest_api_endpoints _________
file C:\Users\Vincent_Pereira\Projects\Algo_Trading_Projects\Trae\Algorithmic Trading System\tests\e2e\test_complete_trading_workflow.py, line 441
      @pytest.mark.e2e
      def test_rest_api_endpoints(self, api_base_url):
E       fixture 'api_base_url' not found
>       available fixtures: _class_scoped_runner, _function_scoped_runner, _module_scoped_runner, _package_scoped_runner, _session_faker, _session_scoped_runner, anyio_backend, anyio_backend_name, anyio_backend_options, benchmark, benchmark_weave, cache, capfd, capfdbinary, caplog, capsys, capsysbinary, capteesys, class_mocker, cov, doctest_namespace, event_loop_policy, extra, extras, faker, fastsession, free_tcp_port, free_tcp_port_factory, free_udp_port, free_udp_port_factory, include_metadata_in_junit_xml, metadata, mocker, module_mocker, monkeypatch, no_cover, package_mocker, postgresql, postgresql_noproc, postgresql_proc, pytestconfig, record_property, record_testsuite_property, record_xml_attribute, recwarn, redis_nooproc, redis_proc, redisdb, session, session_mocker, testrun_uid, tmp_path, tmp_path_factory, tmpdir, tmpdir_factory, unused_tcp_port, unused_tcp_port_factory, unused_udp_port, unused_udp_port_factory, worker_id
>       use 'pytest --fixtures [testpath]' for help on them.

C:\Users\Vincent_Pereira\Projects\Algo_Trading_Projects\Trae\Algorithmic Trading System\tests\e2e\test_complete_trading_workflow.py:441
________ ERROR at setup of TestAPIIntegration.test_api_authentication _________
file C:\Users\Vincent_Pereira\Projects\Algo_Trading_Projects\Trae\Algorithmic Trading System\tests\e2e\test_complete_trading_workflow.py, line 463
      @pytest.mark.e2e
      def test_api_authentication(self, api_base_url):
E       fixture 'api_base_url' not found
>       available fixtures: _class_scoped_runner, _function_scoped_runner, _module_scoped_runner, _package_scoped_runner, _session_faker, _session_scoped_runner, anyio_backend, anyio_backend_name, anyio_backend_options, benchmark, benchmark_weave, cache, capfd, capfdbinary, caplog, capsys, capsysbinary, capteesys, class_mocker, cov, doctest_namespace, event_loop_policy, extra, extras, faker, fastsession, free_tcp_port, free_tcp_port_factory, free_udp_port, free_udp_port_factory, include_metadata_in_junit_xml, metadata, mocker, module_mocker, monkeypatch, no_cover, package_mocker, postgresql, postgresql_noproc, postgresql_proc, pytestconfig, record_property, record_testsuite_property, record_xml_attribute, recwarn, redis_nooproc, redis_proc, redisdb, session, session_mocker, testrun_uid, tmp_path, tmp_path_factory, tmpdir, tmpdir_factory, unused_tcp_port, unused_tcp_port_factory, unused_udp_port, unused_udp_port_factory, worker_id
>       use 'pytest --fixtures [testpath]' for help on them.

C:\Users\Vincent_Pereira\Projects\Algo_Trading_Projects\Trae\Algorithmic Trading System\tests\e2e\test_complete_trading_workflow.py:463
___ ERROR at setup of TestDataConsistency.test_order_portfolio_consistency ____
file C:\Users\Vincent_Pereira\Projects\Algo_Trading_Projects\Trae\Algorithmic Trading System\tests\e2e\test_complete_trading_workflow.py, line 482
      @pytest.mark.asyncio
      @pytest.mark.e2e
      async def test_order_portfolio_consistency(self, trading_system):
          """Test consistency between order execution and portfolio updates."""
          # Execute a buy order
          order_request = OrderCreateRequest(
              account_id='test_account',
              symbol='AAPL',
              side=OrderSide.BUY,
              quantity=Decimal('100'),
              order_type=OrderType.MARKET
          )

          # Mock successful execution
          trading_system['mock_db'].create_order.return_value = 'order_127'
          trading_system['mock_broker'].submit_order.return_value = {
              'broker_order_id': 'broker_127',
              'status': 'FILLED',
              'filled_quantity': Decimal('100'),
              'filled_price': Decimal('150.00')
          }

          # Mock current position
          trading_system['mock_db'].get_position.return_value = {
              'symbol': 'AAPL',
              'quantity': Decimal('50'),
              'average_price': Decimal('145.00')
          }

          order_id = await trading_system['engine'].submit_order(order_request)

          # Verify order was created
          assert order_id == 'order_127'

          # Verify portfolio update was called with correct parameters
          trading_system['portfolio_manager'].update_position.assert_called()

          # In a real system, we would verify the exact position calculation
          # Expected new position: (50 * 145.00 + 100 * 150.00) / 150 = 147.67 average price
          expected_new_quantity = Decimal('150')
          expected_new_avg_price = (Decimal('50') * Decimal('145.00') + Decimal('100') * Decimal('150.00')) / Decimal('150')

          assert expected_new_quantity == Decimal('150')
          assert abs(expected_new_avg_price - Decimal('147.67')) < Decimal('0.01')
E       fixture 'trading_system' not found
>       available fixtures: _class_scoped_runner, _function_scoped_runner, _module_scoped_runner, _package_scoped_runner, _session_faker, _session_scoped_runner, anyio_backend, anyio_backend_name, anyio_backend_options, benchmark, benchmark_weave, cache, capfd, capfdbinary, caplog, capsys, capsysbinary, capteesys, class_mocker, cov, doctest_namespace, event_loop_policy, extra, extras, faker, fastsession, free_tcp_port, free_tcp_port_factory, free_udp_port, free_udp_port_factory, include_metadata_in_junit_xml, metadata, mocker, module_mocker, monkeypatch, no_cover, package_mocker, postgresql, postgresql_noproc, postgresql_proc, pytestconfig, record_property, record_testsuite_property, record_xml_attribute, recwarn, redis_nooproc, redis_proc, redisdb, session, session_mocker, testrun_uid, tmp_path, tmp_path_factory, tmpdir, tmpdir_factory, unused_tcp_port, unused_tcp_port_factory, unused_udp_port, unused_udp_port_factory, worker_id
>       use 'pytest --fixtures [testpath]' for help on them.

C:\Users\Vincent_Pereira\Projects\Algo_Trading_Projects\Trae\Algorithmic Trading System\tests\e2e\test_complete_trading_workflow.py:482
__ ERROR at setup of TestEdgeCaseFramework.test_validate_exception_handling ___

self = <tests.framework.test_edge_case_framework.TestEdgeCaseFramework object at 0x000001E6B134EC60>

    @pytest.fixture
    def division_function(self):
        """Create a division function for testing"""
        def divide_numbers(a: float, b: float) -> float:
            """Divide two numbers"""
            if b == 0:
                raise ZeroDivisionError("Cannot divide by zero")
            return a / b
    
>       return division_function
               ^^^^^^^^^^^^^^^^^
E       NameError: name 'division_function' is not defined

tests\framework\test_edge_case_framework.py:59: NameError
____ ERROR at setup of TestDeploymentChecker.test_pre_deployment_checklist ____

self = <tests.production_readiness.test_production_readiness.TestDeploymentChecker object at 0x000001E6D9872710>

    @pytest.fixture
    def deployment_checker(self):
        """Create deployment checker instance"""
>       return DeploymentChecker()
               ^^^^^^^^^^^^^^^^^
E       NameError: name 'DeploymentChecker' is not defined

tests\production_readiness\test_production_readiness.py:38: NameError
___ ERROR at setup of TestDeploymentChecker.test_post_deployment_checklist ____

self = <tests.production_readiness.test_production_readiness.TestDeploymentChecker object at 0x000001E6D9873750>

    @pytest.fixture
    def deployment_checker(self):
        """Create deployment checker instance"""
>       return DeploymentChecker()
               ^^^^^^^^^^^^^^^^^
E       NameError: name 'DeploymentChecker' is not defined

tests\production_readiness\test_production_readiness.py:38: NameError
____ ERROR at setup of TestDeploymentChecker.test_checklist_item_creation _____

self = <tests.production_readiness.test_production_readiness.TestDeploymentChecker object at 0x000001E6D96D2D70>

    @pytest.fixture
    def deployment_checker(self):
        """Create deployment checker instance"""
>       return DeploymentChecker()
               ^^^^^^^^^^^^^^^^^
E       NameError: name 'DeploymentChecker' is not defined

tests\production_readiness\test_production_readiness.py:38: NameError
_ ERROR at setup of TestDeploymentChecker.test_checklist_validation_with_failures _

self = <tests.production_readiness.test_production_readiness.TestDeploymentChecker object at 0x000001E6D96D2EA0>

    @pytest.fixture
    def deployment_checker(self):
        """Create deployment checker instance"""
>       return DeploymentChecker()
               ^^^^^^^^^^^^^^^^^
E       NameError: name 'DeploymentChecker' is not defined

tests\production_readiness\test_production_readiness.py:38: NameError
_ ERROR at setup of TestSecurityComplianceValidator.test_authentication_security_checks _

self = <tests.production_readiness.test_production_readiness.TestSecurityComplianceValidator object at 0x000001E6D9872AD0>

    @pytest.fixture
    def security_validator(self):
        """Create security compliance validator instance"""
>       return SecurityComplianceValidator()
               ^^^^^^^^^^^^^^^^^^^^^^^^^^^
E       NameError: name 'SecurityComplianceValidator' is not defined

tests\production_readiness\test_production_readiness.py:159: NameError
_ ERROR at setup of TestSecurityComplianceValidator.test_encryption_validation _

self = <tests.production_readiness.test_production_readiness.TestSecurityComplianceValidator object at 0x000001E6D9873890>

    @pytest.fixture
    def security_validator(self):
        """Create security compliance validator instance"""
>       return SecurityComplianceValidator()
               ^^^^^^^^^^^^^^^^^^^^^^^^^^^
E       NameError: name 'SecurityComplianceValidator' is not defined

tests\production_readiness\test_production_readiness.py:159: NameError
_ ERROR at setup of TestSecurityComplianceValidator.test_compliance_framework_validation _

self = <tests.production_readiness.test_production_readiness.TestSecurityComplianceValidator object at 0x000001E6D96D3A80>

    @pytest.fixture
    def security_validator(self):
        """Create security compliance validator instance"""
>       return SecurityComplianceValidator()
               ^^^^^^^^^^^^^^^^^^^^^^^^^^^
E       NameError: name 'SecurityComplianceValidator' is not defined

tests\production_readiness\test_production_readiness.py:159: NameError
_ ERROR at setup of TestSecurityComplianceValidator.test_network_security_validation _

self = <tests.production_readiness.test_production_readiness.TestSecurityComplianceValidator object at 0x000001E6D991C8A0>

    @pytest.fixture
    def security_validator(self):
        """Create security compliance validator instance"""
>       return SecurityComplianceValidator()
               ^^^^^^^^^^^^^^^^^^^^^^^^^^^
E       NameError: name 'SecurityComplianceValidator' is not defined

tests\production_readiness\test_production_readiness.py:159: NameError
____ ERROR at setup of TestEquityPricingModel.test_dividend_discount_model ____

self = <tests.test_asset_class_framework.TestEquityPricingModel object at 0x000001E6DAD19310>

>   ???
E   TypeError: EquitySpecification.__init__() got an unexpected keyword argument 'shares_outstanding'

C:\Users\Vincent_Pereira\Projects\Algo_Trading_Projects\Kilo Code\Algorithmic Trading System\tests\test_asset_class_framework.py:133: TypeError
_______ ERROR at setup of TestEquityPricingModel.test_pe_multiple_model _______

self = <tests.test_asset_class_framework.TestEquityPricingModel object at 0x000001E6DAD19450>

>   ???
E   TypeError: EquitySpecification.__init__() got an unexpected keyword argument 'shares_outstanding'

C:\Users\Vincent_Pereira\Projects\Algo_Trading_Projects\Kilo Code\Algorithmic Trading System\tests\test_asset_class_framework.py:133: TypeError
___________ ERROR at setup of TestEquityPricingModel.test_dcf_model ___________

self = <tests.test_asset_class_framework.TestEquityPricingModel object at 0x000001E6DAC7AFD0>

>   ???
E   TypeError: EquitySpecification.__init__() got an unexpected keyword argument 'shares_outstanding'

C:\Users\Vincent_Pereira\Projects\Algo_Trading_Projects\Kilo Code\Algorithmic Trading System\tests\test_asset_class_framework.py:133: TypeError
___ ERROR at setup of TestEquityPricingModel.test_risk_metrics_calculation ____

self = <tests.test_asset_class_framework.TestEquityPricingModel object at 0x000001E6DAC7B100>

>   ???
E   TypeError: EquitySpecification.__init__() got an unexpected keyword argument 'shares_outstanding'

C:\Users\Vincent_Pereira\Projects\Algo_Trading_Projects\Kilo Code\Algorithmic Trading System\tests\test_asset_class_framework.py:133: TypeError
___________ ERROR at setup of TestBondPricingModel.test_ytm_pricing ___________

self = <tests.test_asset_class_framework.TestBondPricingModel object at 0x000001E6DAD19810>

>   ???
E   NameError: name 'BondPricingModel' is not defined

C:\Users\Vincent_Pereira\Projects\Algo_Trading_Projects\Kilo Code\Algorithmic Trading System\tests\test_asset_class_framework.py:326: NameError
______ ERROR at setup of TestBondPricingModel.test_duration_calculation _______

self = <tests.test_asset_class_framework.TestBondPricingModel object at 0x000001E6DAD19950>

>   ???
E   NameError: name 'BondPricingModel' is not defined

C:\Users\Vincent_Pereira\Projects\Algo_Trading_Projects\Kilo Code\Algorithmic Trading System\tests\test_asset_class_framework.py:326: NameError
______ ERROR at setup of TestBondPricingModel.test_matured_bond_pricing _______

self = <tests.test_asset_class_framework.TestBondPricingModel object at 0x000001E6DAC7B490>

>   ???
E   NameError: name 'BondPricingModel' is not defined

C:\Users\Vincent_Pereira\Projects\Algo_Trading_Projects\Kilo Code\Algorithmic Trading System\tests\test_asset_class_framework.py:326: NameError
_____ ERROR at setup of TestFuturePricingModel.test_cost_of_carry_pricing _____

self = <tests.test_asset_class_framework.TestFuturePricingModel object at 0x000001E6DAD19A90>

>   ???
E   NameError: name 'FuturePricingModel' is not defined

C:\Users\Vincent_Pereira\Projects\Algo_Trading_Projects\Kilo Code\Algorithmic Trading System\tests\test_asset_class_framework.py:397: NameError
______ ERROR at setup of TestFuturePricingModel.test_future_risk_metrics ______

self = <tests.test_asset_class_framework.TestFuturePricingModel object at 0x000001E6DAD19BD0>

>   ???
E   NameError: name 'FuturePricingModel' is not defined

C:\Users\Vincent_Pereira\Projects\Algo_Trading_Projects\Kilo Code\Algorithmic Trading System\tests\test_asset_class_framework.py:397: NameError
__ ERROR at setup of TestCryptocurrencyPricingModel.test_network_value_model __

self = <tests.test_asset_class_framework.TestCryptocurrencyPricingModel object at 0x000001E6DAD19D10>

>   ???
E   NameError: name 'CryptocurrencyPricingModel' is not defined

C:\Users\Vincent_Pereira\Projects\Algo_Trading_Projects\Kilo Code\Algorithmic Trading System\tests\test_asset_class_framework.py:449: NameError
__ ERROR at setup of TestCryptocurrencyPricingModel.test_stock_to_flow_model __

self = <tests.test_asset_class_framework.TestCryptocurrencyPricingModel object at 0x000001E6DAD19E50>

>   ???
E   NameError: name 'CryptocurrencyPricingModel' is not defined

C:\Users\Vincent_Pereira\Projects\Algo_Trading_Projects\Kilo Code\Algorithmic Trading System\tests\test_asset_class_framework.py:449: NameError
__ ERROR at setup of TestCryptocurrencyPricingModel.test_crypto_risk_metrics __

self = <tests.test_asset_class_framework.TestCryptocurrencyPricingModel object at 0x000001E6DAC7B5C0>

>   ???
E   NameError: name 'CryptocurrencyPricingModel' is not defined

C:\Users\Vincent_Pereira\Projects\Algo_Trading_Projects\Kilo Code\Algorithmic Trading System\tests\test_asset_class_framework.py:449: NameError
_ ERROR at setup of TestAssetLifecycleManager.test_dividend_payment_handling __

self = <tests.test_asset_class_framework.TestAssetLifecycleManager object at 0x000001E6DAD19F90>

>   ???
E   NameError: name 'AssetLifecycleManager' is not defined

C:\Users\Vincent_Pereira\Projects\Algo_Trading_Projects\Kilo Code\Algorithmic Trading System\tests\test_asset_class_framework.py:517: NameError
____ ERROR at setup of TestAssetLifecycleManager.test_stock_split_handling ____

self = <tests.test_asset_class_framework.TestAssetLifecycleManager object at 0x000001E6DAD1A0D0>

>   ???
E   NameError: name 'AssetLifecycleManager' is not defined

C:\Users\Vincent_Pereira\Projects\Algo_Trading_Projects\Kilo Code\Algorithmic Trading System\tests\test_asset_class_framework.py:517: NameError
___ ERROR at setup of TestAssetLifecycleManager.test_option_expiry_handling ___

self = <tests.test_asset_class_framework.TestAssetLifecycleManager object at 0x000001E6DAC7B6F0>

>   ???
E   NameError: name 'AssetLifecycleManager' is not defined

C:\Users\Vincent_Pereira\Projects\Algo_Trading_Projects\Kilo Code\Algorithmic Trading System\tests\test_asset_class_framework.py:517: NameError
______ ERROR at setup of TestAssetClassFramework.test_asset_registration ______

self = <tests.test_asset_class_framework.TestAssetClassFramework object at 0x000001E6DAD1A210>

>   ???
E   NameError: name 'create_bond_asset' is not defined

C:\Users\Vincent_Pereira\Projects\Algo_Trading_Projects\Kilo Code\Algorithmic Trading System\tests\test_asset_class_framework.py:625: NameError
_____ ERROR at setup of TestAssetClassFramework.test_get_assets_by_class ______

self = <tests.test_asset_class_framework.TestAssetClassFramework object at 0x000001E6DAD1A350>

>   ???
E   NameError: name 'create_bond_asset' is not defined

C:\Users\Vincent_Pereira\Projects\Algo_Trading_Projects\Kilo Code\Algorithmic Trading System\tests\test_asset_class_framework.py:625: NameError
_ ERROR at setup of TestAssetClassFramework.test_theoretical_price_calculation _

self = <tests.test_asset_class_framework.TestAssetClassFramework object at 0x000001E6DAC7B950>

>   ???
E   NameError: name 'create_bond_asset' is not defined

C:\Users\Vincent_Pereira\Projects\Algo_Trading_Projects\Kilo Code\Algorithmic Trading System\tests\test_asset_class_framework.py:625: NameError
___ ERROR at setup of TestAssetClassFramework.test_risk_metrics_calculation ___

self = <tests.test_asset_class_framework.TestAssetClassFramework object at 0x000001E6DAC7B820>

>   ???
E   NameError: name 'create_bond_asset' is not defined

C:\Users\Vincent_Pereira\Projects\Algo_Trading_Projects\Kilo Code\Algorithmic Trading System\tests\test_asset_class_framework.py:625: NameError
______ ERROR at setup of TestAssetClassFramework.test_market_data_update ______

self = <tests.test_asset_class_framework.TestAssetClassFramework object at 0x000001E6DAD5D5B0>

>   ???
E   NameError: name 'create_bond_asset' is not defined

C:\Users\Vincent_Pereira\Projects\Algo_Trading_Projects\Kilo Code\Algorithmic Trading System\tests\test_asset_class_framework.py:625: NameError
______ ERROR at setup of TestAssetClassFramework.test_portfolio_summary _______

self = <tests.test_asset_class_framework.TestAssetClassFramework object at 0x000001E6DAD34380>

>   ???
E   NameError: name 'create_bond_asset' is not defined

C:\Users\Vincent_Pereira\Projects\Algo_Trading_Projects\Kilo Code\Algorithmic Trading System\tests\test_asset_class_framework.py:625: NameError
______ ERROR at setup of TestAssetClassFramework.test_batch_calculations ______

self = <tests.test_asset_class_framework.TestAssetClassFramework object at 0x000001E6DAD345A0>

>   ???
E   NameError: name 'create_bond_asset' is not defined

C:\Users\Vincent_Pereira\Projects\Algo_Trading_Projects\Kilo Code\Algorithmic Trading System\tests\test_asset_class_framework.py:625: NameError
_ ERROR at teardown of TestComplianceMetricsCalculator.test_calculate_trading_metrics _

self = <tests.test_audit_reporting.TestComplianceMetricsCalculator object at 0x000001E6DADA0910>

>   ???
E   PermissionError: [WinError 32] The process cannot access the file because it is being used by another process: 'C:\\Users\\VINCEN~1\\AppData\\Local\\Temp\\tmp4f7c0ky4.db'

C:\Users\Vincent_Pereira\Projects\Algo_Trading_Projects\Kilo Code\Algorithmic Trading System\tests\test_audit_reporting.py:310: PermissionError
_ ERROR at teardown of TestComplianceMetricsCalculator.test_calculate_compliance_metrics _

self = <tests.test_audit_reporting.TestComplianceMetricsCalculator object at 0x000001E6DADA0A50>

>   ???
E   PermissionError: [WinError 32] The process cannot access the file because it is being used by another process: 'C:\\Users\\VINCEN~1\\AppData\\Local\\Temp\\tmplzuwwji1.db'

C:\Users\Vincent_Pereira\Projects\Algo_Trading_Projects\Kilo Code\Algorithmic Trading System\tests\test_audit_reporting.py:310: PermissionError
_ ERROR at teardown of TestComplianceMetricsCalculator.test_calculate_all_metrics _

self = <tests.test_audit_reporting.TestComplianceMetricsCalculator object at 0x000001E6DAD85220>

>   ???
E   PermissionError: [WinError 32] The process cannot access the file because it is being used by another process: 'C:\\Users\\VINCEN~1\\AppData\\Local\\Temp\\tmpx8qgsp_e.db'

C:\Users\Vincent_Pereira\Projects\Algo_Trading_Projects\Kilo Code\Algorithmic Trading System\tests\test_audit_reporting.py:310: PermissionError
_ ERROR at teardown of TestComplianceMetricsCalculator.test_get_metrics_summary _

self = <tests.test_audit_reporting.TestComplianceMetricsCalculator object at 0x000001E6DAD85350>

>   ???
E   PermissionError: [WinError 32] The process cannot access the file because it is being used by another process: 'C:\\Users\\VINCEN~1\\AppData\\Local\\Temp\\tmpc9elzhwd.db'

C:\Users\Vincent_Pereira\Projects\Algo_Trading_Projects\Kilo Code\Algorithmic Trading System\tests\test_audit_reporting.py:310: PermissionError
__ ERROR at teardown of TestRegulatoryReportGenerator.test_add_report_config __

self = <tests.test_audit_reporting.TestRegulatoryReportGenerator object at 0x000001E6DADA0B90>

>   ???
E   PermissionError: [WinError 32] The process cannot access the file because it is being used by another process: 'C:\\Users\\VINCEN~1\\AppData\\Local\\Temp\\tmpw4rr2chq.db'

C:\Users\Vincent_Pereira\Projects\Algo_Trading_Projects\Kilo Code\Algorithmic Trading System\tests\test_audit_reporting.py:491: PermissionError
_ ERROR at teardown of TestRegulatoryReportGenerator.test_generate_daily_trading_report _

self = <tests.test_audit_reporting.TestRegulatoryReportGenerator object at 0x000001E6DADA0CD0>

>   ???
E   PermissionError: [WinError 32] The process cannot access the file because it is being used by another process: 'C:\\Users\\VINCEN~1\\AppData\\Local\\Temp\\tmp5v5bhgw3.db'

C:\Users\Vincent_Pereira\Projects\Algo_Trading_Projects\Kilo Code\Algorithmic Trading System\tests\test_audit_reporting.py:491: PermissionError
_ ERROR at teardown of TestRegulatoryReportGenerator.test_generate_monthly_compliance_report _

self = <tests.test_audit_reporting.TestRegulatoryReportGenerator object at 0x000001E6DAD855B0>

>   ???
E   PermissionError: [WinError 32] The process cannot access the file because it is being used by another process: 'C:\\Users\\VINCEN~1\\AppData\\Local\\Temp\\tmpsnghlgy6.db'

C:\Users\Vincent_Pereira\Projects\Algo_Trading_Projects\Kilo Code\Algorithmic Trading System\tests\test_audit_reporting.py:491: PermissionError
_ ERROR at teardown of TestRegulatoryReportGenerator.test_get_report_history __

self = <tests.test_audit_reporting.TestRegulatoryReportGenerator object at 0x000001E6DAD85480>

>   ???
E   PermissionError: [WinError 32] The process cannot access the file because it is being used by another process: 'C:\\Users\\VINCEN~1\\AppData\\Local\\Temp\\tmpujiz8669.db'

C:\Users\Vincent_Pereira\Projects\Algo_Trading_Projects\Kilo Code\Algorithmic Trading System\tests\test_audit_reporting.py:491: PermissionError
__ ERROR at teardown of TestAuditReportingSystem.test_system_initialization ___

self = <tests.test_audit_reporting.TestAuditReportingSystem object at 0x000001E6D9A087D0>

>   ???
E   PermissionError: [WinError 32] The process cannot access the file because it is being used by another process: 'C:\\Users\\VINCEN~1\\AppData\\Local\\Temp\\tmpvrix5xgq.db'

C:\Users\Vincent_Pereira\Projects\Algo_Trading_Projects\Kilo Code\Algorithmic Trading System\tests\test_audit_reporting.py:657: PermissionError
_____ ERROR at teardown of TestAuditReportingSystem.test_log_audit_event ______

self = <tests.test_audit_reporting.TestAuditReportingSystem object at 0x000001E6D9A08910>

>   ???
E   PermissionError: [WinError 32] The process cannot access the file because it is being used by another process: 'C:\\Users\\VINCEN~1\\AppData\\Local\\Temp\\tmp83suqzxi.db'

C:\Users\Vincent_Pereira\Projects\Algo_Trading_Projects\Kilo Code\Algorithmic Trading System\tests\test_audit_reporting.py:657: PermissionError
___ ERROR at teardown of TestAuditReportingSystem.test_search_audit_events ____

self = <tests.test_audit_reporting.TestAuditReportingSystem object at 0x000001E6D991FE10>

>   ???
E   PermissionError: [WinError 32] The process cannot access the file because it is being used by another process: 'C:\\Users\\VINCEN~1\\AppData\\Local\\Temp\\tmpkbxxrea0.db'

C:\Users\Vincent_Pereira\Projects\Algo_Trading_Projects\Kilo Code\Algorithmic Trading System\tests\test_audit_reporting.py:657: PermissionError
_____ ERROR at teardown of TestAuditReportingSystem.test_generate_report ______

self = <tests.test_audit_reporting.TestAuditReportingSystem object at 0x000001E6D9A2C050>

>   ???
E   PermissionError: [WinError 32] The process cannot access the file because it is being used by another process: 'C:\\Users\\VINCEN~1\\AppData\\Local\\Temp\\tmpjffly7tq.db'

C:\Users\Vincent_Pereira\Projects\Algo_Trading_Projects\Kilo Code\Algorithmic Trading System\tests\test_audit_reporting.py:657: PermissionError
__ ERROR at teardown of TestAuditReportingSystem.test_get_compliance_metrics __

self = <tests.test_audit_reporting.TestAuditReportingSystem object at 0x000001E6DAD5F890>

>   ???
E   PermissionError: [WinError 32] The process cannot access the file because it is being used by another process: 'C:\\Users\\VINCEN~1\\AppData\\Local\\Temp\\tmps6_ryksz.db'

C:\Users\Vincent_Pereira\Projects\Algo_Trading_Projects\Kilo Code\Algorithmic Trading System\tests\test_audit_reporting.py:657: PermissionError
____ ERROR at teardown of TestAuditReportingSystem.test_export_audit_trail ____

self = <tests.test_audit_reporting.TestAuditReportingSystem object at 0x000001E6D9A146B0>

>   ???
E   PermissionError: [WinError 32] The process cannot access the file because it is being used by another process: 'C:\\Users\\VINCEN~1\\AppData\\Local\\Temp\\tmp4_rgj21s.db'

C:\Users\Vincent_Pereira\Projects\Algo_Trading_Projects\Kilo Code\Algorithmic Trading System\tests\test_audit_reporting.py:657: PermissionError
__ ERROR at teardown of TestAuditReportingSystem.test_get_system_statistics ___

self = <tests.test_audit_reporting.TestAuditReportingSystem object at 0x000001E6D9A147C0>

>   ???
E   PermissionError: [WinError 32] The process cannot access the file because it is being used by another process: 'C:\\Users\\VINCEN~1\\AppData\\Local\\Temp\\tmp_7btc_hi.db'

C:\Users\Vincent_Pereira\Projects\Algo_Trading_Projects\Kilo Code\Algorithmic Trading System\tests\test_audit_reporting.py:657: PermissionError
_____ ERROR at setup of TestDashboardBuilder.test_builder_initialization ______

self = <tests.test_dashboard_builder.TestDashboardBuilder object at 0x000001E6DAE1E0D0>

>   ???

C:\Users\Vincent_Pereira\Projects\Algo_Trading_Projects\Kilo Code\Algorithmic Trading System\tests\test_dashboard_builder.py:37: 
_ _ _ _ _ _ _ _ _ _ _ _ _ _ _ _ _ _ _ _ _ _ _ _ _ _ _ _ _ _ _ _ _ _ _ _ _ _ _ _

self = <nautilus_trader_engine.visualization.customizable_dashboard.CustomizableDashboardSystem object at 0x000001E6DE31C2F0>
host = '127.0.0.1', port = 5556

    def __init__(self, host: str = "0.0.0.0", port: int = 5002):
        self.host = host
        self.port = port
        self.logger = logging.getLogger(__name__)
    
        if not FLASK_AVAILABLE:
            raise ImportError("Flask and related packages are required for dashboard system")
    
>       self.app = Flask(__name__)
                   ^^^^^^^^^^^^^^^
E       TypeError: 'NoneType' object is not callable

nautilus_trader_engine\visualization\customizable_dashboard.py:632: TypeError
_ ERROR at setup of TestDashboardBuilder.test_widget_templates_initialization _

self = <tests.test_dashboard_builder.TestDashboardBuilder object at 0x000001E6DAE1D6D0>

>   ???

C:\Users\Vincent_Pereira\Projects\Algo_Trading_Projects\Kilo Code\Algorithmic Trading System\tests\test_dashboard_builder.py:37: 
_ _ _ _ _ _ _ _ _ _ _ _ _ _ _ _ _ _ _ _ _ _ _ _ _ _ _ _ _ _ _ _ _ _ _ _ _ _ _ _

self = <nautilus_trader_engine.visualization.customizable_dashboard.CustomizableDashboardSystem object at 0x000001E6DE575450>
host = '127.0.0.1', port = 5556

    def __init__(self, host: str = "0.0.0.0", port: int = 5002):
        self.host = host
        self.port = port
        self.logger = logging.getLogger(__name__)
    
        if not FLASK_AVAILABLE:
            raise ImportError("Flask and related packages are required for dashboard system")
    
>       self.app = Flask(__name__)
                   ^^^^^^^^^^^^^^^
E       TypeError: 'NoneType' object is not callable

nautilus_trader_engine\visualization\customizable_dashboard.py:632: TypeError
_____ ERROR at setup of TestDashboardBuilder.test_create_dashboard_share ______

self = <tests.test_dashboard_builder.TestDashboardBuilder object at 0x000001E6DAE50E90>

>   ???

C:\Users\Vincent_Pereira\Projects\Algo_Trading_Projects\Kilo Code\Algorithmic Trading System\tests\test_dashboard_builder.py:37: 
_ _ _ _ _ _ _ _ _ _ _ _ _ _ _ _ _ _ _ _ _ _ _ _ _ _ _ _ _ _ _ _ _ _ _ _ _ _ _ _

self = <nautilus_trader_engine.visualization.customizable_dashboard.CustomizableDashboardSystem object at 0x000001E6DE576210>
host = '127.0.0.1', port = 5556

    def __init__(self, host: str = "0.0.0.0", port: int = 5002):
        self.host = host
        self.port = port
        self.logger = logging.getLogger(__name__)
    
        if not FLASK_AVAILABLE:
            raise ImportError("Flask and related packages are required for dashboard system")
    
>       self.app = Flask(__name__)
                   ^^^^^^^^^^^^^^^
E       TypeError: 'NoneType' object is not callable

nautilus_trader_engine\visualization\customizable_dashboard.py:632: TypeError
____ ERROR at setup of TestDashboardBuilder.test_add_dashboard_permission _____

self = <tests.test_dashboard_builder.TestDashboardBuilder object at 0x000001E6DAE50D60>

>   ???

C:\Users\Vincent_Pereira\Projects\Algo_Trading_Projects\Kilo Code\Algorithmic Trading System\tests\test_dashboard_builder.py:37: 
_ _ _ _ _ _ _ _ _ _ _ _ _ _ _ _ _ _ _ _ _ _ _ _ _ _ _ _ _ _ _ _ _ _ _ _ _ _ _ _

self = <nautilus_trader_engine.visualization.customizable_dashboard.CustomizableDashboardSystem object at 0x000001E6D4723230>
host = '127.0.0.1', port = 5556

    def __init__(self, host: str = "0.0.0.0", port: int = 5002):
        self.host = host
        self.port = port
        self.logger = logging.getLogger(__name__)
    
        if not FLASK_AVAILABLE:
            raise ImportError("Flask and related packages are required for dashboard system")
    
>       self.app = Flask(__name__)
                   ^^^^^^^^^^^^^^^
E       TypeError: 'NoneType' object is not callable

nautilus_trader_engine\visualization\customizable_dashboard.py:632: TypeError
____ ERROR at setup of TestDashboardBuilder.test_get_user_dashboard_access ____

self = <tests.test_dashboard_builder.TestDashboardBuilder object at 0x000001E6DAD7DD90>

>   ???

C:\Users\Vincent_Pereira\Projects\Algo_Trading_Projects\Kilo Code\Algorithmic Trading System\tests\test_dashboard_builder.py:37: 
_ _ _ _ _ _ _ _ _ _ _ _ _ _ _ _ _ _ _ _ _ _ _ _ _ _ _ _ _ _ _ _ _ _ _ _ _ _ _ _

self = <nautilus_trader_engine.visualization.customizable_dashboard.CustomizableDashboardSystem object at 0x000001E6DEB61A70>
host = '127.0.0.1', port = 5556

    def __init__(self, host: str = "0.0.0.0", port: int = 5002):
        self.host = host
        self.port = port
        self.logger = logging.getLogger(__name__)
    
        if not FLASK_AVAILABLE:
            raise ImportError("Flask and related packages are required for dashboard system")
    
>       self.app = Flask(__name__)
                   ^^^^^^^^^^^^^^^
E       TypeError: 'NoneType' object is not callable

nautilus_trader_engine\visualization\customizable_dashboard.py:632: TypeError
________ ERROR at setup of TestDashboardBuilder.test_export_dashboard _________

self = <tests.test_dashboard_builder.TestDashboardBuilder object at 0x000001E6DAD37F00>

>   ???

C:\Users\Vincent_Pereira\Projects\Algo_Trading_Projects\Kilo Code\Algorithmic Trading System\tests\test_dashboard_builder.py:37: 
_ _ _ _ _ _ _ _ _ _ _ _ _ _ _ _ _ _ _ _ _ _ _ _ _ _ _ _ _ _ _ _ _ _ _ _ _ _ _ _

self = <nautilus_trader_engine.visualization.customizable_dashboard.CustomizableDashboardSystem object at 0x000001E6DE2F9910>
host = '127.0.0.1', port = 5556

    def __init__(self, host: str = "0.0.0.0", port: int = 5002):
        self.host = host
        self.port = port
        self.logger = logging.getLogger(__name__)
    
        if not FLASK_AVAILABLE:
            raise ImportError("Flask and related packages are required for dashboard system")
    
>       self.app = Flask(__name__)
                   ^^^^^^^^^^^^^^^
E       TypeError: 'NoneType' object is not callable

nautilus_trader_engine\visualization\customizable_dashboard.py:632: TypeError
________ ERROR at setup of TestDashboardBuilder.test_import_dashboard _________

self = <tests.test_dashboard_builder.TestDashboardBuilder object at 0x000001E6DAE88050>

>   ???

C:\Users\Vincent_Pereira\Projects\Algo_Trading_Projects\Kilo Code\Algorithmic Trading System\tests\test_dashboard_builder.py:37: 
_ _ _ _ _ _ _ _ _ _ _ _ _ _ _ _ _ _ _ _ _ _ _ _ _ _ _ _ _ _ _ _ _ _ _ _ _ _ _ _

self = <nautilus_trader_engine.visualization.customizable_dashboard.CustomizableDashboardSystem object at 0x000001E6DE7C3460>
host = '127.0.0.1', port = 5556

    def __init__(self, host: str = "0.0.0.0", port: int = 5002):
        self.host = host
        self.port = port
        self.logger = logging.getLogger(__name__)
    
        if not FLASK_AVAILABLE:
            raise ImportError("Flask and related packages are required for dashboard system")
    
>       self.app = Flask(__name__)
                   ^^^^^^^^^^^^^^^
E       TypeError: 'NoneType' object is not callable

nautilus_trader_engine\visualization\customizable_dashboard.py:632: TypeError
_____ ERROR at setup of TestDashboardBuilder.test_get_dashboard_analytics _____

self = <tests.test_dashboard_builder.TestDashboardBuilder object at 0x000001E6DAE38150>

>   ???

C:\Users\Vincent_Pereira\Projects\Algo_Trading_Projects\Kilo Code\Algorithmic Trading System\tests\test_dashboard_builder.py:37: 
_ _ _ _ _ _ _ _ _ _ _ _ _ _ _ _ _ _ _ _ _ _ _ _ _ _ _ _ _ _ _ _ _ _ _ _ _ _ _ _

self = <nautilus_trader_engine.visualization.customizable_dashboard.CustomizableDashboardSystem object at 0x000001E6DE7C3BD0>
host = '127.0.0.1', port = 5556

    def __init__(self, host: str = "0.0.0.0", port: int = 5002):
        self.host = host
        self.port = port
        self.logger = logging.getLogger(__name__)
    
        if not FLASK_AVAILABLE:
            raise ImportError("Flask and related packages are required for dashboard system")
    
>       self.app = Flask(__name__)
                   ^^^^^^^^^^^^^^^
E       TypeError: 'NoneType' object is not callable

nautilus_trader_engine\visualization\customizable_dashboard.py:632: TypeError
____ ERROR at setup of TestIntegration.test_end_to_end_dashboard_creation _____

self = <tests.test_dashboard_builder.TestIntegration object at 0x000001E6DAE1E5D0>

>   ???

C:\Users\Vincent_Pereira\Projects\Algo_Trading_Projects\Kilo Code\Algorithmic Trading System\tests\test_dashboard_builder.py:657: 
_ _ _ _ _ _ _ _ _ _ _ _ _ _ _ _ _ _ _ _ _ _ _ _ _ _ _ _ _ _ _ _ _ _ _ _ _ _ _ _

self = <nautilus_trader_engine.visualization.customizable_dashboard.CustomizableDashboardSystem object at 0x000001E6DE843450>
host = '127.0.0.1', port = 5557

    def __init__(self, host: str = "0.0.0.0", port: int = 5002):
        self.host = host
        self.port = port
        self.logger = logging.getLogger(__name__)
    
        if not FLASK_AVAILABLE:
            raise ImportError("Flask and related packages are required for dashboard system")
    
>       self.app = Flask(__name__)
                   ^^^^^^^^^^^^^^^
E       TypeError: 'NoneType' object is not callable

nautilus_trader_engine\visualization\customizable_dashboard.py:632: TypeError
____ ERROR at setup of TestIntegration.test_collaborative_editing_workflow ____

self = <tests.test_dashboard_builder.TestIntegration object at 0x000001E6DAE1E710>

>   ???

C:\Users\Vincent_Pereira\Projects\Algo_Trading_Projects\Kilo Code\Algorithmic Trading System\tests\test_dashboard_builder.py:657: 
_ _ _ _ _ _ _ _ _ _ _ _ _ _ _ _ _ _ _ _ _ _ _ _ _ _ _ _ _ _ _ _ _ _ _ _ _ _ _ _

self = <nautilus_trader_engine.visualization.customizable_dashboard.CustomizableDashboardSystem object at 0x000001E6DE841850>
host = '127.0.0.1', port = 5557

    def __init__(self, host: str = "0.0.0.0", port: int = 5002):
        self.host = host
        self.port = port
        self.logger = logging.getLogger(__name__)
    
        if not FLASK_AVAILABLE:
            raise ImportError("Flask and related packages are required for dashboard system")
    
>       self.app = Flask(__name__)
                   ^^^^^^^^^^^^^^^
E       TypeError: 'NoneType' object is not callable

nautilus_trader_engine\visualization\customizable_dashboard.py:632: TypeError
____ ERROR at setup of TestIntegration.test_dashboard_sharing_permissions _____

self = <tests.test_dashboard_builder.TestIntegration object at 0x000001E6DAE515B0>

>   ???

C:\Users\Vincent_Pereira\Projects\Algo_Trading_Projects\Kilo Code\Algorithmic Trading System\tests\test_dashboard_builder.py:657: 
_ _ _ _ _ _ _ _ _ _ _ _ _ _ _ _ _ _ _ _ _ _ _ _ _ _ _ _ _ _ _ _ _ _ _ _ _ _ _ _

self = <nautilus_trader_engine.visualization.customizable_dashboard.CustomizableDashboardSystem object at 0x000001E6EBC00E60>
host = '127.0.0.1', port = 5557

    def __init__(self, host: str = "0.0.0.0", port: int = 5002):
        self.host = host
        self.port = port
        self.logger = logging.getLogger(__name__)
    
        if not FLASK_AVAILABLE:
            raise ImportError("Flask and related packages are required for dashboard system")
    
>       self.app = Flask(__name__)
                   ^^^^^^^^^^^^^^^
E       TypeError: 'NoneType' object is not callable

nautilus_trader_engine\visualization\customizable_dashboard.py:632: TypeError
_ ERROR at setup of TestDashboardBuilder.test_dashboard_builder_initialization _

self = <tests.test_visualization_system.TestDashboardBuilder object at 0x000001E6DC4D1F90>

    @pytest.fixture
    def dashboard_builder(self):
        """Create dashboard builder for testing"""
>       return DashboardBuilder()
               ^^^^^^^^^^^^^^^^^^
E       TypeError: DashboardBuilder.__init__() missing 1 required positional argument: 'dashboard_system'

tests\test_visualization_system.py:320: TypeError
__________ ERROR at setup of TestDashboardBuilder.test_create_layout __________

self = <tests.test_visualization_system.TestDashboardBuilder object at 0x000001E6DC4D20D0>

    @pytest.fixture
    def dashboard_builder(self):
        """Create dashboard builder for testing"""
>       return DashboardBuilder()
               ^^^^^^^^^^^^^^^^^^
E       TypeError: DashboardBuilder.__init__() missing 1 required positional argument: 'dashboard_system'

tests\test_visualization_system.py:320: TypeError
___________ ERROR at setup of TestDashboardBuilder.test_add_widget ____________

self = <tests.test_visualization_system.TestDashboardBuilder object at 0x000001E6DC54C8A0>

    @pytest.fixture
    def dashboard_builder(self):
        """Create dashboard builder for testing"""
>       return DashboardBuilder()
               ^^^^^^^^^^^^^^^^^^
E       TypeError: DashboardBuilder.__init__() missing 1 required positional argument: 'dashboard_system'

tests\test_visualization_system.py:320: TypeError
____ ERROR at setup of TestDashboardBuilder.test_add_widget_invalid_layout ____

self = <tests.test_visualization_system.TestDashboardBuilder object at 0x000001E6DC54C9D0>

    @pytest.fixture
    def dashboard_builder(self):
        """Create dashboard builder for testing"""
>       return DashboardBuilder()
               ^^^^^^^^^^^^^^^^^^
E       TypeError: DashboardBuilder.__init__() missing 1 required positional argument: 'dashboard_system'

tests\test_visualization_system.py:320: TypeError
_________ ERROR at setup of TestDashboardBuilder.test_get_layout_data _________

self = <tests.test_visualization_system.TestDashboardBuilder object at 0x000001E6DC55FD10>

    @pytest.fixture
    def dashboard_builder(self):
        """Create dashboard builder for testing"""
>       return DashboardBuilder()
               ^^^^^^^^^^^^^^^^^^
E       TypeError: DashboardBuilder.__init__() missing 1 required positional argument: 'dashboard_system'

tests\test_visualization_system.py:320: TypeError
_ ERROR at setup of TestDashboardBuilder.test_get_layout_data_invalid_layout __

self = <tests.test_visualization_system.TestDashboardBuilder object at 0x000001E6DC50D590>

    @pytest.fixture
    def dashboard_builder(self):
        """Create dashboard builder for testing"""
>       return DashboardBuilder()
               ^^^^^^^^^^^^^^^^^^
E       TypeError: DashboardBuilder.__init__() missing 1 required positional argument: 'dashboard_system'

tests\test_visualization_system.py:320: TypeError
_______ ERROR at setup of TestMobileTradingApp.test_start_price_updates _______

self = <tests.test_visualization_systems.TestMobileTradingApp object at 0x000001E6DC4DAD50>

>   ???

C:\Users\Vincent_Pereira\Projects\Algo_Trading_Projects\Kilo Code\Algorithmic Trading System\tests\test_visualization_systems.py:33: 
_ _ _ _ _ _ _ _ _ _ _ _ _ _ _ _ _ _ _ _ _ _ _ _ _ _ _ _ _ _ _ _ _ _ _ _ _ _ _ _

self = <nautilus_trader_engine.mobile.mobile_trading_app.MobileTradingApp object at 0x000001E6E392AB10>
host = '127.0.0.1', port = 5555, enable_offline = True

    def __init__(self, host: str = "0.0.0.0", port: int = 5001, enable_offline: bool = True):
        self.host = host
        self.port = port
        self.enable_offline = enable_offline
        self.logger = logging.getLogger(__name__)
    
        if not FLASK_AVAILABLE:
            raise ImportError("Flask and related packages are required for mobile app")
    
        self.app = Flask(__name__)
        self.app.secret_key = 'mobile_trading_secret_key'
>       self.socketio = SocketIO(self.app, cors_allowed_origins="*")
                        ^^^^^^^^
E       NameError: name 'SocketIO' is not defined

nautilus_trader_engine\mobile\mobile_trading_app.py:116: NameError
_ ERROR at setup of TestCustomizableDashboardSystem.test_default_themes_initialization _

self = <tests.test_visualization_systems.TestCustomizableDashboardSystem object at 0x000001E6DC50EAD0>

>   ???

C:\Users\Vincent_Pereira\Projects\Algo_Trading_Projects\Kilo Code\Algorithmic Trading System\tests\test_visualization_systems.py:333: 
_ _ _ _ _ _ _ _ _ _ _ _ _ _ _ _ _ _ _ _ _ _ _ _ _ _ _ _ _ _ _ _ _ _ _ _ _ _ _ _

self = <nautilus_trader_engine.visualization.customizable_dashboard.CustomizableDashboardSystem object at 0x000001E6EAD0BD90>
host = '127.0.0.1', port = 5556

    def __init__(self, host: str = "0.0.0.0", port: int = 5002):
        self.host = host
        self.port = port
        self.logger = logging.getLogger(__name__)
    
        if not FLASK_AVAILABLE:
            raise ImportError("Flask and related packages are required for dashboard system")
    
>       self.app = Flask(__name__)
                   ^^^^^^^^^^^^^^^
E       TypeError: 'NoneType' object is not callable

nautilus_trader_engine\visualization\customizable_dashboard.py:632: TypeError
_ ERROR at setup of TestCustomizableDashboardSystem.test_default_templates_initialization _

self = <tests.test_visualization_systems.TestCustomizableDashboardSystem object at 0x000001E6DC4DAF50>

>   ???

C:\Users\Vincent_Pereira\Projects\Algo_Trading_Projects\Kilo Code\Algorithmic Trading System\tests\test_visualization_systems.py:333: 
_ _ _ _ _ _ _ _ _ _ _ _ _ _ _ _ _ _ _ _ _ _ _ _ _ _ _ _ _ _ _ _ _ _ _ _ _ _ _ _

self = <nautilus_trader_engine.visualization.customizable_dashboard.CustomizableDashboardSystem object at 0x000001E6DEEDE270>
host = '127.0.0.1', port = 5556

    def __init__(self, host: str = "0.0.0.0", port: int = 5002):
        self.host = host
        self.port = port
        self.logger = logging.getLogger(__name__)
    
        if not FLASK_AVAILABLE:
            raise ImportError("Flask and related packages are required for dashboard system")
    
>       self.app = Flask(__name__)
                   ^^^^^^^^^^^^^^^
E       TypeError: 'NoneType' object is not callable

nautilus_trader_engine\visualization\customizable_dashboard.py:632: TypeError
================================== FAILURES ===================================
__________________________ test_backtesting_workflow __________________________

self = <urllib3.connection.HTTPConnection object at 0x000001E6DDB63A10>

    def _new_conn(self) -> socket.socket:
        """Establish a socket connection and set nodelay settings on it.
    
        :return: New socket connection.
        """
        try:
>           sock = connection.create_connection(
                (self._dns_host, self.port),
                self.timeout,
                source_address=self.source_address,
                socket_options=self.socket_options,
            )

..\..\..\..\AppData\Roaming\Python\Python313\site-packages\urllib3\connection.py:198: 
_ _ _ _ _ _ _ _ _ _ _ _ _ _ _ _ _ _ _ _ _ _ _ _ _ _ _ _ _ _ _ _ _ _ _ _ _ _ _ _
..\..\..\..\AppData\Roaming\Python\Python313\site-packages\urllib3\util\connection.py:85: in create_connection
    raise err
_ _ _ _ _ _ _ _ _ _ _ _ _ _ _ _ _ _ _ _ _ _ _ _ _ _ _ _ _ _ _ _ _ _ _ _ _ _ _ _

address = ('localhost', 8000), timeout = None, source_address = None
socket_options = [(6, 1, 1)]

    def create_connection(
        address: tuple[str, int],
        timeout: _TYPE_TIMEOUT = _DEFAULT_TIMEOUT,
        source_address: tuple[str, int] | None = None,
        socket_options: _TYPE_SOCKET_OPTIONS | None = None,
    ) -> socket.socket:
        """Connect to *address* and return the socket object.
    
        Convenience function.  Connect to *address* (a 2-tuple ``(host,
        port)``) and return the socket object.  Passing the optional
        *timeout* parameter will set the timeout on the socket instance
        before attempting to connect.  If no *timeout* is supplied, the
        global default timeout setting returned by :func:`socket.getdefaulttimeout`
        is used.  If *source_address* is set it must be a tuple of (host, port)
        for the socket to bind as a source address before making the connection.
        An host of '' or port 0 tells the OS to use the default.
        """
    
        host, port = address
        if host.startswith("["):
            host = host.strip("[]")
        err = None
    
        # Using the value from allowed_gai_family() in the context of getaddrinfo lets
        # us select whether to work with IPv4 DNS records, IPv6 records, or both.
        # The original create_connection function always returns all records.
        family = allowed_gai_family()
    
        try:
            host.encode("idna")
        except UnicodeError:
            raise LocationParseError(f"'{host}', label empty or too long") from None
    
        for res in socket.getaddrinfo(host, port, family, socket.SOCK_STREAM):
            af, socktype, proto, canonname, sa = res
            sock = None
            try:
                sock = socket.socket(af, socktype, proto)
    
                # If provided, set socket level options before connecting.
                _set_socket_options(sock, socket_options)
    
                if timeout is not _DEFAULT_TIMEOUT:
                    sock.settimeout(timeout)
                if source_address:
                    sock.bind(source_address)
>               sock.connect(sa)
E               ConnectionRefusedError: [WinError 10061] No connection could be made because the target machine actively refused it

..\..\..\..\AppData\Roaming\Python\Python313\site-packages\urllib3\util\connection.py:73: ConnectionRefusedError

The above exception was the direct cause of the following exception:

self = <urllib3.connectionpool.HTTPConnectionPool object at 0x000001E6DDB63620>
method = 'POST', url = '/api/backtest'
body = b'{"strategy": {"symbol": "AAPL", "start_date": "2023-01-01T00:00:00", "end_date": "2023-01-31T00:00:00", "timeframe": "1d", "fast_ma": 10, "slow_ma": 20, "initial_capital": 100000}}'
headers = {'User-Agent': 'python-requests/2.32.3', 'Accept-Encoding': 'gzip, deflate, br, zstd', 'Accept': '*/*', 'Connection': 'keep-alive', 'Content-Length': '180', 'Content-Type': 'application/json'}
retries = Retry(total=0, connect=None, read=False, redirect=None, status=None)
redirect = False, assert_same_host = False
timeout = Timeout(connect=None, read=None, total=None), pool_timeout = None
release_conn = False, chunked = False, body_pos = None, preload_content = False
decode_content = False, response_kw = {}
parsed_url = Url(scheme=None, auth=None, host=None, port=None, path='/api/backtest', query=None, fragment=None)
destination_scheme = None, conn = None, release_this_conn = True
http_tunnel_required = False, err = None, clean_exit = False

    def urlopen(  # type: ignore[override]
        self,
        method: str,
        url: str,
        body: _TYPE_BODY | None = None,
        headers: typing.Mapping[str, str] | None = None,
        retries: Retry | bool | int | None = None,
        redirect: bool = True,
        assert_same_host: bool = True,
        timeout: _TYPE_TIMEOUT = _DEFAULT_TIMEOUT,
        pool_timeout: int | None = None,
        release_conn: bool | None = None,
        chunked: bool = False,
        body_pos: _TYPE_BODY_POSITION | None = None,
        preload_content: bool = True,
        decode_content: bool = True,
        **response_kw: typing.Any,
    ) -> BaseHTTPResponse:
        """
        Get a connection from the pool and perform an HTTP request. This is the
        lowest level call for making a request, so you'll need to specify all
        the raw details.
    
        .. note::
    
           More commonly, it's appropriate to use a convenience method
           such as :meth:`request`.
    
        .. note::
    
           `release_conn` will only behave as expected if
           `preload_content=False` because we want to make
           `preload_content=False` the default behaviour someday soon without
           breaking backwards compatibility.
    
        :param method:
            HTTP request method (such as GET, POST, PUT, etc.)
    
        :param url:
            The URL to perform the request on.
    
        :param body:
            Data to send in the request body, either :class:`str`, :class:`bytes`,
            an iterable of :class:`str`/:class:`bytes`, or a file-like object.
    
        :param headers:
            Dictionary of custom headers to send, such as User-Agent,
            If-None-Match, etc. If None, pool headers are used. If provided,
            these headers completely replace any pool-specific headers.
    
        :param retries:
            Configure the number of retries to allow before raising a
            :class:`~urllib3.exceptions.MaxRetryError` exception.
    
            If ``None`` (default) will retry 3 times, see ``Retry.DEFAULT``. Pass a
            :class:`~urllib3.util.retry.Retry` object for fine-grained control
            over different types of retries.
            Pass an integer number to retry connection errors that many times,
            but no other types of errors. Pass zero to never retry.
    
            If ``False``, then retries are disabled and any exception is raised
            immediately. Also, instead of raising a MaxRetryError on redirects,
            the redirect response will be returned.
    
        :type retries: :class:`~urllib3.util.retry.Retry`, False, or an int.
    
        :param redirect:
            If True, automatically handle redirects (status codes 301, 302,
            303, 307, 308). Each redirect counts as a retry. Disabling retries
            will disable redirect, too.
    
        :param assert_same_host:
            If ``True``, will make sure that the host of the pool requests is
            consistent else will raise HostChangedError. When ``False``, you can
            use the pool on an HTTP proxy and request foreign hosts.
    
        :param timeout:
            If specified, overrides the default timeout for this one
            request. It may be a float (in seconds) or an instance of
            :class:`urllib3.util.Timeout`.
    
        :param pool_timeout:
            If set and the pool is set to block=True, then this method will
            block for ``pool_timeout`` seconds and raise EmptyPoolError if no
            connection is available within the time period.
    
        :param bool preload_content:
            If True, the response's body will be preloaded into memory.
    
        :param bool decode_content:
            If True, will attempt to decode the body based on the
            'content-encoding' header.
    
        :param release_conn:
            If False, then the urlopen call will not release the connection
            back into the pool once a response is received (but will release if
            you read the entire contents of the response such as when
            `preload_content=True`). This is useful if you're not preloading
            the response's content immediately. You will need to call
            ``r.release_conn()`` on the response ``r`` to return the connection
            back into the pool. If None, it takes the value of ``preload_content``
            which defaults to ``True``.
    
        :param bool chunked:
            If True, urllib3 will send the body using chunked transfer
            encoding. Otherwise, urllib3 will send the body using the standard
            content-length form. Defaults to False.
    
        :param int body_pos:
            Position to seek to in file-like body in the event of a retry or
            redirect. Typically this won't need to be set because urllib3 will
            auto-populate the value when needed.
        """
        parsed_url = parse_url(url)
        destination_scheme = parsed_url.scheme
    
        if headers is None:
            headers = self.headers
    
        if not isinstance(retries, Retry):
            retries = Retry.from_int(retries, redirect=redirect, default=self.retries)
    
        if release_conn is None:
            release_conn = preload_content
    
        # Check host
        if assert_same_host and not self.is_same_host(url):
            raise HostChangedError(self, url, retries)
    
        # Ensure that the URL we're connecting to is properly encoded
        if url.startswith("/"):
            url = to_str(_encode_target(url))
        else:
            url = to_str(parsed_url.url)
    
        conn = None
    
        # Track whether `conn` needs to be released before
        # returning/raising/recursing. Update this variable if necessary, and
        # leave `release_conn` constant throughout the function. That way, if
        # the function recurses, the original value of `release_conn` will be
        # passed down into the recursive call, and its value will be respected.
        #
        # See issue #651 [1] for details.
        #
        # [1] <https://github.com/urllib3/urllib3/issues/651>
        release_this_conn = release_conn
    
        http_tunnel_required = connection_requires_http_tunnel(
            self.proxy, self.proxy_config, destination_scheme
        )
    
        # Merge the proxy headers. Only done when not using HTTP CONNECT. We
        # have to copy the headers dict so we can safely change it without those
        # changes being reflected in anyone else's copy.
        if not http_tunnel_required:
            headers = headers.copy()  # type: ignore[attr-defined]
            headers.update(self.proxy_headers)  # type: ignore[union-attr]
    
        # Must keep the exception bound to a separate variable or else Python 3
        # complains about UnboundLocalError.
        err = None
    
        # Keep track of whether we cleanly exited the except block. This
        # ensures we do proper cleanup in finally.
        clean_exit = False
    
        # Rewind body position, if needed. Record current position
        # for future rewinds in the event of a redirect/retry.
        body_pos = set_file_position(body, body_pos)
    
        try:
            # Request a connection from the queue.
            timeout_obj = self._get_timeout(timeout)
            conn = self._get_conn(timeout=pool_timeout)
    
            conn.timeout = timeout_obj.connect_timeout  # type: ignore[assignment]
    
            # Is this a closed/new connection that requires CONNECT tunnelling?
            if self.proxy is not None and http_tunnel_required and conn.is_closed:
                try:
                    self._prepare_proxy(conn)
                except (BaseSSLError, OSError, SocketTimeout) as e:
                    self._raise_timeout(
                        err=e, url=self.proxy.url, timeout_value=conn.timeout
                    )
                    raise
    
            # If we're going to release the connection in ``finally:``, then
            # the response doesn't need to know about the connection. Otherwise
            # it will also try to release it and we'll have a double-release
            # mess.
            response_conn = conn if not release_conn else None
    
            # Make the request on the HTTPConnection object
>           response = self._make_request(
                conn,
                method,
                url,
                timeout=timeout_obj,
                body=body,
                headers=headers,
                chunked=chunked,
                retries=retries,
                response_conn=response_conn,
                preload_content=preload_content,
                decode_content=decode_content,
                **response_kw,
            )

..\..\..\..\AppData\Roaming\Python\Python313\site-packages\urllib3\connectionpool.py:787: 
_ _ _ _ _ _ _ _ _ _ _ _ _ _ _ _ _ _ _ _ _ _ _ _ _ _ _ _ _ _ _ _ _ _ _ _ _ _ _ _
..\..\..\..\AppData\Roaming\Python\Python313\site-packages\urllib3\connectionpool.py:493: in _make_request
    conn.request(
..\..\..\..\AppData\Roaming\Python\Python313\site-packages\urllib3\connection.py:445: in request
    self.endheaders()
C:\Program Files\Python313\Lib\http\client.py:1333: in endheaders
    self._send_output(message_body, encode_chunked=encode_chunked)
C:\Program Files\Python313\Lib\http\client.py:1093: in _send_output
    self.send(msg)
C:\Program Files\Python313\Lib\http\client.py:1037: in send
    self.connect()
..\..\..\..\AppData\Roaming\Python\Python313\site-packages\urllib3\connection.py:276: in connect
    self.sock = self._new_conn()
                ^^^^^^^^^^^^^^^^
_ _ _ _ _ _ _ _ _ _ _ _ _ _ _ _ _ _ _ _ _ _ _ _ _ _ _ _ _ _ _ _ _ _ _ _ _ _ _ _

self = <urllib3.connection.HTTPConnection object at 0x000001E6DDB63A10>

    def _new_conn(self) -> socket.socket:
        """Establish a socket connection and set nodelay settings on it.
    
        :return: New socket connection.
        """
        try:
            sock = connection.create_connection(
                (self._dns_host, self.port),
                self.timeout,
                source_address=self.source_address,
                socket_options=self.socket_options,
            )
        except socket.gaierror as e:
            raise NameResolutionError(self.host, self, e) from e
        except SocketTimeout as e:
            raise ConnectTimeoutError(
                self,
                f"Connection to {self.host} timed out. (connect timeout={self.timeout})",
            ) from e
    
        except OSError as e:
>           raise NewConnectionError(
                self, f"Failed to establish a new connection: {e}"
            ) from e
E           urllib3.exceptions.NewConnectionError: <urllib3.connection.HTTPConnection object at 0x000001E6DDB63A10>: Failed to establish a new connection: [WinError 10061] No connection could be made because the target machine actively refused it

..\..\..\..\AppData\Roaming\Python\Python313\site-packages\urllib3\connection.py:213: NewConnectionError

The above exception was the direct cause of the following exception:

self = <requests.adapters.HTTPAdapter object at 0x000001E6D4716D50>
request = <PreparedRequest [POST]>, stream = False
timeout = Timeout(connect=None, read=None, total=None), verify = True
cert = None, proxies = OrderedDict()

    def send(
        self, request, stream=False, timeout=None, verify=True, cert=None, proxies=None
    ):
        """Sends PreparedRequest object. Returns Response object.
    
        :param request: The :class:`PreparedRequest <PreparedRequest>` being sent.
        :param stream: (optional) Whether to stream the request content.
        :param timeout: (optional) How long to wait for the server to send
            data before giving up, as a float, or a :ref:`(connect timeout,
            read timeout) <timeouts>` tuple.
        :type timeout: float or tuple or urllib3 Timeout object
        :param verify: (optional) Either a boolean, in which case it controls whether
            we verify the server's TLS certificate, or a string, in which case it
            must be a path to a CA bundle to use
        :param cert: (optional) Any user-provided SSL certificate to be trusted.
        :param proxies: (optional) The proxies dictionary to apply to the request.
        :rtype: requests.Response
        """
    
        try:
            conn = self.get_connection_with_tls_context(
                request, verify, proxies=proxies, cert=cert
            )
        except LocationValueError as e:
            raise InvalidURL(e, request=request)
    
        self.cert_verify(conn, request.url, verify, cert)
        url = self.request_url(request, proxies)
        self.add_headers(
            request,
            stream=stream,
            timeout=timeout,
            verify=verify,
            cert=cert,
            proxies=proxies,
        )
    
        chunked = not (request.body is None or "Content-Length" in request.headers)
    
        if isinstance(timeout, tuple):
            try:
                connect, read = timeout
                timeout = TimeoutSauce(connect=connect, read=read)
            except ValueError:
                raise ValueError(
                    f"Invalid timeout {timeout}. Pass a (connect, read) timeout tuple, "
                    f"or a single float to set both timeouts to the same value."
                )
        elif isinstance(timeout, TimeoutSauce):
            pass
        else:
            timeout = TimeoutSauce(connect=timeout, read=timeout)
    
        try:
>           resp = conn.urlopen(
                method=request.method,
                url=url,
                body=request.body,
                headers=request.headers,
                redirect=False,
                assert_same_host=False,
                preload_content=False,
                decode_content=False,
                retries=self.max_retries,
                timeout=timeout,
                chunked=chunked,
            )

..\..\..\..\AppData\Roaming\Python\Python313\site-packages\requests\adapters.py:667: 
_ _ _ _ _ _ _ _ _ _ _ _ _ _ _ _ _ _ _ _ _ _ _ _ _ _ _ _ _ _ _ _ _ _ _ _ _ _ _ _
..\..\..\..\AppData\Roaming\Python\Python313\site-packages\urllib3\connectionpool.py:841: in urlopen
    retries = retries.increment(
_ _ _ _ _ _ _ _ _ _ _ _ _ _ _ _ _ _ _ _ _ _ _ _ _ _ _ _ _ _ _ _ _ _ _ _ _ _ _ _

self = Retry(total=0, connect=None, read=False, redirect=None, status=None)
method = 'POST', url = '/api/backtest', response = None
error = NewConnectionError('<urllib3.connection.HTTPConnection object at 0x000001E6DDB63A10>: Failed to establish a new connection: [WinError 10061] No connection could be made because the target machine actively refused it')
_pool = <urllib3.connectionpool.HTTPConnectionPool object at 0x000001E6DDB63620>
_stacktrace = <traceback object at 0x000001E6DDB3C480>

    def increment(
        self,
        method: str | None = None,
        url: str | None = None,
        response: BaseHTTPResponse | None = None,
        error: Exception | None = None,
        _pool: ConnectionPool | None = None,
        _stacktrace: TracebackType | None = None,
    ) -> Self:
        """Return a new Retry object with incremented retry counters.
    
        :param response: A response object, or None, if the server did not
            return a response.
        :type response: :class:`~urllib3.response.BaseHTTPResponse`
        :param Exception error: An error encountered during the request, or
            None if the response was received successfully.
    
        :return: A new ``Retry`` object.
        """
        if self.total is False and error:
            # Disabled, indicate to re-raise the error.
            raise reraise(type(error), error, _stacktrace)
    
        total = self.total
        if total is not None:
            total -= 1
    
        connect = self.connect
        read = self.read
        redirect = self.redirect
        status_count = self.status
        other = self.other
        cause = "unknown"
        status = None
        redirect_location = None
    
        if error and self._is_connection_error(error):
            # Connect retry?
            if connect is False:
                raise reraise(type(error), error, _stacktrace)
            elif connect is not None:
                connect -= 1
    
        elif error and self._is_read_error(error):
            # Read retry?
            if read is False or method is None or not self._is_method_retryable(method):
                raise reraise(type(error), error, _stacktrace)
            elif read is not None:
                read -= 1
    
        elif error:
            # Other retry?
            if other is not None:
                other -= 1
    
        elif response and response.get_redirect_location():
            # Redirect retry?
            if redirect is not None:
                redirect -= 1
            cause = "too many redirects"
            response_redirect_location = response.get_redirect_location()
            if response_redirect_location:
                redirect_location = response_redirect_location
            status = response.status
    
        else:
            # Incrementing because of a server error like a 500 in
            # status_forcelist and the given method is in the allowed_methods
            cause = ResponseError.GENERIC_ERROR
            if response and response.status:
                if status_count is not None:
                    status_count -= 1
                cause = ResponseError.SPECIFIC_ERROR.format(status_code=response.status)
                status = response.status
    
        history = self.history + (
            RequestHistory(method, url, error, status, redirect_location),
        )
    
        new_retry = self.new(
            total=total,
            connect=connect,
            read=read,
            redirect=redirect,
            status=status_count,
            other=other,
            history=history,
        )
    
        if new_retry.is_exhausted():
            reason = error or ResponseError(cause)
>           raise MaxRetryError(_pool, url, reason) from reason  # type: ignore[arg-type]
            ^^^^^^^^^^^^^^^^^^^^^^^^^^^^^^^^^^^^^^^^^^^^^^^^^^^
E           urllib3.exceptions.MaxRetryError: HTTPConnectionPool(host='localhost', port=8000): Max retries exceeded with url: /api/backtest (Caused by NewConnectionError('<urllib3.connection.HTTPConnection object at 0x000001E6DDB63A10>: Failed to establish a new connection: [WinError 10061] No connection could be made because the target machine actively refused it'))

..\..\..\..\AppData\Roaming\Python\Python313\site-packages\urllib3\util\retry.py:519: MaxRetryError

During handling of the above exception, another exception occurred:

    @pytest.mark.e2e
    def test_backtesting_workflow():
        # Step 1: Create a new backtest
        create_payload = {
            "strategy": {
                "symbol": "AAPL",
                "start_date": "2023-01-01T00:00:00",
                "end_date": "2023-01-31T00:00:00",
                "timeframe": "1d",
                "fast_ma": 10,
                "slow_ma": 20,
                "initial_capital": 100000
            }
        }
>       create_response = requests.post(f"{BASE_URL}/backtest", json=create_payload)
                          ^^^^^^^^^^^^^^^^^^^^^^^^^^^^^^^^^^^^^^^^^^^^^^^^^^^^^^^^^^

tests\e2e\test_backtesting_workflow.py:23: 
_ _ _ _ _ _ _ _ _ _ _ _ _ _ _ _ _ _ _ _ _ _ _ _ _ _ _ _ _ _ _ _ _ _ _ _ _ _ _ _
..\..\..\..\AppData\Roaming\Python\Python313\site-packages\requests\api.py:115: in post
    return request("post", url, data=data, json=json, **kwargs)
           ^^^^^^^^^^^^^^^^^^^^^^^^^^^^^^^^^^^^^^^^^^^^^^^^^^^^
..\..\..\..\AppData\Roaming\Python\Python313\site-packages\requests\api.py:59: in request
    return session.request(method=method, url=url, **kwargs)
           ^^^^^^^^^^^^^^^^^^^^^^^^^^^^^^^^^^^^^^^^^^^^^^^^^
..\..\..\..\AppData\Roaming\Python\Python313\site-packages\requests\sessions.py:589: in request
    resp = self.send(prep, **send_kwargs)
           ^^^^^^^^^^^^^^^^^^^^^^^^^^^^^^
..\..\..\..\AppData\Roaming\Python\Python313\site-packages\requests\sessions.py:703: in send
    r = adapter.send(request, **kwargs)
        ^^^^^^^^^^^^^^^^^^^^^^^^^^^^^^^
_ _ _ _ _ _ _ _ _ _ _ _ _ _ _ _ _ _ _ _ _ _ _ _ _ _ _ _ _ _ _ _ _ _ _ _ _ _ _ _

self = <requests.adapters.HTTPAdapter object at 0x000001E6D4716D50>
request = <PreparedRequest [POST]>, stream = False
timeout = Timeout(connect=None, read=None, total=None), verify = True
cert = None, proxies = OrderedDict()

    def send(
        self, request, stream=False, timeout=None, verify=True, cert=None, proxies=None
    ):
        """Sends PreparedRequest object. Returns Response object.
    
        :param request: The :class:`PreparedRequest <PreparedRequest>` being sent.
        :param stream: (optional) Whether to stream the request content.
        :param timeout: (optional) How long to wait for the server to send
            data before giving up, as a float, or a :ref:`(connect timeout,
            read timeout) <timeouts>` tuple.
        :type timeout: float or tuple or urllib3 Timeout object
        :param verify: (optional) Either a boolean, in which case it controls whether
            we verify the server's TLS certificate, or a string, in which case it
            must be a path to a CA bundle to use
        :param cert: (optional) Any user-provided SSL certificate to be trusted.
        :param proxies: (optional) The proxies dictionary to apply to the request.
        :rtype: requests.Response
        """
    
        try:
            conn = self.get_connection_with_tls_context(
                request, verify, proxies=proxies, cert=cert
            )
        except LocationValueError as e:
            raise InvalidURL(e, request=request)
    
        self.cert_verify(conn, request.url, verify, cert)
        url = self.request_url(request, proxies)
        self.add_headers(
            request,
            stream=stream,
            timeout=timeout,
            verify=verify,
            cert=cert,
            proxies=proxies,
        )
    
        chunked = not (request.body is None or "Content-Length" in request.headers)
    
        if isinstance(timeout, tuple):
            try:
                connect, read = timeout
                timeout = TimeoutSauce(connect=connect, read=read)
            except ValueError:
                raise ValueError(
                    f"Invalid timeout {timeout}. Pass a (connect, read) timeout tuple, "
                    f"or a single float to set both timeouts to the same value."
                )
        elif isinstance(timeout, TimeoutSauce):
            pass
        else:
            timeout = TimeoutSauce(connect=timeout, read=timeout)
    
        try:
            resp = conn.urlopen(
                method=request.method,
                url=url,
                body=request.body,
                headers=request.headers,
                redirect=False,
                assert_same_host=False,
                preload_content=False,
                decode_content=False,
                retries=self.max_retries,
                timeout=timeout,
                chunked=chunked,
            )
    
        except (ProtocolError, OSError) as err:
            raise ConnectionError(err, request=request)
    
        except MaxRetryError as e:
            if isinstance(e.reason, ConnectTimeoutError):
                # TODO: Remove this in 3.0.0: see #2811
                if not isinstance(e.reason, NewConnectionError):
                    raise ConnectTimeout(e, request=request)
    
            if isinstance(e.reason, ResponseError):
                raise RetryError(e, request=request)
    
            if isinstance(e.reason, _ProxyError):
                raise ProxyError(e, request=request)
    
            if isinstance(e.reason, _SSLError):
                # This branch is for urllib3 v1.22 and later.
                raise SSLError(e, request=request)
    
>           raise ConnectionError(e, request=request)
E           requests.exceptions.ConnectionError: HTTPConnectionPool(host='localhost', port=8000): Max retries exceeded with url: /api/backtest (Caused by NewConnectionError('<urllib3.connection.HTTPConnection object at 0x000001E6DDB63A10>: Failed to establish a new connection: [WinError 10061] No connection could be made because the target machine actively refused it'))

..\..\..\..\AppData\Roaming\Python\Python313\site-packages\requests\adapters.py:700: ConnectionError
________ TestCompleteTradingWorkflow.test_complete_buy_order_workflow _________

self = <test_complete_trading_workflow.TestCompleteTradingWorkflow object at 0x000001E6ADB16C10>
trading_system = <coroutine object TestCompleteTradingWorkflow.trading_system at 0x000001E6DDAB7D00>
api_base_url = 'http://localhost:8000/api/v1'

    @pytest.mark.asyncio
    @pytest.mark.e2e
    async def test_complete_buy_order_workflow(self, trading_system, api_base_url):
        """Test complete buy order workflow from API to execution."""
        # Step 1: Create order via API
        order_data = {
            "account_id": "test_account",
            "symbol": "AAPL",
            "side": "BUY",
            "quantity": "100",
            "order_type": "LIMIT",
            "price": "150.00",
            "time_in_force": "DAY"
        }
    
        # Mock successful order creation
>       trading_system['mock_db'].create_order.return_value = 'order_123'
        ^^^^^^^^^^^^^^^^^^^^^^^^^
E       TypeError: 'coroutine' object is not subscriptable

tests\e2e\test_complete_trading_workflow.py:92: TypeError
________ TestCompleteTradingWorkflow.test_risk_management_integration _________

self = <test_complete_trading_workflow.TestCompleteTradingWorkflow object at 0x000001E6B10BF4D0>
trading_system = <coroutine object TestCompleteTradingWorkflow.trading_system at 0x000001E6DE2685E0>

    @pytest.mark.asyncio
    @pytest.mark.e2e
    async def test_risk_management_integration(self, trading_system):
        """Test risk management integration in trading workflow."""
        # Set up risk limits
        risk_limits = {
            'max_position_size': Decimal('1000'),
            'max_daily_loss': Decimal('5000'),
            'max_portfolio_exposure': Decimal('100000')
        }
    
>       trading_system['mock_db'].get_risk_limits.return_value = risk_limits
        ^^^^^^^^^^^^^^^^^^^^^^^^^
E       TypeError: 'coroutine' object is not subscriptable

tests\e2e\test_complete_trading_workflow.py:164: TypeError
________ TestCompleteTradingWorkflow.test_websocket_real_time_updates _________

self = <test_complete_trading_workflow.TestCompleteTradingWorkflow object at 0x000001E6ADAF1CD0>
websocket_url = 'ws://localhost:8000/ws'

    @pytest.mark.asyncio
    @pytest.mark.e2e
    async def test_websocket_real_time_updates(self, websocket_url):
        """Test real-time WebSocket updates during trading."""
        # This test would require actual WebSocket server running
        # For now, we'll mock the WebSocket behavior
    
        mock_websocket_messages = [
            {
                'type': 'market_data',
                'symbol': 'AAPL',
                'price': 150.25,
                'timestamp': datetime.utcnow().isoformat()
            },
            {
                'type': 'order_update',
                'order_id': 'order_123',
                'status': 'FILLED',
                'filled_quantity': 100,
                'filled_price': 150.25
            },
            {
                'type': 'portfolio_update',
                'account_id': 'test_account',
                'total_value': 150025.00,
                'cash_balance': 50000.00
            }
        ]
    
        # Simulate WebSocket message processing
        for message in mock_websocket_messages:
            # In a real test, this would connect to actual WebSocket
            # and verify message format and timing
            assert 'type' in message
>           assert 'timestamp' in message or message['type'] == 'order_update'
E           AssertionError: assert ('timestamp' in {'account_id': 'test_account', 'cash_balance': 50000.0, 'total_value': 150025.0, 'type': 'portfolio_update'} or 'portfolio_update' == 'order_update'
E             
E             - order_update
E             + portfolio_update)

tests\e2e\test_complete_trading_workflow.py:220: AssertionError
______ TestCompleteTradingWorkflow.test_multi_asset_portfolio_management ______

self = <test_complete_trading_workflow.TestCompleteTradingWorkflow object at 0x000001E6B10F5940>
trading_system = <coroutine object TestCompleteTradingWorkflow.trading_system at 0x000001E6DE268B80>

    @pytest.mark.asyncio
    @pytest.mark.e2e
    async def test_multi_asset_portfolio_management(self, trading_system):
        """Test portfolio management across multiple assets."""
        # Set up initial portfolio state
        initial_positions = {
            'AAPL': {'quantity': Decimal('100'), 'average_price': Decimal('150.00')},
            'GOOGL': {'quantity': Decimal('50'), 'average_price': Decimal('2500.00')},
            'MSFT': {'quantity': Decimal('75'), 'average_price': Decimal('300.00')}
        }
    
>       trading_system['mock_db'].get_all_positions.return_value = initial_positions
        ^^^^^^^^^^^^^^^^^^^^^^^^^
E       TypeError: 'coroutine' object is not subscriptable

tests\e2e\test_complete_trading_workflow.py:243: TypeError
________ TestCompleteTradingWorkflow.test_strategy_execution_workflow _________

self = <test_complete_trading_workflow.TestCompleteTradingWorkflow object at 0x000001E6B11D2C30>
trading_system = <coroutine object TestCompleteTradingWorkflow.trading_system at 0x000001E6DE269000>

    @pytest.mark.asyncio
    @pytest.mark.e2e
    async def test_strategy_execution_workflow(self, trading_system):
        """Test automated strategy execution workflow."""
        # Mock strategy configuration
        strategy_config = {
            'strategy_id': 'momentum_strategy_1',
            'symbols': ['AAPL', 'GOOGL', 'MSFT'],
            'parameters': {
                'lookback_period': 20,
                'momentum_threshold': 0.02,
                'position_size': Decimal('1000')
            },
            'risk_limits': {
                'max_position_per_symbol': Decimal('5000'),
                'stop_loss_pct': Decimal('0.05')
            }
        }
    
        # Mock market data for strategy signals
        market_data_history = {
            'AAPL': [
                {'price': Decimal('148.00'), 'timestamp': datetime.utcnow() - timedelta(minutes=5)},
                {'price': Decimal('149.00'), 'timestamp': datetime.utcnow() - timedelta(minutes=4)},
                {'price': Decimal('150.50'), 'timestamp': datetime.utcnow() - timedelta(minutes=3)},
                {'price': Decimal('151.25'), 'timestamp': datetime.utcnow() - timedelta(minutes=2)},
                {'price': Decimal('152.00'), 'timestamp': datetime.utcnow() - timedelta(minutes=1)}
            ]
        }
    
>       trading_system['mock_market_data'].get_historical_data.return_value = market_data_history
        ^^^^^^^^^^^^^^^^^^^^^^^^^^^^^^^^^^
E       TypeError: 'coroutine' object is not subscriptable

tests\e2e\test_complete_trading_workflow.py:330: TypeError
________ TestCompleteTradingWorkflow.test_error_handling_and_recovery _________

self = <test_complete_trading_workflow.TestCompleteTradingWorkflow object at 0x000001E6B0103350>
trading_system = <coroutine object TestCompleteTradingWorkflow.trading_system at 0x000001E6DD852680>

    @pytest.mark.asyncio
    @pytest.mark.e2e
    async def test_error_handling_and_recovery(self, trading_system):
        """Test error handling and recovery mechanisms."""
        # Test database connection failure
>       trading_system['mock_db'].create_order.side_effect = Exception("Database connection failed")
        ^^^^^^^^^^^^^^^^^^^^^^^^^
E       TypeError: 'coroutine' object is not subscriptable

tests\e2e\test_complete_trading_workflow.py:369: TypeError
___________ TestCompleteTradingWorkflow.test_performance_under_load ___________

self = <test_complete_trading_workflow.TestCompleteTradingWorkflow object at 0x000001E6B0103460>
trading_system = <coroutine object TestCompleteTradingWorkflow.trading_system at 0x000001E6DB4605E0>

    @pytest.mark.asyncio
    @pytest.mark.e2e
    async def test_performance_under_load(self, trading_system):
        """Test system performance under high load."""
        # Create multiple concurrent orders
        concurrent_orders = []
        for i in range(50):
            order_request = OrderCreateRequest(
                account_id=f'test_account_{i % 5}',
                symbol='AAPL',
                side=OrderSide.BUY if i % 2 == 0 else OrderSide.SELL,
                quantity=Decimal('10'),
                order_type=OrderType.MARKET
            )
            concurrent_orders.append(order_request)
    
        # Mock successful order processing
>       trading_system['mock_db'].create_order.side_effect = [f'order_{i}' for i in range(50)]
        ^^^^^^^^^^^^^^^^^^^^^^^^^
E       TypeError: 'coroutine' object is not subscriptable

tests\e2e\test_complete_trading_workflow.py:411: TypeError
_______________ TestEdgeCaseFramework.test_get_test_statistics ________________

self = <tests.framework.test_edge_case_framework.TestEdgeCaseFramework object at 0x000001E6B1A22A30>
framework = <edge_case_framework.EdgeCaseFramework object at 0x000001E6DDDE5EF0>

    def test_get_test_statistics(self, framework):
        """Test getting test statistics"""
        # Add some mock results
        results = [
            TestResult(test_name="test1", test_type="BoundaryTestCase", passed=True, execution_time=0.001),
            TestResult(test_name="test2", test_type="EdgeCaseTestCase", passed=False, execution_time=0.002),
            TestResult(test_name="test3", test_type="exception_handling", passed=True, execution_time=0.003)
        ]
    
        framework.test_results['test_function'] = results
    
        stats = framework.get_test_statistics('test_function')
    
        assert stats['function_name'] == 'test_function'
        assert stats['total_tests'] == 3
        assert stats['passed_tests'] == 2
        assert stats['failed_tests'] == 1
>       assert stats['success_rate'] == 200/3  # 2/3 * 100
        ^^^^^^^^^^^^^^^^^^^^^^^^^^^^^^^^^^^^^
E       assert 66.66666666666666 == (200 / 3)

tests\framework\test_edge_case_framework.py:432: AssertionError
________ TestAdvancedPortfolioManager.test_set_target_allocation_valid ________

self = <test_advanced_portfolio_manager.TestAdvancedPortfolioManager object at 0x000001E6D9871BD0>
portfolio_manager = <nautilus_trader_engine.portfolio.advanced_portfolio_manager.AdvancedPortfolioManager object at 0x000001E6DE1D91D0>
sample_allocations = [AssetAllocation(symbol='AAPL', asset_class=<AssetClass.EQUITY: 'equity'>, target_weight=0.3, min_weight=0.0, max_weig...st=0.001, sector='Broad Market', country='US', currency='USD', current_price=200.0, market_value=10000.0, quantity=50)]

    def test_set_target_allocation_valid(self, portfolio_manager, sample_allocations):
        """Test setting valid target allocation"""
        portfolio_id = portfolio_manager.create_portfolio(
            account_id="TEST_ACCOUNT_002",
            initial_capital=100000.0
        )
    
        result = portfolio_manager.set_target_allocation(portfolio_id, sample_allocations)
    
>       assert result is True
E       assert False is True

tests\portfolio\test_advanced_portfolio_manager.py:141: AssertionError
------------------------------ Captured log call ------------------------------
ERROR    nautilus_trader_engine.portfolio.advanced_portfolio_manager:advanced_portfolio_manager.py:278 Asset AAPL weight 0.3 exceeds max 0.1
________ TestAdvancedPortfolioManager.test_calculate_portfolio_metrics ________

self = <test_advanced_portfolio_manager.TestAdvancedPortfolioManager object at 0x000001E6D98C29F0>
portfolio_manager = <nautilus_trader_engine.portfolio.advanced_portfolio_manager.AdvancedPortfolioManager object at 0x000001E6DE2623F0>
sample_allocations = [AssetAllocation(symbol='AAPL', asset_class=<AssetClass.EQUITY: 'equity'>, target_weight=0.3, min_weight=0.0, max_weig...st=0.001, sector='Broad Market', country='US', currency='USD', current_price=200.0, market_value=10000.0, quantity=50)]

    @pytest.mark.asyncio
    async def test_calculate_portfolio_metrics(self, portfolio_manager, sample_allocations):
        """Test portfolio metrics calculation"""
        portfolio_id = portfolio_manager.create_portfolio(
            account_id="TEST_ACCOUNT_005",
            initial_capital=100000.0
        )
    
        portfolio_manager.set_target_allocation(portfolio_id, sample_allocations)
    
        # Mock the _update_market_values method
        with patch.object(portfolio_manager, '_update_market_values', new_callable=AsyncMock):
            metrics = await portfolio_manager.calculate_portfolio_metrics(portfolio_id)
    
        assert metrics is not None
        assert isinstance(metrics, PortfolioMetrics)
        assert metrics.total_value == 100000.0
        assert metrics.cash_balance == 100000.0  # No actual investments yet
        assert metrics.invested_value == 0.0
    
        # Check allocation metrics
>       assert AssetClass.EQUITY in metrics.asset_class_allocation
E       AssertionError: assert <AssetClass.EQUITY: 'equity'> in {}
E        +  where <AssetClass.EQUITY: 'equity'> = AssetClass.EQUITY
E        +  and   {} = PortfolioMetrics(total_value=100000.0, cash_balance=100000.0, invested_value=0.0, total_return=0.0, annualized_return=...ve_assets=0.0, concentration_index=0, turnover=0.0, calculation_time=datetime.datetime(2025, 9, 13, 0, 13, 10, 264333)).asset_class_allocation

tests\portfolio\test_advanced_portfolio_manager.py:205: AssertionError
------------------------------ Captured log call ------------------------------
ERROR    nautilus_trader_engine.portfolio.advanced_portfolio_manager:advanced_portfolio_manager.py:278 Asset AAPL weight 0.3 exceeds max 0.1
____ TestAdvancedPortfolioManager.test_check_rebalancing_needed_threshold _____

self = <test_advanced_portfolio_manager.TestAdvancedPortfolioManager object at 0x000001E6D9687DF0>
portfolio_manager = <nautilus_trader_engine.portfolio.advanced_portfolio_manager.AdvancedPortfolioManager object at 0x000001E6DE1EFBF0>
sample_allocations = [AssetAllocation(symbol='AAPL', asset_class=<AssetClass.EQUITY: 'equity'>, target_weight=0.3, min_weight=0.0, max_weig...st=0.001, sector='Broad Market', country='US', currency='USD', current_price=200.0, market_value=10000.0, quantity=50)]
sample_rebalancing_config = RebalancingConfig(strategy=<RebalancingStrategy.THRESHOLD: 'threshold'>, frequency=<RebalancingFrequency.MONTHLY: 'mon...udget_tolerance=0.01, min_trade_size=1000.0, max_transaction_cost=0.005, rebalancing_time='09:30', blackout_periods=[])

    @pytest.mark.asyncio
    async def test_check_rebalancing_needed_threshold(self, portfolio_manager, sample_allocations, sample_rebalancing_config):
        """Test threshold-based rebalancing check"""
        portfolio_id = portfolio_manager.create_portfolio(
            account_id="TEST_ACCOUNT_006",
            initial_capital=100000.0,
            rebalancing_config=sample_rebalancing_config
        )
    
        portfolio_manager.set_target_allocation(portfolio_id, sample_allocations)
    
        # Mock methods
        with patch.object(portfolio_manager, '_update_market_values', new_callable=AsyncMock), \
             patch.object(portfolio_manager, '_calculate_current_weights') as mock_weights:
    
            # Simulate significant drift
            mock_weights.return_value = {
                "AAPL": 0.4,  # Target is 0.3, drift = 0.1 > threshold 0.05
                "MSFT": 0.25,
                "TLT": 0.2,
                "GLD": 0.15,
                "VTI": 0.0  # Target is 0.1, drift = 0.1 > threshold 0.05
            }
    
            needed, analysis = await portfolio_manager.check_rebalancing_needed(portfolio_id)
    
>       assert needed is True
E       assert False is True

tests\portfolio\test_advanced_portfolio_manager.py:238: AssertionError
------------------------------ Captured log call ------------------------------
ERROR    nautilus_trader_engine.portfolio.advanced_portfolio_manager:advanced_portfolio_manager.py:278 Asset AAPL weight 0.3 exceeds max 0.1
_________ TestAdvancedPortfolioManager.test_calculate_current_weights _________

self = <test_advanced_portfolio_manager.TestAdvancedPortfolioManager object at 0x000001E6D95DFB60>
portfolio_manager = <nautilus_trader_engine.portfolio.advanced_portfolio_manager.AdvancedPortfolioManager object at 0x000001E6DE2137A0>
sample_allocations = [AssetAllocation(symbol='AAPL', asset_class=<AssetClass.EQUITY: 'equity'>, target_weight=0.3, min_weight=0.0, max_weig...st=0.001, sector='Broad Market', country='US', currency='USD', current_price=200.0, market_value=10000.0, quantity=50)]

    def test_calculate_current_weights(self, portfolio_manager, sample_allocations):
        """Test current weights calculation"""
        portfolio_id = portfolio_manager.create_portfolio(
            account_id="TEST_ACCOUNT_011",
            initial_capital=100000.0
        )
    
        portfolio_manager.set_target_allocation(portfolio_id, sample_allocations)
    
        weights = portfolio_manager._calculate_current_weights(portfolio_id)
    
        # Check that weights are calculated correctly
        total_value = sum(alloc.market_value for alloc in sample_allocations)
        expected_weights = {
            alloc.symbol: alloc.market_value / total_value
            for alloc in sample_allocations
        }
    
        for symbol, expected_weight in expected_weights.items():
>           assert abs(weights[symbol] - expected_weight) < 0.001
                       ^^^^^^^^^^^^^^^
E           KeyError: 'AAPL'

tests\portfolio\test_advanced_portfolio_manager.py:407: KeyError
------------------------------ Captured log call ------------------------------
ERROR    nautilus_trader_engine.portfolio.advanced_portfolio_manager:advanced_portfolio_manager.py:278 Asset AAPL weight 0.3 exceeds max 0.1
________________ TestIntegration.test_full_portfolio_lifecycle ________________

self = <test_advanced_portfolio_manager.TestIntegration object at 0x000001E6D9871F90>

    @pytest.mark.asyncio
    async def test_full_portfolio_lifecycle(self):
        """Test complete portfolio lifecycle"""
        manager = AdvancedPortfolioManager()
    
        # Create portfolio
        portfolio_id = manager.create_portfolio(
            account_id="INTEGRATION_TEST",
            initial_capital=100000.0,
            constraints=PortfolioConstraints(
                max_single_asset_weight=0.4,
                max_portfolio_volatility=0.2
            ),
            rebalancing_config=RebalancingConfig(
                strategy=RebalancingStrategy.THRESHOLD,
                frequency=RebalancingFrequency.MONTHLY,
                drift_threshold=0.05
            )
        )
    
        # Set allocations
        allocations = [
            AssetAllocation(
                symbol="SPY",
                asset_class=AssetClass.EQUITY,
                target_weight=0.6,
                sector="Broad Market",
                country="US",
                current_price=400.0,
                market_value=60000.0,
                quantity=150
            ),
            AssetAllocation(
                symbol="TLT",
                asset_class=AssetClass.BOND,
                target_weight=0.4,
                sector="Government Bonds",
                country="US",
                current_price=100.0,
                market_value=40000.0,
                quantity=400
            )
        ]
    
        success = manager.set_target_allocation(portfolio_id, allocations)
>       assert success is True
E       assert False is True

tests\portfolio\test_advanced_portfolio_manager.py:550: AssertionError
------------------------------ Captured log call ------------------------------
ERROR    nautilus_trader_engine.portfolio.advanced_portfolio_manager:advanced_portfolio_manager.py:278 Asset SPY weight 0.6 exceeds max 0.4
___________ TestPerformanceValidator.test_response_time_validation ____________

self = <tests.production_readiness.test_production_readiness.TestPerformanceValidator object at 0x000001E6D98739D0>
performance_validator = <tests.production_readiness.production_readiness_framework.PerformanceValidator object at 0x000001E6DE0D7770>

    @pytest.mark.asyncio
    async def test_response_time_validation(self, performance_validator):
        """Test response time validation"""
        endpoints = [
            {"url": "/api/health", "target_p95": 200, "target_p99": 500},
            {"url": "/api/orders", "target_p95": 300, "target_p99": 800},
            {"url": "/api/portfolio", "target_p95": 250, "target_p99": 600}
        ]
    
>       results = await performance_validator.validate_response_times(endpoints)
                        ^^^^^^^^^^^^^^^^^^^^^^^^^^^^^^^^^^^^^^^^^^^^^
E       AttributeError: 'PerformanceValidator' object has no attribute 'validate_response_times'

tests\production_readiness\test_production_readiness.py:254: AttributeError
_____________ TestPerformanceValidator.test_throughput_validation _____________

self = <tests.production_readiness.test_production_readiness.TestPerformanceValidator object at 0x000001E6D9873B10>
performance_validator = <tests.production_readiness.production_readiness_framework.PerformanceValidator object at 0x000001E6DE1D91D0>

    @pytest.mark.asyncio
    async def test_throughput_validation(self, performance_validator):
        """Test throughput validation"""
        throughput_targets = {
            "api_requests": {"target_rps": 1000, "peak_rps": 5000},
            "database_transactions": {"target_tps": 500, "peak_tps": 2000}
        }
    
>       results = await performance_validator.validate_throughput(throughput_targets)
                        ^^^^^^^^^^^^^^^^^^^^^^^^^^^^^^^^^^^^^^^^^
E       AttributeError: 'PerformanceValidator' object has no attribute 'validate_throughput'

tests\production_readiness\test_production_readiness.py:272: AttributeError
________ TestPerformanceValidator.test_resource_utilization_validation ________

self = <tests.production_readiness.test_production_readiness.TestPerformanceValidator object at 0x000001E6D991CD60>
performance_validator = <tests.production_readiness.production_readiness_framework.PerformanceValidator object at 0x000001E6DE1D9BD0>

    @pytest.mark.asyncio
    async def test_resource_utilization_validation(self, performance_validator):
        """Test resource utilization validation"""
        resource_targets = {
            "cpu": {"normal_usage": 60, "peak_usage": 80, "critical_threshold": 90},
            "memory": {"normal_usage": 70, "peak_usage": 85, "critical_threshold": 95},
            "disk": {"normal_usage": 60, "peak_usage": 80, "critical_threshold": 90}
        }
    
>       results = await performance_validator.validate_resource_utilization(resource_targets)
                        ^^^^^^^^^^^^^^^^^^^^^^^^^^^^^^^^^^^^^^^^^^^^^^^^^^^
E       AttributeError: 'PerformanceValidator' object has no attribute 'validate_resource_utilization'

tests\production_readiness\test_production_readiness.py:289: AttributeError
____________ TestPerformanceValidator.test_load_testing_validation ____________

self = <tests.production_readiness.test_production_readiness.TestPerformanceValidator object at 0x000001E6D991CE90>
performance_validator = <tests.production_readiness.production_readiness_framework.PerformanceValidator object at 0x000001E6DE1D9090>

    @pytest.mark.asyncio
    async def test_load_testing_validation(self, performance_validator):
        """Test load testing validation"""
        load_test_config = {
            "concurrent_users": [100, 500, 1000],
            "test_duration_minutes": 10,  # Shorter for testing
            "ramp_up_time_minutes": 2
        }
    
>       results = await performance_validator.run_load_tests(load_test_config)
                        ^^^^^^^^^^^^^^^^^^^^^^^^^^^^^^^^^^^^
E       AttributeError: 'PerformanceValidator' object has no attribute 'run_load_tests'

tests\production_readiness\test_production_readiness.py:306: AttributeError
____________ TestPerformanceValidator.test_scalability_assessment _____________

self = <tests.production_readiness.test_production_readiness.TestPerformanceValidator object at 0x000001E6D98DEE70>
performance_validator = <tests.production_readiness.production_readiness_framework.PerformanceValidator object at 0x000001E6DE1D9A90>

    @pytest.mark.asyncio
    async def test_scalability_assessment(self, performance_validator):
        """Test scalability assessment"""
        scalability_config = {
            "baseline_users": 100,
            "target_users": 1000,
            "acceptable_degradation": 20  # percentage
        }
    
>       results = await performance_validator.assess_scalability(scalability_config)
                        ^^^^^^^^^^^^^^^^^^^^^^^^^^^^^^^^^^^^^^^^
E       AttributeError: 'PerformanceValidator' object has no attribute 'assess_scalability'

tests\production_readiness\test_production_readiness.py:324: AttributeError
_______ TestProductionReadinessValidator.test_full_readiness_validation _______

self = <tests.production_readiness.test_production_readiness.TestProductionReadinessValidator object at 0x000001E6D9873C50>
readiness_validator = <tests.production_readiness.production_readiness_framework.ProductionReadinessValidator object at 0x000001E6DE0D7E00>

    @pytest.mark.asyncio
    async def test_full_readiness_validation(self, readiness_validator):
        """Test full production readiness validation"""
        validation_config = {
            "environment": "staging",
            "validation_level": "moderate",
            "include_performance_tests": True,
            "include_security_scans": True
        }
    
>       results = await readiness_validator.run_full_validation(validation_config)
                        ^^^^^^^^^^^^^^^^^^^^^^^^^^^^^^^^^^^^^^^
E       AttributeError: 'ProductionReadinessValidator' object has no attribute 'run_full_validation'

tests\production_readiness\test_production_readiness.py:360: AttributeError
____ TestProductionReadinessValidator.test_environment_specific_validation ____

self = <tests.production_readiness.test_production_readiness.TestProductionReadinessValidator object at 0x000001E6D9873D90>
readiness_validator = <tests.production_readiness.production_readiness_framework.ProductionReadinessValidator object at 0x000001E6DE1D96D0>

    @pytest.mark.asyncio
    async def test_environment_specific_validation(self, readiness_validator):
        """Test environment-specific validation"""
        # Test production environment (should be more strict)
        prod_config = {
            "environment": "production",
            "validation_level": "strict"
        }
    
>       prod_results = await readiness_validator.run_full_validation(prod_config)
                             ^^^^^^^^^^^^^^^^^^^^^^^^^^^^^^^^^^^^^^^
E       AttributeError: 'ProductionReadinessValidator' object has no attribute 'run_full_validation'

tests\production_readiness\test_production_readiness.py:382: AttributeError
_______ TestProductionReadinessValidator.test_generate_readiness_report _______

self = <tests.production_readiness.test_production_readiness.TestProductionReadinessValidator object at 0x000001E6D991CFC0>
readiness_validator = <tests.production_readiness.production_readiness_framework.ProductionReadinessValidator object at 0x000001E6DE1DAAD0>

    def test_generate_readiness_report(self, readiness_validator):
        """Test readiness report generation"""
        # Mock validation results
        mock_results = {
            "deployment_checklist": [
>               ValidationResult(
                    item_id="deploy_001",
                    name="Server Capacity",
                    status=ValidationStatus.PASS,
                    message="Server capacity is adequate",
                    category="infrastructure",
                    details={"cpu_cores": 8, "memory_gb": 32},
                    timestamp=datetime.now(),
                    required=True
                )
            ],
            "security_compliance": [
                ValidationResult(
                    item_id="sec_001",
                    name="SSL Certificates",
                    status=ValidationStatus.PASS,
                    message="SSL certificates are valid",
                    category="security",
                    details={"expiry_date": "2025-12-31"},
                    timestamp=datetime.now(),
                    required=True
                )
            ]
        }
E       TypeError: ValidationResult.__init__() got an unexpected keyword argument 'item_id'

tests\production_readiness\test_production_readiness.py:403: TypeError
______ TestProductionReadinessAutomation.test_automation_initialization _______

self = <tests.production_readiness.test_production_readiness.TestProductionReadinessAutomation object at 0x000001E6D9873ED0>
readiness_automation = <tests.production_readiness.production_readiness_automation.ProductionReadinessAutomation object at 0x000001E6DE2C06E0>

    def test_automation_initialization(self, readiness_automation):
        """Test automation initialization"""
        assert readiness_automation.config is not None
>       assert readiness_automation.validator is not None
E       assert None is not None
E        +  where None = <tests.production_readiness.production_readiness_automation.ProductionReadinessAutomation object at 0x000001E6DE2C06E0>.validator

tests\production_readiness\test_production_readiness.py:455: AssertionError
----------------------------- Captured log setup ------------------------------
WARNING  tests.production_readiness.production_readiness_automation:production_readiness_automation.py:75 Configuration file C:\Users\VINCEN~1\AppData\Local\Temp\tmpehbucpi7\test_automation_config.yaml not found, using defaults
____ TestProductionReadinessAutomation.test_schedule_readiness_validation _____

self = <tests.production_readiness.test_production_readiness.TestProductionReadinessAutomation object at 0x000001E6D9944050>
readiness_automation = <tests.production_readiness.production_readiness_automation.ProductionReadinessAutomation object at 0x000001E6DE1DAAD0>

    def test_schedule_readiness_validation(self, readiness_automation):
        """Test readiness validation scheduling"""
        schedule = ReadinessSchedule(
            schedule_id="test_schedule",
            name="Test Validation",
            cron_expression="0 2 * * *",
            environment="staging",
            validation_config={
                "validation_level": "moderate",
                "include_performance_tests": True
            },
            enabled=True
        )
    
>       readiness_automation.schedule_readiness_validation(schedule)
        ^^^^^^^^^^^^^^^^^^^^^^^^^^^^^^^^^^^^^^^^^^^^^^^^^^
E       AttributeError: 'ProductionReadinessAutomation' object has no attribute 'schedule_readiness_validation'

tests\production_readiness\test_production_readiness.py:473: AttributeError
----------------------------- Captured log setup ------------------------------
WARNING  tests.production_readiness.production_readiness_automation:production_readiness_automation.py:75 Configuration file C:\Users\VINCEN~1\AppData\Local\Temp\tmpt1btjne5\test_automation_config.yaml not found, using defaults
_________ TestProductionReadinessAutomation.test_create_go_live_event _________

self = <tests.production_readiness.test_production_readiness.TestProductionReadinessAutomation object at 0x000001E6D991D0F0>
readiness_automation = <tests.production_readiness.production_readiness_automation.ProductionReadinessAutomation object at 0x000001E6DE1DB250>

    def test_create_go_live_event(self, readiness_automation):
        """Test go-live event creation"""
        go_live_event = GoLiveEvent(
            event_id="test_go_live",
            name="Test Go-Live",
            scheduled_time=datetime.now() + timedelta(days=1),
            environment="production",
            validation_requirements=[
                "all_tests_passing",
                "security_scans_clean",
                "performance_benchmarks_met"
            ],
            approvers=[
                "technical_lead",
                "security_team",
                "operations_team"
            ],
            rollback_plan="Automated rollback if critical issues detected"
        )
    
>       readiness_automation.create_go_live_event(go_live_event)
        ^^^^^^^^^^^^^^^^^^^^^^^^^^^^^^^^^^^^^^^^^
E       AttributeError: 'ProductionReadinessAutomation' object has no attribute 'create_go_live_event'

tests\production_readiness\test_production_readiness.py:498: AttributeError
----------------------------- Captured log setup ------------------------------
WARNING  tests.production_readiness.production_readiness_automation:production_readiness_automation.py:75 Configuration file C:\Users\VINCEN~1\AppData\Local\Temp\tmp6rrb4w4q\test_automation_config.yaml not found, using defaults
______ TestProductionReadinessAutomation.test_get_validation_statistics _______

self = <tests.production_readiness.test_production_readiness.TestProductionReadinessAutomation object at 0x000001E6D991D220>
readiness_automation = <tests.production_readiness.production_readiness_automation.ProductionReadinessAutomation object at 0x000001E6DE1DA850>

    def test_get_validation_statistics(self, readiness_automation):
        """Test validation statistics generation"""
        # Add some mock validation history
        mock_validation = {
            "validation_id": "test_001",
            "timestamp": datetime.now(),
            "environment": "staging",
            "overall_status": ValidationStatus.PASS,
            "total_checks": 10,
            "passed_checks": 8,
            "failed_checks": 2
        }
    
>       readiness_automation.validation_history.append(mock_validation)
        ^^^^^^^^^^^^^^^^^^^^^^^^^^^^^^^^^^^^^^^
E       AttributeError: 'ProductionReadinessAutomation' object has no attribute 'validation_history'

tests\production_readiness\test_production_readiness.py:516: AttributeError
----------------------------- Captured log setup ------------------------------
WARNING  tests.production_readiness.production_readiness_automation:production_readiness_automation.py:75 Configuration file C:\Users\VINCEN~1\AppData\Local\Temp\tmp27klilep\test_automation_config.yaml not found, using defaults
___ TestProductionReadinessIntegration.test_end_to_end_readiness_validation ___

self = <tests.production_readiness.test_production_readiness.TestProductionReadinessIntegration object at 0x000001E6D9944190>
temp_config_dir = 'C:\\Users\\VINCEN~1\\AppData\\Local\\Temp\\tmphd2t65be'

    @pytest.mark.asyncio
    async def test_end_to_end_readiness_validation(self, temp_config_dir):
        """Test complete end-to-end readiness validation"""
        # Create validator
        config_path = Path(temp_config_dir) / "test_config.yaml"
        validator = ProductionReadinessValidator(str(config_path))
    
        # Run validation
        validation_config = {
            "environment": "staging",
            "validation_level": "moderate",
            "include_performance_tests": False,  # Skip for faster testing
            "include_security_scans": True
        }
    
>       results = await validator.run_full_validation(validation_config)
                        ^^^^^^^^^^^^^^^^^^^^^^^^^^^^^
E       AttributeError: 'ProductionReadinessValidator' object has no attribute 'run_full_validation'

tests\production_readiness\test_production_readiness.py:549: AttributeError
___ TestProductionReadinessIntegration.test_multiple_environment_validation ___

self = <tests.production_readiness.test_production_readiness.TestProductionReadinessIntegration object at 0x000001E6D99442D0>
temp_config_dir = 'C:\\Users\\VINCEN~1\\AppData\\Local\\Temp\\tmpcybe9rxf'

    @pytest.mark.asyncio
    async def test_multiple_environment_validation(self, temp_config_dir):
        """Test validation across multiple environments"""
        config_path = Path(temp_config_dir) / "test_config.yaml"
        validator = ProductionReadinessValidator(str(config_path))
    
        environments = ["development", "staging"]
        results = {}
    
        for env in environments:
            validation_config = {
                "environment": env,
                "validation_level": "basic" if env == "development" else "moderate"
            }
    
>           env_results = await validator.run_full_validation(validation_config)
                                ^^^^^^^^^^^^^^^^^^^^^^^^^^^^^
E           AttributeError: 'ProductionReadinessValidator' object has no attribute 'run_full_validation'

tests\production_readiness\test_production_readiness.py:575: AttributeError
_______ TestProductionReadinessPerformance.test_validation_performance ________

self = <tests.production_readiness.test_production_readiness.TestProductionReadinessPerformance object at 0x000001E6D9944410>
temp_config_dir = 'C:\\Users\\VINCEN~1\\AppData\\Local\\Temp\\tmpb2dlz9t6'

    @pytest.mark.asyncio
    async def test_validation_performance(self, temp_config_dir):
        """Test performance of readiness validation"""
        config_path = Path(temp_config_dir) / "test_config.yaml"
        validator = ProductionReadinessValidator(str(config_path))
    
        start_time = time.time()
    
        validation_config = {
            "environment": "development",
            "validation_level": "basic",
            "include_performance_tests": False
        }
    
>       results = await validator.run_full_validation(validation_config)
                        ^^^^^^^^^^^^^^^^^^^^^^^^^^^^^
E       AttributeError: 'ProductionReadinessValidator' object has no attribute 'run_full_validation'

tests\production_readiness\test_production_readiness.py:610: AttributeError
_______ TestProductionReadinessPerformance.test_concurrent_validations ________

self = <tests.production_readiness.test_production_readiness.TestProductionReadinessPerformance object at 0x000001E6D9944550>
temp_config_dir = 'C:\\Users\\VINCEN~1\\AppData\\Local\\Temp\\tmpts30efdb'

    @pytest.mark.asyncio
    async def test_concurrent_validations(self, temp_config_dir):
        """Test concurrent validation execution"""
        config_path = Path(temp_config_dir) / "test_config.yaml"
        validator = ProductionReadinessValidator(str(config_path))
    
        validation_configs = [
            {"environment": "development", "validation_level": "basic"},
            {"environment": "staging", "validation_level": "basic"},
        ]
    
        # Execute validations concurrently
        tasks = [
>           validator.run_full_validation(config)
           ^^^^^^^^^^^^^^^^^^^^^^^^^^^^^
            for config in validation_configs
        ]
E       AttributeError: 'ProductionReadinessValidator' object has no attribute 'run_full_validation'

tests\production_readiness\test_production_readiness.py:634: AttributeError
__________________ TestDeploymentHealth.test_health_endpoint __________________

self = <urllib3.connection.HTTPConnection object at 0x000001E6DE1DB4D0>

    def _new_conn(self) -> socket.socket:
        """Establish a socket connection and set nodelay settings on it.
    
        :return: New socket connection.
        """
        try:
>           sock = connection.create_connection(
                (self._dns_host, self.port),
                self.timeout,
                source_address=self.source_address,
                socket_options=self.socket_options,
            )

..\..\..\..\AppData\Roaming\Python\Python313\site-packages\urllib3\connection.py:198: 
_ _ _ _ _ _ _ _ _ _ _ _ _ _ _ _ _ _ _ _ _ _ _ _ _ _ _ _ _ _ _ _ _ _ _ _ _ _ _ _
..\..\..\..\AppData\Roaming\Python\Python313\site-packages\urllib3\util\connection.py:85: in create_connection
    raise err
_ _ _ _ _ _ _ _ _ _ _ _ _ _ _ _ _ _ _ _ _ _ _ _ _ _ _ _ _ _ _ _ _ _ _ _ _ _ _ _

address = ('localhost', 8000), timeout = 10, source_address = None
socket_options = [(6, 1, 1)]

    def create_connection(
        address: tuple[str, int],
        timeout: _TYPE_TIMEOUT = _DEFAULT_TIMEOUT,
        source_address: tuple[str, int] | None = None,
        socket_options: _TYPE_SOCKET_OPTIONS | None = None,
    ) -> socket.socket:
        """Connect to *address* and return the socket object.
    
        Convenience function.  Connect to *address* (a 2-tuple ``(host,
        port)``) and return the socket object.  Passing the optional
        *timeout* parameter will set the timeout on the socket instance
        before attempting to connect.  If no *timeout* is supplied, the
        global default timeout setting returned by :func:`socket.getdefaulttimeout`
        is used.  If *source_address* is set it must be a tuple of (host, port)
        for the socket to bind as a source address before making the connection.
        An host of '' or port 0 tells the OS to use the default.
        """
    
        host, port = address
        if host.startswith("["):
            host = host.strip("[]")
        err = None
    
        # Using the value from allowed_gai_family() in the context of getaddrinfo lets
        # us select whether to work with IPv4 DNS records, IPv6 records, or both.
        # The original create_connection function always returns all records.
        family = allowed_gai_family()
    
        try:
            host.encode("idna")
        except UnicodeError:
            raise LocationParseError(f"'{host}', label empty or too long") from None
    
        for res in socket.getaddrinfo(host, port, family, socket.SOCK_STREAM):
            af, socktype, proto, canonname, sa = res
            sock = None
            try:
                sock = socket.socket(af, socktype, proto)
    
                # If provided, set socket level options before connecting.
                _set_socket_options(sock, socket_options)
    
                if timeout is not _DEFAULT_TIMEOUT:
                    sock.settimeout(timeout)
                if source_address:
                    sock.bind(source_address)
>               sock.connect(sa)
E               ConnectionRefusedError: [WinError 10061] No connection could be made because the target machine actively refused it

..\..\..\..\AppData\Roaming\Python\Python313\site-packages\urllib3\util\connection.py:73: ConnectionRefusedError

The above exception was the direct cause of the following exception:

self = <urllib3.connectionpool.HTTPConnectionPool object at 0x000001E6DE1DA490>
method = 'GET', url = '/health', body = None
headers = {'User-Agent': 'python-requests/2.32.3', 'Accept-Encoding': 'gzip, deflate, br, zstd', 'Accept': '*/*', 'Connection': 'keep-alive'}
retries = Retry(total=0, connect=None, read=False, redirect=None, status=None)
redirect = False, assert_same_host = False
timeout = Timeout(connect=10, read=10, total=None), pool_timeout = None
release_conn = False, chunked = False, body_pos = None, preload_content = False
decode_content = False, response_kw = {}
parsed_url = Url(scheme=None, auth=None, host=None, port=None, path='/health', query=None, fragment=None)
destination_scheme = None, conn = None, release_this_conn = True
http_tunnel_required = False, err = None, clean_exit = False

    def urlopen(  # type: ignore[override]
        self,
        method: str,
        url: str,
        body: _TYPE_BODY | None = None,
        headers: typing.Mapping[str, str] | None = None,
        retries: Retry | bool | int | None = None,
        redirect: bool = True,
        assert_same_host: bool = True,
        timeout: _TYPE_TIMEOUT = _DEFAULT_TIMEOUT,
        pool_timeout: int | None = None,
        release_conn: bool | None = None,
        chunked: bool = False,
        body_pos: _TYPE_BODY_POSITION | None = None,
        preload_content: bool = True,
        decode_content: bool = True,
        **response_kw: typing.Any,
    ) -> BaseHTTPResponse:
        """
        Get a connection from the pool and perform an HTTP request. This is the
        lowest level call for making a request, so you'll need to specify all
        the raw details.
    
        .. note::
    
           More commonly, it's appropriate to use a convenience method
           such as :meth:`request`.
    
        .. note::
    
           `release_conn` will only behave as expected if
           `preload_content=False` because we want to make
           `preload_content=False` the default behaviour someday soon without
           breaking backwards compatibility.
    
        :param method:
            HTTP request method (such as GET, POST, PUT, etc.)
    
        :param url:
            The URL to perform the request on.
    
        :param body:
            Data to send in the request body, either :class:`str`, :class:`bytes`,
            an iterable of :class:`str`/:class:`bytes`, or a file-like object.
    
        :param headers:
            Dictionary of custom headers to send, such as User-Agent,
            If-None-Match, etc. If None, pool headers are used. If provided,
            these headers completely replace any pool-specific headers.
    
        :param retries:
            Configure the number of retries to allow before raising a
            :class:`~urllib3.exceptions.MaxRetryError` exception.
    
            If ``None`` (default) will retry 3 times, see ``Retry.DEFAULT``. Pass a
            :class:`~urllib3.util.retry.Retry` object for fine-grained control
            over different types of retries.
            Pass an integer number to retry connection errors that many times,
            but no other types of errors. Pass zero to never retry.
    
            If ``False``, then retries are disabled and any exception is raised
            immediately. Also, instead of raising a MaxRetryError on redirects,
            the redirect response will be returned.
    
        :type retries: :class:`~urllib3.util.retry.Retry`, False, or an int.
    
        :param redirect:
            If True, automatically handle redirects (status codes 301, 302,
            303, 307, 308). Each redirect counts as a retry. Disabling retries
            will disable redirect, too.
    
        :param assert_same_host:
            If ``True``, will make sure that the host of the pool requests is
            consistent else will raise HostChangedError. When ``False``, you can
            use the pool on an HTTP proxy and request foreign hosts.
    
        :param timeout:
            If specified, overrides the default timeout for this one
            request. It may be a float (in seconds) or an instance of
            :class:`urllib3.util.Timeout`.
    
        :param pool_timeout:
            If set and the pool is set to block=True, then this method will
            block for ``pool_timeout`` seconds and raise EmptyPoolError if no
            connection is available within the time period.
    
        :param bool preload_content:
            If True, the response's body will be preloaded into memory.
    
        :param bool decode_content:
            If True, will attempt to decode the body based on the
            'content-encoding' header.
    
        :param release_conn:
            If False, then the urlopen call will not release the connection
            back into the pool once a response is received (but will release if
            you read the entire contents of the response such as when
            `preload_content=True`). This is useful if you're not preloading
            the response's content immediately. You will need to call
            ``r.release_conn()`` on the response ``r`` to return the connection
            back into the pool. If None, it takes the value of ``preload_content``
            which defaults to ``True``.
    
        :param bool chunked:
            If True, urllib3 will send the body using chunked transfer
            encoding. Otherwise, urllib3 will send the body using the standard
            content-length form. Defaults to False.
    
        :param int body_pos:
            Position to seek to in file-like body in the event of a retry or
            redirect. Typically this won't need to be set because urllib3 will
            auto-populate the value when needed.
        """
        parsed_url = parse_url(url)
        destination_scheme = parsed_url.scheme
    
        if headers is None:
            headers = self.headers
    
        if not isinstance(retries, Retry):
            retries = Retry.from_int(retries, redirect=redirect, default=self.retries)
    
        if release_conn is None:
            release_conn = preload_content
    
        # Check host
        if assert_same_host and not self.is_same_host(url):
            raise HostChangedError(self, url, retries)
    
        # Ensure that the URL we're connecting to is properly encoded
        if url.startswith("/"):
            url = to_str(_encode_target(url))
        else:
            url = to_str(parsed_url.url)
    
        conn = None
    
        # Track whether `conn` needs to be released before
        # returning/raising/recursing. Update this variable if necessary, and
        # leave `release_conn` constant throughout the function. That way, if
        # the function recurses, the original value of `release_conn` will be
        # passed down into the recursive call, and its value will be respected.
        #
        # See issue #651 [1] for details.
        #
        # [1] <https://github.com/urllib3/urllib3/issues/651>
        release_this_conn = release_conn
    
        http_tunnel_required = connection_requires_http_tunnel(
            self.proxy, self.proxy_config, destination_scheme
        )
    
        # Merge the proxy headers. Only done when not using HTTP CONNECT. We
        # have to copy the headers dict so we can safely change it without those
        # changes being reflected in anyone else's copy.
        if not http_tunnel_required:
            headers = headers.copy()  # type: ignore[attr-defined]
            headers.update(self.proxy_headers)  # type: ignore[union-attr]
    
        # Must keep the exception bound to a separate variable or else Python 3
        # complains about UnboundLocalError.
        err = None
    
        # Keep track of whether we cleanly exited the except block. This
        # ensures we do proper cleanup in finally.
        clean_exit = False
    
        # Rewind body position, if needed. Record current position
        # for future rewinds in the event of a redirect/retry.
        body_pos = set_file_position(body, body_pos)
    
        try:
            # Request a connection from the queue.
            timeout_obj = self._get_timeout(timeout)
            conn = self._get_conn(timeout=pool_timeout)
    
            conn.timeout = timeout_obj.connect_timeout  # type: ignore[assignment]
    
            # Is this a closed/new connection that requires CONNECT tunnelling?
            if self.proxy is not None and http_tunnel_required and conn.is_closed:
                try:
                    self._prepare_proxy(conn)
                except (BaseSSLError, OSError, SocketTimeout) as e:
                    self._raise_timeout(
                        err=e, url=self.proxy.url, timeout_value=conn.timeout
                    )
                    raise
    
            # If we're going to release the connection in ``finally:``, then
            # the response doesn't need to know about the connection. Otherwise
            # it will also try to release it and we'll have a double-release
            # mess.
            response_conn = conn if not release_conn else None
    
            # Make the request on the HTTPConnection object
>           response = self._make_request(
                conn,
                method,
                url,
                timeout=timeout_obj,
                body=body,
                headers=headers,
                chunked=chunked,
                retries=retries,
                response_conn=response_conn,
                preload_content=preload_content,
                decode_content=decode_content,
                **response_kw,
            )

..\..\..\..\AppData\Roaming\Python\Python313\site-packages\urllib3\connectionpool.py:787: 
_ _ _ _ _ _ _ _ _ _ _ _ _ _ _ _ _ _ _ _ _ _ _ _ _ _ _ _ _ _ _ _ _ _ _ _ _ _ _ _
..\..\..\..\AppData\Roaming\Python\Python313\site-packages\urllib3\connectionpool.py:493: in _make_request
    conn.request(
..\..\..\..\AppData\Roaming\Python\Python313\site-packages\urllib3\connection.py:445: in request
    self.endheaders()
C:\Program Files\Python313\Lib\http\client.py:1333: in endheaders
    self._send_output(message_body, encode_chunked=encode_chunked)
C:\Program Files\Python313\Lib\http\client.py:1093: in _send_output
    self.send(msg)
C:\Program Files\Python313\Lib\http\client.py:1037: in send
    self.connect()
..\..\..\..\AppData\Roaming\Python\Python313\site-packages\urllib3\connection.py:276: in connect
    self.sock = self._new_conn()
                ^^^^^^^^^^^^^^^^
_ _ _ _ _ _ _ _ _ _ _ _ _ _ _ _ _ _ _ _ _ _ _ _ _ _ _ _ _ _ _ _ _ _ _ _ _ _ _ _

self = <urllib3.connection.HTTPConnection object at 0x000001E6DE1DB4D0>

    def _new_conn(self) -> socket.socket:
        """Establish a socket connection and set nodelay settings on it.
    
        :return: New socket connection.
        """
        try:
            sock = connection.create_connection(
                (self._dns_host, self.port),
                self.timeout,
                source_address=self.source_address,
                socket_options=self.socket_options,
            )
        except socket.gaierror as e:
            raise NameResolutionError(self.host, self, e) from e
        except SocketTimeout as e:
            raise ConnectTimeoutError(
                self,
                f"Connection to {self.host} timed out. (connect timeout={self.timeout})",
            ) from e
    
        except OSError as e:
>           raise NewConnectionError(
                self, f"Failed to establish a new connection: {e}"
            ) from e
E           urllib3.exceptions.NewConnectionError: <urllib3.connection.HTTPConnection object at 0x000001E6DE1DB4D0>: Failed to establish a new connection: [WinError 10061] No connection could be made because the target machine actively refused it

..\..\..\..\AppData\Roaming\Python\Python313\site-packages\urllib3\connection.py:213: NewConnectionError

The above exception was the direct cause of the following exception:

self = <requests.adapters.HTTPAdapter object at 0x000001E6DE1ED910>
request = <PreparedRequest [GET]>, stream = False
timeout = Timeout(connect=10, read=10, total=None), verify = True, cert = None
proxies = OrderedDict()

    def send(
        self, request, stream=False, timeout=None, verify=True, cert=None, proxies=None
    ):
        """Sends PreparedRequest object. Returns Response object.
    
        :param request: The :class:`PreparedRequest <PreparedRequest>` being sent.
        :param stream: (optional) Whether to stream the request content.
        :param timeout: (optional) How long to wait for the server to send
            data before giving up, as a float, or a :ref:`(connect timeout,
            read timeout) <timeouts>` tuple.
        :type timeout: float or tuple or urllib3 Timeout object
        :param verify: (optional) Either a boolean, in which case it controls whether
            we verify the server's TLS certificate, or a string, in which case it
            must be a path to a CA bundle to use
        :param cert: (optional) Any user-provided SSL certificate to be trusted.
        :param proxies: (optional) The proxies dictionary to apply to the request.
        :rtype: requests.Response
        """
    
        try:
            conn = self.get_connection_with_tls_context(
                request, verify, proxies=proxies, cert=cert
            )
        except LocationValueError as e:
            raise InvalidURL(e, request=request)
    
        self.cert_verify(conn, request.url, verify, cert)
        url = self.request_url(request, proxies)
        self.add_headers(
            request,
            stream=stream,
            timeout=timeout,
            verify=verify,
            cert=cert,
            proxies=proxies,
        )
    
        chunked = not (request.body is None or "Content-Length" in request.headers)
    
        if isinstance(timeout, tuple):
            try:
                connect, read = timeout
                timeout = TimeoutSauce(connect=connect, read=read)
            except ValueError:
                raise ValueError(
                    f"Invalid timeout {timeout}. Pass a (connect, read) timeout tuple, "
                    f"or a single float to set both timeouts to the same value."
                )
        elif isinstance(timeout, TimeoutSauce):
            pass
        else:
            timeout = TimeoutSauce(connect=timeout, read=timeout)
    
        try:
>           resp = conn.urlopen(
                method=request.method,
                url=url,
                body=request.body,
                headers=request.headers,
                redirect=False,
                assert_same_host=False,
                preload_content=False,
                decode_content=False,
                retries=self.max_retries,
                timeout=timeout,
                chunked=chunked,
            )

..\..\..\..\AppData\Roaming\Python\Python313\site-packages\requests\adapters.py:667: 
_ _ _ _ _ _ _ _ _ _ _ _ _ _ _ _ _ _ _ _ _ _ _ _ _ _ _ _ _ _ _ _ _ _ _ _ _ _ _ _
..\..\..\..\AppData\Roaming\Python\Python313\site-packages\urllib3\connectionpool.py:841: in urlopen
    retries = retries.increment(
_ _ _ _ _ _ _ _ _ _ _ _ _ _ _ _ _ _ _ _ _ _ _ _ _ _ _ _ _ _ _ _ _ _ _ _ _ _ _ _

self = Retry(total=0, connect=None, read=False, redirect=None, status=None)
method = 'GET', url = '/health', response = None
error = NewConnectionError('<urllib3.connection.HTTPConnection object at 0x000001E6DE1DB4D0>: Failed to establish a new connection: [WinError 10061] No connection could be made because the target machine actively refused it')
_pool = <urllib3.connectionpool.HTTPConnectionPool object at 0x000001E6DE1DA490>
_stacktrace = <traceback object at 0x000001E6DE552180>

    def increment(
        self,
        method: str | None = None,
        url: str | None = None,
        response: BaseHTTPResponse | None = None,
        error: Exception | None = None,
        _pool: ConnectionPool | None = None,
        _stacktrace: TracebackType | None = None,
    ) -> Self:
        """Return a new Retry object with incremented retry counters.
    
        :param response: A response object, or None, if the server did not
            return a response.
        :type response: :class:`~urllib3.response.BaseHTTPResponse`
        :param Exception error: An error encountered during the request, or
            None if the response was received successfully.
    
        :return: A new ``Retry`` object.
        """
        if self.total is False and error:
            # Disabled, indicate to re-raise the error.
            raise reraise(type(error), error, _stacktrace)
    
        total = self.total
        if total is not None:
            total -= 1
    
        connect = self.connect
        read = self.read
        redirect = self.redirect
        status_count = self.status
        other = self.other
        cause = "unknown"
        status = None
        redirect_location = None
    
        if error and self._is_connection_error(error):
            # Connect retry?
            if connect is False:
                raise reraise(type(error), error, _stacktrace)
            elif connect is not None:
                connect -= 1
    
        elif error and self._is_read_error(error):
            # Read retry?
            if read is False or method is None or not self._is_method_retryable(method):
                raise reraise(type(error), error, _stacktrace)
            elif read is not None:
                read -= 1
    
        elif error:
            # Other retry?
            if other is not None:
                other -= 1
    
        elif response and response.get_redirect_location():
            # Redirect retry?
            if redirect is not None:
                redirect -= 1
            cause = "too many redirects"
            response_redirect_location = response.get_redirect_location()
            if response_redirect_location:
                redirect_location = response_redirect_location
            status = response.status
    
        else:
            # Incrementing because of a server error like a 500 in
            # status_forcelist and the given method is in the allowed_methods
            cause = ResponseError.GENERIC_ERROR
            if response and response.status:
                if status_count is not None:
                    status_count -= 1
                cause = ResponseError.SPECIFIC_ERROR.format(status_code=response.status)
                status = response.status
    
        history = self.history + (
            RequestHistory(method, url, error, status, redirect_location),
        )
    
        new_retry = self.new(
            total=total,
            connect=connect,
            read=read,
            redirect=redirect,
            status=status_count,
            other=other,
            history=history,
        )
    
        if new_retry.is_exhausted():
            reason = error or ResponseError(cause)
>           raise MaxRetryError(_pool, url, reason) from reason  # type: ignore[arg-type]
            ^^^^^^^^^^^^^^^^^^^^^^^^^^^^^^^^^^^^^^^^^^^^^^^^^^^
E           urllib3.exceptions.MaxRetryError: HTTPConnectionPool(host='localhost', port=8000): Max retries exceeded with url: /health (Caused by NewConnectionError('<urllib3.connection.HTTPConnection object at 0x000001E6DE1DB4D0>: Failed to establish a new connection: [WinError 10061] No connection could be made because the target machine actively refused it'))

..\..\..\..\AppData\Roaming\Python\Python313\site-packages\urllib3\util\retry.py:519: MaxRetryError

During handling of the above exception, another exception occurred:

self = <test_deployment_health.TestDeploymentHealth object at 0x000001E6D9944690>
base_url = 'http://localhost:8000'

    def test_health_endpoint(self, base_url: str):
        """Test that the health endpoint is responding."""
>       response = requests.get(f"{base_url}/health", timeout=10)
                   ^^^^^^^^^^^^^^^^^^^^^^^^^^^^^^^^^^^^^^^^^^^^^^

tests\smoke\test_deployment_health.py:47: 
_ _ _ _ _ _ _ _ _ _ _ _ _ _ _ _ _ _ _ _ _ _ _ _ _ _ _ _ _ _ _ _ _ _ _ _ _ _ _ _
..\..\..\..\AppData\Roaming\Python\Python313\site-packages\requests\api.py:73: in get
    return request("get", url, params=params, **kwargs)
           ^^^^^^^^^^^^^^^^^^^^^^^^^^^^^^^^^^^^^^^^^^^^
..\..\..\..\AppData\Roaming\Python\Python313\site-packages\requests\api.py:59: in request
    return session.request(method=method, url=url, **kwargs)
           ^^^^^^^^^^^^^^^^^^^^^^^^^^^^^^^^^^^^^^^^^^^^^^^^^
..\..\..\..\AppData\Roaming\Python\Python313\site-packages\requests\sessions.py:589: in request
    resp = self.send(prep, **send_kwargs)
           ^^^^^^^^^^^^^^^^^^^^^^^^^^^^^^
..\..\..\..\AppData\Roaming\Python\Python313\site-packages\requests\sessions.py:703: in send
    r = adapter.send(request, **kwargs)
        ^^^^^^^^^^^^^^^^^^^^^^^^^^^^^^^
_ _ _ _ _ _ _ _ _ _ _ _ _ _ _ _ _ _ _ _ _ _ _ _ _ _ _ _ _ _ _ _ _ _ _ _ _ _ _ _

self = <requests.adapters.HTTPAdapter object at 0x000001E6DE1ED910>
request = <PreparedRequest [GET]>, stream = False
timeout = Timeout(connect=10, read=10, total=None), verify = True, cert = None
proxies = OrderedDict()

    def send(
        self, request, stream=False, timeout=None, verify=True, cert=None, proxies=None
    ):
        """Sends PreparedRequest object. Returns Response object.
    
        :param request: The :class:`PreparedRequest <PreparedRequest>` being sent.
        :param stream: (optional) Whether to stream the request content.
        :param timeout: (optional) How long to wait for the server to send
            data before giving up, as a float, or a :ref:`(connect timeout,
            read timeout) <timeouts>` tuple.
        :type timeout: float or tuple or urllib3 Timeout object
        :param verify: (optional) Either a boolean, in which case it controls whether
            we verify the server's TLS certificate, or a string, in which case it
            must be a path to a CA bundle to use
        :param cert: (optional) Any user-provided SSL certificate to be trusted.
        :param proxies: (optional) The proxies dictionary to apply to the request.
        :rtype: requests.Response
        """
    
        try:
            conn = self.get_connection_with_tls_context(
                request, verify, proxies=proxies, cert=cert
            )
        except LocationValueError as e:
            raise InvalidURL(e, request=request)
    
        self.cert_verify(conn, request.url, verify, cert)
        url = self.request_url(request, proxies)
        self.add_headers(
            request,
            stream=stream,
            timeout=timeout,
            verify=verify,
            cert=cert,
            proxies=proxies,
        )
    
        chunked = not (request.body is None or "Content-Length" in request.headers)
    
        if isinstance(timeout, tuple):
            try:
                connect, read = timeout
                timeout = TimeoutSauce(connect=connect, read=read)
            except ValueError:
                raise ValueError(
                    f"Invalid timeout {timeout}. Pass a (connect, read) timeout tuple, "
                    f"or a single float to set both timeouts to the same value."
                )
        elif isinstance(timeout, TimeoutSauce):
            pass
        else:
            timeout = TimeoutSauce(connect=timeout, read=timeout)
    
        try:
            resp = conn.urlopen(
                method=request.method,
                url=url,
                body=request.body,
                headers=request.headers,
                redirect=False,
                assert_same_host=False,
                preload_content=False,
                decode_content=False,
                retries=self.max_retries,
                timeout=timeout,
                chunked=chunked,
            )
    
        except (ProtocolError, OSError) as err:
            raise ConnectionError(err, request=request)
    
        except MaxRetryError as e:
            if isinstance(e.reason, ConnectTimeoutError):
                # TODO: Remove this in 3.0.0: see #2811
                if not isinstance(e.reason, NewConnectionError):
                    raise ConnectTimeout(e, request=request)
    
            if isinstance(e.reason, ResponseError):
                raise RetryError(e, request=request)
    
            if isinstance(e.reason, _ProxyError):
                raise ProxyError(e, request=request)
    
            if isinstance(e.reason, _SSLError):
                # This branch is for urllib3 v1.22 and later.
                raise SSLError(e, request=request)
    
>           raise ConnectionError(e, request=request)
E           requests.exceptions.ConnectionError: HTTPConnectionPool(host='localhost', port=8000): Max retries exceeded with url: /health (Caused by NewConnectionError('<urllib3.connection.HTTPConnection object at 0x000001E6DE1DB4D0>: Failed to establish a new connection: [WinError 10061] No connection could be made because the target machine actively refused it'))

..\..\..\..\AppData\Roaming\Python\Python313\site-packages\requests\adapters.py:700: ConnectionError
________________ TestDeploymentHealth.test_api_health_endpoint ________________

self = <urllib3.connection.HTTPConnection object at 0x000001E6DE1DBB10>

    def _new_conn(self) -> socket.socket:
        """Establish a socket connection and set nodelay settings on it.
    
        :return: New socket connection.
        """
        try:
>           sock = connection.create_connection(
                (self._dns_host, self.port),
                self.timeout,
                source_address=self.source_address,
                socket_options=self.socket_options,
            )

..\..\..\..\AppData\Roaming\Python\Python313\site-packages\urllib3\connection.py:198: 
_ _ _ _ _ _ _ _ _ _ _ _ _ _ _ _ _ _ _ _ _ _ _ _ _ _ _ _ _ _ _ _ _ _ _ _ _ _ _ _
..\..\..\..\AppData\Roaming\Python\Python313\site-packages\urllib3\util\connection.py:85: in create_connection
    raise err
_ _ _ _ _ _ _ _ _ _ _ _ _ _ _ _ _ _ _ _ _ _ _ _ _ _ _ _ _ _ _ _ _ _ _ _ _ _ _ _

address = ('localhost', 8000), timeout = 10, source_address = None
socket_options = [(6, 1, 1)]

    def create_connection(
        address: tuple[str, int],
        timeout: _TYPE_TIMEOUT = _DEFAULT_TIMEOUT,
        source_address: tuple[str, int] | None = None,
        socket_options: _TYPE_SOCKET_OPTIONS | None = None,
    ) -> socket.socket:
        """Connect to *address* and return the socket object.
    
        Convenience function.  Connect to *address* (a 2-tuple ``(host,
        port)``) and return the socket object.  Passing the optional
        *timeout* parameter will set the timeout on the socket instance
        before attempting to connect.  If no *timeout* is supplied, the
        global default timeout setting returned by :func:`socket.getdefaulttimeout`
        is used.  If *source_address* is set it must be a tuple of (host, port)
        for the socket to bind as a source address before making the connection.
        An host of '' or port 0 tells the OS to use the default.
        """
    
        host, port = address
        if host.startswith("["):
            host = host.strip("[]")
        err = None
    
        # Using the value from allowed_gai_family() in the context of getaddrinfo lets
        # us select whether to work with IPv4 DNS records, IPv6 records, or both.
        # The original create_connection function always returns all records.
        family = allowed_gai_family()
    
        try:
            host.encode("idna")
        except UnicodeError:
            raise LocationParseError(f"'{host}', label empty or too long") from None
    
        for res in socket.getaddrinfo(host, port, family, socket.SOCK_STREAM):
            af, socktype, proto, canonname, sa = res
            sock = None
            try:
                sock = socket.socket(af, socktype, proto)
    
                # If provided, set socket level options before connecting.
                _set_socket_options(sock, socket_options)
    
                if timeout is not _DEFAULT_TIMEOUT:
                    sock.settimeout(timeout)
                if source_address:
                    sock.bind(source_address)
>               sock.connect(sa)
E               ConnectionRefusedError: [WinError 10061] No connection could be made because the target machine actively refused it

..\..\..\..\AppData\Roaming\Python\Python313\site-packages\urllib3\util\connection.py:73: ConnectionRefusedError

The above exception was the direct cause of the following exception:

self = <urllib3.connectionpool.HTTPConnectionPool object at 0x000001E6DE1DB750>
method = 'GET', url = '/api/health', body = None
headers = {'User-Agent': 'python-requests/2.32.3', 'Accept-Encoding': 'gzip, deflate, br, zstd', 'Accept': '*/*', 'Connection': 'keep-alive'}
retries = Retry(total=0, connect=None, read=False, redirect=None, status=None)
redirect = False, assert_same_host = False
timeout = Timeout(connect=10, read=10, total=None), pool_timeout = None
release_conn = False, chunked = False, body_pos = None, preload_content = False
decode_content = False, response_kw = {}
parsed_url = Url(scheme=None, auth=None, host=None, port=None, path='/api/health', query=None, fragment=None)
destination_scheme = None, conn = None, release_this_conn = True
http_tunnel_required = False, err = None, clean_exit = False

    def urlopen(  # type: ignore[override]
        self,
        method: str,
        url: str,
        body: _TYPE_BODY | None = None,
        headers: typing.Mapping[str, str] | None = None,
        retries: Retry | bool | int | None = None,
        redirect: bool = True,
        assert_same_host: bool = True,
        timeout: _TYPE_TIMEOUT = _DEFAULT_TIMEOUT,
        pool_timeout: int | None = None,
        release_conn: bool | None = None,
        chunked: bool = False,
        body_pos: _TYPE_BODY_POSITION | None = None,
        preload_content: bool = True,
        decode_content: bool = True,
        **response_kw: typing.Any,
    ) -> BaseHTTPResponse:
        """
        Get a connection from the pool and perform an HTTP request. This is the
        lowest level call for making a request, so you'll need to specify all
        the raw details.
    
        .. note::
    
           More commonly, it's appropriate to use a convenience method
           such as :meth:`request`.
    
        .. note::
    
           `release_conn` will only behave as expected if
           `preload_content=False` because we want to make
           `preload_content=False` the default behaviour someday soon without
           breaking backwards compatibility.
    
        :param method:
            HTTP request method (such as GET, POST, PUT, etc.)
    
        :param url:
            The URL to perform the request on.
    
        :param body:
            Data to send in the request body, either :class:`str`, :class:`bytes`,
            an iterable of :class:`str`/:class:`bytes`, or a file-like object.
    
        :param headers:
            Dictionary of custom headers to send, such as User-Agent,
            If-None-Match, etc. If None, pool headers are used. If provided,
            these headers completely replace any pool-specific headers.
    
        :param retries:
            Configure the number of retries to allow before raising a
            :class:`~urllib3.exceptions.MaxRetryError` exception.
    
            If ``None`` (default) will retry 3 times, see ``Retry.DEFAULT``. Pass a
            :class:`~urllib3.util.retry.Retry` object for fine-grained control
            over different types of retries.
            Pass an integer number to retry connection errors that many times,
            but no other types of errors. Pass zero to never retry.
    
            If ``False``, then retries are disabled and any exception is raised
            immediately. Also, instead of raising a MaxRetryError on redirects,
            the redirect response will be returned.
    
        :type retries: :class:`~urllib3.util.retry.Retry`, False, or an int.
    
        :param redirect:
            If True, automatically handle redirects (status codes 301, 302,
            303, 307, 308). Each redirect counts as a retry. Disabling retries
            will disable redirect, too.
    
        :param assert_same_host:
            If ``True``, will make sure that the host of the pool requests is
            consistent else will raise HostChangedError. When ``False``, you can
            use the pool on an HTTP proxy and request foreign hosts.
    
        :param timeout:
            If specified, overrides the default timeout for this one
            request. It may be a float (in seconds) or an instance of
            :class:`urllib3.util.Timeout`.
    
        :param pool_timeout:
            If set and the pool is set to block=True, then this method will
            block for ``pool_timeout`` seconds and raise EmptyPoolError if no
            connection is available within the time period.
    
        :param bool preload_content:
            If True, the response's body will be preloaded into memory.
    
        :param bool decode_content:
            If True, will attempt to decode the body based on the
            'content-encoding' header.
    
        :param release_conn:
            If False, then the urlopen call will not release the connection
            back into the pool once a response is received (but will release if
            you read the entire contents of the response such as when
            `preload_content=True`). This is useful if you're not preloading
            the response's content immediately. You will need to call
            ``r.release_conn()`` on the response ``r`` to return the connection
            back into the pool. If None, it takes the value of ``preload_content``
            which defaults to ``True``.
    
        :param bool chunked:
            If True, urllib3 will send the body using chunked transfer
            encoding. Otherwise, urllib3 will send the body using the standard
            content-length form. Defaults to False.
    
        :param int body_pos:
            Position to seek to in file-like body in the event of a retry or
            redirect. Typically this won't need to be set because urllib3 will
            auto-populate the value when needed.
        """
        parsed_url = parse_url(url)
        destination_scheme = parsed_url.scheme
    
        if headers is None:
            headers = self.headers
    
        if not isinstance(retries, Retry):
            retries = Retry.from_int(retries, redirect=redirect, default=self.retries)
    
        if release_conn is None:
            release_conn = preload_content
    
        # Check host
        if assert_same_host and not self.is_same_host(url):
            raise HostChangedError(self, url, retries)
    
        # Ensure that the URL we're connecting to is properly encoded
        if url.startswith("/"):
            url = to_str(_encode_target(url))
        else:
            url = to_str(parsed_url.url)
    
        conn = None
    
        # Track whether `conn` needs to be released before
        # returning/raising/recursing. Update this variable if necessary, and
        # leave `release_conn` constant throughout the function. That way, if
        # the function recurses, the original value of `release_conn` will be
        # passed down into the recursive call, and its value will be respected.
        #
        # See issue #651 [1] for details.
        #
        # [1] <https://github.com/urllib3/urllib3/issues/651>
        release_this_conn = release_conn
    
        http_tunnel_required = connection_requires_http_tunnel(
            self.proxy, self.proxy_config, destination_scheme
        )
    
        # Merge the proxy headers. Only done when not using HTTP CONNECT. We
        # have to copy the headers dict so we can safely change it without those
        # changes being reflected in anyone else's copy.
        if not http_tunnel_required:
            headers = headers.copy()  # type: ignore[attr-defined]
            headers.update(self.proxy_headers)  # type: ignore[union-attr]
    
        # Must keep the exception bound to a separate variable or else Python 3
        # complains about UnboundLocalError.
        err = None
    
        # Keep track of whether we cleanly exited the except block. This
        # ensures we do proper cleanup in finally.
        clean_exit = False
    
        # Rewind body position, if needed. Record current position
        # for future rewinds in the event of a redirect/retry.
        body_pos = set_file_position(body, body_pos)
    
        try:
            # Request a connection from the queue.
            timeout_obj = self._get_timeout(timeout)
            conn = self._get_conn(timeout=pool_timeout)
    
            conn.timeout = timeout_obj.connect_timeout  # type: ignore[assignment]
    
            # Is this a closed/new connection that requires CONNECT tunnelling?
            if self.proxy is not None and http_tunnel_required and conn.is_closed:
                try:
                    self._prepare_proxy(conn)
                except (BaseSSLError, OSError, SocketTimeout) as e:
                    self._raise_timeout(
                        err=e, url=self.proxy.url, timeout_value=conn.timeout
                    )
                    raise
    
            # If we're going to release the connection in ``finally:``, then
            # the response doesn't need to know about the connection. Otherwise
            # it will also try to release it and we'll have a double-release
            # mess.
            response_conn = conn if not release_conn else None
    
            # Make the request on the HTTPConnection object
>           response = self._make_request(
                conn,
                method,
                url,
                timeout=timeout_obj,
                body=body,
                headers=headers,
                chunked=chunked,
                retries=retries,
                response_conn=response_conn,
                preload_content=preload_content,
                decode_content=decode_content,
                **response_kw,
            )

..\..\..\..\AppData\Roaming\Python\Python313\site-packages\urllib3\connectionpool.py:787: 
_ _ _ _ _ _ _ _ _ _ _ _ _ _ _ _ _ _ _ _ _ _ _ _ _ _ _ _ _ _ _ _ _ _ _ _ _ _ _ _
..\..\..\..\AppData\Roaming\Python\Python313\site-packages\urllib3\connectionpool.py:493: in _make_request
    conn.request(
..\..\..\..\AppData\Roaming\Python\Python313\site-packages\urllib3\connection.py:445: in request
    self.endheaders()
C:\Program Files\Python313\Lib\http\client.py:1333: in endheaders
    self._send_output(message_body, encode_chunked=encode_chunked)
C:\Program Files\Python313\Lib\http\client.py:1093: in _send_output
    self.send(msg)
C:\Program Files\Python313\Lib\http\client.py:1037: in send
    self.connect()
..\..\..\..\AppData\Roaming\Python\Python313\site-packages\urllib3\connection.py:276: in connect
    self.sock = self._new_conn()
                ^^^^^^^^^^^^^^^^
_ _ _ _ _ _ _ _ _ _ _ _ _ _ _ _ _ _ _ _ _ _ _ _ _ _ _ _ _ _ _ _ _ _ _ _ _ _ _ _

self = <urllib3.connection.HTTPConnection object at 0x000001E6DE1DBB10>

    def _new_conn(self) -> socket.socket:
        """Establish a socket connection and set nodelay settings on it.
    
        :return: New socket connection.
        """
        try:
            sock = connection.create_connection(
                (self._dns_host, self.port),
                self.timeout,
                source_address=self.source_address,
                socket_options=self.socket_options,
            )
        except socket.gaierror as e:
            raise NameResolutionError(self.host, self, e) from e
        except SocketTimeout as e:
            raise ConnectTimeoutError(
                self,
                f"Connection to {self.host} timed out. (connect timeout={self.timeout})",
            ) from e
    
        except OSError as e:
>           raise NewConnectionError(
                self, f"Failed to establish a new connection: {e}"
            ) from e
E           urllib3.exceptions.NewConnectionError: <urllib3.connection.HTTPConnection object at 0x000001E6DE1DBB10>: Failed to establish a new connection: [WinError 10061] No connection could be made because the target machine actively refused it

..\..\..\..\AppData\Roaming\Python\Python313\site-packages\urllib3\connection.py:213: NewConnectionError

The above exception was the direct cause of the following exception:

self = <requests.adapters.HTTPAdapter object at 0x000001E6DE505260>
request = <PreparedRequest [GET]>, stream = False
timeout = Timeout(connect=10, read=10, total=None), verify = True, cert = None
proxies = OrderedDict()

    def send(
        self, request, stream=False, timeout=None, verify=True, cert=None, proxies=None
    ):
        """Sends PreparedRequest object. Returns Response object.
    
        :param request: The :class:`PreparedRequest <PreparedRequest>` being sent.
        :param stream: (optional) Whether to stream the request content.
        :param timeout: (optional) How long to wait for the server to send
            data before giving up, as a float, or a :ref:`(connect timeout,
            read timeout) <timeouts>` tuple.
        :type timeout: float or tuple or urllib3 Timeout object
        :param verify: (optional) Either a boolean, in which case it controls whether
            we verify the server's TLS certificate, or a string, in which case it
            must be a path to a CA bundle to use
        :param cert: (optional) Any user-provided SSL certificate to be trusted.
        :param proxies: (optional) The proxies dictionary to apply to the request.
        :rtype: requests.Response
        """
    
        try:
            conn = self.get_connection_with_tls_context(
                request, verify, proxies=proxies, cert=cert
            )
        except LocationValueError as e:
            raise InvalidURL(e, request=request)
    
        self.cert_verify(conn, request.url, verify, cert)
        url = self.request_url(request, proxies)
        self.add_headers(
            request,
            stream=stream,
            timeout=timeout,
            verify=verify,
            cert=cert,
            proxies=proxies,
        )
    
        chunked = not (request.body is None or "Content-Length" in request.headers)
    
        if isinstance(timeout, tuple):
            try:
                connect, read = timeout
                timeout = TimeoutSauce(connect=connect, read=read)
            except ValueError:
                raise ValueError(
                    f"Invalid timeout {timeout}. Pass a (connect, read) timeout tuple, "
                    f"or a single float to set both timeouts to the same value."
                )
        elif isinstance(timeout, TimeoutSauce):
            pass
        else:
            timeout = TimeoutSauce(connect=timeout, read=timeout)
    
        try:
>           resp = conn.urlopen(
                method=request.method,
                url=url,
                body=request.body,
                headers=request.headers,
                redirect=False,
                assert_same_host=False,
                preload_content=False,
                decode_content=False,
                retries=self.max_retries,
                timeout=timeout,
                chunked=chunked,
            )

..\..\..\..\AppData\Roaming\Python\Python313\site-packages\requests\adapters.py:667: 
_ _ _ _ _ _ _ _ _ _ _ _ _ _ _ _ _ _ _ _ _ _ _ _ _ _ _ _ _ _ _ _ _ _ _ _ _ _ _ _
..\..\..\..\AppData\Roaming\Python\Python313\site-packages\urllib3\connectionpool.py:841: in urlopen
    retries = retries.increment(
_ _ _ _ _ _ _ _ _ _ _ _ _ _ _ _ _ _ _ _ _ _ _ _ _ _ _ _ _ _ _ _ _ _ _ _ _ _ _ _

self = Retry(total=0, connect=None, read=False, redirect=None, status=None)
method = 'GET', url = '/api/health', response = None
error = NewConnectionError('<urllib3.connection.HTTPConnection object at 0x000001E6DE1DBB10>: Failed to establish a new connection: [WinError 10061] No connection could be made because the target machine actively refused it')
_pool = <urllib3.connectionpool.HTTPConnectionPool object at 0x000001E6DE1DB750>
_stacktrace = <traceback object at 0x000001E6DE94F300>

    def increment(
        self,
        method: str | None = None,
        url: str | None = None,
        response: BaseHTTPResponse | None = None,
        error: Exception | None = None,
        _pool: ConnectionPool | None = None,
        _stacktrace: TracebackType | None = None,
    ) -> Self:
        """Return a new Retry object with incremented retry counters.
    
        :param response: A response object, or None, if the server did not
            return a response.
        :type response: :class:`~urllib3.response.BaseHTTPResponse`
        :param Exception error: An error encountered during the request, or
            None if the response was received successfully.
    
        :return: A new ``Retry`` object.
        """
        if self.total is False and error:
            # Disabled, indicate to re-raise the error.
            raise reraise(type(error), error, _stacktrace)
    
        total = self.total
        if total is not None:
            total -= 1
    
        connect = self.connect
        read = self.read
        redirect = self.redirect
        status_count = self.status
        other = self.other
        cause = "unknown"
        status = None
        redirect_location = None
    
        if error and self._is_connection_error(error):
            # Connect retry?
            if connect is False:
                raise reraise(type(error), error, _stacktrace)
            elif connect is not None:
                connect -= 1
    
        elif error and self._is_read_error(error):
            # Read retry?
            if read is False or method is None or not self._is_method_retryable(method):
                raise reraise(type(error), error, _stacktrace)
            elif read is not None:
                read -= 1
    
        elif error:
            # Other retry?
            if other is not None:
                other -= 1
    
        elif response and response.get_redirect_location():
            # Redirect retry?
            if redirect is not None:
                redirect -= 1
            cause = "too many redirects"
            response_redirect_location = response.get_redirect_location()
            if response_redirect_location:
                redirect_location = response_redirect_location
            status = response.status
    
        else:
            # Incrementing because of a server error like a 500 in
            # status_forcelist and the given method is in the allowed_methods
            cause = ResponseError.GENERIC_ERROR
            if response and response.status:
                if status_count is not None:
                    status_count -= 1
                cause = ResponseError.SPECIFIC_ERROR.format(status_code=response.status)
                status = response.status
    
        history = self.history + (
            RequestHistory(method, url, error, status, redirect_location),
        )
    
        new_retry = self.new(
            total=total,
            connect=connect,
            read=read,
            redirect=redirect,
            status=status_count,
            other=other,
            history=history,
        )
    
        if new_retry.is_exhausted():
            reason = error or ResponseError(cause)
>           raise MaxRetryError(_pool, url, reason) from reason  # type: ignore[arg-type]
            ^^^^^^^^^^^^^^^^^^^^^^^^^^^^^^^^^^^^^^^^^^^^^^^^^^^
E           urllib3.exceptions.MaxRetryError: HTTPConnectionPool(host='localhost', port=8000): Max retries exceeded with url: /api/health (Caused by NewConnectionError('<urllib3.connection.HTTPConnection object at 0x000001E6DE1DBB10>: Failed to establish a new connection: [WinError 10061] No connection could be made because the target machine actively refused it'))

..\..\..\..\AppData\Roaming\Python\Python313\site-packages\urllib3\util\retry.py:519: MaxRetryError

During handling of the above exception, another exception occurred:

self = <test_deployment_health.TestDeploymentHealth object at 0x000001E6D99447D0>
base_url = 'http://localhost:8000'

    def test_api_health_endpoint(self, base_url: str):
        """Test that the API health endpoint is responding."""
>       response = requests.get(f"{base_url}/api/health", timeout=10)
                   ^^^^^^^^^^^^^^^^^^^^^^^^^^^^^^^^^^^^^^^^^^^^^^^^^^

tests\smoke\test_deployment_health.py:56: 
_ _ _ _ _ _ _ _ _ _ _ _ _ _ _ _ _ _ _ _ _ _ _ _ _ _ _ _ _ _ _ _ _ _ _ _ _ _ _ _
..\..\..\..\AppData\Roaming\Python\Python313\site-packages\requests\api.py:73: in get
    return request("get", url, params=params, **kwargs)
           ^^^^^^^^^^^^^^^^^^^^^^^^^^^^^^^^^^^^^^^^^^^^
..\..\..\..\AppData\Roaming\Python\Python313\site-packages\requests\api.py:59: in request
    return session.request(method=method, url=url, **kwargs)
           ^^^^^^^^^^^^^^^^^^^^^^^^^^^^^^^^^^^^^^^^^^^^^^^^^
..\..\..\..\AppData\Roaming\Python\Python313\site-packages\requests\sessions.py:589: in request
    resp = self.send(prep, **send_kwargs)
           ^^^^^^^^^^^^^^^^^^^^^^^^^^^^^^
..\..\..\..\AppData\Roaming\Python\Python313\site-packages\requests\sessions.py:703: in send
    r = adapter.send(request, **kwargs)
        ^^^^^^^^^^^^^^^^^^^^^^^^^^^^^^^
_ _ _ _ _ _ _ _ _ _ _ _ _ _ _ _ _ _ _ _ _ _ _ _ _ _ _ _ _ _ _ _ _ _ _ _ _ _ _ _

self = <requests.adapters.HTTPAdapter object at 0x000001E6DE505260>
request = <PreparedRequest [GET]>, stream = False
timeout = Timeout(connect=10, read=10, total=None), verify = True, cert = None
proxies = OrderedDict()

    def send(
        self, request, stream=False, timeout=None, verify=True, cert=None, proxies=None
    ):
        """Sends PreparedRequest object. Returns Response object.
    
        :param request: The :class:`PreparedRequest <PreparedRequest>` being sent.
        :param stream: (optional) Whether to stream the request content.
        :param timeout: (optional) How long to wait for the server to send
            data before giving up, as a float, or a :ref:`(connect timeout,
            read timeout) <timeouts>` tuple.
        :type timeout: float or tuple or urllib3 Timeout object
        :param verify: (optional) Either a boolean, in which case it controls whether
            we verify the server's TLS certificate, or a string, in which case it
            must be a path to a CA bundle to use
        :param cert: (optional) Any user-provided SSL certificate to be trusted.
        :param proxies: (optional) The proxies dictionary to apply to the request.
        :rtype: requests.Response
        """
    
        try:
            conn = self.get_connection_with_tls_context(
                request, verify, proxies=proxies, cert=cert
            )
        except LocationValueError as e:
            raise InvalidURL(e, request=request)
    
        self.cert_verify(conn, request.url, verify, cert)
        url = self.request_url(request, proxies)
        self.add_headers(
            request,
            stream=stream,
            timeout=timeout,
            verify=verify,
            cert=cert,
            proxies=proxies,
        )
    
        chunked = not (request.body is None or "Content-Length" in request.headers)
    
        if isinstance(timeout, tuple):
            try:
                connect, read = timeout
                timeout = TimeoutSauce(connect=connect, read=read)
            except ValueError:
                raise ValueError(
                    f"Invalid timeout {timeout}. Pass a (connect, read) timeout tuple, "
                    f"or a single float to set both timeouts to the same value."
                )
        elif isinstance(timeout, TimeoutSauce):
            pass
        else:
            timeout = TimeoutSauce(connect=timeout, read=timeout)
    
        try:
            resp = conn.urlopen(
                method=request.method,
                url=url,
                body=request.body,
                headers=request.headers,
                redirect=False,
                assert_same_host=False,
                preload_content=False,
                decode_content=False,
                retries=self.max_retries,
                timeout=timeout,
                chunked=chunked,
            )
    
        except (ProtocolError, OSError) as err:
            raise ConnectionError(err, request=request)
    
        except MaxRetryError as e:
            if isinstance(e.reason, ConnectTimeoutError):
                # TODO: Remove this in 3.0.0: see #2811
                if not isinstance(e.reason, NewConnectionError):
                    raise ConnectTimeout(e, request=request)
    
            if isinstance(e.reason, ResponseError):
                raise RetryError(e, request=request)
    
            if isinstance(e.reason, _ProxyError):
                raise ProxyError(e, request=request)
    
            if isinstance(e.reason, _SSLError):
                # This branch is for urllib3 v1.22 and later.
                raise SSLError(e, request=request)
    
>           raise ConnectionError(e, request=request)
E           requests.exceptions.ConnectionError: HTTPConnectionPool(host='localhost', port=8000): Max retries exceeded with url: /api/health (Caused by NewConnectionError('<urllib3.connection.HTTPConnection object at 0x000001E6DE1DBB10>: Failed to establish a new connection: [WinError 10061] No connection could be made because the target machine actively refused it'))

..\..\..\..\AppData\Roaming\Python\Python313\site-packages\requests\adapters.py:700: ConnectionError
_______________ TestDeploymentHealth.test_database_connectivity _______________

self = <urllib3.connection.HTTPConnection object at 0x000001E6DE2623F0>

    def _new_conn(self) -> socket.socket:
        """Establish a socket connection and set nodelay settings on it.
    
        :return: New socket connection.
        """
        try:
>           sock = connection.create_connection(
                (self._dns_host, self.port),
                self.timeout,
                source_address=self.source_address,
                socket_options=self.socket_options,
            )

..\..\..\..\AppData\Roaming\Python\Python313\site-packages\urllib3\connection.py:198: 
_ _ _ _ _ _ _ _ _ _ _ _ _ _ _ _ _ _ _ _ _ _ _ _ _ _ _ _ _ _ _ _ _ _ _ _ _ _ _ _
..\..\..\..\AppData\Roaming\Python\Python313\site-packages\urllib3\util\connection.py:85: in create_connection
    raise err
_ _ _ _ _ _ _ _ _ _ _ _ _ _ _ _ _ _ _ _ _ _ _ _ _ _ _ _ _ _ _ _ _ _ _ _ _ _ _ _

address = ('localhost', 8000), timeout = 10, source_address = None
socket_options = [(6, 1, 1)]

    def create_connection(
        address: tuple[str, int],
        timeout: _TYPE_TIMEOUT = _DEFAULT_TIMEOUT,
        source_address: tuple[str, int] | None = None,
        socket_options: _TYPE_SOCKET_OPTIONS | None = None,
    ) -> socket.socket:
        """Connect to *address* and return the socket object.
    
        Convenience function.  Connect to *address* (a 2-tuple ``(host,
        port)``) and return the socket object.  Passing the optional
        *timeout* parameter will set the timeout on the socket instance
        before attempting to connect.  If no *timeout* is supplied, the
        global default timeout setting returned by :func:`socket.getdefaulttimeout`
        is used.  If *source_address* is set it must be a tuple of (host, port)
        for the socket to bind as a source address before making the connection.
        An host of '' or port 0 tells the OS to use the default.
        """
    
        host, port = address
        if host.startswith("["):
            host = host.strip("[]")
        err = None
    
        # Using the value from allowed_gai_family() in the context of getaddrinfo lets
        # us select whether to work with IPv4 DNS records, IPv6 records, or both.
        # The original create_connection function always returns all records.
        family = allowed_gai_family()
    
        try:
            host.encode("idna")
        except UnicodeError:
            raise LocationParseError(f"'{host}', label empty or too long") from None
    
        for res in socket.getaddrinfo(host, port, family, socket.SOCK_STREAM):
            af, socktype, proto, canonname, sa = res
            sock = None
            try:
                sock = socket.socket(af, socktype, proto)
    
                # If provided, set socket level options before connecting.
                _set_socket_options(sock, socket_options)
    
                if timeout is not _DEFAULT_TIMEOUT:
                    sock.settimeout(timeout)
                if source_address:
                    sock.bind(source_address)
>               sock.connect(sa)
E               ConnectionRefusedError: [WinError 10061] No connection could be made because the target machine actively refused it

..\..\..\..\AppData\Roaming\Python\Python313\site-packages\urllib3\util\connection.py:73: ConnectionRefusedError

The above exception was the direct cause of the following exception:

self = <urllib3.connectionpool.HTTPConnectionPool object at 0x000001E6DE261810>
method = 'GET', url = '/api/health/database', body = None
headers = {'User-Agent': 'python-requests/2.32.3', 'Accept-Encoding': 'gzip, deflate, br, zstd', 'Accept': '*/*', 'Connection': 'keep-alive'}
retries = Retry(total=0, connect=None, read=False, redirect=None, status=None)
redirect = False, assert_same_host = False
timeout = Timeout(connect=10, read=10, total=None), pool_timeout = None
release_conn = False, chunked = False, body_pos = None, preload_content = False
decode_content = False, response_kw = {}
parsed_url = Url(scheme=None, auth=None, host=None, port=None, path='/api/health/database', query=None, fragment=None)
destination_scheme = None, conn = None, release_this_conn = True
http_tunnel_required = False, err = None, clean_exit = False

    def urlopen(  # type: ignore[override]
        self,
        method: str,
        url: str,
        body: _TYPE_BODY | None = None,
        headers: typing.Mapping[str, str] | None = None,
        retries: Retry | bool | int | None = None,
        redirect: bool = True,
        assert_same_host: bool = True,
        timeout: _TYPE_TIMEOUT = _DEFAULT_TIMEOUT,
        pool_timeout: int | None = None,
        release_conn: bool | None = None,
        chunked: bool = False,
        body_pos: _TYPE_BODY_POSITION | None = None,
        preload_content: bool = True,
        decode_content: bool = True,
        **response_kw: typing.Any,
    ) -> BaseHTTPResponse:
        """
        Get a connection from the pool and perform an HTTP request. This is the
        lowest level call for making a request, so you'll need to specify all
        the raw details.
    
        .. note::
    
           More commonly, it's appropriate to use a convenience method
           such as :meth:`request`.
    
        .. note::
    
           `release_conn` will only behave as expected if
           `preload_content=False` because we want to make
           `preload_content=False` the default behaviour someday soon without
           breaking backwards compatibility.
    
        :param method:
            HTTP request method (such as GET, POST, PUT, etc.)
    
        :param url:
            The URL to perform the request on.
    
        :param body:
            Data to send in the request body, either :class:`str`, :class:`bytes`,
            an iterable of :class:`str`/:class:`bytes`, or a file-like object.
    
        :param headers:
            Dictionary of custom headers to send, such as User-Agent,
            If-None-Match, etc. If None, pool headers are used. If provided,
            these headers completely replace any pool-specific headers.
    
        :param retries:
            Configure the number of retries to allow before raising a
            :class:`~urllib3.exceptions.MaxRetryError` exception.
    
            If ``None`` (default) will retry 3 times, see ``Retry.DEFAULT``. Pass a
            :class:`~urllib3.util.retry.Retry` object for fine-grained control
            over different types of retries.
            Pass an integer number to retry connection errors that many times,
            but no other types of errors. Pass zero to never retry.
    
            If ``False``, then retries are disabled and any exception is raised
            immediately. Also, instead of raising a MaxRetryError on redirects,
            the redirect response will be returned.
    
        :type retries: :class:`~urllib3.util.retry.Retry`, False, or an int.
    
        :param redirect:
            If True, automatically handle redirects (status codes 301, 302,
            303, 307, 308). Each redirect counts as a retry. Disabling retries
            will disable redirect, too.
    
        :param assert_same_host:
            If ``True``, will make sure that the host of the pool requests is
            consistent else will raise HostChangedError. When ``False``, you can
            use the pool on an HTTP proxy and request foreign hosts.
    
        :param timeout:
            If specified, overrides the default timeout for this one
            request. It may be a float (in seconds) or an instance of
            :class:`urllib3.util.Timeout`.
    
        :param pool_timeout:
            If set and the pool is set to block=True, then this method will
            block for ``pool_timeout`` seconds and raise EmptyPoolError if no
            connection is available within the time period.
    
        :param bool preload_content:
            If True, the response's body will be preloaded into memory.
    
        :param bool decode_content:
            If True, will attempt to decode the body based on the
            'content-encoding' header.
    
        :param release_conn:
            If False, then the urlopen call will not release the connection
            back into the pool once a response is received (but will release if
            you read the entire contents of the response such as when
            `preload_content=True`). This is useful if you're not preloading
            the response's content immediately. You will need to call
            ``r.release_conn()`` on the response ``r`` to return the connection
            back into the pool. If None, it takes the value of ``preload_content``
            which defaults to ``True``.
    
        :param bool chunked:
            If True, urllib3 will send the body using chunked transfer
            encoding. Otherwise, urllib3 will send the body using the standard
            content-length form. Defaults to False.
    
        :param int body_pos:
            Position to seek to in file-like body in the event of a retry or
            redirect. Typically this won't need to be set because urllib3 will
            auto-populate the value when needed.
        """
        parsed_url = parse_url(url)
        destination_scheme = parsed_url.scheme
    
        if headers is None:
            headers = self.headers
    
        if not isinstance(retries, Retry):
            retries = Retry.from_int(retries, redirect=redirect, default=self.retries)
    
        if release_conn is None:
            release_conn = preload_content
    
        # Check host
        if assert_same_host and not self.is_same_host(url):
            raise HostChangedError(self, url, retries)
    
        # Ensure that the URL we're connecting to is properly encoded
        if url.startswith("/"):
            url = to_str(_encode_target(url))
        else:
            url = to_str(parsed_url.url)
    
        conn = None
    
        # Track whether `conn` needs to be released before
        # returning/raising/recursing. Update this variable if necessary, and
        # leave `release_conn` constant throughout the function. That way, if
        # the function recurses, the original value of `release_conn` will be
        # passed down into the recursive call, and its value will be respected.
        #
        # See issue #651 [1] for details.
        #
        # [1] <https://github.com/urllib3/urllib3/issues/651>
        release_this_conn = release_conn
    
        http_tunnel_required = connection_requires_http_tunnel(
            self.proxy, self.proxy_config, destination_scheme
        )
    
        # Merge the proxy headers. Only done when not using HTTP CONNECT. We
        # have to copy the headers dict so we can safely change it without those
        # changes being reflected in anyone else's copy.
        if not http_tunnel_required:
            headers = headers.copy()  # type: ignore[attr-defined]
            headers.update(self.proxy_headers)  # type: ignore[union-attr]
    
        # Must keep the exception bound to a separate variable or else Python 3
        # complains about UnboundLocalError.
        err = None
    
        # Keep track of whether we cleanly exited the except block. This
        # ensures we do proper cleanup in finally.
        clean_exit = False
    
        # Rewind body position, if needed. Record current position
        # for future rewinds in the event of a redirect/retry.
        body_pos = set_file_position(body, body_pos)
    
        try:
            # Request a connection from the queue.
            timeout_obj = self._get_timeout(timeout)
            conn = self._get_conn(timeout=pool_timeout)
    
            conn.timeout = timeout_obj.connect_timeout  # type: ignore[assignment]
    
            # Is this a closed/new connection that requires CONNECT tunnelling?
            if self.proxy is not None and http_tunnel_required and conn.is_closed:
                try:
                    self._prepare_proxy(conn)
                except (BaseSSLError, OSError, SocketTimeout) as e:
                    self._raise_timeout(
                        err=e, url=self.proxy.url, timeout_value=conn.timeout
                    )
                    raise
    
            # If we're going to release the connection in ``finally:``, then
            # the response doesn't need to know about the connection. Otherwise
            # it will also try to release it and we'll have a double-release
            # mess.
            response_conn = conn if not release_conn else None
    
            # Make the request on the HTTPConnection object
>           response = self._make_request(
                conn,
                method,
                url,
                timeout=timeout_obj,
                body=body,
                headers=headers,
                chunked=chunked,
                retries=retries,
                response_conn=response_conn,
                preload_content=preload_content,
                decode_content=decode_content,
                **response_kw,
            )

..\..\..\..\AppData\Roaming\Python\Python313\site-packages\urllib3\connectionpool.py:787: 
_ _ _ _ _ _ _ _ _ _ _ _ _ _ _ _ _ _ _ _ _ _ _ _ _ _ _ _ _ _ _ _ _ _ _ _ _ _ _ _
..\..\..\..\AppData\Roaming\Python\Python313\site-packages\urllib3\connectionpool.py:493: in _make_request
    conn.request(
..\..\..\..\AppData\Roaming\Python\Python313\site-packages\urllib3\connection.py:445: in request
    self.endheaders()
C:\Program Files\Python313\Lib\http\client.py:1333: in endheaders
    self._send_output(message_body, encode_chunked=encode_chunked)
C:\Program Files\Python313\Lib\http\client.py:1093: in _send_output
    self.send(msg)
C:\Program Files\Python313\Lib\http\client.py:1037: in send
    self.connect()
..\..\..\..\AppData\Roaming\Python\Python313\site-packages\urllib3\connection.py:276: in connect
    self.sock = self._new_conn()
                ^^^^^^^^^^^^^^^^
_ _ _ _ _ _ _ _ _ _ _ _ _ _ _ _ _ _ _ _ _ _ _ _ _ _ _ _ _ _ _ _ _ _ _ _ _ _ _ _

self = <urllib3.connection.HTTPConnection object at 0x000001E6DE2623F0>

    def _new_conn(self) -> socket.socket:
        """Establish a socket connection and set nodelay settings on it.
    
        :return: New socket connection.
        """
        try:
            sock = connection.create_connection(
                (self._dns_host, self.port),
                self.timeout,
                source_address=self.source_address,
                socket_options=self.socket_options,
            )
        except socket.gaierror as e:
            raise NameResolutionError(self.host, self, e) from e
        except SocketTimeout as e:
            raise ConnectTimeoutError(
                self,
                f"Connection to {self.host} timed out. (connect timeout={self.timeout})",
            ) from e
    
        except OSError as e:
>           raise NewConnectionError(
                self, f"Failed to establish a new connection: {e}"
            ) from e
E           urllib3.exceptions.NewConnectionError: <urllib3.connection.HTTPConnection object at 0x000001E6DE2623F0>: Failed to establish a new connection: [WinError 10061] No connection could be made because the target machine actively refused it

..\..\..\..\AppData\Roaming\Python\Python313\site-packages\urllib3\connection.py:213: NewConnectionError

The above exception was the direct cause of the following exception:

self = <requests.adapters.HTTPAdapter object at 0x000001E6DE4A85F0>
request = <PreparedRequest [GET]>, stream = False
timeout = Timeout(connect=10, read=10, total=None), verify = True, cert = None
proxies = OrderedDict()

    def send(
        self, request, stream=False, timeout=None, verify=True, cert=None, proxies=None
    ):
        """Sends PreparedRequest object. Returns Response object.
    
        :param request: The :class:`PreparedRequest <PreparedRequest>` being sent.
        :param stream: (optional) Whether to stream the request content.
        :param timeout: (optional) How long to wait for the server to send
            data before giving up, as a float, or a :ref:`(connect timeout,
            read timeout) <timeouts>` tuple.
        :type timeout: float or tuple or urllib3 Timeout object
        :param verify: (optional) Either a boolean, in which case it controls whether
            we verify the server's TLS certificate, or a string, in which case it
            must be a path to a CA bundle to use
        :param cert: (optional) Any user-provided SSL certificate to be trusted.
        :param proxies: (optional) The proxies dictionary to apply to the request.
        :rtype: requests.Response
        """
    
        try:
            conn = self.get_connection_with_tls_context(
                request, verify, proxies=proxies, cert=cert
            )
        except LocationValueError as e:
            raise InvalidURL(e, request=request)
    
        self.cert_verify(conn, request.url, verify, cert)
        url = self.request_url(request, proxies)
        self.add_headers(
            request,
            stream=stream,
            timeout=timeout,
            verify=verify,
            cert=cert,
            proxies=proxies,
        )
    
        chunked = not (request.body is None or "Content-Length" in request.headers)
    
        if isinstance(timeout, tuple):
            try:
                connect, read = timeout
                timeout = TimeoutSauce(connect=connect, read=read)
            except ValueError:
                raise ValueError(
                    f"Invalid timeout {timeout}. Pass a (connect, read) timeout tuple, "
                    f"or a single float to set both timeouts to the same value."
                )
        elif isinstance(timeout, TimeoutSauce):
            pass
        else:
            timeout = TimeoutSauce(connect=timeout, read=timeout)
    
        try:
>           resp = conn.urlopen(
                method=request.method,
                url=url,
                body=request.body,
                headers=request.headers,
                redirect=False,
                assert_same_host=False,
                preload_content=False,
                decode_content=False,
                retries=self.max_retries,
                timeout=timeout,
                chunked=chunked,
            )

..\..\..\..\AppData\Roaming\Python\Python313\site-packages\requests\adapters.py:667: 
_ _ _ _ _ _ _ _ _ _ _ _ _ _ _ _ _ _ _ _ _ _ _ _ _ _ _ _ _ _ _ _ _ _ _ _ _ _ _ _
..\..\..\..\AppData\Roaming\Python\Python313\site-packages\urllib3\connectionpool.py:841: in urlopen
    retries = retries.increment(
_ _ _ _ _ _ _ _ _ _ _ _ _ _ _ _ _ _ _ _ _ _ _ _ _ _ _ _ _ _ _ _ _ _ _ _ _ _ _ _

self = Retry(total=0, connect=None, read=False, redirect=None, status=None)
method = 'GET', url = '/api/health/database', response = None
error = NewConnectionError('<urllib3.connection.HTTPConnection object at 0x000001E6DE2623F0>: Failed to establish a new connection: [WinError 10061] No connection could be made because the target machine actively refused it')
_pool = <urllib3.connectionpool.HTTPConnectionPool object at 0x000001E6DE261810>
_stacktrace = <traceback object at 0x000001E6DE7B2C80>

    def increment(
        self,
        method: str | None = None,
        url: str | None = None,
        response: BaseHTTPResponse | None = None,
        error: Exception | None = None,
        _pool: ConnectionPool | None = None,
        _stacktrace: TracebackType | None = None,
    ) -> Self:
        """Return a new Retry object with incremented retry counters.
    
        :param response: A response object, or None, if the server did not
            return a response.
        :type response: :class:`~urllib3.response.BaseHTTPResponse`
        :param Exception error: An error encountered during the request, or
            None if the response was received successfully.
    
        :return: A new ``Retry`` object.
        """
        if self.total is False and error:
            # Disabled, indicate to re-raise the error.
            raise reraise(type(error), error, _stacktrace)
    
        total = self.total
        if total is not None:
            total -= 1
    
        connect = self.connect
        read = self.read
        redirect = self.redirect
        status_count = self.status
        other = self.other
        cause = "unknown"
        status = None
        redirect_location = None
    
        if error and self._is_connection_error(error):
            # Connect retry?
            if connect is False:
                raise reraise(type(error), error, _stacktrace)
            elif connect is not None:
                connect -= 1
    
        elif error and self._is_read_error(error):
            # Read retry?
            if read is False or method is None or not self._is_method_retryable(method):
                raise reraise(type(error), error, _stacktrace)
            elif read is not None:
                read -= 1
    
        elif error:
            # Other retry?
            if other is not None:
                other -= 1
    
        elif response and response.get_redirect_location():
            # Redirect retry?
            if redirect is not None:
                redirect -= 1
            cause = "too many redirects"
            response_redirect_location = response.get_redirect_location()
            if response_redirect_location:
                redirect_location = response_redirect_location
            status = response.status
    
        else:
            # Incrementing because of a server error like a 500 in
            # status_forcelist and the given method is in the allowed_methods
            cause = ResponseError.GENERIC_ERROR
            if response and response.status:
                if status_count is not None:
                    status_count -= 1
                cause = ResponseError.SPECIFIC_ERROR.format(status_code=response.status)
                status = response.status
    
        history = self.history + (
            RequestHistory(method, url, error, status, redirect_location),
        )
    
        new_retry = self.new(
            total=total,
            connect=connect,
            read=read,
            redirect=redirect,
            status=status_count,
            other=other,
            history=history,
        )
    
        if new_retry.is_exhausted():
            reason = error or ResponseError(cause)
>           raise MaxRetryError(_pool, url, reason) from reason  # type: ignore[arg-type]
            ^^^^^^^^^^^^^^^^^^^^^^^^^^^^^^^^^^^^^^^^^^^^^^^^^^^
E           urllib3.exceptions.MaxRetryError: HTTPConnectionPool(host='localhost', port=8000): Max retries exceeded with url: /api/health/database (Caused by NewConnectionError('<urllib3.connection.HTTPConnection object at 0x000001E6DE2623F0>: Failed to establish a new connection: [WinError 10061] No connection could be made because the target machine actively refused it'))

..\..\..\..\AppData\Roaming\Python\Python313\site-packages\urllib3\util\retry.py:519: MaxRetryError

During handling of the above exception, another exception occurred:

self = <test_deployment_health.TestDeploymentHealth object at 0x000001E6D96D3490>
base_url = 'http://localhost:8000', auth_headers = {}

    def test_database_connectivity(self, base_url: str, auth_headers: Dict[str, str]):
        """Test that the database is accessible."""
>       response = requests.get(
            f"{base_url}/api/health/database",
            headers=auth_headers,
            timeout=10
        )

tests\smoke\test_deployment_health.py:66: 
_ _ _ _ _ _ _ _ _ _ _ _ _ _ _ _ _ _ _ _ _ _ _ _ _ _ _ _ _ _ _ _ _ _ _ _ _ _ _ _
..\..\..\..\AppData\Roaming\Python\Python313\site-packages\requests\api.py:73: in get
    return request("get", url, params=params, **kwargs)
           ^^^^^^^^^^^^^^^^^^^^^^^^^^^^^^^^^^^^^^^^^^^^
..\..\..\..\AppData\Roaming\Python\Python313\site-packages\requests\api.py:59: in request
    return session.request(method=method, url=url, **kwargs)
           ^^^^^^^^^^^^^^^^^^^^^^^^^^^^^^^^^^^^^^^^^^^^^^^^^
..\..\..\..\AppData\Roaming\Python\Python313\site-packages\requests\sessions.py:589: in request
    resp = self.send(prep, **send_kwargs)
           ^^^^^^^^^^^^^^^^^^^^^^^^^^^^^^
..\..\..\..\AppData\Roaming\Python\Python313\site-packages\requests\sessions.py:703: in send
    r = adapter.send(request, **kwargs)
        ^^^^^^^^^^^^^^^^^^^^^^^^^^^^^^^
_ _ _ _ _ _ _ _ _ _ _ _ _ _ _ _ _ _ _ _ _ _ _ _ _ _ _ _ _ _ _ _ _ _ _ _ _ _ _ _

self = <requests.adapters.HTTPAdapter object at 0x000001E6DE4A85F0>
request = <PreparedRequest [GET]>, stream = False
timeout = Timeout(connect=10, read=10, total=None), verify = True, cert = None
proxies = OrderedDict()

    def send(
        self, request, stream=False, timeout=None, verify=True, cert=None, proxies=None
    ):
        """Sends PreparedRequest object. Returns Response object.
    
        :param request: The :class:`PreparedRequest <PreparedRequest>` being sent.
        :param stream: (optional) Whether to stream the request content.
        :param timeout: (optional) How long to wait for the server to send
            data before giving up, as a float, or a :ref:`(connect timeout,
            read timeout) <timeouts>` tuple.
        :type timeout: float or tuple or urllib3 Timeout object
        :param verify: (optional) Either a boolean, in which case it controls whether
            we verify the server's TLS certificate, or a string, in which case it
            must be a path to a CA bundle to use
        :param cert: (optional) Any user-provided SSL certificate to be trusted.
        :param proxies: (optional) The proxies dictionary to apply to the request.
        :rtype: requests.Response
        """
    
        try:
            conn = self.get_connection_with_tls_context(
                request, verify, proxies=proxies, cert=cert
            )
        except LocationValueError as e:
            raise InvalidURL(e, request=request)
    
        self.cert_verify(conn, request.url, verify, cert)
        url = self.request_url(request, proxies)
        self.add_headers(
            request,
            stream=stream,
            timeout=timeout,
            verify=verify,
            cert=cert,
            proxies=proxies,
        )
    
        chunked = not (request.body is None or "Content-Length" in request.headers)
    
        if isinstance(timeout, tuple):
            try:
                connect, read = timeout
                timeout = TimeoutSauce(connect=connect, read=read)
            except ValueError:
                raise ValueError(
                    f"Invalid timeout {timeout}. Pass a (connect, read) timeout tuple, "
                    f"or a single float to set both timeouts to the same value."
                )
        elif isinstance(timeout, TimeoutSauce):
            pass
        else:
            timeout = TimeoutSauce(connect=timeout, read=timeout)
    
        try:
            resp = conn.urlopen(
                method=request.method,
                url=url,
                body=request.body,
                headers=request.headers,
                redirect=False,
                assert_same_host=False,
                preload_content=False,
                decode_content=False,
                retries=self.max_retries,
                timeout=timeout,
                chunked=chunked,
            )
    
        except (ProtocolError, OSError) as err:
            raise ConnectionError(err, request=request)
    
        except MaxRetryError as e:
            if isinstance(e.reason, ConnectTimeoutError):
                # TODO: Remove this in 3.0.0: see #2811
                if not isinstance(e.reason, NewConnectionError):
                    raise ConnectTimeout(e, request=request)
    
            if isinstance(e.reason, ResponseError):
                raise RetryError(e, request=request)
    
            if isinstance(e.reason, _ProxyError):
                raise ProxyError(e, request=request)
    
            if isinstance(e.reason, _SSLError):
                # This branch is for urllib3 v1.22 and later.
                raise SSLError(e, request=request)
    
>           raise ConnectionError(e, request=request)
E           requests.exceptions.ConnectionError: HTTPConnectionPool(host='localhost', port=8000): Max retries exceeded with url: /api/health/database (Caused by NewConnectionError('<urllib3.connection.HTTPConnection object at 0x000001E6DE2623F0>: Failed to establish a new connection: [WinError 10061] No connection could be made because the target machine actively refused it'))

..\..\..\..\AppData\Roaming\Python\Python313\site-packages\requests\adapters.py:700: ConnectionError
________________ TestDeploymentHealth.test_redis_connectivity _________________

self = <urllib3.connection.HTTPConnection object at 0x000001E6DE1ECA70>

    def _new_conn(self) -> socket.socket:
        """Establish a socket connection and set nodelay settings on it.
    
        :return: New socket connection.
        """
        try:
>           sock = connection.create_connection(
                (self._dns_host, self.port),
                self.timeout,
                source_address=self.source_address,
                socket_options=self.socket_options,
            )

..\..\..\..\AppData\Roaming\Python\Python313\site-packages\urllib3\connection.py:198: 
_ _ _ _ _ _ _ _ _ _ _ _ _ _ _ _ _ _ _ _ _ _ _ _ _ _ _ _ _ _ _ _ _ _ _ _ _ _ _ _
..\..\..\..\AppData\Roaming\Python\Python313\site-packages\urllib3\util\connection.py:85: in create_connection
    raise err
_ _ _ _ _ _ _ _ _ _ _ _ _ _ _ _ _ _ _ _ _ _ _ _ _ _ _ _ _ _ _ _ _ _ _ _ _ _ _ _

address = ('localhost', 8000), timeout = 10, source_address = None
socket_options = [(6, 1, 1)]

    def create_connection(
        address: tuple[str, int],
        timeout: _TYPE_TIMEOUT = _DEFAULT_TIMEOUT,
        source_address: tuple[str, int] | None = None,
        socket_options: _TYPE_SOCKET_OPTIONS | None = None,
    ) -> socket.socket:
        """Connect to *address* and return the socket object.
    
        Convenience function.  Connect to *address* (a 2-tuple ``(host,
        port)``) and return the socket object.  Passing the optional
        *timeout* parameter will set the timeout on the socket instance
        before attempting to connect.  If no *timeout* is supplied, the
        global default timeout setting returned by :func:`socket.getdefaulttimeout`
        is used.  If *source_address* is set it must be a tuple of (host, port)
        for the socket to bind as a source address before making the connection.
        An host of '' or port 0 tells the OS to use the default.
        """
    
        host, port = address
        if host.startswith("["):
            host = host.strip("[]")
        err = None
    
        # Using the value from allowed_gai_family() in the context of getaddrinfo lets
        # us select whether to work with IPv4 DNS records, IPv6 records, or both.
        # The original create_connection function always returns all records.
        family = allowed_gai_family()
    
        try:
            host.encode("idna")
        except UnicodeError:
            raise LocationParseError(f"'{host}', label empty or too long") from None
    
        for res in socket.getaddrinfo(host, port, family, socket.SOCK_STREAM):
            af, socktype, proto, canonname, sa = res
            sock = None
            try:
                sock = socket.socket(af, socktype, proto)
    
                # If provided, set socket level options before connecting.
                _set_socket_options(sock, socket_options)
    
                if timeout is not _DEFAULT_TIMEOUT:
                    sock.settimeout(timeout)
                if source_address:
                    sock.bind(source_address)
>               sock.connect(sa)
E               ConnectionRefusedError: [WinError 10061] No connection could be made because the target machine actively refused it

..\..\..\..\AppData\Roaming\Python\Python313\site-packages\urllib3\util\connection.py:73: ConnectionRefusedError

The above exception was the direct cause of the following exception:

self = <urllib3.connectionpool.HTTPConnectionPool object at 0x000001E6DE1EFD10>
method = 'GET', url = '/api/health/redis', body = None
headers = {'User-Agent': 'python-requests/2.32.3', 'Accept-Encoding': 'gzip, deflate, br, zstd', 'Accept': '*/*', 'Connection': 'keep-alive'}
retries = Retry(total=0, connect=None, read=False, redirect=None, status=None)
redirect = False, assert_same_host = False
timeout = Timeout(connect=10, read=10, total=None), pool_timeout = None
release_conn = False, chunked = False, body_pos = None, preload_content = False
decode_content = False, response_kw = {}
parsed_url = Url(scheme=None, auth=None, host=None, port=None, path='/api/health/redis', query=None, fragment=None)
destination_scheme = None, conn = None, release_this_conn = True
http_tunnel_required = False, err = None, clean_exit = False

    def urlopen(  # type: ignore[override]
        self,
        method: str,
        url: str,
        body: _TYPE_BODY | None = None,
        headers: typing.Mapping[str, str] | None = None,
        retries: Retry | bool | int | None = None,
        redirect: bool = True,
        assert_same_host: bool = True,
        timeout: _TYPE_TIMEOUT = _DEFAULT_TIMEOUT,
        pool_timeout: int | None = None,
        release_conn: bool | None = None,
        chunked: bool = False,
        body_pos: _TYPE_BODY_POSITION | None = None,
        preload_content: bool = True,
        decode_content: bool = True,
        **response_kw: typing.Any,
    ) -> BaseHTTPResponse:
        """
        Get a connection from the pool and perform an HTTP request. This is the
        lowest level call for making a request, so you'll need to specify all
        the raw details.
    
        .. note::
    
           More commonly, it's appropriate to use a convenience method
           such as :meth:`request`.
    
        .. note::
    
           `release_conn` will only behave as expected if
           `preload_content=False` because we want to make
           `preload_content=False` the default behaviour someday soon without
           breaking backwards compatibility.
    
        :param method:
            HTTP request method (such as GET, POST, PUT, etc.)
    
        :param url:
            The URL to perform the request on.
    
        :param body:
            Data to send in the request body, either :class:`str`, :class:`bytes`,
            an iterable of :class:`str`/:class:`bytes`, or a file-like object.
    
        :param headers:
            Dictionary of custom headers to send, such as User-Agent,
            If-None-Match, etc. If None, pool headers are used. If provided,
            these headers completely replace any pool-specific headers.
    
        :param retries:
            Configure the number of retries to allow before raising a
            :class:`~urllib3.exceptions.MaxRetryError` exception.
    
            If ``None`` (default) will retry 3 times, see ``Retry.DEFAULT``. Pass a
            :class:`~urllib3.util.retry.Retry` object for fine-grained control
            over different types of retries.
            Pass an integer number to retry connection errors that many times,
            but no other types of errors. Pass zero to never retry.
    
            If ``False``, then retries are disabled and any exception is raised
            immediately. Also, instead of raising a MaxRetryError on redirects,
            the redirect response will be returned.
    
        :type retries: :class:`~urllib3.util.retry.Retry`, False, or an int.
    
        :param redirect:
            If True, automatically handle redirects (status codes 301, 302,
            303, 307, 308). Each redirect counts as a retry. Disabling retries
            will disable redirect, too.
    
        :param assert_same_host:
            If ``True``, will make sure that the host of the pool requests is
            consistent else will raise HostChangedError. When ``False``, you can
            use the pool on an HTTP proxy and request foreign hosts.
    
        :param timeout:
            If specified, overrides the default timeout for this one
            request. It may be a float (in seconds) or an instance of
            :class:`urllib3.util.Timeout`.
    
        :param pool_timeout:
            If set and the pool is set to block=True, then this method will
            block for ``pool_timeout`` seconds and raise EmptyPoolError if no
            connection is available within the time period.
    
        :param bool preload_content:
            If True, the response's body will be preloaded into memory.
    
        :param bool decode_content:
            If True, will attempt to decode the body based on the
            'content-encoding' header.
    
        :param release_conn:
            If False, then the urlopen call will not release the connection
            back into the pool once a response is received (but will release if
            you read the entire contents of the response such as when
            `preload_content=True`). This is useful if you're not preloading
            the response's content immediately. You will need to call
            ``r.release_conn()`` on the response ``r`` to return the connection
            back into the pool. If None, it takes the value of ``preload_content``
            which defaults to ``True``.
    
        :param bool chunked:
            If True, urllib3 will send the body using chunked transfer
            encoding. Otherwise, urllib3 will send the body using the standard
            content-length form. Defaults to False.
    
        :param int body_pos:
            Position to seek to in file-like body in the event of a retry or
            redirect. Typically this won't need to be set because urllib3 will
            auto-populate the value when needed.
        """
        parsed_url = parse_url(url)
        destination_scheme = parsed_url.scheme
    
        if headers is None:
            headers = self.headers
    
        if not isinstance(retries, Retry):
            retries = Retry.from_int(retries, redirect=redirect, default=self.retries)
    
        if release_conn is None:
            release_conn = preload_content
    
        # Check host
        if assert_same_host and not self.is_same_host(url):
            raise HostChangedError(self, url, retries)
    
        # Ensure that the URL we're connecting to is properly encoded
        if url.startswith("/"):
            url = to_str(_encode_target(url))
        else:
            url = to_str(parsed_url.url)
    
        conn = None
    
        # Track whether `conn` needs to be released before
        # returning/raising/recursing. Update this variable if necessary, and
        # leave `release_conn` constant throughout the function. That way, if
        # the function recurses, the original value of `release_conn` will be
        # passed down into the recursive call, and its value will be respected.
        #
        # See issue #651 [1] for details.
        #
        # [1] <https://github.com/urllib3/urllib3/issues/651>
        release_this_conn = release_conn
    
        http_tunnel_required = connection_requires_http_tunnel(
            self.proxy, self.proxy_config, destination_scheme
        )
    
        # Merge the proxy headers. Only done when not using HTTP CONNECT. We
        # have to copy the headers dict so we can safely change it without those
        # changes being reflected in anyone else's copy.
        if not http_tunnel_required:
            headers = headers.copy()  # type: ignore[attr-defined]
            headers.update(self.proxy_headers)  # type: ignore[union-attr]
    
        # Must keep the exception bound to a separate variable or else Python 3
        # complains about UnboundLocalError.
        err = None
    
        # Keep track of whether we cleanly exited the except block. This
        # ensures we do proper cleanup in finally.
        clean_exit = False
    
        # Rewind body position, if needed. Record current position
        # for future rewinds in the event of a redirect/retry.
        body_pos = set_file_position(body, body_pos)
    
        try:
            # Request a connection from the queue.
            timeout_obj = self._get_timeout(timeout)
            conn = self._get_conn(timeout=pool_timeout)
    
            conn.timeout = timeout_obj.connect_timeout  # type: ignore[assignment]
    
            # Is this a closed/new connection that requires CONNECT tunnelling?
            if self.proxy is not None and http_tunnel_required and conn.is_closed:
                try:
                    self._prepare_proxy(conn)
                except (BaseSSLError, OSError, SocketTimeout) as e:
                    self._raise_timeout(
                        err=e, url=self.proxy.url, timeout_value=conn.timeout
                    )
                    raise
    
            # If we're going to release the connection in ``finally:``, then
            # the response doesn't need to know about the connection. Otherwise
            # it will also try to release it and we'll have a double-release
            # mess.
            response_conn = conn if not release_conn else None
    
            # Make the request on the HTTPConnection object
>           response = self._make_request(
                conn,
                method,
                url,
                timeout=timeout_obj,
                body=body,
                headers=headers,
                chunked=chunked,
                retries=retries,
                response_conn=response_conn,
                preload_content=preload_content,
                decode_content=decode_content,
                **response_kw,
            )

..\..\..\..\AppData\Roaming\Python\Python313\site-packages\urllib3\connectionpool.py:787: 
_ _ _ _ _ _ _ _ _ _ _ _ _ _ _ _ _ _ _ _ _ _ _ _ _ _ _ _ _ _ _ _ _ _ _ _ _ _ _ _
..\..\..\..\AppData\Roaming\Python\Python313\site-packages\urllib3\connectionpool.py:493: in _make_request
    conn.request(
..\..\..\..\AppData\Roaming\Python\Python313\site-packages\urllib3\connection.py:445: in request
    self.endheaders()
C:\Program Files\Python313\Lib\http\client.py:1333: in endheaders
    self._send_output(message_body, encode_chunked=encode_chunked)
C:\Program Files\Python313\Lib\http\client.py:1093: in _send_output
    self.send(msg)
C:\Program Files\Python313\Lib\http\client.py:1037: in send
    self.connect()
..\..\..\..\AppData\Roaming\Python\Python313\site-packages\urllib3\connection.py:276: in connect
    self.sock = self._new_conn()
                ^^^^^^^^^^^^^^^^
_ _ _ _ _ _ _ _ _ _ _ _ _ _ _ _ _ _ _ _ _ _ _ _ _ _ _ _ _ _ _ _ _ _ _ _ _ _ _ _

self = <urllib3.connection.HTTPConnection object at 0x000001E6DE1ECA70>

    def _new_conn(self) -> socket.socket:
        """Establish a socket connection and set nodelay settings on it.
    
        :return: New socket connection.
        """
        try:
            sock = connection.create_connection(
                (self._dns_host, self.port),
                self.timeout,
                source_address=self.source_address,
                socket_options=self.socket_options,
            )
        except socket.gaierror as e:
            raise NameResolutionError(self.host, self, e) from e
        except SocketTimeout as e:
            raise ConnectTimeoutError(
                self,
                f"Connection to {self.host} timed out. (connect timeout={self.timeout})",
            ) from e
    
        except OSError as e:
>           raise NewConnectionError(
                self, f"Failed to establish a new connection: {e}"
            ) from e
E           urllib3.exceptions.NewConnectionError: <urllib3.connection.HTTPConnection object at 0x000001E6DE1ECA70>: Failed to establish a new connection: [WinError 10061] No connection could be made because the target machine actively refused it

..\..\..\..\AppData\Roaming\Python\Python313\site-packages\urllib3\connection.py:213: NewConnectionError

The above exception was the direct cause of the following exception:

self = <requests.adapters.HTTPAdapter object at 0x000001E6DE517E70>
request = <PreparedRequest [GET]>, stream = False
timeout = Timeout(connect=10, read=10, total=None), verify = True, cert = None
proxies = OrderedDict()

    def send(
        self, request, stream=False, timeout=None, verify=True, cert=None, proxies=None
    ):
        """Sends PreparedRequest object. Returns Response object.
    
        :param request: The :class:`PreparedRequest <PreparedRequest>` being sent.
        :param stream: (optional) Whether to stream the request content.
        :param timeout: (optional) How long to wait for the server to send
            data before giving up, as a float, or a :ref:`(connect timeout,
            read timeout) <timeouts>` tuple.
        :type timeout: float or tuple or urllib3 Timeout object
        :param verify: (optional) Either a boolean, in which case it controls whether
            we verify the server's TLS certificate, or a string, in which case it
            must be a path to a CA bundle to use
        :param cert: (optional) Any user-provided SSL certificate to be trusted.
        :param proxies: (optional) The proxies dictionary to apply to the request.
        :rtype: requests.Response
        """
    
        try:
            conn = self.get_connection_with_tls_context(
                request, verify, proxies=proxies, cert=cert
            )
        except LocationValueError as e:
            raise InvalidURL(e, request=request)
    
        self.cert_verify(conn, request.url, verify, cert)
        url = self.request_url(request, proxies)
        self.add_headers(
            request,
            stream=stream,
            timeout=timeout,
            verify=verify,
            cert=cert,
            proxies=proxies,
        )
    
        chunked = not (request.body is None or "Content-Length" in request.headers)
    
        if isinstance(timeout, tuple):
            try:
                connect, read = timeout
                timeout = TimeoutSauce(connect=connect, read=read)
            except ValueError:
                raise ValueError(
                    f"Invalid timeout {timeout}. Pass a (connect, read) timeout tuple, "
                    f"or a single float to set both timeouts to the same value."
                )
        elif isinstance(timeout, TimeoutSauce):
            pass
        else:
            timeout = TimeoutSauce(connect=timeout, read=timeout)
    
        try:
>           resp = conn.urlopen(
                method=request.method,
                url=url,
                body=request.body,
                headers=request.headers,
                redirect=False,
                assert_same_host=False,
                preload_content=False,
                decode_content=False,
                retries=self.max_retries,
                timeout=timeout,
                chunked=chunked,
            )

..\..\..\..\AppData\Roaming\Python\Python313\site-packages\requests\adapters.py:667: 
_ _ _ _ _ _ _ _ _ _ _ _ _ _ _ _ _ _ _ _ _ _ _ _ _ _ _ _ _ _ _ _ _ _ _ _ _ _ _ _
..\..\..\..\AppData\Roaming\Python\Python313\site-packages\urllib3\connectionpool.py:841: in urlopen
    retries = retries.increment(
_ _ _ _ _ _ _ _ _ _ _ _ _ _ _ _ _ _ _ _ _ _ _ _ _ _ _ _ _ _ _ _ _ _ _ _ _ _ _ _

self = Retry(total=0, connect=None, read=False, redirect=None, status=None)
method = 'GET', url = '/api/health/redis', response = None
error = NewConnectionError('<urllib3.connection.HTTPConnection object at 0x000001E6DE1ECA70>: Failed to establish a new connection: [WinError 10061] No connection could be made because the target machine actively refused it')
_pool = <urllib3.connectionpool.HTTPConnectionPool object at 0x000001E6DE1EFD10>
_stacktrace = <traceback object at 0x000001E6DEB37440>

    def increment(
        self,
        method: str | None = None,
        url: str | None = None,
        response: BaseHTTPResponse | None = None,
        error: Exception | None = None,
        _pool: ConnectionPool | None = None,
        _stacktrace: TracebackType | None = None,
    ) -> Self:
        """Return a new Retry object with incremented retry counters.
    
        :param response: A response object, or None, if the server did not
            return a response.
        :type response: :class:`~urllib3.response.BaseHTTPResponse`
        :param Exception error: An error encountered during the request, or
            None if the response was received successfully.
    
        :return: A new ``Retry`` object.
        """
        if self.total is False and error:
            # Disabled, indicate to re-raise the error.
            raise reraise(type(error), error, _stacktrace)
    
        total = self.total
        if total is not None:
            total -= 1
    
        connect = self.connect
        read = self.read
        redirect = self.redirect
        status_count = self.status
        other = self.other
        cause = "unknown"
        status = None
        redirect_location = None
    
        if error and self._is_connection_error(error):
            # Connect retry?
            if connect is False:
                raise reraise(type(error), error, _stacktrace)
            elif connect is not None:
                connect -= 1
    
        elif error and self._is_read_error(error):
            # Read retry?
            if read is False or method is None or not self._is_method_retryable(method):
                raise reraise(type(error), error, _stacktrace)
            elif read is not None:
                read -= 1
    
        elif error:
            # Other retry?
            if other is not None:
                other -= 1
    
        elif response and response.get_redirect_location():
            # Redirect retry?
            if redirect is not None:
                redirect -= 1
            cause = "too many redirects"
            response_redirect_location = response.get_redirect_location()
            if response_redirect_location:
                redirect_location = response_redirect_location
            status = response.status
    
        else:
            # Incrementing because of a server error like a 500 in
            # status_forcelist and the given method is in the allowed_methods
            cause = ResponseError.GENERIC_ERROR
            if response and response.status:
                if status_count is not None:
                    status_count -= 1
                cause = ResponseError.SPECIFIC_ERROR.format(status_code=response.status)
                status = response.status
    
        history = self.history + (
            RequestHistory(method, url, error, status, redirect_location),
        )
    
        new_retry = self.new(
            total=total,
            connect=connect,
            read=read,
            redirect=redirect,
            status=status_count,
            other=other,
            history=history,
        )
    
        if new_retry.is_exhausted():
            reason = error or ResponseError(cause)
>           raise MaxRetryError(_pool, url, reason) from reason  # type: ignore[arg-type]
            ^^^^^^^^^^^^^^^^^^^^^^^^^^^^^^^^^^^^^^^^^^^^^^^^^^^
E           urllib3.exceptions.MaxRetryError: HTTPConnectionPool(host='localhost', port=8000): Max retries exceeded with url: /api/health/redis (Caused by NewConnectionError('<urllib3.connection.HTTPConnection object at 0x000001E6DE1ECA70>: Failed to establish a new connection: [WinError 10061] No connection could be made because the target machine actively refused it'))

..\..\..\..\AppData\Roaming\Python\Python313\site-packages\urllib3\util\retry.py:519: MaxRetryError

During handling of the above exception, another exception occurred:

self = <test_deployment_health.TestDeploymentHealth object at 0x000001E6D96D2FD0>
base_url = 'http://localhost:8000', auth_headers = {}

    def test_redis_connectivity(self, base_url: str, auth_headers: Dict[str, str]):
        """Test that Redis is accessible."""
>       response = requests.get(
            f"{base_url}/api/health/redis",
            headers=auth_headers,
            timeout=10
        )

tests\smoke\test_deployment_health.py:79: 
_ _ _ _ _ _ _ _ _ _ _ _ _ _ _ _ _ _ _ _ _ _ _ _ _ _ _ _ _ _ _ _ _ _ _ _ _ _ _ _
..\..\..\..\AppData\Roaming\Python\Python313\site-packages\requests\api.py:73: in get
    return request("get", url, params=params, **kwargs)
           ^^^^^^^^^^^^^^^^^^^^^^^^^^^^^^^^^^^^^^^^^^^^
..\..\..\..\AppData\Roaming\Python\Python313\site-packages\requests\api.py:59: in request
    return session.request(method=method, url=url, **kwargs)
           ^^^^^^^^^^^^^^^^^^^^^^^^^^^^^^^^^^^^^^^^^^^^^^^^^
..\..\..\..\AppData\Roaming\Python\Python313\site-packages\requests\sessions.py:589: in request
    resp = self.send(prep, **send_kwargs)
           ^^^^^^^^^^^^^^^^^^^^^^^^^^^^^^
..\..\..\..\AppData\Roaming\Python\Python313\site-packages\requests\sessions.py:703: in send
    r = adapter.send(request, **kwargs)
        ^^^^^^^^^^^^^^^^^^^^^^^^^^^^^^^
_ _ _ _ _ _ _ _ _ _ _ _ _ _ _ _ _ _ _ _ _ _ _ _ _ _ _ _ _ _ _ _ _ _ _ _ _ _ _ _

self = <requests.adapters.HTTPAdapter object at 0x000001E6DE517E70>
request = <PreparedRequest [GET]>, stream = False
timeout = Timeout(connect=10, read=10, total=None), verify = True, cert = None
proxies = OrderedDict()

    def send(
        self, request, stream=False, timeout=None, verify=True, cert=None, proxies=None
    ):
        """Sends PreparedRequest object. Returns Response object.
    
        :param request: The :class:`PreparedRequest <PreparedRequest>` being sent.
        :param stream: (optional) Whether to stream the request content.
        :param timeout: (optional) How long to wait for the server to send
            data before giving up, as a float, or a :ref:`(connect timeout,
            read timeout) <timeouts>` tuple.
        :type timeout: float or tuple or urllib3 Timeout object
        :param verify: (optional) Either a boolean, in which case it controls whether
            we verify the server's TLS certificate, or a string, in which case it
            must be a path to a CA bundle to use
        :param cert: (optional) Any user-provided SSL certificate to be trusted.
        :param proxies: (optional) The proxies dictionary to apply to the request.
        :rtype: requests.Response
        """
    
        try:
            conn = self.get_connection_with_tls_context(
                request, verify, proxies=proxies, cert=cert
            )
        except LocationValueError as e:
            raise InvalidURL(e, request=request)
    
        self.cert_verify(conn, request.url, verify, cert)
        url = self.request_url(request, proxies)
        self.add_headers(
            request,
            stream=stream,
            timeout=timeout,
            verify=verify,
            cert=cert,
            proxies=proxies,
        )
    
        chunked = not (request.body is None or "Content-Length" in request.headers)
    
        if isinstance(timeout, tuple):
            try:
                connect, read = timeout
                timeout = TimeoutSauce(connect=connect, read=read)
            except ValueError:
                raise ValueError(
                    f"Invalid timeout {timeout}. Pass a (connect, read) timeout tuple, "
                    f"or a single float to set both timeouts to the same value."
                )
        elif isinstance(timeout, TimeoutSauce):
            pass
        else:
            timeout = TimeoutSauce(connect=timeout, read=timeout)
    
        try:
            resp = conn.urlopen(
                method=request.method,
                url=url,
                body=request.body,
                headers=request.headers,
                redirect=False,
                assert_same_host=False,
                preload_content=False,
                decode_content=False,
                retries=self.max_retries,
                timeout=timeout,
                chunked=chunked,
            )
    
        except (ProtocolError, OSError) as err:
            raise ConnectionError(err, request=request)
    
        except MaxRetryError as e:
            if isinstance(e.reason, ConnectTimeoutError):
                # TODO: Remove this in 3.0.0: see #2811
                if not isinstance(e.reason, NewConnectionError):
                    raise ConnectTimeout(e, request=request)
    
            if isinstance(e.reason, ResponseError):
                raise RetryError(e, request=request)
    
            if isinstance(e.reason, _ProxyError):
                raise ProxyError(e, request=request)
    
            if isinstance(e.reason, _SSLError):
                # This branch is for urllib3 v1.22 and later.
                raise SSLError(e, request=request)
    
>           raise ConnectionError(e, request=request)
E           requests.exceptions.ConnectionError: HTTPConnectionPool(host='localhost', port=8000): Max retries exceeded with url: /api/health/redis (Caused by NewConnectionError('<urllib3.connection.HTTPConnection object at 0x000001E6DE1ECA70>: Failed to establish a new connection: [WinError 10061] No connection could be made because the target machine actively refused it'))

..\..\..\..\AppData\Roaming\Python\Python313\site-packages\requests\adapters.py:700: ConnectionError
________________ TestDeploymentHealth.test_kafka_connectivity _________________

self = <urllib3.connection.HTTPConnection object at 0x000001E6DE5058C0>

    def _new_conn(self) -> socket.socket:
        """Establish a socket connection and set nodelay settings on it.
    
        :return: New socket connection.
        """
        try:
>           sock = connection.create_connection(
                (self._dns_host, self.port),
                self.timeout,
                source_address=self.source_address,
                socket_options=self.socket_options,
            )

..\..\..\..\AppData\Roaming\Python\Python313\site-packages\urllib3\connection.py:198: 
_ _ _ _ _ _ _ _ _ _ _ _ _ _ _ _ _ _ _ _ _ _ _ _ _ _ _ _ _ _ _ _ _ _ _ _ _ _ _ _
..\..\..\..\AppData\Roaming\Python\Python313\site-packages\urllib3\util\connection.py:85: in create_connection
    raise err
_ _ _ _ _ _ _ _ _ _ _ _ _ _ _ _ _ _ _ _ _ _ _ _ _ _ _ _ _ _ _ _ _ _ _ _ _ _ _ _

address = ('localhost', 8000), timeout = 10, source_address = None
socket_options = [(6, 1, 1)]

    def create_connection(
        address: tuple[str, int],
        timeout: _TYPE_TIMEOUT = _DEFAULT_TIMEOUT,
        source_address: tuple[str, int] | None = None,
        socket_options: _TYPE_SOCKET_OPTIONS | None = None,
    ) -> socket.socket:
        """Connect to *address* and return the socket object.
    
        Convenience function.  Connect to *address* (a 2-tuple ``(host,
        port)``) and return the socket object.  Passing the optional
        *timeout* parameter will set the timeout on the socket instance
        before attempting to connect.  If no *timeout* is supplied, the
        global default timeout setting returned by :func:`socket.getdefaulttimeout`
        is used.  If *source_address* is set it must be a tuple of (host, port)
        for the socket to bind as a source address before making the connection.
        An host of '' or port 0 tells the OS to use the default.
        """
    
        host, port = address
        if host.startswith("["):
            host = host.strip("[]")
        err = None
    
        # Using the value from allowed_gai_family() in the context of getaddrinfo lets
        # us select whether to work with IPv4 DNS records, IPv6 records, or both.
        # The original create_connection function always returns all records.
        family = allowed_gai_family()
    
        try:
            host.encode("idna")
        except UnicodeError:
            raise LocationParseError(f"'{host}', label empty or too long") from None
    
        for res in socket.getaddrinfo(host, port, family, socket.SOCK_STREAM):
            af, socktype, proto, canonname, sa = res
            sock = None
            try:
                sock = socket.socket(af, socktype, proto)
    
                # If provided, set socket level options before connecting.
                _set_socket_options(sock, socket_options)
    
                if timeout is not _DEFAULT_TIMEOUT:
                    sock.settimeout(timeout)
                if source_address:
                    sock.bind(source_address)
>               sock.connect(sa)
E               ConnectionRefusedError: [WinError 10061] No connection could be made because the target machine actively refused it

..\..\..\..\AppData\Roaming\Python\Python313\site-packages\urllib3\util\connection.py:73: ConnectionRefusedError

The above exception was the direct cause of the following exception:

self = <urllib3.connectionpool.HTTPConnectionPool object at 0x000001E6DE506030>
method = 'GET', url = '/api/health/kafka', body = None
headers = {'User-Agent': 'python-requests/2.32.3', 'Accept-Encoding': 'gzip, deflate, br, zstd', 'Accept': '*/*', 'Connection': 'keep-alive'}
retries = Retry(total=0, connect=None, read=False, redirect=None, status=None)
redirect = False, assert_same_host = False
timeout = Timeout(connect=10, read=10, total=None), pool_timeout = None
release_conn = False, chunked = False, body_pos = None, preload_content = False
decode_content = False, response_kw = {}
parsed_url = Url(scheme=None, auth=None, host=None, port=None, path='/api/health/kafka', query=None, fragment=None)
destination_scheme = None, conn = None, release_this_conn = True
http_tunnel_required = False, err = None, clean_exit = False

    def urlopen(  # type: ignore[override]
        self,
        method: str,
        url: str,
        body: _TYPE_BODY | None = None,
        headers: typing.Mapping[str, str] | None = None,
        retries: Retry | bool | int | None = None,
        redirect: bool = True,
        assert_same_host: bool = True,
        timeout: _TYPE_TIMEOUT = _DEFAULT_TIMEOUT,
        pool_timeout: int | None = None,
        release_conn: bool | None = None,
        chunked: bool = False,
        body_pos: _TYPE_BODY_POSITION | None = None,
        preload_content: bool = True,
        decode_content: bool = True,
        **response_kw: typing.Any,
    ) -> BaseHTTPResponse:
        """
        Get a connection from the pool and perform an HTTP request. This is the
        lowest level call for making a request, so you'll need to specify all
        the raw details.
    
        .. note::
    
           More commonly, it's appropriate to use a convenience method
           such as :meth:`request`.
    
        .. note::
    
           `release_conn` will only behave as expected if
           `preload_content=False` because we want to make
           `preload_content=False` the default behaviour someday soon without
           breaking backwards compatibility.
    
        :param method:
            HTTP request method (such as GET, POST, PUT, etc.)
    
        :param url:
            The URL to perform the request on.
    
        :param body:
            Data to send in the request body, either :class:`str`, :class:`bytes`,
            an iterable of :class:`str`/:class:`bytes`, or a file-like object.
    
        :param headers:
            Dictionary of custom headers to send, such as User-Agent,
            If-None-Match, etc. If None, pool headers are used. If provided,
            these headers completely replace any pool-specific headers.
    
        :param retries:
            Configure the number of retries to allow before raising a
            :class:`~urllib3.exceptions.MaxRetryError` exception.
    
            If ``None`` (default) will retry 3 times, see ``Retry.DEFAULT``. Pass a
            :class:`~urllib3.util.retry.Retry` object for fine-grained control
            over different types of retries.
            Pass an integer number to retry connection errors that many times,
            but no other types of errors. Pass zero to never retry.
    
            If ``False``, then retries are disabled and any exception is raised
            immediately. Also, instead of raising a MaxRetryError on redirects,
            the redirect response will be returned.
    
        :type retries: :class:`~urllib3.util.retry.Retry`, False, or an int.
    
        :param redirect:
            If True, automatically handle redirects (status codes 301, 302,
            303, 307, 308). Each redirect counts as a retry. Disabling retries
            will disable redirect, too.
    
        :param assert_same_host:
            If ``True``, will make sure that the host of the pool requests is
            consistent else will raise HostChangedError. When ``False``, you can
            use the pool on an HTTP proxy and request foreign hosts.
    
        :param timeout:
            If specified, overrides the default timeout for this one
            request. It may be a float (in seconds) or an instance of
            :class:`urllib3.util.Timeout`.
    
        :param pool_timeout:
            If set and the pool is set to block=True, then this method will
            block for ``pool_timeout`` seconds and raise EmptyPoolError if no
            connection is available within the time period.
    
        :param bool preload_content:
            If True, the response's body will be preloaded into memory.
    
        :param bool decode_content:
            If True, will attempt to decode the body based on the
            'content-encoding' header.
    
        :param release_conn:
            If False, then the urlopen call will not release the connection
            back into the pool once a response is received (but will release if
            you read the entire contents of the response such as when
            `preload_content=True`). This is useful if you're not preloading
            the response's content immediately. You will need to call
            ``r.release_conn()`` on the response ``r`` to return the connection
            back into the pool. If None, it takes the value of ``preload_content``
            which defaults to ``True``.
    
        :param bool chunked:
            If True, urllib3 will send the body using chunked transfer
            encoding. Otherwise, urllib3 will send the body using the standard
            content-length form. Defaults to False.
    
        :param int body_pos:
            Position to seek to in file-like body in the event of a retry or
            redirect. Typically this won't need to be set because urllib3 will
            auto-populate the value when needed.
        """
        parsed_url = parse_url(url)
        destination_scheme = parsed_url.scheme
    
        if headers is None:
            headers = self.headers
    
        if not isinstance(retries, Retry):
            retries = Retry.from_int(retries, redirect=redirect, default=self.retries)
    
        if release_conn is None:
            release_conn = preload_content
    
        # Check host
        if assert_same_host and not self.is_same_host(url):
            raise HostChangedError(self, url, retries)
    
        # Ensure that the URL we're connecting to is properly encoded
        if url.startswith("/"):
            url = to_str(_encode_target(url))
        else:
            url = to_str(parsed_url.url)
    
        conn = None
    
        # Track whether `conn` needs to be released before
        # returning/raising/recursing. Update this variable if necessary, and
        # leave `release_conn` constant throughout the function. That way, if
        # the function recurses, the original value of `release_conn` will be
        # passed down into the recursive call, and its value will be respected.
        #
        # See issue #651 [1] for details.
        #
        # [1] <https://github.com/urllib3/urllib3/issues/651>
        release_this_conn = release_conn
    
        http_tunnel_required = connection_requires_http_tunnel(
            self.proxy, self.proxy_config, destination_scheme
        )
    
        # Merge the proxy headers. Only done when not using HTTP CONNECT. We
        # have to copy the headers dict so we can safely change it without those
        # changes being reflected in anyone else's copy.
        if not http_tunnel_required:
            headers = headers.copy()  # type: ignore[attr-defined]
            headers.update(self.proxy_headers)  # type: ignore[union-attr]
    
        # Must keep the exception bound to a separate variable or else Python 3
        # complains about UnboundLocalError.
        err = None
    
        # Keep track of whether we cleanly exited the except block. This
        # ensures we do proper cleanup in finally.
        clean_exit = False
    
        # Rewind body position, if needed. Record current position
        # for future rewinds in the event of a redirect/retry.
        body_pos = set_file_position(body, body_pos)
    
        try:
            # Request a connection from the queue.
            timeout_obj = self._get_timeout(timeout)
            conn = self._get_conn(timeout=pool_timeout)
    
            conn.timeout = timeout_obj.connect_timeout  # type: ignore[assignment]
    
            # Is this a closed/new connection that requires CONNECT tunnelling?
            if self.proxy is not None and http_tunnel_required and conn.is_closed:
                try:
                    self._prepare_proxy(conn)
                except (BaseSSLError, OSError, SocketTimeout) as e:
                    self._raise_timeout(
                        err=e, url=self.proxy.url, timeout_value=conn.timeout
                    )
                    raise
    
            # If we're going to release the connection in ``finally:``, then
            # the response doesn't need to know about the connection. Otherwise
            # it will also try to release it and we'll have a double-release
            # mess.
            response_conn = conn if not release_conn else None
    
            # Make the request on the HTTPConnection object
>           response = self._make_request(
                conn,
                method,
                url,
                timeout=timeout_obj,
                body=body,
                headers=headers,
                chunked=chunked,
                retries=retries,
                response_conn=response_conn,
                preload_content=preload_content,
                decode_content=decode_content,
                **response_kw,
            )

..\..\..\..\AppData\Roaming\Python\Python313\site-packages\urllib3\connectionpool.py:787: 
_ _ _ _ _ _ _ _ _ _ _ _ _ _ _ _ _ _ _ _ _ _ _ _ _ _ _ _ _ _ _ _ _ _ _ _ _ _ _ _
..\..\..\..\AppData\Roaming\Python\Python313\site-packages\urllib3\connectionpool.py:493: in _make_request
    conn.request(
..\..\..\..\AppData\Roaming\Python\Python313\site-packages\urllib3\connection.py:445: in request
    self.endheaders()
C:\Program Files\Python313\Lib\http\client.py:1333: in endheaders
    self._send_output(message_body, encode_chunked=encode_chunked)
C:\Program Files\Python313\Lib\http\client.py:1093: in _send_output
    self.send(msg)
C:\Program Files\Python313\Lib\http\client.py:1037: in send
    self.connect()
..\..\..\..\AppData\Roaming\Python\Python313\site-packages\urllib3\connection.py:276: in connect
    self.sock = self._new_conn()
                ^^^^^^^^^^^^^^^^
_ _ _ _ _ _ _ _ _ _ _ _ _ _ _ _ _ _ _ _ _ _ _ _ _ _ _ _ _ _ _ _ _ _ _ _ _ _ _ _

self = <urllib3.connection.HTTPConnection object at 0x000001E6DE5058C0>

    def _new_conn(self) -> socket.socket:
        """Establish a socket connection and set nodelay settings on it.
    
        :return: New socket connection.
        """
        try:
            sock = connection.create_connection(
                (self._dns_host, self.port),
                self.timeout,
                source_address=self.source_address,
                socket_options=self.socket_options,
            )
        except socket.gaierror as e:
            raise NameResolutionError(self.host, self, e) from e
        except SocketTimeout as e:
            raise ConnectTimeoutError(
                self,
                f"Connection to {self.host} timed out. (connect timeout={self.timeout})",
            ) from e
    
        except OSError as e:
>           raise NewConnectionError(
                self, f"Failed to establish a new connection: {e}"
            ) from e
E           urllib3.exceptions.NewConnectionError: <urllib3.connection.HTTPConnection object at 0x000001E6DE5058C0>: Failed to establish a new connection: [WinError 10061] No connection could be made because the target machine actively refused it

..\..\..\..\AppData\Roaming\Python\Python313\site-packages\urllib3\connection.py:213: NewConnectionError

The above exception was the direct cause of the following exception:

self = <requests.adapters.HTTPAdapter object at 0x000001E6DE4B28D0>
request = <PreparedRequest [GET]>, stream = False
timeout = Timeout(connect=10, read=10, total=None), verify = True, cert = None
proxies = OrderedDict()

    def send(
        self, request, stream=False, timeout=None, verify=True, cert=None, proxies=None
    ):
        """Sends PreparedRequest object. Returns Response object.
    
        :param request: The :class:`PreparedRequest <PreparedRequest>` being sent.
        :param stream: (optional) Whether to stream the request content.
        :param timeout: (optional) How long to wait for the server to send
            data before giving up, as a float, or a :ref:`(connect timeout,
            read timeout) <timeouts>` tuple.
        :type timeout: float or tuple or urllib3 Timeout object
        :param verify: (optional) Either a boolean, in which case it controls whether
            we verify the server's TLS certificate, or a string, in which case it
            must be a path to a CA bundle to use
        :param cert: (optional) Any user-provided SSL certificate to be trusted.
        :param proxies: (optional) The proxies dictionary to apply to the request.
        :rtype: requests.Response
        """
    
        try:
            conn = self.get_connection_with_tls_context(
                request, verify, proxies=proxies, cert=cert
            )
        except LocationValueError as e:
            raise InvalidURL(e, request=request)
    
        self.cert_verify(conn, request.url, verify, cert)
        url = self.request_url(request, proxies)
        self.add_headers(
            request,
            stream=stream,
            timeout=timeout,
            verify=verify,
            cert=cert,
            proxies=proxies,
        )
    
        chunked = not (request.body is None or "Content-Length" in request.headers)
    
        if isinstance(timeout, tuple):
            try:
                connect, read = timeout
                timeout = TimeoutSauce(connect=connect, read=read)
            except ValueError:
                raise ValueError(
                    f"Invalid timeout {timeout}. Pass a (connect, read) timeout tuple, "
                    f"or a single float to set both timeouts to the same value."
                )
        elif isinstance(timeout, TimeoutSauce):
            pass
        else:
            timeout = TimeoutSauce(connect=timeout, read=timeout)
    
        try:
>           resp = conn.urlopen(
                method=request.method,
                url=url,
                body=request.body,
                headers=request.headers,
                redirect=False,
                assert_same_host=False,
                preload_content=False,
                decode_content=False,
                retries=self.max_retries,
                timeout=timeout,
                chunked=chunked,
            )

..\..\..\..\AppData\Roaming\Python\Python313\site-packages\requests\adapters.py:667: 
_ _ _ _ _ _ _ _ _ _ _ _ _ _ _ _ _ _ _ _ _ _ _ _ _ _ _ _ _ _ _ _ _ _ _ _ _ _ _ _
..\..\..\..\AppData\Roaming\Python\Python313\site-packages\urllib3\connectionpool.py:841: in urlopen
    retries = retries.increment(
_ _ _ _ _ _ _ _ _ _ _ _ _ _ _ _ _ _ _ _ _ _ _ _ _ _ _ _ _ _ _ _ _ _ _ _ _ _ _ _

self = Retry(total=0, connect=None, read=False, redirect=None, status=None)
method = 'GET', url = '/api/health/kafka', response = None
error = NewConnectionError('<urllib3.connection.HTTPConnection object at 0x000001E6DE5058C0>: Failed to establish a new connection: [WinError 10061] No connection could be made because the target machine actively refused it')
_pool = <urllib3.connectionpool.HTTPConnectionPool object at 0x000001E6DE506030>
_stacktrace = <traceback object at 0x000001E6DEB5E600>

    def increment(
        self,
        method: str | None = None,
        url: str | None = None,
        response: BaseHTTPResponse | None = None,
        error: Exception | None = None,
        _pool: ConnectionPool | None = None,
        _stacktrace: TracebackType | None = None,
    ) -> Self:
        """Return a new Retry object with incremented retry counters.
    
        :param response: A response object, or None, if the server did not
            return a response.
        :type response: :class:`~urllib3.response.BaseHTTPResponse`
        :param Exception error: An error encountered during the request, or
            None if the response was received successfully.
    
        :return: A new ``Retry`` object.
        """
        if self.total is False and error:
            # Disabled, indicate to re-raise the error.
            raise reraise(type(error), error, _stacktrace)
    
        total = self.total
        if total is not None:
            total -= 1
    
        connect = self.connect
        read = self.read
        redirect = self.redirect
        status_count = self.status
        other = self.other
        cause = "unknown"
        status = None
        redirect_location = None
    
        if error and self._is_connection_error(error):
            # Connect retry?
            if connect is False:
                raise reraise(type(error), error, _stacktrace)
            elif connect is not None:
                connect -= 1
    
        elif error and self._is_read_error(error):
            # Read retry?
            if read is False or method is None or not self._is_method_retryable(method):
                raise reraise(type(error), error, _stacktrace)
            elif read is not None:
                read -= 1
    
        elif error:
            # Other retry?
            if other is not None:
                other -= 1
    
        elif response and response.get_redirect_location():
            # Redirect retry?
            if redirect is not None:
                redirect -= 1
            cause = "too many redirects"
            response_redirect_location = response.get_redirect_location()
            if response_redirect_location:
                redirect_location = response_redirect_location
            status = response.status
    
        else:
            # Incrementing because of a server error like a 500 in
            # status_forcelist and the given method is in the allowed_methods
            cause = ResponseError.GENERIC_ERROR
            if response and response.status:
                if status_count is not None:
                    status_count -= 1
                cause = ResponseError.SPECIFIC_ERROR.format(status_code=response.status)
                status = response.status
    
        history = self.history + (
            RequestHistory(method, url, error, status, redirect_location),
        )
    
        new_retry = self.new(
            total=total,
            connect=connect,
            read=read,
            redirect=redirect,
            status=status_count,
            other=other,
            history=history,
        )
    
        if new_retry.is_exhausted():
            reason = error or ResponseError(cause)
>           raise MaxRetryError(_pool, url, reason) from reason  # type: ignore[arg-type]
            ^^^^^^^^^^^^^^^^^^^^^^^^^^^^^^^^^^^^^^^^^^^^^^^^^^^
E           urllib3.exceptions.MaxRetryError: HTTPConnectionPool(host='localhost', port=8000): Max retries exceeded with url: /api/health/kafka (Caused by NewConnectionError('<urllib3.connection.HTTPConnection object at 0x000001E6DE5058C0>: Failed to establish a new connection: [WinError 10061] No connection could be made because the target machine actively refused it'))

..\..\..\..\AppData\Roaming\Python\Python313\site-packages\urllib3\util\retry.py:519: MaxRetryError

During handling of the above exception, another exception occurred:

self = <test_deployment_health.TestDeploymentHealth object at 0x000001E6D98DE9F0>
base_url = 'http://localhost:8000', auth_headers = {}

    def test_kafka_connectivity(self, base_url: str, auth_headers: Dict[str, str]):
        """Test that Kafka is accessible."""
>       response = requests.get(
            f"{base_url}/api/health/kafka",
            headers=auth_headers,
            timeout=10
        )

tests\smoke\test_deployment_health.py:92: 
_ _ _ _ _ _ _ _ _ _ _ _ _ _ _ _ _ _ _ _ _ _ _ _ _ _ _ _ _ _ _ _ _ _ _ _ _ _ _ _
..\..\..\..\AppData\Roaming\Python\Python313\site-packages\requests\api.py:73: in get
    return request("get", url, params=params, **kwargs)
           ^^^^^^^^^^^^^^^^^^^^^^^^^^^^^^^^^^^^^^^^^^^^
..\..\..\..\AppData\Roaming\Python\Python313\site-packages\requests\api.py:59: in request
    return session.request(method=method, url=url, **kwargs)
           ^^^^^^^^^^^^^^^^^^^^^^^^^^^^^^^^^^^^^^^^^^^^^^^^^
..\..\..\..\AppData\Roaming\Python\Python313\site-packages\requests\sessions.py:589: in request
    resp = self.send(prep, **send_kwargs)
           ^^^^^^^^^^^^^^^^^^^^^^^^^^^^^^
..\..\..\..\AppData\Roaming\Python\Python313\site-packages\requests\sessions.py:703: in send
    r = adapter.send(request, **kwargs)
        ^^^^^^^^^^^^^^^^^^^^^^^^^^^^^^^
_ _ _ _ _ _ _ _ _ _ _ _ _ _ _ _ _ _ _ _ _ _ _ _ _ _ _ _ _ _ _ _ _ _ _ _ _ _ _ _

self = <requests.adapters.HTTPAdapter object at 0x000001E6DE4B28D0>
request = <PreparedRequest [GET]>, stream = False
timeout = Timeout(connect=10, read=10, total=None), verify = True, cert = None
proxies = OrderedDict()

    def send(
        self, request, stream=False, timeout=None, verify=True, cert=None, proxies=None
    ):
        """Sends PreparedRequest object. Returns Response object.
    
        :param request: The :class:`PreparedRequest <PreparedRequest>` being sent.
        :param stream: (optional) Whether to stream the request content.
        :param timeout: (optional) How long to wait for the server to send
            data before giving up, as a float, or a :ref:`(connect timeout,
            read timeout) <timeouts>` tuple.
        :type timeout: float or tuple or urllib3 Timeout object
        :param verify: (optional) Either a boolean, in which case it controls whether
            we verify the server's TLS certificate, or a string, in which case it
            must be a path to a CA bundle to use
        :param cert: (optional) Any user-provided SSL certificate to be trusted.
        :param proxies: (optional) The proxies dictionary to apply to the request.
        :rtype: requests.Response
        """
    
        try:
            conn = self.get_connection_with_tls_context(
                request, verify, proxies=proxies, cert=cert
            )
        except LocationValueError as e:
            raise InvalidURL(e, request=request)
    
        self.cert_verify(conn, request.url, verify, cert)
        url = self.request_url(request, proxies)
        self.add_headers(
            request,
            stream=stream,
            timeout=timeout,
            verify=verify,
            cert=cert,
            proxies=proxies,
        )
    
        chunked = not (request.body is None or "Content-Length" in request.headers)
    
        if isinstance(timeout, tuple):
            try:
                connect, read = timeout
                timeout = TimeoutSauce(connect=connect, read=read)
            except ValueError:
                raise ValueError(
                    f"Invalid timeout {timeout}. Pass a (connect, read) timeout tuple, "
                    f"or a single float to set both timeouts to the same value."
                )
        elif isinstance(timeout, TimeoutSauce):
            pass
        else:
            timeout = TimeoutSauce(connect=timeout, read=timeout)
    
        try:
            resp = conn.urlopen(
                method=request.method,
                url=url,
                body=request.body,
                headers=request.headers,
                redirect=False,
                assert_same_host=False,
                preload_content=False,
                decode_content=False,
                retries=self.max_retries,
                timeout=timeout,
                chunked=chunked,
            )
    
        except (ProtocolError, OSError) as err:
            raise ConnectionError(err, request=request)
    
        except MaxRetryError as e:
            if isinstance(e.reason, ConnectTimeoutError):
                # TODO: Remove this in 3.0.0: see #2811
                if not isinstance(e.reason, NewConnectionError):
                    raise ConnectTimeout(e, request=request)
    
            if isinstance(e.reason, ResponseError):
                raise RetryError(e, request=request)
    
            if isinstance(e.reason, _ProxyError):
                raise ProxyError(e, request=request)
    
            if isinstance(e.reason, _SSLError):
                # This branch is for urllib3 v1.22 and later.
                raise SSLError(e, request=request)
    
>           raise ConnectionError(e, request=request)
E           requests.exceptions.ConnectionError: HTTPConnectionPool(host='localhost', port=8000): Max retries exceeded with url: /api/health/kafka (Caused by NewConnectionError('<urllib3.connection.HTTPConnection object at 0x000001E6DE5058C0>: Failed to establish a new connection: [WinError 10061] No connection could be made because the target machine actively refused it'))

..\..\..\..\AppData\Roaming\Python\Python313\site-packages\requests\adapters.py:700: ConnectionError
________________ TestDeploymentHealth.test_market_data_service ________________

self = <urllib3.connection.HTTPConnection object at 0x000001E6DE507020>

    def _new_conn(self) -> socket.socket:
        """Establish a socket connection and set nodelay settings on it.
    
        :return: New socket connection.
        """
        try:
>           sock = connection.create_connection(
                (self._dns_host, self.port),
                self.timeout,
                source_address=self.source_address,
                socket_options=self.socket_options,
            )

..\..\..\..\AppData\Roaming\Python\Python313\site-packages\urllib3\connection.py:198: 
_ _ _ _ _ _ _ _ _ _ _ _ _ _ _ _ _ _ _ _ _ _ _ _ _ _ _ _ _ _ _ _ _ _ _ _ _ _ _ _
..\..\..\..\AppData\Roaming\Python\Python313\site-packages\urllib3\util\connection.py:85: in create_connection
    raise err
_ _ _ _ _ _ _ _ _ _ _ _ _ _ _ _ _ _ _ _ _ _ _ _ _ _ _ _ _ _ _ _ _ _ _ _ _ _ _ _

address = ('localhost', 8000), timeout = 15, source_address = None
socket_options = [(6, 1, 1)]

    def create_connection(
        address: tuple[str, int],
        timeout: _TYPE_TIMEOUT = _DEFAULT_TIMEOUT,
        source_address: tuple[str, int] | None = None,
        socket_options: _TYPE_SOCKET_OPTIONS | None = None,
    ) -> socket.socket:
        """Connect to *address* and return the socket object.
    
        Convenience function.  Connect to *address* (a 2-tuple ``(host,
        port)``) and return the socket object.  Passing the optional
        *timeout* parameter will set the timeout on the socket instance
        before attempting to connect.  If no *timeout* is supplied, the
        global default timeout setting returned by :func:`socket.getdefaulttimeout`
        is used.  If *source_address* is set it must be a tuple of (host, port)
        for the socket to bind as a source address before making the connection.
        An host of '' or port 0 tells the OS to use the default.
        """
    
        host, port = address
        if host.startswith("["):
            host = host.strip("[]")
        err = None
    
        # Using the value from allowed_gai_family() in the context of getaddrinfo lets
        # us select whether to work with IPv4 DNS records, IPv6 records, or both.
        # The original create_connection function always returns all records.
        family = allowed_gai_family()
    
        try:
            host.encode("idna")
        except UnicodeError:
            raise LocationParseError(f"'{host}', label empty or too long") from None
    
        for res in socket.getaddrinfo(host, port, family, socket.SOCK_STREAM):
            af, socktype, proto, canonname, sa = res
            sock = None
            try:
                sock = socket.socket(af, socktype, proto)
    
                # If provided, set socket level options before connecting.
                _set_socket_options(sock, socket_options)
    
                if timeout is not _DEFAULT_TIMEOUT:
                    sock.settimeout(timeout)
                if source_address:
                    sock.bind(source_address)
>               sock.connect(sa)
E               ConnectionRefusedError: [WinError 10061] No connection could be made because the target machine actively refused it

..\..\..\..\AppData\Roaming\Python\Python313\site-packages\urllib3\util\connection.py:73: ConnectionRefusedError

The above exception was the direct cause of the following exception:

self = <urllib3.connectionpool.HTTPConnectionPool object at 0x000001E6DE5049E0>
method = 'GET', url = '/api/market-data/AAPL', body = None
headers = {'User-Agent': 'python-requests/2.32.3', 'Accept-Encoding': 'gzip, deflate, br, zstd', 'Accept': '*/*', 'Connection': 'keep-alive'}
retries = Retry(total=0, connect=None, read=False, redirect=None, status=None)
redirect = False, assert_same_host = False
timeout = Timeout(connect=15, read=15, total=None), pool_timeout = None
release_conn = False, chunked = False, body_pos = None, preload_content = False
decode_content = False, response_kw = {}
parsed_url = Url(scheme=None, auth=None, host=None, port=None, path='/api/market-data/AAPL', query=None, fragment=None)
destination_scheme = None, conn = None, release_this_conn = True
http_tunnel_required = False, err = None, clean_exit = False

    def urlopen(  # type: ignore[override]
        self,
        method: str,
        url: str,
        body: _TYPE_BODY | None = None,
        headers: typing.Mapping[str, str] | None = None,
        retries: Retry | bool | int | None = None,
        redirect: bool = True,
        assert_same_host: bool = True,
        timeout: _TYPE_TIMEOUT = _DEFAULT_TIMEOUT,
        pool_timeout: int | None = None,
        release_conn: bool | None = None,
        chunked: bool = False,
        body_pos: _TYPE_BODY_POSITION | None = None,
        preload_content: bool = True,
        decode_content: bool = True,
        **response_kw: typing.Any,
    ) -> BaseHTTPResponse:
        """
        Get a connection from the pool and perform an HTTP request. This is the
        lowest level call for making a request, so you'll need to specify all
        the raw details.
    
        .. note::
    
           More commonly, it's appropriate to use a convenience method
           such as :meth:`request`.
    
        .. note::
    
           `release_conn` will only behave as expected if
           `preload_content=False` because we want to make
           `preload_content=False` the default behaviour someday soon without
           breaking backwards compatibility.
    
        :param method:
            HTTP request method (such as GET, POST, PUT, etc.)
    
        :param url:
            The URL to perform the request on.
    
        :param body:
            Data to send in the request body, either :class:`str`, :class:`bytes`,
            an iterable of :class:`str`/:class:`bytes`, or a file-like object.
    
        :param headers:
            Dictionary of custom headers to send, such as User-Agent,
            If-None-Match, etc. If None, pool headers are used. If provided,
            these headers completely replace any pool-specific headers.
    
        :param retries:
            Configure the number of retries to allow before raising a
            :class:`~urllib3.exceptions.MaxRetryError` exception.
    
            If ``None`` (default) will retry 3 times, see ``Retry.DEFAULT``. Pass a
            :class:`~urllib3.util.retry.Retry` object for fine-grained control
            over different types of retries.
            Pass an integer number to retry connection errors that many times,
            but no other types of errors. Pass zero to never retry.
    
            If ``False``, then retries are disabled and any exception is raised
            immediately. Also, instead of raising a MaxRetryError on redirects,
            the redirect response will be returned.
    
        :type retries: :class:`~urllib3.util.retry.Retry`, False, or an int.
    
        :param redirect:
            If True, automatically handle redirects (status codes 301, 302,
            303, 307, 308). Each redirect counts as a retry. Disabling retries
            will disable redirect, too.
    
        :param assert_same_host:
            If ``True``, will make sure that the host of the pool requests is
            consistent else will raise HostChangedError. When ``False``, you can
            use the pool on an HTTP proxy and request foreign hosts.
    
        :param timeout:
            If specified, overrides the default timeout for this one
            request. It may be a float (in seconds) or an instance of
            :class:`urllib3.util.Timeout`.
    
        :param pool_timeout:
            If set and the pool is set to block=True, then this method will
            block for ``pool_timeout`` seconds and raise EmptyPoolError if no
            connection is available within the time period.
    
        :param bool preload_content:
            If True, the response's body will be preloaded into memory.
    
        :param bool decode_content:
            If True, will attempt to decode the body based on the
            'content-encoding' header.
    
        :param release_conn:
            If False, then the urlopen call will not release the connection
            back into the pool once a response is received (but will release if
            you read the entire contents of the response such as when
            `preload_content=True`). This is useful if you're not preloading
            the response's content immediately. You will need to call
            ``r.release_conn()`` on the response ``r`` to return the connection
            back into the pool. If None, it takes the value of ``preload_content``
            which defaults to ``True``.
    
        :param bool chunked:
            If True, urllib3 will send the body using chunked transfer
            encoding. Otherwise, urllib3 will send the body using the standard
            content-length form. Defaults to False.
    
        :param int body_pos:
            Position to seek to in file-like body in the event of a retry or
            redirect. Typically this won't need to be set because urllib3 will
            auto-populate the value when needed.
        """
        parsed_url = parse_url(url)
        destination_scheme = parsed_url.scheme
    
        if headers is None:
            headers = self.headers
    
        if not isinstance(retries, Retry):
            retries = Retry.from_int(retries, redirect=redirect, default=self.retries)
    
        if release_conn is None:
            release_conn = preload_content
    
        # Check host
        if assert_same_host and not self.is_same_host(url):
            raise HostChangedError(self, url, retries)
    
        # Ensure that the URL we're connecting to is properly encoded
        if url.startswith("/"):
            url = to_str(_encode_target(url))
        else:
            url = to_str(parsed_url.url)
    
        conn = None
    
        # Track whether `conn` needs to be released before
        # returning/raising/recursing. Update this variable if necessary, and
        # leave `release_conn` constant throughout the function. That way, if
        # the function recurses, the original value of `release_conn` will be
        # passed down into the recursive call, and its value will be respected.
        #
        # See issue #651 [1] for details.
        #
        # [1] <https://github.com/urllib3/urllib3/issues/651>
        release_this_conn = release_conn
    
        http_tunnel_required = connection_requires_http_tunnel(
            self.proxy, self.proxy_config, destination_scheme
        )
    
        # Merge the proxy headers. Only done when not using HTTP CONNECT. We
        # have to copy the headers dict so we can safely change it without those
        # changes being reflected in anyone else's copy.
        if not http_tunnel_required:
            headers = headers.copy()  # type: ignore[attr-defined]
            headers.update(self.proxy_headers)  # type: ignore[union-attr]
    
        # Must keep the exception bound to a separate variable or else Python 3
        # complains about UnboundLocalError.
        err = None
    
        # Keep track of whether we cleanly exited the except block. This
        # ensures we do proper cleanup in finally.
        clean_exit = False
    
        # Rewind body position, if needed. Record current position
        # for future rewinds in the event of a redirect/retry.
        body_pos = set_file_position(body, body_pos)
    
        try:
            # Request a connection from the queue.
            timeout_obj = self._get_timeout(timeout)
            conn = self._get_conn(timeout=pool_timeout)
    
            conn.timeout = timeout_obj.connect_timeout  # type: ignore[assignment]
    
            # Is this a closed/new connection that requires CONNECT tunnelling?
            if self.proxy is not None and http_tunnel_required and conn.is_closed:
                try:
                    self._prepare_proxy(conn)
                except (BaseSSLError, OSError, SocketTimeout) as e:
                    self._raise_timeout(
                        err=e, url=self.proxy.url, timeout_value=conn.timeout
                    )
                    raise
    
            # If we're going to release the connection in ``finally:``, then
            # the response doesn't need to know about the connection. Otherwise
            # it will also try to release it and we'll have a double-release
            # mess.
            response_conn = conn if not release_conn else None
    
            # Make the request on the HTTPConnection object
>           response = self._make_request(
                conn,
                method,
                url,
                timeout=timeout_obj,
                body=body,
                headers=headers,
                chunked=chunked,
                retries=retries,
                response_conn=response_conn,
                preload_content=preload_content,
                decode_content=decode_content,
                **response_kw,
            )

..\..\..\..\AppData\Roaming\Python\Python313\site-packages\urllib3\connectionpool.py:787: 
_ _ _ _ _ _ _ _ _ _ _ _ _ _ _ _ _ _ _ _ _ _ _ _ _ _ _ _ _ _ _ _ _ _ _ _ _ _ _ _
..\..\..\..\AppData\Roaming\Python\Python313\site-packages\urllib3\connectionpool.py:493: in _make_request
    conn.request(
..\..\..\..\AppData\Roaming\Python\Python313\site-packages\urllib3\connection.py:445: in request
    self.endheaders()
C:\Program Files\Python313\Lib\http\client.py:1333: in endheaders
    self._send_output(message_body, encode_chunked=encode_chunked)
C:\Program Files\Python313\Lib\http\client.py:1093: in _send_output
    self.send(msg)
C:\Program Files\Python313\Lib\http\client.py:1037: in send
    self.connect()
..\..\..\..\AppData\Roaming\Python\Python313\site-packages\urllib3\connection.py:276: in connect
    self.sock = self._new_conn()
                ^^^^^^^^^^^^^^^^
_ _ _ _ _ _ _ _ _ _ _ _ _ _ _ _ _ _ _ _ _ _ _ _ _ _ _ _ _ _ _ _ _ _ _ _ _ _ _ _

self = <urllib3.connection.HTTPConnection object at 0x000001E6DE507020>

    def _new_conn(self) -> socket.socket:
        """Establish a socket connection and set nodelay settings on it.
    
        :return: New socket connection.
        """
        try:
            sock = connection.create_connection(
                (self._dns_host, self.port),
                self.timeout,
                source_address=self.source_address,
                socket_options=self.socket_options,
            )
        except socket.gaierror as e:
            raise NameResolutionError(self.host, self, e) from e
        except SocketTimeout as e:
            raise ConnectTimeoutError(
                self,
                f"Connection to {self.host} timed out. (connect timeout={self.timeout})",
            ) from e
    
        except OSError as e:
>           raise NewConnectionError(
                self, f"Failed to establish a new connection: {e}"
            ) from e
E           urllib3.exceptions.NewConnectionError: <urllib3.connection.HTTPConnection object at 0x000001E6DE507020>: Failed to establish a new connection: [WinError 10061] No connection could be made because the target machine actively refused it

..\..\..\..\AppData\Roaming\Python\Python313\site-packages\urllib3\connection.py:213: NewConnectionError

The above exception was the direct cause of the following exception:

self = <requests.adapters.HTTPAdapter object at 0x000001E6DE57CF70>
request = <PreparedRequest [GET]>, stream = False
timeout = Timeout(connect=15, read=15, total=None), verify = True, cert = None
proxies = OrderedDict()

    def send(
        self, request, stream=False, timeout=None, verify=True, cert=None, proxies=None
    ):
        """Sends PreparedRequest object. Returns Response object.
    
        :param request: The :class:`PreparedRequest <PreparedRequest>` being sent.
        :param stream: (optional) Whether to stream the request content.
        :param timeout: (optional) How long to wait for the server to send
            data before giving up, as a float, or a :ref:`(connect timeout,
            read timeout) <timeouts>` tuple.
        :type timeout: float or tuple or urllib3 Timeout object
        :param verify: (optional) Either a boolean, in which case it controls whether
            we verify the server's TLS certificate, or a string, in which case it
            must be a path to a CA bundle to use
        :param cert: (optional) Any user-provided SSL certificate to be trusted.
        :param proxies: (optional) The proxies dictionary to apply to the request.
        :rtype: requests.Response
        """
    
        try:
            conn = self.get_connection_with_tls_context(
                request, verify, proxies=proxies, cert=cert
            )
        except LocationValueError as e:
            raise InvalidURL(e, request=request)
    
        self.cert_verify(conn, request.url, verify, cert)
        url = self.request_url(request, proxies)
        self.add_headers(
            request,
            stream=stream,
            timeout=timeout,
            verify=verify,
            cert=cert,
            proxies=proxies,
        )
    
        chunked = not (request.body is None or "Content-Length" in request.headers)
    
        if isinstance(timeout, tuple):
            try:
                connect, read = timeout
                timeout = TimeoutSauce(connect=connect, read=read)
            except ValueError:
                raise ValueError(
                    f"Invalid timeout {timeout}. Pass a (connect, read) timeout tuple, "
                    f"or a single float to set both timeouts to the same value."
                )
        elif isinstance(timeout, TimeoutSauce):
            pass
        else:
            timeout = TimeoutSauce(connect=timeout, read=timeout)
    
        try:
>           resp = conn.urlopen(
                method=request.method,
                url=url,
                body=request.body,
                headers=request.headers,
                redirect=False,
                assert_same_host=False,
                preload_content=False,
                decode_content=False,
                retries=self.max_retries,
                timeout=timeout,
                chunked=chunked,
            )

..\..\..\..\AppData\Roaming\Python\Python313\site-packages\requests\adapters.py:667: 
_ _ _ _ _ _ _ _ _ _ _ _ _ _ _ _ _ _ _ _ _ _ _ _ _ _ _ _ _ _ _ _ _ _ _ _ _ _ _ _
..\..\..\..\AppData\Roaming\Python\Python313\site-packages\urllib3\connectionpool.py:841: in urlopen
    retries = retries.increment(
_ _ _ _ _ _ _ _ _ _ _ _ _ _ _ _ _ _ _ _ _ _ _ _ _ _ _ _ _ _ _ _ _ _ _ _ _ _ _ _

self = Retry(total=0, connect=None, read=False, redirect=None, status=None)
method = 'GET', url = '/api/market-data/AAPL', response = None
error = NewConnectionError('<urllib3.connection.HTTPConnection object at 0x000001E6DE507020>: Failed to establish a new connection: [WinError 10061] No connection could be made because the target machine actively refused it')
_pool = <urllib3.connectionpool.HTTPConnectionPool object at 0x000001E6DE5049E0>
_stacktrace = <traceback object at 0x000001E6DE7EAF40>

    def increment(
        self,
        method: str | None = None,
        url: str | None = None,
        response: BaseHTTPResponse | None = None,
        error: Exception | None = None,
        _pool: ConnectionPool | None = None,
        _stacktrace: TracebackType | None = None,
    ) -> Self:
        """Return a new Retry object with incremented retry counters.
    
        :param response: A response object, or None, if the server did not
            return a response.
        :type response: :class:`~urllib3.response.BaseHTTPResponse`
        :param Exception error: An error encountered during the request, or
            None if the response was received successfully.
    
        :return: A new ``Retry`` object.
        """
        if self.total is False and error:
            # Disabled, indicate to re-raise the error.
            raise reraise(type(error), error, _stacktrace)
    
        total = self.total
        if total is not None:
            total -= 1
    
        connect = self.connect
        read = self.read
        redirect = self.redirect
        status_count = self.status
        other = self.other
        cause = "unknown"
        status = None
        redirect_location = None
    
        if error and self._is_connection_error(error):
            # Connect retry?
            if connect is False:
                raise reraise(type(error), error, _stacktrace)
            elif connect is not None:
                connect -= 1
    
        elif error and self._is_read_error(error):
            # Read retry?
            if read is False or method is None or not self._is_method_retryable(method):
                raise reraise(type(error), error, _stacktrace)
            elif read is not None:
                read -= 1
    
        elif error:
            # Other retry?
            if other is not None:
                other -= 1
    
        elif response and response.get_redirect_location():
            # Redirect retry?
            if redirect is not None:
                redirect -= 1
            cause = "too many redirects"
            response_redirect_location = response.get_redirect_location()
            if response_redirect_location:
                redirect_location = response_redirect_location
            status = response.status
    
        else:
            # Incrementing because of a server error like a 500 in
            # status_forcelist and the given method is in the allowed_methods
            cause = ResponseError.GENERIC_ERROR
            if response and response.status:
                if status_count is not None:
                    status_count -= 1
                cause = ResponseError.SPECIFIC_ERROR.format(status_code=response.status)
                status = response.status
    
        history = self.history + (
            RequestHistory(method, url, error, status, redirect_location),
        )
    
        new_retry = self.new(
            total=total,
            connect=connect,
            read=read,
            redirect=redirect,
            status=status_count,
            other=other,
            history=history,
        )
    
        if new_retry.is_exhausted():
            reason = error or ResponseError(cause)
>           raise MaxRetryError(_pool, url, reason) from reason  # type: ignore[arg-type]
            ^^^^^^^^^^^^^^^^^^^^^^^^^^^^^^^^^^^^^^^^^^^^^^^^^^^
E           urllib3.exceptions.MaxRetryError: HTTPConnectionPool(host='localhost', port=8000): Max retries exceeded with url: /api/market-data/AAPL (Caused by NewConnectionError('<urllib3.connection.HTTPConnection object at 0x000001E6DE507020>: Failed to establish a new connection: [WinError 10061] No connection could be made because the target machine actively refused it'))

..\..\..\..\AppData\Roaming\Python\Python313\site-packages\urllib3\util\retry.py:519: MaxRetryError

During handling of the above exception, another exception occurred:

self = <test_deployment_health.TestDeploymentHealth object at 0x000001E6D98D85A0>
base_url = 'http://localhost:8000', auth_headers = {}

    def test_market_data_service(self, base_url: str, auth_headers: Dict[str, str]):
        """Test that market data service is responding."""
>       response = requests.get(
            f"{base_url}/api/market-data/AAPL",
            headers=auth_headers,
            timeout=15
        )

tests\smoke\test_deployment_health.py:105: 
_ _ _ _ _ _ _ _ _ _ _ _ _ _ _ _ _ _ _ _ _ _ _ _ _ _ _ _ _ _ _ _ _ _ _ _ _ _ _ _
..\..\..\..\AppData\Roaming\Python\Python313\site-packages\requests\api.py:73: in get
    return request("get", url, params=params, **kwargs)
           ^^^^^^^^^^^^^^^^^^^^^^^^^^^^^^^^^^^^^^^^^^^^
..\..\..\..\AppData\Roaming\Python\Python313\site-packages\requests\api.py:59: in request
    return session.request(method=method, url=url, **kwargs)
           ^^^^^^^^^^^^^^^^^^^^^^^^^^^^^^^^^^^^^^^^^^^^^^^^^
..\..\..\..\AppData\Roaming\Python\Python313\site-packages\requests\sessions.py:589: in request
    resp = self.send(prep, **send_kwargs)
           ^^^^^^^^^^^^^^^^^^^^^^^^^^^^^^
..\..\..\..\AppData\Roaming\Python\Python313\site-packages\requests\sessions.py:703: in send
    r = adapter.send(request, **kwargs)
        ^^^^^^^^^^^^^^^^^^^^^^^^^^^^^^^
_ _ _ _ _ _ _ _ _ _ _ _ _ _ _ _ _ _ _ _ _ _ _ _ _ _ _ _ _ _ _ _ _ _ _ _ _ _ _ _

self = <requests.adapters.HTTPAdapter object at 0x000001E6DE57CF70>
request = <PreparedRequest [GET]>, stream = False
timeout = Timeout(connect=15, read=15, total=None), verify = True, cert = None
proxies = OrderedDict()

    def send(
        self, request, stream=False, timeout=None, verify=True, cert=None, proxies=None
    ):
        """Sends PreparedRequest object. Returns Response object.
    
        :param request: The :class:`PreparedRequest <PreparedRequest>` being sent.
        :param stream: (optional) Whether to stream the request content.
        :param timeout: (optional) How long to wait for the server to send
            data before giving up, as a float, or a :ref:`(connect timeout,
            read timeout) <timeouts>` tuple.
        :type timeout: float or tuple or urllib3 Timeout object
        :param verify: (optional) Either a boolean, in which case it controls whether
            we verify the server's TLS certificate, or a string, in which case it
            must be a path to a CA bundle to use
        :param cert: (optional) Any user-provided SSL certificate to be trusted.
        :param proxies: (optional) The proxies dictionary to apply to the request.
        :rtype: requests.Response
        """
    
        try:
            conn = self.get_connection_with_tls_context(
                request, verify, proxies=proxies, cert=cert
            )
        except LocationValueError as e:
            raise InvalidURL(e, request=request)
    
        self.cert_verify(conn, request.url, verify, cert)
        url = self.request_url(request, proxies)
        self.add_headers(
            request,
            stream=stream,
            timeout=timeout,
            verify=verify,
            cert=cert,
            proxies=proxies,
        )
    
        chunked = not (request.body is None or "Content-Length" in request.headers)
    
        if isinstance(timeout, tuple):
            try:
                connect, read = timeout
                timeout = TimeoutSauce(connect=connect, read=read)
            except ValueError:
                raise ValueError(
                    f"Invalid timeout {timeout}. Pass a (connect, read) timeout tuple, "
                    f"or a single float to set both timeouts to the same value."
                )
        elif isinstance(timeout, TimeoutSauce):
            pass
        else:
            timeout = TimeoutSauce(connect=timeout, read=timeout)
    
        try:
            resp = conn.urlopen(
                method=request.method,
                url=url,
                body=request.body,
                headers=request.headers,
                redirect=False,
                assert_same_host=False,
                preload_content=False,
                decode_content=False,
                retries=self.max_retries,
                timeout=timeout,
                chunked=chunked,
            )
    
        except (ProtocolError, OSError) as err:
            raise ConnectionError(err, request=request)
    
        except MaxRetryError as e:
            if isinstance(e.reason, ConnectTimeoutError):
                # TODO: Remove this in 3.0.0: see #2811
                if not isinstance(e.reason, NewConnectionError):
                    raise ConnectTimeout(e, request=request)
    
            if isinstance(e.reason, ResponseError):
                raise RetryError(e, request=request)
    
            if isinstance(e.reason, _ProxyError):
                raise ProxyError(e, request=request)
    
            if isinstance(e.reason, _SSLError):
                # This branch is for urllib3 v1.22 and later.
                raise SSLError(e, request=request)
    
>           raise ConnectionError(e, request=request)
E           requests.exceptions.ConnectionError: HTTPConnectionPool(host='localhost', port=8000): Max retries exceeded with url: /api/market-data/AAPL (Caused by NewConnectionError('<urllib3.connection.HTTPConnection object at 0x000001E6DE507020>: Failed to establish a new connection: [WinError 10061] No connection could be made because the target machine actively refused it'))

..\..\..\..\AppData\Roaming\Python\Python313\site-packages\requests\adapters.py:700: ConnectionError
_____________ TestDeploymentHealth.test_order_management_service ______________

self = <urllib3.connection.HTTPConnection object at 0x000001E6DE5047C0>

    def _new_conn(self) -> socket.socket:
        """Establish a socket connection and set nodelay settings on it.
    
        :return: New socket connection.
        """
        try:
>           sock = connection.create_connection(
                (self._dns_host, self.port),
                self.timeout,
                source_address=self.source_address,
                socket_options=self.socket_options,
            )

..\..\..\..\AppData\Roaming\Python\Python313\site-packages\urllib3\connection.py:198: 
_ _ _ _ _ _ _ _ _ _ _ _ _ _ _ _ _ _ _ _ _ _ _ _ _ _ _ _ _ _ _ _ _ _ _ _ _ _ _ _
..\..\..\..\AppData\Roaming\Python\Python313\site-packages\urllib3\util\connection.py:85: in create_connection
    raise err
_ _ _ _ _ _ _ _ _ _ _ _ _ _ _ _ _ _ _ _ _ _ _ _ _ _ _ _ _ _ _ _ _ _ _ _ _ _ _ _

address = ('localhost', 8000), timeout = 10, source_address = None
socket_options = [(6, 1, 1)]

    def create_connection(
        address: tuple[str, int],
        timeout: _TYPE_TIMEOUT = _DEFAULT_TIMEOUT,
        source_address: tuple[str, int] | None = None,
        socket_options: _TYPE_SOCKET_OPTIONS | None = None,
    ) -> socket.socket:
        """Connect to *address* and return the socket object.
    
        Convenience function.  Connect to *address* (a 2-tuple ``(host,
        port)``) and return the socket object.  Passing the optional
        *timeout* parameter will set the timeout on the socket instance
        before attempting to connect.  If no *timeout* is supplied, the
        global default timeout setting returned by :func:`socket.getdefaulttimeout`
        is used.  If *source_address* is set it must be a tuple of (host, port)
        for the socket to bind as a source address before making the connection.
        An host of '' or port 0 tells the OS to use the default.
        """
    
        host, port = address
        if host.startswith("["):
            host = host.strip("[]")
        err = None
    
        # Using the value from allowed_gai_family() in the context of getaddrinfo lets
        # us select whether to work with IPv4 DNS records, IPv6 records, or both.
        # The original create_connection function always returns all records.
        family = allowed_gai_family()
    
        try:
            host.encode("idna")
        except UnicodeError:
            raise LocationParseError(f"'{host}', label empty or too long") from None
    
        for res in socket.getaddrinfo(host, port, family, socket.SOCK_STREAM):
            af, socktype, proto, canonname, sa = res
            sock = None
            try:
                sock = socket.socket(af, socktype, proto)
    
                # If provided, set socket level options before connecting.
                _set_socket_options(sock, socket_options)
    
                if timeout is not _DEFAULT_TIMEOUT:
                    sock.settimeout(timeout)
                if source_address:
                    sock.bind(source_address)
>               sock.connect(sa)
E               ConnectionRefusedError: [WinError 10061] No connection could be made because the target machine actively refused it

..\..\..\..\AppData\Roaming\Python\Python313\site-packages\urllib3\util\connection.py:73: ConnectionRefusedError

The above exception was the direct cause of the following exception:

self = <urllib3.connectionpool.HTTPConnectionPool object at 0x000001E6DE4EDB50>
method = 'GET', url = '/api/orders/history?limit=1', body = None
headers = {'User-Agent': 'python-requests/2.32.3', 'Accept-Encoding': 'gzip, deflate, br, zstd', 'Accept': '*/*', 'Connection': 'keep-alive'}
retries = Retry(total=0, connect=None, read=False, redirect=None, status=None)
redirect = False, assert_same_host = False
timeout = Timeout(connect=10, read=10, total=None), pool_timeout = None
release_conn = False, chunked = False, body_pos = None, preload_content = False
decode_content = False, response_kw = {}
parsed_url = Url(scheme=None, auth=None, host=None, port=None, path='/api/orders/history', query='limit=1', fragment=None)
destination_scheme = None, conn = None, release_this_conn = True
http_tunnel_required = False, err = None, clean_exit = False

    def urlopen(  # type: ignore[override]
        self,
        method: str,
        url: str,
        body: _TYPE_BODY | None = None,
        headers: typing.Mapping[str, str] | None = None,
        retries: Retry | bool | int | None = None,
        redirect: bool = True,
        assert_same_host: bool = True,
        timeout: _TYPE_TIMEOUT = _DEFAULT_TIMEOUT,
        pool_timeout: int | None = None,
        release_conn: bool | None = None,
        chunked: bool = False,
        body_pos: _TYPE_BODY_POSITION | None = None,
        preload_content: bool = True,
        decode_content: bool = True,
        **response_kw: typing.Any,
    ) -> BaseHTTPResponse:
        """
        Get a connection from the pool and perform an HTTP request. This is the
        lowest level call for making a request, so you'll need to specify all
        the raw details.
    
        .. note::
    
           More commonly, it's appropriate to use a convenience method
           such as :meth:`request`.
    
        .. note::
    
           `release_conn` will only behave as expected if
           `preload_content=False` because we want to make
           `preload_content=False` the default behaviour someday soon without
           breaking backwards compatibility.
    
        :param method:
            HTTP request method (such as GET, POST, PUT, etc.)
    
        :param url:
            The URL to perform the request on.
    
        :param body:
            Data to send in the request body, either :class:`str`, :class:`bytes`,
            an iterable of :class:`str`/:class:`bytes`, or a file-like object.
    
        :param headers:
            Dictionary of custom headers to send, such as User-Agent,
            If-None-Match, etc. If None, pool headers are used. If provided,
            these headers completely replace any pool-specific headers.
    
        :param retries:
            Configure the number of retries to allow before raising a
            :class:`~urllib3.exceptions.MaxRetryError` exception.
    
            If ``None`` (default) will retry 3 times, see ``Retry.DEFAULT``. Pass a
            :class:`~urllib3.util.retry.Retry` object for fine-grained control
            over different types of retries.
            Pass an integer number to retry connection errors that many times,
            but no other types of errors. Pass zero to never retry.
    
            If ``False``, then retries are disabled and any exception is raised
            immediately. Also, instead of raising a MaxRetryError on redirects,
            the redirect response will be returned.
    
        :type retries: :class:`~urllib3.util.retry.Retry`, False, or an int.
    
        :param redirect:
            If True, automatically handle redirects (status codes 301, 302,
            303, 307, 308). Each redirect counts as a retry. Disabling retries
            will disable redirect, too.
    
        :param assert_same_host:
            If ``True``, will make sure that the host of the pool requests is
            consistent else will raise HostChangedError. When ``False``, you can
            use the pool on an HTTP proxy and request foreign hosts.
    
        :param timeout:
            If specified, overrides the default timeout for this one
            request. It may be a float (in seconds) or an instance of
            :class:`urllib3.util.Timeout`.
    
        :param pool_timeout:
            If set and the pool is set to block=True, then this method will
            block for ``pool_timeout`` seconds and raise EmptyPoolError if no
            connection is available within the time period.
    
        :param bool preload_content:
            If True, the response's body will be preloaded into memory.
    
        :param bool decode_content:
            If True, will attempt to decode the body based on the
            'content-encoding' header.
    
        :param release_conn:
            If False, then the urlopen call will not release the connection
            back into the pool once a response is received (but will release if
            you read the entire contents of the response such as when
            `preload_content=True`). This is useful if you're not preloading
            the response's content immediately. You will need to call
            ``r.release_conn()`` on the response ``r`` to return the connection
            back into the pool. If None, it takes the value of ``preload_content``
            which defaults to ``True``.
    
        :param bool chunked:
            If True, urllib3 will send the body using chunked transfer
            encoding. Otherwise, urllib3 will send the body using the standard
            content-length form. Defaults to False.
    
        :param int body_pos:
            Position to seek to in file-like body in the event of a retry or
            redirect. Typically this won't need to be set because urllib3 will
            auto-populate the value when needed.
        """
        parsed_url = parse_url(url)
        destination_scheme = parsed_url.scheme
    
        if headers is None:
            headers = self.headers
    
        if not isinstance(retries, Retry):
            retries = Retry.from_int(retries, redirect=redirect, default=self.retries)
    
        if release_conn is None:
            release_conn = preload_content
    
        # Check host
        if assert_same_host and not self.is_same_host(url):
            raise HostChangedError(self, url, retries)
    
        # Ensure that the URL we're connecting to is properly encoded
        if url.startswith("/"):
            url = to_str(_encode_target(url))
        else:
            url = to_str(parsed_url.url)
    
        conn = None
    
        # Track whether `conn` needs to be released before
        # returning/raising/recursing. Update this variable if necessary, and
        # leave `release_conn` constant throughout the function. That way, if
        # the function recurses, the original value of `release_conn` will be
        # passed down into the recursive call, and its value will be respected.
        #
        # See issue #651 [1] for details.
        #
        # [1] <https://github.com/urllib3/urllib3/issues/651>
        release_this_conn = release_conn
    
        http_tunnel_required = connection_requires_http_tunnel(
            self.proxy, self.proxy_config, destination_scheme
        )
    
        # Merge the proxy headers. Only done when not using HTTP CONNECT. We
        # have to copy the headers dict so we can safely change it without those
        # changes being reflected in anyone else's copy.
        if not http_tunnel_required:
            headers = headers.copy()  # type: ignore[attr-defined]
            headers.update(self.proxy_headers)  # type: ignore[union-attr]
    
        # Must keep the exception bound to a separate variable or else Python 3
        # complains about UnboundLocalError.
        err = None
    
        # Keep track of whether we cleanly exited the except block. This
        # ensures we do proper cleanup in finally.
        clean_exit = False
    
        # Rewind body position, if needed. Record current position
        # for future rewinds in the event of a redirect/retry.
        body_pos = set_file_position(body, body_pos)
    
        try:
            # Request a connection from the queue.
            timeout_obj = self._get_timeout(timeout)
            conn = self._get_conn(timeout=pool_timeout)
    
            conn.timeout = timeout_obj.connect_timeout  # type: ignore[assignment]
    
            # Is this a closed/new connection that requires CONNECT tunnelling?
            if self.proxy is not None and http_tunnel_required and conn.is_closed:
                try:
                    self._prepare_proxy(conn)
                except (BaseSSLError, OSError, SocketTimeout) as e:
                    self._raise_timeout(
                        err=e, url=self.proxy.url, timeout_value=conn.timeout
                    )
                    raise
    
            # If we're going to release the connection in ``finally:``, then
            # the response doesn't need to know about the connection. Otherwise
            # it will also try to release it and we'll have a double-release
            # mess.
            response_conn = conn if not release_conn else None
    
            # Make the request on the HTTPConnection object
>           response = self._make_request(
                conn,
                method,
                url,
                timeout=timeout_obj,
                body=body,
                headers=headers,
                chunked=chunked,
                retries=retries,
                response_conn=response_conn,
                preload_content=preload_content,
                decode_content=decode_content,
                **response_kw,
            )

..\..\..\..\AppData\Roaming\Python\Python313\site-packages\urllib3\connectionpool.py:787: 
_ _ _ _ _ _ _ _ _ _ _ _ _ _ _ _ _ _ _ _ _ _ _ _ _ _ _ _ _ _ _ _ _ _ _ _ _ _ _ _
..\..\..\..\AppData\Roaming\Python\Python313\site-packages\urllib3\connectionpool.py:493: in _make_request
    conn.request(
..\..\..\..\AppData\Roaming\Python\Python313\site-packages\urllib3\connection.py:445: in request
    self.endheaders()
C:\Program Files\Python313\Lib\http\client.py:1333: in endheaders
    self._send_output(message_body, encode_chunked=encode_chunked)
C:\Program Files\Python313\Lib\http\client.py:1093: in _send_output
    self.send(msg)
C:\Program Files\Python313\Lib\http\client.py:1037: in send
    self.connect()
..\..\..\..\AppData\Roaming\Python\Python313\site-packages\urllib3\connection.py:276: in connect
    self.sock = self._new_conn()
                ^^^^^^^^^^^^^^^^
_ _ _ _ _ _ _ _ _ _ _ _ _ _ _ _ _ _ _ _ _ _ _ _ _ _ _ _ _ _ _ _ _ _ _ _ _ _ _ _

self = <urllib3.connection.HTTPConnection object at 0x000001E6DE5047C0>

    def _new_conn(self) -> socket.socket:
        """Establish a socket connection and set nodelay settings on it.
    
        :return: New socket connection.
        """
        try:
            sock = connection.create_connection(
                (self._dns_host, self.port),
                self.timeout,
                source_address=self.source_address,
                socket_options=self.socket_options,
            )
        except socket.gaierror as e:
            raise NameResolutionError(self.host, self, e) from e
        except SocketTimeout as e:
            raise ConnectTimeoutError(
                self,
                f"Connection to {self.host} timed out. (connect timeout={self.timeout})",
            ) from e
    
        except OSError as e:
>           raise NewConnectionError(
                self, f"Failed to establish a new connection: {e}"
            ) from e
E           urllib3.exceptions.NewConnectionError: <urllib3.connection.HTTPConnection object at 0x000001E6DE5047C0>: Failed to establish a new connection: [WinError 10061] No connection could be made because the target machine actively refused it

..\..\..\..\AppData\Roaming\Python\Python313\site-packages\urllib3\connection.py:213: NewConnectionError

The above exception was the direct cause of the following exception:

self = <requests.adapters.HTTPAdapter object at 0x000001E6DE48E8F0>
request = <PreparedRequest [GET]>, stream = False
timeout = Timeout(connect=10, read=10, total=None), verify = True, cert = None
proxies = OrderedDict()

    def send(
        self, request, stream=False, timeout=None, verify=True, cert=None, proxies=None
    ):
        """Sends PreparedRequest object. Returns Response object.
    
        :param request: The :class:`PreparedRequest <PreparedRequest>` being sent.
        :param stream: (optional) Whether to stream the request content.
        :param timeout: (optional) How long to wait for the server to send
            data before giving up, as a float, or a :ref:`(connect timeout,
            read timeout) <timeouts>` tuple.
        :type timeout: float or tuple or urllib3 Timeout object
        :param verify: (optional) Either a boolean, in which case it controls whether
            we verify the server's TLS certificate, or a string, in which case it
            must be a path to a CA bundle to use
        :param cert: (optional) Any user-provided SSL certificate to be trusted.
        :param proxies: (optional) The proxies dictionary to apply to the request.
        :rtype: requests.Response
        """
    
        try:
            conn = self.get_connection_with_tls_context(
                request, verify, proxies=proxies, cert=cert
            )
        except LocationValueError as e:
            raise InvalidURL(e, request=request)
    
        self.cert_verify(conn, request.url, verify, cert)
        url = self.request_url(request, proxies)
        self.add_headers(
            request,
            stream=stream,
            timeout=timeout,
            verify=verify,
            cert=cert,
            proxies=proxies,
        )
    
        chunked = not (request.body is None or "Content-Length" in request.headers)
    
        if isinstance(timeout, tuple):
            try:
                connect, read = timeout
                timeout = TimeoutSauce(connect=connect, read=read)
            except ValueError:
                raise ValueError(
                    f"Invalid timeout {timeout}. Pass a (connect, read) timeout tuple, "
                    f"or a single float to set both timeouts to the same value."
                )
        elif isinstance(timeout, TimeoutSauce):
            pass
        else:
            timeout = TimeoutSauce(connect=timeout, read=timeout)
    
        try:
>           resp = conn.urlopen(
                method=request.method,
                url=url,
                body=request.body,
                headers=request.headers,
                redirect=False,
                assert_same_host=False,
                preload_content=False,
                decode_content=False,
                retries=self.max_retries,
                timeout=timeout,
                chunked=chunked,
            )

..\..\..\..\AppData\Roaming\Python\Python313\site-packages\requests\adapters.py:667: 
_ _ _ _ _ _ _ _ _ _ _ _ _ _ _ _ _ _ _ _ _ _ _ _ _ _ _ _ _ _ _ _ _ _ _ _ _ _ _ _
..\..\..\..\AppData\Roaming\Python\Python313\site-packages\urllib3\connectionpool.py:841: in urlopen
    retries = retries.increment(
_ _ _ _ _ _ _ _ _ _ _ _ _ _ _ _ _ _ _ _ _ _ _ _ _ _ _ _ _ _ _ _ _ _ _ _ _ _ _ _

self = Retry(total=0, connect=None, read=False, redirect=None, status=None)
method = 'GET', url = '/api/orders/history?limit=1', response = None
error = NewConnectionError('<urllib3.connection.HTTPConnection object at 0x000001E6DE5047C0>: Failed to establish a new connection: [WinError 10061] No connection could be made because the target machine actively refused it')
_pool = <urllib3.connectionpool.HTTPConnectionPool object at 0x000001E6DE4EDB50>
_stacktrace = <traceback object at 0x000001E6DEB82980>

    def increment(
        self,
        method: str | None = None,
        url: str | None = None,
        response: BaseHTTPResponse | None = None,
        error: Exception | None = None,
        _pool: ConnectionPool | None = None,
        _stacktrace: TracebackType | None = None,
    ) -> Self:
        """Return a new Retry object with incremented retry counters.
    
        :param response: A response object, or None, if the server did not
            return a response.
        :type response: :class:`~urllib3.response.BaseHTTPResponse`
        :param Exception error: An error encountered during the request, or
            None if the response was received successfully.
    
        :return: A new ``Retry`` object.
        """
        if self.total is False and error:
            # Disabled, indicate to re-raise the error.
            raise reraise(type(error), error, _stacktrace)
    
        total = self.total
        if total is not None:
            total -= 1
    
        connect = self.connect
        read = self.read
        redirect = self.redirect
        status_count = self.status
        other = self.other
        cause = "unknown"
        status = None
        redirect_location = None
    
        if error and self._is_connection_error(error):
            # Connect retry?
            if connect is False:
                raise reraise(type(error), error, _stacktrace)
            elif connect is not None:
                connect -= 1
    
        elif error and self._is_read_error(error):
            # Read retry?
            if read is False or method is None or not self._is_method_retryable(method):
                raise reraise(type(error), error, _stacktrace)
            elif read is not None:
                read -= 1
    
        elif error:
            # Other retry?
            if other is not None:
                other -= 1
    
        elif response and response.get_redirect_location():
            # Redirect retry?
            if redirect is not None:
                redirect -= 1
            cause = "too many redirects"
            response_redirect_location = response.get_redirect_location()
            if response_redirect_location:
                redirect_location = response_redirect_location
            status = response.status
    
        else:
            # Incrementing because of a server error like a 500 in
            # status_forcelist and the given method is in the allowed_methods
            cause = ResponseError.GENERIC_ERROR
            if response and response.status:
                if status_count is not None:
                    status_count -= 1
                cause = ResponseError.SPECIFIC_ERROR.format(status_code=response.status)
                status = response.status
    
        history = self.history + (
            RequestHistory(method, url, error, status, redirect_location),
        )
    
        new_retry = self.new(
            total=total,
            connect=connect,
            read=read,
            redirect=redirect,
            status=status_count,
            other=other,
            history=history,
        )
    
        if new_retry.is_exhausted():
            reason = error or ResponseError(cause)
>           raise MaxRetryError(_pool, url, reason) from reason  # type: ignore[arg-type]
            ^^^^^^^^^^^^^^^^^^^^^^^^^^^^^^^^^^^^^^^^^^^^^^^^^^^
E           urllib3.exceptions.MaxRetryError: HTTPConnectionPool(host='localhost', port=8000): Max retries exceeded with url: /api/orders/history?limit=1 (Caused by NewConnectionError('<urllib3.connection.HTTPConnection object at 0x000001E6DE5047C0>: Failed to establish a new connection: [WinError 10061] No connection could be made because the target machine actively refused it'))

..\..\..\..\AppData\Roaming\Python\Python313\site-packages\urllib3\util\retry.py:519: MaxRetryError

During handling of the above exception, another exception occurred:

self = <test_deployment_health.TestDeploymentHealth object at 0x000001E6D98D8AF0>
base_url = 'http://localhost:8000', auth_headers = {}

    def test_order_management_service(self, base_url: str, auth_headers: Dict[str, str]):
        """Test that order management service is responding."""
        # Test getting order history (should work even if empty)
>       response = requests.get(
            f"{base_url}/api/orders/history",
            headers=auth_headers,
            params={"limit": 1},
            timeout=10
        )

tests\smoke\test_deployment_health.py:120: 
_ _ _ _ _ _ _ _ _ _ _ _ _ _ _ _ _ _ _ _ _ _ _ _ _ _ _ _ _ _ _ _ _ _ _ _ _ _ _ _
..\..\..\..\AppData\Roaming\Python\Python313\site-packages\requests\api.py:73: in get
    return request("get", url, params=params, **kwargs)
           ^^^^^^^^^^^^^^^^^^^^^^^^^^^^^^^^^^^^^^^^^^^^
..\..\..\..\AppData\Roaming\Python\Python313\site-packages\requests\api.py:59: in request
    return session.request(method=method, url=url, **kwargs)
           ^^^^^^^^^^^^^^^^^^^^^^^^^^^^^^^^^^^^^^^^^^^^^^^^^
..\..\..\..\AppData\Roaming\Python\Python313\site-packages\requests\sessions.py:589: in request
    resp = self.send(prep, **send_kwargs)
           ^^^^^^^^^^^^^^^^^^^^^^^^^^^^^^
..\..\..\..\AppData\Roaming\Python\Python313\site-packages\requests\sessions.py:703: in send
    r = adapter.send(request, **kwargs)
        ^^^^^^^^^^^^^^^^^^^^^^^^^^^^^^^
_ _ _ _ _ _ _ _ _ _ _ _ _ _ _ _ _ _ _ _ _ _ _ _ _ _ _ _ _ _ _ _ _ _ _ _ _ _ _ _

self = <requests.adapters.HTTPAdapter object at 0x000001E6DE48E8F0>
request = <PreparedRequest [GET]>, stream = False
timeout = Timeout(connect=10, read=10, total=None), verify = True, cert = None
proxies = OrderedDict()

    def send(
        self, request, stream=False, timeout=None, verify=True, cert=None, proxies=None
    ):
        """Sends PreparedRequest object. Returns Response object.
    
        :param request: The :class:`PreparedRequest <PreparedRequest>` being sent.
        :param stream: (optional) Whether to stream the request content.
        :param timeout: (optional) How long to wait for the server to send
            data before giving up, as a float, or a :ref:`(connect timeout,
            read timeout) <timeouts>` tuple.
        :type timeout: float or tuple or urllib3 Timeout object
        :param verify: (optional) Either a boolean, in which case it controls whether
            we verify the server's TLS certificate, or a string, in which case it
            must be a path to a CA bundle to use
        :param cert: (optional) Any user-provided SSL certificate to be trusted.
        :param proxies: (optional) The proxies dictionary to apply to the request.
        :rtype: requests.Response
        """
    
        try:
            conn = self.get_connection_with_tls_context(
                request, verify, proxies=proxies, cert=cert
            )
        except LocationValueError as e:
            raise InvalidURL(e, request=request)
    
        self.cert_verify(conn, request.url, verify, cert)
        url = self.request_url(request, proxies)
        self.add_headers(
            request,
            stream=stream,
            timeout=timeout,
            verify=verify,
            cert=cert,
            proxies=proxies,
        )
    
        chunked = not (request.body is None or "Content-Length" in request.headers)
    
        if isinstance(timeout, tuple):
            try:
                connect, read = timeout
                timeout = TimeoutSauce(connect=connect, read=read)
            except ValueError:
                raise ValueError(
                    f"Invalid timeout {timeout}. Pass a (connect, read) timeout tuple, "
                    f"or a single float to set both timeouts to the same value."
                )
        elif isinstance(timeout, TimeoutSauce):
            pass
        else:
            timeout = TimeoutSauce(connect=timeout, read=timeout)
    
        try:
            resp = conn.urlopen(
                method=request.method,
                url=url,
                body=request.body,
                headers=request.headers,
                redirect=False,
                assert_same_host=False,
                preload_content=False,
                decode_content=False,
                retries=self.max_retries,
                timeout=timeout,
                chunked=chunked,
            )
    
        except (ProtocolError, OSError) as err:
            raise ConnectionError(err, request=request)
    
        except MaxRetryError as e:
            if isinstance(e.reason, ConnectTimeoutError):
                # TODO: Remove this in 3.0.0: see #2811
                if not isinstance(e.reason, NewConnectionError):
                    raise ConnectTimeout(e, request=request)
    
            if isinstance(e.reason, ResponseError):
                raise RetryError(e, request=request)
    
            if isinstance(e.reason, _ProxyError):
                raise ProxyError(e, request=request)
    
            if isinstance(e.reason, _SSLError):
                # This branch is for urllib3 v1.22 and later.
                raise SSLError(e, request=request)
    
>           raise ConnectionError(e, request=request)
E           requests.exceptions.ConnectionError: HTTPConnectionPool(host='localhost', port=8000): Max retries exceeded with url: /api/orders/history?limit=1 (Caused by NewConnectionError('<urllib3.connection.HTTPConnection object at 0x000001E6DE5047C0>: Failed to establish a new connection: [WinError 10061] No connection could be made because the target machine actively refused it'))

..\..\..\..\AppData\Roaming\Python\Python313\site-packages\requests\adapters.py:700: ConnectionError
_________________ TestDeploymentHealth.test_portfolio_service _________________

self = <urllib3.connection.HTTPConnection object at 0x000001E6DE5605A0>

    def _new_conn(self) -> socket.socket:
        """Establish a socket connection and set nodelay settings on it.
    
        :return: New socket connection.
        """
        try:
>           sock = connection.create_connection(
                (self._dns_host, self.port),
                self.timeout,
                source_address=self.source_address,
                socket_options=self.socket_options,
            )

..\..\..\..\AppData\Roaming\Python\Python313\site-packages\urllib3\connection.py:198: 
_ _ _ _ _ _ _ _ _ _ _ _ _ _ _ _ _ _ _ _ _ _ _ _ _ _ _ _ _ _ _ _ _ _ _ _ _ _ _ _
..\..\..\..\AppData\Roaming\Python\Python313\site-packages\urllib3\util\connection.py:85: in create_connection
    raise err
_ _ _ _ _ _ _ _ _ _ _ _ _ _ _ _ _ _ _ _ _ _ _ _ _ _ _ _ _ _ _ _ _ _ _ _ _ _ _ _

address = ('localhost', 8000), timeout = 10, source_address = None
socket_options = [(6, 1, 1)]

    def create_connection(
        address: tuple[str, int],
        timeout: _TYPE_TIMEOUT = _DEFAULT_TIMEOUT,
        source_address: tuple[str, int] | None = None,
        socket_options: _TYPE_SOCKET_OPTIONS | None = None,
    ) -> socket.socket:
        """Connect to *address* and return the socket object.
    
        Convenience function.  Connect to *address* (a 2-tuple ``(host,
        port)``) and return the socket object.  Passing the optional
        *timeout* parameter will set the timeout on the socket instance
        before attempting to connect.  If no *timeout* is supplied, the
        global default timeout setting returned by :func:`socket.getdefaulttimeout`
        is used.  If *source_address* is set it must be a tuple of (host, port)
        for the socket to bind as a source address before making the connection.
        An host of '' or port 0 tells the OS to use the default.
        """
    
        host, port = address
        if host.startswith("["):
            host = host.strip("[]")
        err = None
    
        # Using the value from allowed_gai_family() in the context of getaddrinfo lets
        # us select whether to work with IPv4 DNS records, IPv6 records, or both.
        # The original create_connection function always returns all records.
        family = allowed_gai_family()
    
        try:
            host.encode("idna")
        except UnicodeError:
            raise LocationParseError(f"'{host}', label empty or too long") from None
    
        for res in socket.getaddrinfo(host, port, family, socket.SOCK_STREAM):
            af, socktype, proto, canonname, sa = res
            sock = None
            try:
                sock = socket.socket(af, socktype, proto)
    
                # If provided, set socket level options before connecting.
                _set_socket_options(sock, socket_options)
    
                if timeout is not _DEFAULT_TIMEOUT:
                    sock.settimeout(timeout)
                if source_address:
                    sock.bind(source_address)
>               sock.connect(sa)
E               ConnectionRefusedError: [WinError 10061] No connection could be made because the target machine actively refused it

..\..\..\..\AppData\Roaming\Python\Python313\site-packages\urllib3\util\connection.py:73: ConnectionRefusedError

The above exception was the direct cause of the following exception:

self = <urllib3.connectionpool.HTTPConnectionPool object at 0x000001E6DE4EE650>
method = 'GET', url = '/api/portfolio', body = None
headers = {'User-Agent': 'python-requests/2.32.3', 'Accept-Encoding': 'gzip, deflate, br, zstd', 'Accept': '*/*', 'Connection': 'keep-alive'}
retries = Retry(total=0, connect=None, read=False, redirect=None, status=None)
redirect = False, assert_same_host = False
timeout = Timeout(connect=10, read=10, total=None), pool_timeout = None
release_conn = False, chunked = False, body_pos = None, preload_content = False
decode_content = False, response_kw = {}
parsed_url = Url(scheme=None, auth=None, host=None, port=None, path='/api/portfolio', query=None, fragment=None)
destination_scheme = None, conn = None, release_this_conn = True
http_tunnel_required = False, err = None, clean_exit = False

    def urlopen(  # type: ignore[override]
        self,
        method: str,
        url: str,
        body: _TYPE_BODY | None = None,
        headers: typing.Mapping[str, str] | None = None,
        retries: Retry | bool | int | None = None,
        redirect: bool = True,
        assert_same_host: bool = True,
        timeout: _TYPE_TIMEOUT = _DEFAULT_TIMEOUT,
        pool_timeout: int | None = None,
        release_conn: bool | None = None,
        chunked: bool = False,
        body_pos: _TYPE_BODY_POSITION | None = None,
        preload_content: bool = True,
        decode_content: bool = True,
        **response_kw: typing.Any,
    ) -> BaseHTTPResponse:
        """
        Get a connection from the pool and perform an HTTP request. This is the
        lowest level call for making a request, so you'll need to specify all
        the raw details.
    
        .. note::
    
           More commonly, it's appropriate to use a convenience method
           such as :meth:`request`.
    
        .. note::
    
           `release_conn` will only behave as expected if
           `preload_content=False` because we want to make
           `preload_content=False` the default behaviour someday soon without
           breaking backwards compatibility.
    
        :param method:
            HTTP request method (such as GET, POST, PUT, etc.)
    
        :param url:
            The URL to perform the request on.
    
        :param body:
            Data to send in the request body, either :class:`str`, :class:`bytes`,
            an iterable of :class:`str`/:class:`bytes`, or a file-like object.
    
        :param headers:
            Dictionary of custom headers to send, such as User-Agent,
            If-None-Match, etc. If None, pool headers are used. If provided,
            these headers completely replace any pool-specific headers.
    
        :param retries:
            Configure the number of retries to allow before raising a
            :class:`~urllib3.exceptions.MaxRetryError` exception.
    
            If ``None`` (default) will retry 3 times, see ``Retry.DEFAULT``. Pass a
            :class:`~urllib3.util.retry.Retry` object for fine-grained control
            over different types of retries.
            Pass an integer number to retry connection errors that many times,
            but no other types of errors. Pass zero to never retry.
    
            If ``False``, then retries are disabled and any exception is raised
            immediately. Also, instead of raising a MaxRetryError on redirects,
            the redirect response will be returned.
    
        :type retries: :class:`~urllib3.util.retry.Retry`, False, or an int.
    
        :param redirect:
            If True, automatically handle redirects (status codes 301, 302,
            303, 307, 308). Each redirect counts as a retry. Disabling retries
            will disable redirect, too.
    
        :param assert_same_host:
            If ``True``, will make sure that the host of the pool requests is
            consistent else will raise HostChangedError. When ``False``, you can
            use the pool on an HTTP proxy and request foreign hosts.
    
        :param timeout:
            If specified, overrides the default timeout for this one
            request. It may be a float (in seconds) or an instance of
            :class:`urllib3.util.Timeout`.
    
        :param pool_timeout:
            If set and the pool is set to block=True, then this method will
            block for ``pool_timeout`` seconds and raise EmptyPoolError if no
            connection is available within the time period.
    
        :param bool preload_content:
            If True, the response's body will be preloaded into memory.
    
        :param bool decode_content:
            If True, will attempt to decode the body based on the
            'content-encoding' header.
    
        :param release_conn:
            If False, then the urlopen call will not release the connection
            back into the pool once a response is received (but will release if
            you read the entire contents of the response such as when
            `preload_content=True`). This is useful if you're not preloading
            the response's content immediately. You will need to call
            ``r.release_conn()`` on the response ``r`` to return the connection
            back into the pool. If None, it takes the value of ``preload_content``
            which defaults to ``True``.
    
        :param bool chunked:
            If True, urllib3 will send the body using chunked transfer
            encoding. Otherwise, urllib3 will send the body using the standard
            content-length form. Defaults to False.
    
        :param int body_pos:
            Position to seek to in file-like body in the event of a retry or
            redirect. Typically this won't need to be set because urllib3 will
            auto-populate the value when needed.
        """
        parsed_url = parse_url(url)
        destination_scheme = parsed_url.scheme
    
        if headers is None:
            headers = self.headers
    
        if not isinstance(retries, Retry):
            retries = Retry.from_int(retries, redirect=redirect, default=self.retries)
    
        if release_conn is None:
            release_conn = preload_content
    
        # Check host
        if assert_same_host and not self.is_same_host(url):
            raise HostChangedError(self, url, retries)
    
        # Ensure that the URL we're connecting to is properly encoded
        if url.startswith("/"):
            url = to_str(_encode_target(url))
        else:
            url = to_str(parsed_url.url)
    
        conn = None
    
        # Track whether `conn` needs to be released before
        # returning/raising/recursing. Update this variable if necessary, and
        # leave `release_conn` constant throughout the function. That way, if
        # the function recurses, the original value of `release_conn` will be
        # passed down into the recursive call, and its value will be respected.
        #
        # See issue #651 [1] for details.
        #
        # [1] <https://github.com/urllib3/urllib3/issues/651>
        release_this_conn = release_conn
    
        http_tunnel_required = connection_requires_http_tunnel(
            self.proxy, self.proxy_config, destination_scheme
        )
    
        # Merge the proxy headers. Only done when not using HTTP CONNECT. We
        # have to copy the headers dict so we can safely change it without those
        # changes being reflected in anyone else's copy.
        if not http_tunnel_required:
            headers = headers.copy()  # type: ignore[attr-defined]
            headers.update(self.proxy_headers)  # type: ignore[union-attr]
    
        # Must keep the exception bound to a separate variable or else Python 3
        # complains about UnboundLocalError.
        err = None
    
        # Keep track of whether we cleanly exited the except block. This
        # ensures we do proper cleanup in finally.
        clean_exit = False
    
        # Rewind body position, if needed. Record current position
        # for future rewinds in the event of a redirect/retry.
        body_pos = set_file_position(body, body_pos)
    
        try:
            # Request a connection from the queue.
            timeout_obj = self._get_timeout(timeout)
            conn = self._get_conn(timeout=pool_timeout)
    
            conn.timeout = timeout_obj.connect_timeout  # type: ignore[assignment]
    
            # Is this a closed/new connection that requires CONNECT tunnelling?
            if self.proxy is not None and http_tunnel_required and conn.is_closed:
                try:
                    self._prepare_proxy(conn)
                except (BaseSSLError, OSError, SocketTimeout) as e:
                    self._raise_timeout(
                        err=e, url=self.proxy.url, timeout_value=conn.timeout
                    )
                    raise
    
            # If we're going to release the connection in ``finally:``, then
            # the response doesn't need to know about the connection. Otherwise
            # it will also try to release it and we'll have a double-release
            # mess.
            response_conn = conn if not release_conn else None
    
            # Make the request on the HTTPConnection object
>           response = self._make_request(
                conn,
                method,
                url,
                timeout=timeout_obj,
                body=body,
                headers=headers,
                chunked=chunked,
                retries=retries,
                response_conn=response_conn,
                preload_content=preload_content,
                decode_content=decode_content,
                **response_kw,
            )

..\..\..\..\AppData\Roaming\Python\Python313\site-packages\urllib3\connectionpool.py:787: 
_ _ _ _ _ _ _ _ _ _ _ _ _ _ _ _ _ _ _ _ _ _ _ _ _ _ _ _ _ _ _ _ _ _ _ _ _ _ _ _
..\..\..\..\AppData\Roaming\Python\Python313\site-packages\urllib3\connectionpool.py:493: in _make_request
    conn.request(
..\..\..\..\AppData\Roaming\Python\Python313\site-packages\urllib3\connection.py:445: in request
    self.endheaders()
C:\Program Files\Python313\Lib\http\client.py:1333: in endheaders
    self._send_output(message_body, encode_chunked=encode_chunked)
C:\Program Files\Python313\Lib\http\client.py:1093: in _send_output
    self.send(msg)
C:\Program Files\Python313\Lib\http\client.py:1037: in send
    self.connect()
..\..\..\..\AppData\Roaming\Python\Python313\site-packages\urllib3\connection.py:276: in connect
    self.sock = self._new_conn()
                ^^^^^^^^^^^^^^^^
_ _ _ _ _ _ _ _ _ _ _ _ _ _ _ _ _ _ _ _ _ _ _ _ _ _ _ _ _ _ _ _ _ _ _ _ _ _ _ _

self = <urllib3.connection.HTTPConnection object at 0x000001E6DE5605A0>

    def _new_conn(self) -> socket.socket:
        """Establish a socket connection and set nodelay settings on it.
    
        :return: New socket connection.
        """
        try:
            sock = connection.create_connection(
                (self._dns_host, self.port),
                self.timeout,
                source_address=self.source_address,
                socket_options=self.socket_options,
            )
        except socket.gaierror as e:
            raise NameResolutionError(self.host, self, e) from e
        except SocketTimeout as e:
            raise ConnectTimeoutError(
                self,
                f"Connection to {self.host} timed out. (connect timeout={self.timeout})",
            ) from e
    
        except OSError as e:
>           raise NewConnectionError(
                self, f"Failed to establish a new connection: {e}"
            ) from e
E           urllib3.exceptions.NewConnectionError: <urllib3.connection.HTTPConnection object at 0x000001E6DE5605A0>: Failed to establish a new connection: [WinError 10061] No connection could be made because the target machine actively refused it

..\..\..\..\AppData\Roaming\Python\Python313\site-packages\urllib3\connection.py:213: NewConnectionError

The above exception was the direct cause of the following exception:

self = <requests.adapters.HTTPAdapter object at 0x000001E6DE511520>
request = <PreparedRequest [GET]>, stream = False
timeout = Timeout(connect=10, read=10, total=None), verify = True, cert = None
proxies = OrderedDict()

    def send(
        self, request, stream=False, timeout=None, verify=True, cert=None, proxies=None
    ):
        """Sends PreparedRequest object. Returns Response object.
    
        :param request: The :class:`PreparedRequest <PreparedRequest>` being sent.
        :param stream: (optional) Whether to stream the request content.
        :param timeout: (optional) How long to wait for the server to send
            data before giving up, as a float, or a :ref:`(connect timeout,
            read timeout) <timeouts>` tuple.
        :type timeout: float or tuple or urllib3 Timeout object
        :param verify: (optional) Either a boolean, in which case it controls whether
            we verify the server's TLS certificate, or a string, in which case it
            must be a path to a CA bundle to use
        :param cert: (optional) Any user-provided SSL certificate to be trusted.
        :param proxies: (optional) The proxies dictionary to apply to the request.
        :rtype: requests.Response
        """
    
        try:
            conn = self.get_connection_with_tls_context(
                request, verify, proxies=proxies, cert=cert
            )
        except LocationValueError as e:
            raise InvalidURL(e, request=request)
    
        self.cert_verify(conn, request.url, verify, cert)
        url = self.request_url(request, proxies)
        self.add_headers(
            request,
            stream=stream,
            timeout=timeout,
            verify=verify,
            cert=cert,
            proxies=proxies,
        )
    
        chunked = not (request.body is None or "Content-Length" in request.headers)
    
        if isinstance(timeout, tuple):
            try:
                connect, read = timeout
                timeout = TimeoutSauce(connect=connect, read=read)
            except ValueError:
                raise ValueError(
                    f"Invalid timeout {timeout}. Pass a (connect, read) timeout tuple, "
                    f"or a single float to set both timeouts to the same value."
                )
        elif isinstance(timeout, TimeoutSauce):
            pass
        else:
            timeout = TimeoutSauce(connect=timeout, read=timeout)
    
        try:
>           resp = conn.urlopen(
                method=request.method,
                url=url,
                body=request.body,
                headers=request.headers,
                redirect=False,
                assert_same_host=False,
                preload_content=False,
                decode_content=False,
                retries=self.max_retries,
                timeout=timeout,
                chunked=chunked,
            )

..\..\..\..\AppData\Roaming\Python\Python313\site-packages\requests\adapters.py:667: 
_ _ _ _ _ _ _ _ _ _ _ _ _ _ _ _ _ _ _ _ _ _ _ _ _ _ _ _ _ _ _ _ _ _ _ _ _ _ _ _
..\..\..\..\AppData\Roaming\Python\Python313\site-packages\urllib3\connectionpool.py:841: in urlopen
    retries = retries.increment(
_ _ _ _ _ _ _ _ _ _ _ _ _ _ _ _ _ _ _ _ _ _ _ _ _ _ _ _ _ _ _ _ _ _ _ _ _ _ _ _

self = Retry(total=0, connect=None, read=False, redirect=None, status=None)
method = 'GET', url = '/api/portfolio', response = None
error = NewConnectionError('<urllib3.connection.HTTPConnection object at 0x000001E6DE5605A0>: Failed to establish a new connection: [WinError 10061] No connection could be made because the target machine actively refused it')
_pool = <urllib3.connectionpool.HTTPConnectionPool object at 0x000001E6DE4EE650>
_stacktrace = <traceback object at 0x000001E6DEBA2A00>

    def increment(
        self,
        method: str | None = None,
        url: str | None = None,
        response: BaseHTTPResponse | None = None,
        error: Exception | None = None,
        _pool: ConnectionPool | None = None,
        _stacktrace: TracebackType | None = None,
    ) -> Self:
        """Return a new Retry object with incremented retry counters.
    
        :param response: A response object, or None, if the server did not
            return a response.
        :type response: :class:`~urllib3.response.BaseHTTPResponse`
        :param Exception error: An error encountered during the request, or
            None if the response was received successfully.
    
        :return: A new ``Retry`` object.
        """
        if self.total is False and error:
            # Disabled, indicate to re-raise the error.
            raise reraise(type(error), error, _stacktrace)
    
        total = self.total
        if total is not None:
            total -= 1
    
        connect = self.connect
        read = self.read
        redirect = self.redirect
        status_count = self.status
        other = self.other
        cause = "unknown"
        status = None
        redirect_location = None
    
        if error and self._is_connection_error(error):
            # Connect retry?
            if connect is False:
                raise reraise(type(error), error, _stacktrace)
            elif connect is not None:
                connect -= 1
    
        elif error and self._is_read_error(error):
            # Read retry?
            if read is False or method is None or not self._is_method_retryable(method):
                raise reraise(type(error), error, _stacktrace)
            elif read is not None:
                read -= 1
    
        elif error:
            # Other retry?
            if other is not None:
                other -= 1
    
        elif response and response.get_redirect_location():
            # Redirect retry?
            if redirect is not None:
                redirect -= 1
            cause = "too many redirects"
            response_redirect_location = response.get_redirect_location()
            if response_redirect_location:
                redirect_location = response_redirect_location
            status = response.status
    
        else:
            # Incrementing because of a server error like a 500 in
            # status_forcelist and the given method is in the allowed_methods
            cause = ResponseError.GENERIC_ERROR
            if response and response.status:
                if status_count is not None:
                    status_count -= 1
                cause = ResponseError.SPECIFIC_ERROR.format(status_code=response.status)
                status = response.status
    
        history = self.history + (
            RequestHistory(method, url, error, status, redirect_location),
        )
    
        new_retry = self.new(
            total=total,
            connect=connect,
            read=read,
            redirect=redirect,
            status=status_count,
            other=other,
            history=history,
        )
    
        if new_retry.is_exhausted():
            reason = error or ResponseError(cause)
>           raise MaxRetryError(_pool, url, reason) from reason  # type: ignore[arg-type]
            ^^^^^^^^^^^^^^^^^^^^^^^^^^^^^^^^^^^^^^^^^^^^^^^^^^^
E           urllib3.exceptions.MaxRetryError: HTTPConnectionPool(host='localhost', port=8000): Max retries exceeded with url: /api/portfolio (Caused by NewConnectionError('<urllib3.connection.HTTPConnection object at 0x000001E6DE5605A0>: Failed to establish a new connection: [WinError 10061] No connection could be made because the target machine actively refused it'))

..\..\..\..\AppData\Roaming\Python\Python313\site-packages\urllib3\util\retry.py:519: MaxRetryError

During handling of the above exception, another exception occurred:

self = <test_deployment_health.TestDeploymentHealth object at 0x000001E6D9743150>
base_url = 'http://localhost:8000', auth_headers = {}

    def test_portfolio_service(self, base_url: str, auth_headers: Dict[str, str]):
        """Test that portfolio service is responding."""
>       response = requests.get(
            f"{base_url}/api/portfolio",
            headers=auth_headers,
            timeout=10
        )

tests\smoke\test_deployment_health.py:133: 
_ _ _ _ _ _ _ _ _ _ _ _ _ _ _ _ _ _ _ _ _ _ _ _ _ _ _ _ _ _ _ _ _ _ _ _ _ _ _ _
..\..\..\..\AppData\Roaming\Python\Python313\site-packages\requests\api.py:73: in get
    return request("get", url, params=params, **kwargs)
           ^^^^^^^^^^^^^^^^^^^^^^^^^^^^^^^^^^^^^^^^^^^^
..\..\..\..\AppData\Roaming\Python\Python313\site-packages\requests\api.py:59: in request
    return session.request(method=method, url=url, **kwargs)
           ^^^^^^^^^^^^^^^^^^^^^^^^^^^^^^^^^^^^^^^^^^^^^^^^^
..\..\..\..\AppData\Roaming\Python\Python313\site-packages\requests\sessions.py:589: in request
    resp = self.send(prep, **send_kwargs)
           ^^^^^^^^^^^^^^^^^^^^^^^^^^^^^^
..\..\..\..\AppData\Roaming\Python\Python313\site-packages\requests\sessions.py:703: in send
    r = adapter.send(request, **kwargs)
        ^^^^^^^^^^^^^^^^^^^^^^^^^^^^^^^
_ _ _ _ _ _ _ _ _ _ _ _ _ _ _ _ _ _ _ _ _ _ _ _ _ _ _ _ _ _ _ _ _ _ _ _ _ _ _ _

self = <requests.adapters.HTTPAdapter object at 0x000001E6DE511520>
request = <PreparedRequest [GET]>, stream = False
timeout = Timeout(connect=10, read=10, total=None), verify = True, cert = None
proxies = OrderedDict()

    def send(
        self, request, stream=False, timeout=None, verify=True, cert=None, proxies=None
    ):
        """Sends PreparedRequest object. Returns Response object.
    
        :param request: The :class:`PreparedRequest <PreparedRequest>` being sent.
        :param stream: (optional) Whether to stream the request content.
        :param timeout: (optional) How long to wait for the server to send
            data before giving up, as a float, or a :ref:`(connect timeout,
            read timeout) <timeouts>` tuple.
        :type timeout: float or tuple or urllib3 Timeout object
        :param verify: (optional) Either a boolean, in which case it controls whether
            we verify the server's TLS certificate, or a string, in which case it
            must be a path to a CA bundle to use
        :param cert: (optional) Any user-provided SSL certificate to be trusted.
        :param proxies: (optional) The proxies dictionary to apply to the request.
        :rtype: requests.Response
        """
    
        try:
            conn = self.get_connection_with_tls_context(
                request, verify, proxies=proxies, cert=cert
            )
        except LocationValueError as e:
            raise InvalidURL(e, request=request)
    
        self.cert_verify(conn, request.url, verify, cert)
        url = self.request_url(request, proxies)
        self.add_headers(
            request,
            stream=stream,
            timeout=timeout,
            verify=verify,
            cert=cert,
            proxies=proxies,
        )
    
        chunked = not (request.body is None or "Content-Length" in request.headers)
    
        if isinstance(timeout, tuple):
            try:
                connect, read = timeout
                timeout = TimeoutSauce(connect=connect, read=read)
            except ValueError:
                raise ValueError(
                    f"Invalid timeout {timeout}. Pass a (connect, read) timeout tuple, "
                    f"or a single float to set both timeouts to the same value."
                )
        elif isinstance(timeout, TimeoutSauce):
            pass
        else:
            timeout = TimeoutSauce(connect=timeout, read=timeout)
    
        try:
            resp = conn.urlopen(
                method=request.method,
                url=url,
                body=request.body,
                headers=request.headers,
                redirect=False,
                assert_same_host=False,
                preload_content=False,
                decode_content=False,
                retries=self.max_retries,
                timeout=timeout,
                chunked=chunked,
            )
    
        except (ProtocolError, OSError) as err:
            raise ConnectionError(err, request=request)
    
        except MaxRetryError as e:
            if isinstance(e.reason, ConnectTimeoutError):
                # TODO: Remove this in 3.0.0: see #2811
                if not isinstance(e.reason, NewConnectionError):
                    raise ConnectTimeout(e, request=request)
    
            if isinstance(e.reason, ResponseError):
                raise RetryError(e, request=request)
    
            if isinstance(e.reason, _ProxyError):
                raise ProxyError(e, request=request)
    
            if isinstance(e.reason, _SSLError):
                # This branch is for urllib3 v1.22 and later.
                raise SSLError(e, request=request)
    
>           raise ConnectionError(e, request=request)
E           requests.exceptions.ConnectionError: HTTPConnectionPool(host='localhost', port=8000): Max retries exceeded with url: /api/portfolio (Caused by NewConnectionError('<urllib3.connection.HTTPConnection object at 0x000001E6DE5605A0>: Failed to establish a new connection: [WinError 10061] No connection could be made because the target machine actively refused it'))

..\..\..\..\AppData\Roaming\Python\Python313\site-packages\requests\adapters.py:700: ConnectionError
______________ TestDeploymentHealth.test_risk_management_service ______________

self = <urllib3.connection.HTTPConnection object at 0x000001E6DE560C00>

    def _new_conn(self) -> socket.socket:
        """Establish a socket connection and set nodelay settings on it.
    
        :return: New socket connection.
        """
        try:
>           sock = connection.create_connection(
                (self._dns_host, self.port),
                self.timeout,
                source_address=self.source_address,
                socket_options=self.socket_options,
            )

..\..\..\..\AppData\Roaming\Python\Python313\site-packages\urllib3\connection.py:198: 
_ _ _ _ _ _ _ _ _ _ _ _ _ _ _ _ _ _ _ _ _ _ _ _ _ _ _ _ _ _ _ _ _ _ _ _ _ _ _ _
..\..\..\..\AppData\Roaming\Python\Python313\site-packages\urllib3\util\connection.py:85: in create_connection
    raise err
_ _ _ _ _ _ _ _ _ _ _ _ _ _ _ _ _ _ _ _ _ _ _ _ _ _ _ _ _ _ _ _ _ _ _ _ _ _ _ _

address = ('localhost', 8000), timeout = 10, source_address = None
socket_options = [(6, 1, 1)]

    def create_connection(
        address: tuple[str, int],
        timeout: _TYPE_TIMEOUT = _DEFAULT_TIMEOUT,
        source_address: tuple[str, int] | None = None,
        socket_options: _TYPE_SOCKET_OPTIONS | None = None,
    ) -> socket.socket:
        """Connect to *address* and return the socket object.
    
        Convenience function.  Connect to *address* (a 2-tuple ``(host,
        port)``) and return the socket object.  Passing the optional
        *timeout* parameter will set the timeout on the socket instance
        before attempting to connect.  If no *timeout* is supplied, the
        global default timeout setting returned by :func:`socket.getdefaulttimeout`
        is used.  If *source_address* is set it must be a tuple of (host, port)
        for the socket to bind as a source address before making the connection.
        An host of '' or port 0 tells the OS to use the default.
        """
    
        host, port = address
        if host.startswith("["):
            host = host.strip("[]")
        err = None
    
        # Using the value from allowed_gai_family() in the context of getaddrinfo lets
        # us select whether to work with IPv4 DNS records, IPv6 records, or both.
        # The original create_connection function always returns all records.
        family = allowed_gai_family()
    
        try:
            host.encode("idna")
        except UnicodeError:
            raise LocationParseError(f"'{host}', label empty or too long") from None
    
        for res in socket.getaddrinfo(host, port, family, socket.SOCK_STREAM):
            af, socktype, proto, canonname, sa = res
            sock = None
            try:
                sock = socket.socket(af, socktype, proto)
    
                # If provided, set socket level options before connecting.
                _set_socket_options(sock, socket_options)
    
                if timeout is not _DEFAULT_TIMEOUT:
                    sock.settimeout(timeout)
                if source_address:
                    sock.bind(source_address)
>               sock.connect(sa)
E               ConnectionRefusedError: [WinError 10061] No connection could be made because the target machine actively refused it

..\..\..\..\AppData\Roaming\Python\Python313\site-packages\urllib3\util\connection.py:73: ConnectionRefusedError

The above exception was the direct cause of the following exception:

self = <urllib3.connectionpool.HTTPConnectionPool object at 0x000001E6DE4AAD50>
method = 'GET', url = '/api/risk/metrics', body = None
headers = {'User-Agent': 'python-requests/2.32.3', 'Accept-Encoding': 'gzip, deflate, br, zstd', 'Accept': '*/*', 'Connection': 'keep-alive'}
retries = Retry(total=0, connect=None, read=False, redirect=None, status=None)
redirect = False, assert_same_host = False
timeout = Timeout(connect=10, read=10, total=None), pool_timeout = None
release_conn = False, chunked = False, body_pos = None, preload_content = False
decode_content = False, response_kw = {}
parsed_url = Url(scheme=None, auth=None, host=None, port=None, path='/api/risk/metrics', query=None, fragment=None)
destination_scheme = None, conn = None, release_this_conn = True
http_tunnel_required = False, err = None, clean_exit = False

    def urlopen(  # type: ignore[override]
        self,
        method: str,
        url: str,
        body: _TYPE_BODY | None = None,
        headers: typing.Mapping[str, str] | None = None,
        retries: Retry | bool | int | None = None,
        redirect: bool = True,
        assert_same_host: bool = True,
        timeout: _TYPE_TIMEOUT = _DEFAULT_TIMEOUT,
        pool_timeout: int | None = None,
        release_conn: bool | None = None,
        chunked: bool = False,
        body_pos: _TYPE_BODY_POSITION | None = None,
        preload_content: bool = True,
        decode_content: bool = True,
        **response_kw: typing.Any,
    ) -> BaseHTTPResponse:
        """
        Get a connection from the pool and perform an HTTP request. This is the
        lowest level call for making a request, so you'll need to specify all
        the raw details.
    
        .. note::
    
           More commonly, it's appropriate to use a convenience method
           such as :meth:`request`.
    
        .. note::
    
           `release_conn` will only behave as expected if
           `preload_content=False` because we want to make
           `preload_content=False` the default behaviour someday soon without
           breaking backwards compatibility.
    
        :param method:
            HTTP request method (such as GET, POST, PUT, etc.)
    
        :param url:
            The URL to perform the request on.
    
        :param body:
            Data to send in the request body, either :class:`str`, :class:`bytes`,
            an iterable of :class:`str`/:class:`bytes`, or a file-like object.
    
        :param headers:
            Dictionary of custom headers to send, such as User-Agent,
            If-None-Match, etc. If None, pool headers are used. If provided,
            these headers completely replace any pool-specific headers.
    
        :param retries:
            Configure the number of retries to allow before raising a
            :class:`~urllib3.exceptions.MaxRetryError` exception.
    
            If ``None`` (default) will retry 3 times, see ``Retry.DEFAULT``. Pass a
            :class:`~urllib3.util.retry.Retry` object for fine-grained control
            over different types of retries.
            Pass an integer number to retry connection errors that many times,
            but no other types of errors. Pass zero to never retry.
    
            If ``False``, then retries are disabled and any exception is raised
            immediately. Also, instead of raising a MaxRetryError on redirects,
            the redirect response will be returned.
    
        :type retries: :class:`~urllib3.util.retry.Retry`, False, or an int.
    
        :param redirect:
            If True, automatically handle redirects (status codes 301, 302,
            303, 307, 308). Each redirect counts as a retry. Disabling retries
            will disable redirect, too.
    
        :param assert_same_host:
            If ``True``, will make sure that the host of the pool requests is
            consistent else will raise HostChangedError. When ``False``, you can
            use the pool on an HTTP proxy and request foreign hosts.
    
        :param timeout:
            If specified, overrides the default timeout for this one
            request. It may be a float (in seconds) or an instance of
            :class:`urllib3.util.Timeout`.
    
        :param pool_timeout:
            If set and the pool is set to block=True, then this method will
            block for ``pool_timeout`` seconds and raise EmptyPoolError if no
            connection is available within the time period.
    
        :param bool preload_content:
            If True, the response's body will be preloaded into memory.
    
        :param bool decode_content:
            If True, will attempt to decode the body based on the
            'content-encoding' header.
    
        :param release_conn:
            If False, then the urlopen call will not release the connection
            back into the pool once a response is received (but will release if
            you read the entire contents of the response such as when
            `preload_content=True`). This is useful if you're not preloading
            the response's content immediately. You will need to call
            ``r.release_conn()`` on the response ``r`` to return the connection
            back into the pool. If None, it takes the value of ``preload_content``
            which defaults to ``True``.
    
        :param bool chunked:
            If True, urllib3 will send the body using chunked transfer
            encoding. Otherwise, urllib3 will send the body using the standard
            content-length form. Defaults to False.
    
        :param int body_pos:
            Position to seek to in file-like body in the event of a retry or
            redirect. Typically this won't need to be set because urllib3 will
            auto-populate the value when needed.
        """
        parsed_url = parse_url(url)
        destination_scheme = parsed_url.scheme
    
        if headers is None:
            headers = self.headers
    
        if not isinstance(retries, Retry):
            retries = Retry.from_int(retries, redirect=redirect, default=self.retries)
    
        if release_conn is None:
            release_conn = preload_content
    
        # Check host
        if assert_same_host and not self.is_same_host(url):
            raise HostChangedError(self, url, retries)
    
        # Ensure that the URL we're connecting to is properly encoded
        if url.startswith("/"):
            url = to_str(_encode_target(url))
        else:
            url = to_str(parsed_url.url)
    
        conn = None
    
        # Track whether `conn` needs to be released before
        # returning/raising/recursing. Update this variable if necessary, and
        # leave `release_conn` constant throughout the function. That way, if
        # the function recurses, the original value of `release_conn` will be
        # passed down into the recursive call, and its value will be respected.
        #
        # See issue #651 [1] for details.
        #
        # [1] <https://github.com/urllib3/urllib3/issues/651>
        release_this_conn = release_conn
    
        http_tunnel_required = connection_requires_http_tunnel(
            self.proxy, self.proxy_config, destination_scheme
        )
    
        # Merge the proxy headers. Only done when not using HTTP CONNECT. We
        # have to copy the headers dict so we can safely change it without those
        # changes being reflected in anyone else's copy.
        if not http_tunnel_required:
            headers = headers.copy()  # type: ignore[attr-defined]
            headers.update(self.proxy_headers)  # type: ignore[union-attr]
    
        # Must keep the exception bound to a separate variable or else Python 3
        # complains about UnboundLocalError.
        err = None
    
        # Keep track of whether we cleanly exited the except block. This
        # ensures we do proper cleanup in finally.
        clean_exit = False
    
        # Rewind body position, if needed. Record current position
        # for future rewinds in the event of a redirect/retry.
        body_pos = set_file_position(body, body_pos)
    
        try:
            # Request a connection from the queue.
            timeout_obj = self._get_timeout(timeout)
            conn = self._get_conn(timeout=pool_timeout)
    
            conn.timeout = timeout_obj.connect_timeout  # type: ignore[assignment]
    
            # Is this a closed/new connection that requires CONNECT tunnelling?
            if self.proxy is not None and http_tunnel_required and conn.is_closed:
                try:
                    self._prepare_proxy(conn)
                except (BaseSSLError, OSError, SocketTimeout) as e:
                    self._raise_timeout(
                        err=e, url=self.proxy.url, timeout_value=conn.timeout
                    )
                    raise
    
            # If we're going to release the connection in ``finally:``, then
            # the response doesn't need to know about the connection. Otherwise
            # it will also try to release it and we'll have a double-release
            # mess.
            response_conn = conn if not release_conn else None
    
            # Make the request on the HTTPConnection object
>           response = self._make_request(
                conn,
                method,
                url,
                timeout=timeout_obj,
                body=body,
                headers=headers,
                chunked=chunked,
                retries=retries,
                response_conn=response_conn,
                preload_content=preload_content,
                decode_content=decode_content,
                **response_kw,
            )

..\..\..\..\AppData\Roaming\Python\Python313\site-packages\urllib3\connectionpool.py:787: 
_ _ _ _ _ _ _ _ _ _ _ _ _ _ _ _ _ _ _ _ _ _ _ _ _ _ _ _ _ _ _ _ _ _ _ _ _ _ _ _
..\..\..\..\AppData\Roaming\Python\Python313\site-packages\urllib3\connectionpool.py:493: in _make_request
    conn.request(
..\..\..\..\AppData\Roaming\Python\Python313\site-packages\urllib3\connection.py:445: in request
    self.endheaders()
C:\Program Files\Python313\Lib\http\client.py:1333: in endheaders
    self._send_output(message_body, encode_chunked=encode_chunked)
C:\Program Files\Python313\Lib\http\client.py:1093: in _send_output
    self.send(msg)
C:\Program Files\Python313\Lib\http\client.py:1037: in send
    self.connect()
..\..\..\..\AppData\Roaming\Python\Python313\site-packages\urllib3\connection.py:276: in connect
    self.sock = self._new_conn()
                ^^^^^^^^^^^^^^^^
_ _ _ _ _ _ _ _ _ _ _ _ _ _ _ _ _ _ _ _ _ _ _ _ _ _ _ _ _ _ _ _ _ _ _ _ _ _ _ _

self = <urllib3.connection.HTTPConnection object at 0x000001E6DE560C00>

    def _new_conn(self) -> socket.socket:
        """Establish a socket connection and set nodelay settings on it.
    
        :return: New socket connection.
        """
        try:
            sock = connection.create_connection(
                (self._dns_host, self.port),
                self.timeout,
                source_address=self.source_address,
                socket_options=self.socket_options,
            )
        except socket.gaierror as e:
            raise NameResolutionError(self.host, self, e) from e
        except SocketTimeout as e:
            raise ConnectTimeoutError(
                self,
                f"Connection to {self.host} timed out. (connect timeout={self.timeout})",
            ) from e
    
        except OSError as e:
>           raise NewConnectionError(
                self, f"Failed to establish a new connection: {e}"
            ) from e
E           urllib3.exceptions.NewConnectionError: <urllib3.connection.HTTPConnection object at 0x000001E6DE560C00>: Failed to establish a new connection: [WinError 10061] No connection could be made because the target machine actively refused it

..\..\..\..\AppData\Roaming\Python\Python313\site-packages\urllib3\connection.py:213: NewConnectionError

The above exception was the direct cause of the following exception:

self = <requests.adapters.HTTPAdapter object at 0x000001E6DE8BACD0>
request = <PreparedRequest [GET]>, stream = False
timeout = Timeout(connect=10, read=10, total=None), verify = True, cert = None
proxies = OrderedDict()

    def send(
        self, request, stream=False, timeout=None, verify=True, cert=None, proxies=None
    ):
        """Sends PreparedRequest object. Returns Response object.
    
        :param request: The :class:`PreparedRequest <PreparedRequest>` being sent.
        :param stream: (optional) Whether to stream the request content.
        :param timeout: (optional) How long to wait for the server to send
            data before giving up, as a float, or a :ref:`(connect timeout,
            read timeout) <timeouts>` tuple.
        :type timeout: float or tuple or urllib3 Timeout object
        :param verify: (optional) Either a boolean, in which case it controls whether
            we verify the server's TLS certificate, or a string, in which case it
            must be a path to a CA bundle to use
        :param cert: (optional) Any user-provided SSL certificate to be trusted.
        :param proxies: (optional) The proxies dictionary to apply to the request.
        :rtype: requests.Response
        """
    
        try:
            conn = self.get_connection_with_tls_context(
                request, verify, proxies=proxies, cert=cert
            )
        except LocationValueError as e:
            raise InvalidURL(e, request=request)
    
        self.cert_verify(conn, request.url, verify, cert)
        url = self.request_url(request, proxies)
        self.add_headers(
            request,
            stream=stream,
            timeout=timeout,
            verify=verify,
            cert=cert,
            proxies=proxies,
        )
    
        chunked = not (request.body is None or "Content-Length" in request.headers)
    
        if isinstance(timeout, tuple):
            try:
                connect, read = timeout
                timeout = TimeoutSauce(connect=connect, read=read)
            except ValueError:
                raise ValueError(
                    f"Invalid timeout {timeout}. Pass a (connect, read) timeout tuple, "
                    f"or a single float to set both timeouts to the same value."
                )
        elif isinstance(timeout, TimeoutSauce):
            pass
        else:
            timeout = TimeoutSauce(connect=timeout, read=timeout)
    
        try:
>           resp = conn.urlopen(
                method=request.method,
                url=url,
                body=request.body,
                headers=request.headers,
                redirect=False,
                assert_same_host=False,
                preload_content=False,
                decode_content=False,
                retries=self.max_retries,
                timeout=timeout,
                chunked=chunked,
            )

..\..\..\..\AppData\Roaming\Python\Python313\site-packages\requests\adapters.py:667: 
_ _ _ _ _ _ _ _ _ _ _ _ _ _ _ _ _ _ _ _ _ _ _ _ _ _ _ _ _ _ _ _ _ _ _ _ _ _ _ _
..\..\..\..\AppData\Roaming\Python\Python313\site-packages\urllib3\connectionpool.py:841: in urlopen
    retries = retries.increment(
_ _ _ _ _ _ _ _ _ _ _ _ _ _ _ _ _ _ _ _ _ _ _ _ _ _ _ _ _ _ _ _ _ _ _ _ _ _ _ _

self = Retry(total=0, connect=None, read=False, redirect=None, status=None)
method = 'GET', url = '/api/risk/metrics', response = None
error = NewConnectionError('<urllib3.connection.HTTPConnection object at 0x000001E6DE560C00>: Failed to establish a new connection: [WinError 10061] No connection could be made because the target machine actively refused it')
_pool = <urllib3.connectionpool.HTTPConnectionPool object at 0x000001E6DE4AAD50>
_stacktrace = <traceback object at 0x000001E6DEBC6980>

    def increment(
        self,
        method: str | None = None,
        url: str | None = None,
        response: BaseHTTPResponse | None = None,
        error: Exception | None = None,
        _pool: ConnectionPool | None = None,
        _stacktrace: TracebackType | None = None,
    ) -> Self:
        """Return a new Retry object with incremented retry counters.
    
        :param response: A response object, or None, if the server did not
            return a response.
        :type response: :class:`~urllib3.response.BaseHTTPResponse`
        :param Exception error: An error encountered during the request, or
            None if the response was received successfully.
    
        :return: A new ``Retry`` object.
        """
        if self.total is False and error:
            # Disabled, indicate to re-raise the error.
            raise reraise(type(error), error, _stacktrace)
    
        total = self.total
        if total is not None:
            total -= 1
    
        connect = self.connect
        read = self.read
        redirect = self.redirect
        status_count = self.status
        other = self.other
        cause = "unknown"
        status = None
        redirect_location = None
    
        if error and self._is_connection_error(error):
            # Connect retry?
            if connect is False:
                raise reraise(type(error), error, _stacktrace)
            elif connect is not None:
                connect -= 1
    
        elif error and self._is_read_error(error):
            # Read retry?
            if read is False or method is None or not self._is_method_retryable(method):
                raise reraise(type(error), error, _stacktrace)
            elif read is not None:
                read -= 1
    
        elif error:
            # Other retry?
            if other is not None:
                other -= 1
    
        elif response and response.get_redirect_location():
            # Redirect retry?
            if redirect is not None:
                redirect -= 1
            cause = "too many redirects"
            response_redirect_location = response.get_redirect_location()
            if response_redirect_location:
                redirect_location = response_redirect_location
            status = response.status
    
        else:
            # Incrementing because of a server error like a 500 in
            # status_forcelist and the given method is in the allowed_methods
            cause = ResponseError.GENERIC_ERROR
            if response and response.status:
                if status_count is not None:
                    status_count -= 1
                cause = ResponseError.SPECIFIC_ERROR.format(status_code=response.status)
                status = response.status
    
        history = self.history + (
            RequestHistory(method, url, error, status, redirect_location),
        )
    
        new_retry = self.new(
            total=total,
            connect=connect,
            read=read,
            redirect=redirect,
            status=status_count,
            other=other,
            history=history,
        )
    
        if new_retry.is_exhausted():
            reason = error or ResponseError(cause)
>           raise MaxRetryError(_pool, url, reason) from reason  # type: ignore[arg-type]
            ^^^^^^^^^^^^^^^^^^^^^^^^^^^^^^^^^^^^^^^^^^^^^^^^^^^
E           urllib3.exceptions.MaxRetryError: HTTPConnectionPool(host='localhost', port=8000): Max retries exceeded with url: /api/risk/metrics (Caused by NewConnectionError('<urllib3.connection.HTTPConnection object at 0x000001E6DE560C00>: Failed to establish a new connection: [WinError 10061] No connection could be made because the target machine actively refused it'))

..\..\..\..\AppData\Roaming\Python\Python313\site-packages\urllib3\util\retry.py:519: MaxRetryError

During handling of the above exception, another exception occurred:

self = <test_deployment_health.TestDeploymentHealth object at 0x000001E6D9743850>
base_url = 'http://localhost:8000', auth_headers = {}

    def test_risk_management_service(self, base_url: str, auth_headers: Dict[str, str]):
        """Test that risk management service is responding."""
>       response = requests.get(
            f"{base_url}/api/risk/metrics",
            headers=auth_headers,
            timeout=10
        )

tests\smoke\test_deployment_health.py:146: 
_ _ _ _ _ _ _ _ _ _ _ _ _ _ _ _ _ _ _ _ _ _ _ _ _ _ _ _ _ _ _ _ _ _ _ _ _ _ _ _
..\..\..\..\AppData\Roaming\Python\Python313\site-packages\requests\api.py:73: in get
    return request("get", url, params=params, **kwargs)
           ^^^^^^^^^^^^^^^^^^^^^^^^^^^^^^^^^^^^^^^^^^^^
..\..\..\..\AppData\Roaming\Python\Python313\site-packages\requests\api.py:59: in request
    return session.request(method=method, url=url, **kwargs)
           ^^^^^^^^^^^^^^^^^^^^^^^^^^^^^^^^^^^^^^^^^^^^^^^^^
..\..\..\..\AppData\Roaming\Python\Python313\site-packages\requests\sessions.py:589: in request
    resp = self.send(prep, **send_kwargs)
           ^^^^^^^^^^^^^^^^^^^^^^^^^^^^^^
..\..\..\..\AppData\Roaming\Python\Python313\site-packages\requests\sessions.py:703: in send
    r = adapter.send(request, **kwargs)
        ^^^^^^^^^^^^^^^^^^^^^^^^^^^^^^^
_ _ _ _ _ _ _ _ _ _ _ _ _ _ _ _ _ _ _ _ _ _ _ _ _ _ _ _ _ _ _ _ _ _ _ _ _ _ _ _

self = <requests.adapters.HTTPAdapter object at 0x000001E6DE8BACD0>
request = <PreparedRequest [GET]>, stream = False
timeout = Timeout(connect=10, read=10, total=None), verify = True, cert = None
proxies = OrderedDict()

    def send(
        self, request, stream=False, timeout=None, verify=True, cert=None, proxies=None
    ):
        """Sends PreparedRequest object. Returns Response object.
    
        :param request: The :class:`PreparedRequest <PreparedRequest>` being sent.
        :param stream: (optional) Whether to stream the request content.
        :param timeout: (optional) How long to wait for the server to send
            data before giving up, as a float, or a :ref:`(connect timeout,
            read timeout) <timeouts>` tuple.
        :type timeout: float or tuple or urllib3 Timeout object
        :param verify: (optional) Either a boolean, in which case it controls whether
            we verify the server's TLS certificate, or a string, in which case it
            must be a path to a CA bundle to use
        :param cert: (optional) Any user-provided SSL certificate to be trusted.
        :param proxies: (optional) The proxies dictionary to apply to the request.
        :rtype: requests.Response
        """
    
        try:
            conn = self.get_connection_with_tls_context(
                request, verify, proxies=proxies, cert=cert
            )
        except LocationValueError as e:
            raise InvalidURL(e, request=request)
    
        self.cert_verify(conn, request.url, verify, cert)
        url = self.request_url(request, proxies)
        self.add_headers(
            request,
            stream=stream,
            timeout=timeout,
            verify=verify,
            cert=cert,
            proxies=proxies,
        )
    
        chunked = not (request.body is None or "Content-Length" in request.headers)
    
        if isinstance(timeout, tuple):
            try:
                connect, read = timeout
                timeout = TimeoutSauce(connect=connect, read=read)
            except ValueError:
                raise ValueError(
                    f"Invalid timeout {timeout}. Pass a (connect, read) timeout tuple, "
                    f"or a single float to set both timeouts to the same value."
                )
        elif isinstance(timeout, TimeoutSauce):
            pass
        else:
            timeout = TimeoutSauce(connect=timeout, read=timeout)
    
        try:
            resp = conn.urlopen(
                method=request.method,
                url=url,
                body=request.body,
                headers=request.headers,
                redirect=False,
                assert_same_host=False,
                preload_content=False,
                decode_content=False,
                retries=self.max_retries,
                timeout=timeout,
                chunked=chunked,
            )
    
        except (ProtocolError, OSError) as err:
            raise ConnectionError(err, request=request)
    
        except MaxRetryError as e:
            if isinstance(e.reason, ConnectTimeoutError):
                # TODO: Remove this in 3.0.0: see #2811
                if not isinstance(e.reason, NewConnectionError):
                    raise ConnectTimeout(e, request=request)
    
            if isinstance(e.reason, ResponseError):
                raise RetryError(e, request=request)
    
            if isinstance(e.reason, _ProxyError):
                raise ProxyError(e, request=request)
    
            if isinstance(e.reason, _SSLError):
                # This branch is for urllib3 v1.22 and later.
                raise SSLError(e, request=request)
    
>           raise ConnectionError(e, request=request)
E           requests.exceptions.ConnectionError: HTTPConnectionPool(host='localhost', port=8000): Max retries exceeded with url: /api/risk/metrics (Caused by NewConnectionError('<urllib3.connection.HTTPConnection object at 0x000001E6DE560C00>: Failed to establish a new connection: [WinError 10061] No connection could be made because the target machine actively refused it'))

..\..\..\..\AppData\Roaming\Python\Python313\site-packages\requests\adapters.py:700: ConnectionError
________________ TestDeploymentHealth.test_websocket_endpoint _________________

self = <urllib3.connection.HTTPConnection object at 0x000001E6DE560F30>

    def _new_conn(self) -> socket.socket:
        """Establish a socket connection and set nodelay settings on it.
    
        :return: New socket connection.
        """
        try:
>           sock = connection.create_connection(
                (self._dns_host, self.port),
                self.timeout,
                source_address=self.source_address,
                socket_options=self.socket_options,
            )

..\..\..\..\AppData\Roaming\Python\Python313\site-packages\urllib3\connection.py:198: 
_ _ _ _ _ _ _ _ _ _ _ _ _ _ _ _ _ _ _ _ _ _ _ _ _ _ _ _ _ _ _ _ _ _ _ _ _ _ _ _
..\..\..\..\AppData\Roaming\Python\Python313\site-packages\urllib3\util\connection.py:85: in create_connection
    raise err
_ _ _ _ _ _ _ _ _ _ _ _ _ _ _ _ _ _ _ _ _ _ _ _ _ _ _ _ _ _ _ _ _ _ _ _ _ _ _ _

address = ('localhost', 8000), timeout = 10, source_address = None
socket_options = [(6, 1, 1)]

    def create_connection(
        address: tuple[str, int],
        timeout: _TYPE_TIMEOUT = _DEFAULT_TIMEOUT,
        source_address: tuple[str, int] | None = None,
        socket_options: _TYPE_SOCKET_OPTIONS | None = None,
    ) -> socket.socket:
        """Connect to *address* and return the socket object.
    
        Convenience function.  Connect to *address* (a 2-tuple ``(host,
        port)``) and return the socket object.  Passing the optional
        *timeout* parameter will set the timeout on the socket instance
        before attempting to connect.  If no *timeout* is supplied, the
        global default timeout setting returned by :func:`socket.getdefaulttimeout`
        is used.  If *source_address* is set it must be a tuple of (host, port)
        for the socket to bind as a source address before making the connection.
        An host of '' or port 0 tells the OS to use the default.
        """
    
        host, port = address
        if host.startswith("["):
            host = host.strip("[]")
        err = None
    
        # Using the value from allowed_gai_family() in the context of getaddrinfo lets
        # us select whether to work with IPv4 DNS records, IPv6 records, or both.
        # The original create_connection function always returns all records.
        family = allowed_gai_family()
    
        try:
            host.encode("idna")
        except UnicodeError:
            raise LocationParseError(f"'{host}', label empty or too long") from None
    
        for res in socket.getaddrinfo(host, port, family, socket.SOCK_STREAM):
            af, socktype, proto, canonname, sa = res
            sock = None
            try:
                sock = socket.socket(af, socktype, proto)
    
                # If provided, set socket level options before connecting.
                _set_socket_options(sock, socket_options)
    
                if timeout is not _DEFAULT_TIMEOUT:
                    sock.settimeout(timeout)
                if source_address:
                    sock.bind(source_address)
>               sock.connect(sa)
E               ConnectionRefusedError: [WinError 10061] No connection could be made because the target machine actively refused it

..\..\..\..\AppData\Roaming\Python\Python313\site-packages\urllib3\util\connection.py:73: ConnectionRefusedError

The above exception was the direct cause of the following exception:

self = <urllib3.connectionpool.HTTPConnectionPool object at 0x000001E6DE3FEC60>
method = 'GET', url = '/api/websocket/health', body = None
headers = {'User-Agent': 'python-requests/2.32.3', 'Accept-Encoding': 'gzip, deflate, br, zstd', 'Accept': '*/*', 'Connection': 'keep-alive'}
retries = Retry(total=0, connect=None, read=False, redirect=None, status=None)
redirect = False, assert_same_host = False
timeout = Timeout(connect=10, read=10, total=None), pool_timeout = None
release_conn = False, chunked = False, body_pos = None, preload_content = False
decode_content = False, response_kw = {}
parsed_url = Url(scheme=None, auth=None, host=None, port=None, path='/api/websocket/health', query=None, fragment=None)
destination_scheme = None, conn = None, release_this_conn = True
http_tunnel_required = False, err = None, clean_exit = False

    def urlopen(  # type: ignore[override]
        self,
        method: str,
        url: str,
        body: _TYPE_BODY | None = None,
        headers: typing.Mapping[str, str] | None = None,
        retries: Retry | bool | int | None = None,
        redirect: bool = True,
        assert_same_host: bool = True,
        timeout: _TYPE_TIMEOUT = _DEFAULT_TIMEOUT,
        pool_timeout: int | None = None,
        release_conn: bool | None = None,
        chunked: bool = False,
        body_pos: _TYPE_BODY_POSITION | None = None,
        preload_content: bool = True,
        decode_content: bool = True,
        **response_kw: typing.Any,
    ) -> BaseHTTPResponse:
        """
        Get a connection from the pool and perform an HTTP request. This is the
        lowest level call for making a request, so you'll need to specify all
        the raw details.
    
        .. note::
    
           More commonly, it's appropriate to use a convenience method
           such as :meth:`request`.
    
        .. note::
    
           `release_conn` will only behave as expected if
           `preload_content=False` because we want to make
           `preload_content=False` the default behaviour someday soon without
           breaking backwards compatibility.
    
        :param method:
            HTTP request method (such as GET, POST, PUT, etc.)
    
        :param url:
            The URL to perform the request on.
    
        :param body:
            Data to send in the request body, either :class:`str`, :class:`bytes`,
            an iterable of :class:`str`/:class:`bytes`, or a file-like object.
    
        :param headers:
            Dictionary of custom headers to send, such as User-Agent,
            If-None-Match, etc. If None, pool headers are used. If provided,
            these headers completely replace any pool-specific headers.
    
        :param retries:
            Configure the number of retries to allow before raising a
            :class:`~urllib3.exceptions.MaxRetryError` exception.
    
            If ``None`` (default) will retry 3 times, see ``Retry.DEFAULT``. Pass a
            :class:`~urllib3.util.retry.Retry` object for fine-grained control
            over different types of retries.
            Pass an integer number to retry connection errors that many times,
            but no other types of errors. Pass zero to never retry.
    
            If ``False``, then retries are disabled and any exception is raised
            immediately. Also, instead of raising a MaxRetryError on redirects,
            the redirect response will be returned.
    
        :type retries: :class:`~urllib3.util.retry.Retry`, False, or an int.
    
        :param redirect:
            If True, automatically handle redirects (status codes 301, 302,
            303, 307, 308). Each redirect counts as a retry. Disabling retries
            will disable redirect, too.
    
        :param assert_same_host:
            If ``True``, will make sure that the host of the pool requests is
            consistent else will raise HostChangedError. When ``False``, you can
            use the pool on an HTTP proxy and request foreign hosts.
    
        :param timeout:
            If specified, overrides the default timeout for this one
            request. It may be a float (in seconds) or an instance of
            :class:`urllib3.util.Timeout`.
    
        :param pool_timeout:
            If set and the pool is set to block=True, then this method will
            block for ``pool_timeout`` seconds and raise EmptyPoolError if no
            connection is available within the time period.
    
        :param bool preload_content:
            If True, the response's body will be preloaded into memory.
    
        :param bool decode_content:
            If True, will attempt to decode the body based on the
            'content-encoding' header.
    
        :param release_conn:
            If False, then the urlopen call will not release the connection
            back into the pool once a response is received (but will release if
            you read the entire contents of the response such as when
            `preload_content=True`). This is useful if you're not preloading
            the response's content immediately. You will need to call
            ``r.release_conn()`` on the response ``r`` to return the connection
            back into the pool. If None, it takes the value of ``preload_content``
            which defaults to ``True``.
    
        :param bool chunked:
            If True, urllib3 will send the body using chunked transfer
            encoding. Otherwise, urllib3 will send the body using the standard
            content-length form. Defaults to False.
    
        :param int body_pos:
            Position to seek to in file-like body in the event of a retry or
            redirect. Typically this won't need to be set because urllib3 will
            auto-populate the value when needed.
        """
        parsed_url = parse_url(url)
        destination_scheme = parsed_url.scheme
    
        if headers is None:
            headers = self.headers
    
        if not isinstance(retries, Retry):
            retries = Retry.from_int(retries, redirect=redirect, default=self.retries)
    
        if release_conn is None:
            release_conn = preload_content
    
        # Check host
        if assert_same_host and not self.is_same_host(url):
            raise HostChangedError(self, url, retries)
    
        # Ensure that the URL we're connecting to is properly encoded
        if url.startswith("/"):
            url = to_str(_encode_target(url))
        else:
            url = to_str(parsed_url.url)
    
        conn = None
    
        # Track whether `conn` needs to be released before
        # returning/raising/recursing. Update this variable if necessary, and
        # leave `release_conn` constant throughout the function. That way, if
        # the function recurses, the original value of `release_conn` will be
        # passed down into the recursive call, and its value will be respected.
        #
        # See issue #651 [1] for details.
        #
        # [1] <https://github.com/urllib3/urllib3/issues/651>
        release_this_conn = release_conn
    
        http_tunnel_required = connection_requires_http_tunnel(
            self.proxy, self.proxy_config, destination_scheme
        )
    
        # Merge the proxy headers. Only done when not using HTTP CONNECT. We
        # have to copy the headers dict so we can safely change it without those
        # changes being reflected in anyone else's copy.
        if not http_tunnel_required:
            headers = headers.copy()  # type: ignore[attr-defined]
            headers.update(self.proxy_headers)  # type: ignore[union-attr]
    
        # Must keep the exception bound to a separate variable or else Python 3
        # complains about UnboundLocalError.
        err = None
    
        # Keep track of whether we cleanly exited the except block. This
        # ensures we do proper cleanup in finally.
        clean_exit = False
    
        # Rewind body position, if needed. Record current position
        # for future rewinds in the event of a redirect/retry.
        body_pos = set_file_position(body, body_pos)
    
        try:
            # Request a connection from the queue.
            timeout_obj = self._get_timeout(timeout)
            conn = self._get_conn(timeout=pool_timeout)
    
            conn.timeout = timeout_obj.connect_timeout  # type: ignore[assignment]
    
            # Is this a closed/new connection that requires CONNECT tunnelling?
            if self.proxy is not None and http_tunnel_required and conn.is_closed:
                try:
                    self._prepare_proxy(conn)
                except (BaseSSLError, OSError, SocketTimeout) as e:
                    self._raise_timeout(
                        err=e, url=self.proxy.url, timeout_value=conn.timeout
                    )
                    raise
    
            # If we're going to release the connection in ``finally:``, then
            # the response doesn't need to know about the connection. Otherwise
            # it will also try to release it and we'll have a double-release
            # mess.
            response_conn = conn if not release_conn else None
    
            # Make the request on the HTTPConnection object
>           response = self._make_request(
                conn,
                method,
                url,
                timeout=timeout_obj,
                body=body,
                headers=headers,
                chunked=chunked,
                retries=retries,
                response_conn=response_conn,
                preload_content=preload_content,
                decode_content=decode_content,
                **response_kw,
            )

..\..\..\..\AppData\Roaming\Python\Python313\site-packages\urllib3\connectionpool.py:787: 
_ _ _ _ _ _ _ _ _ _ _ _ _ _ _ _ _ _ _ _ _ _ _ _ _ _ _ _ _ _ _ _ _ _ _ _ _ _ _ _
..\..\..\..\AppData\Roaming\Python\Python313\site-packages\urllib3\connectionpool.py:493: in _make_request
    conn.request(
..\..\..\..\AppData\Roaming\Python\Python313\site-packages\urllib3\connection.py:445: in request
    self.endheaders()
C:\Program Files\Python313\Lib\http\client.py:1333: in endheaders
    self._send_output(message_body, encode_chunked=encode_chunked)
C:\Program Files\Python313\Lib\http\client.py:1093: in _send_output
    self.send(msg)
C:\Program Files\Python313\Lib\http\client.py:1037: in send
    self.connect()
..\..\..\..\AppData\Roaming\Python\Python313\site-packages\urllib3\connection.py:276: in connect
    self.sock = self._new_conn()
                ^^^^^^^^^^^^^^^^
_ _ _ _ _ _ _ _ _ _ _ _ _ _ _ _ _ _ _ _ _ _ _ _ _ _ _ _ _ _ _ _ _ _ _ _ _ _ _ _

self = <urllib3.connection.HTTPConnection object at 0x000001E6DE560F30>

    def _new_conn(self) -> socket.socket:
        """Establish a socket connection and set nodelay settings on it.
    
        :return: New socket connection.
        """
        try:
            sock = connection.create_connection(
                (self._dns_host, self.port),
                self.timeout,
                source_address=self.source_address,
                socket_options=self.socket_options,
            )
        except socket.gaierror as e:
            raise NameResolutionError(self.host, self, e) from e
        except SocketTimeout as e:
            raise ConnectTimeoutError(
                self,
                f"Connection to {self.host} timed out. (connect timeout={self.timeout})",
            ) from e
    
        except OSError as e:
>           raise NewConnectionError(
                self, f"Failed to establish a new connection: {e}"
            ) from e
E           urllib3.exceptions.NewConnectionError: <urllib3.connection.HTTPConnection object at 0x000001E6DE560F30>: Failed to establish a new connection: [WinError 10061] No connection could be made because the target machine actively refused it

..\..\..\..\AppData\Roaming\Python\Python313\site-packages\urllib3\connection.py:213: NewConnectionError

The above exception was the direct cause of the following exception:

self = <requests.adapters.HTTPAdapter object at 0x000001E6DE8C0750>
request = <PreparedRequest [GET]>, stream = False
timeout = Timeout(connect=10, read=10, total=None), verify = True, cert = None
proxies = OrderedDict()

    def send(
        self, request, stream=False, timeout=None, verify=True, cert=None, proxies=None
    ):
        """Sends PreparedRequest object. Returns Response object.
    
        :param request: The :class:`PreparedRequest <PreparedRequest>` being sent.
        :param stream: (optional) Whether to stream the request content.
        :param timeout: (optional) How long to wait for the server to send
            data before giving up, as a float, or a :ref:`(connect timeout,
            read timeout) <timeouts>` tuple.
        :type timeout: float or tuple or urllib3 Timeout object
        :param verify: (optional) Either a boolean, in which case it controls whether
            we verify the server's TLS certificate, or a string, in which case it
            must be a path to a CA bundle to use
        :param cert: (optional) Any user-provided SSL certificate to be trusted.
        :param proxies: (optional) The proxies dictionary to apply to the request.
        :rtype: requests.Response
        """
    
        try:
            conn = self.get_connection_with_tls_context(
                request, verify, proxies=proxies, cert=cert
            )
        except LocationValueError as e:
            raise InvalidURL(e, request=request)
    
        self.cert_verify(conn, request.url, verify, cert)
        url = self.request_url(request, proxies)
        self.add_headers(
            request,
            stream=stream,
            timeout=timeout,
            verify=verify,
            cert=cert,
            proxies=proxies,
        )
    
        chunked = not (request.body is None or "Content-Length" in request.headers)
    
        if isinstance(timeout, tuple):
            try:
                connect, read = timeout
                timeout = TimeoutSauce(connect=connect, read=read)
            except ValueError:
                raise ValueError(
                    f"Invalid timeout {timeout}. Pass a (connect, read) timeout tuple, "
                    f"or a single float to set both timeouts to the same value."
                )
        elif isinstance(timeout, TimeoutSauce):
            pass
        else:
            timeout = TimeoutSauce(connect=timeout, read=timeout)
    
        try:
>           resp = conn.urlopen(
                method=request.method,
                url=url,
                body=request.body,
                headers=request.headers,
                redirect=False,
                assert_same_host=False,
                preload_content=False,
                decode_content=False,
                retries=self.max_retries,
                timeout=timeout,
                chunked=chunked,
            )

..\..\..\..\AppData\Roaming\Python\Python313\site-packages\requests\adapters.py:667: 
_ _ _ _ _ _ _ _ _ _ _ _ _ _ _ _ _ _ _ _ _ _ _ _ _ _ _ _ _ _ _ _ _ _ _ _ _ _ _ _
..\..\..\..\AppData\Roaming\Python\Python313\site-packages\urllib3\connectionpool.py:841: in urlopen
    retries = retries.increment(
_ _ _ _ _ _ _ _ _ _ _ _ _ _ _ _ _ _ _ _ _ _ _ _ _ _ _ _ _ _ _ _ _ _ _ _ _ _ _ _

self = Retry(total=0, connect=None, read=False, redirect=None, status=None)
method = 'GET', url = '/api/websocket/health', response = None
error = NewConnectionError('<urllib3.connection.HTTPConnection object at 0x000001E6DE560F30>: Failed to establish a new connection: [WinError 10061] No connection could be made because the target machine actively refused it')
_pool = <urllib3.connectionpool.HTTPConnectionPool object at 0x000001E6DE3FEC60>
_stacktrace = <traceback object at 0x000001E6DEA56600>

    def increment(
        self,
        method: str | None = None,
        url: str | None = None,
        response: BaseHTTPResponse | None = None,
        error: Exception | None = None,
        _pool: ConnectionPool | None = None,
        _stacktrace: TracebackType | None = None,
    ) -> Self:
        """Return a new Retry object with incremented retry counters.
    
        :param response: A response object, or None, if the server did not
            return a response.
        :type response: :class:`~urllib3.response.BaseHTTPResponse`
        :param Exception error: An error encountered during the request, or
            None if the response was received successfully.
    
        :return: A new ``Retry`` object.
        """
        if self.total is False and error:
            # Disabled, indicate to re-raise the error.
            raise reraise(type(error), error, _stacktrace)
    
        total = self.total
        if total is not None:
            total -= 1
    
        connect = self.connect
        read = self.read
        redirect = self.redirect
        status_count = self.status
        other = self.other
        cause = "unknown"
        status = None
        redirect_location = None
    
        if error and self._is_connection_error(error):
            # Connect retry?
            if connect is False:
                raise reraise(type(error), error, _stacktrace)
            elif connect is not None:
                connect -= 1
    
        elif error and self._is_read_error(error):
            # Read retry?
            if read is False or method is None or not self._is_method_retryable(method):
                raise reraise(type(error), error, _stacktrace)
            elif read is not None:
                read -= 1
    
        elif error:
            # Other retry?
            if other is not None:
                other -= 1
    
        elif response and response.get_redirect_location():
            # Redirect retry?
            if redirect is not None:
                redirect -= 1
            cause = "too many redirects"
            response_redirect_location = response.get_redirect_location()
            if response_redirect_location:
                redirect_location = response_redirect_location
            status = response.status
    
        else:
            # Incrementing because of a server error like a 500 in
            # status_forcelist and the given method is in the allowed_methods
            cause = ResponseError.GENERIC_ERROR
            if response and response.status:
                if status_count is not None:
                    status_count -= 1
                cause = ResponseError.SPECIFIC_ERROR.format(status_code=response.status)
                status = response.status
    
        history = self.history + (
            RequestHistory(method, url, error, status, redirect_location),
        )
    
        new_retry = self.new(
            total=total,
            connect=connect,
            read=read,
            redirect=redirect,
            status=status_count,
            other=other,
            history=history,
        )
    
        if new_retry.is_exhausted():
            reason = error or ResponseError(cause)
>           raise MaxRetryError(_pool, url, reason) from reason  # type: ignore[arg-type]
            ^^^^^^^^^^^^^^^^^^^^^^^^^^^^^^^^^^^^^^^^^^^^^^^^^^^
E           urllib3.exceptions.MaxRetryError: HTTPConnectionPool(host='localhost', port=8000): Max retries exceeded with url: /api/websocket/health (Caused by NewConnectionError('<urllib3.connection.HTTPConnection object at 0x000001E6DE560F30>: Failed to establish a new connection: [WinError 10061] No connection could be made because the target machine actively refused it'))

..\..\..\..\AppData\Roaming\Python\Python313\site-packages\urllib3\util\retry.py:519: MaxRetryError

During handling of the above exception, another exception occurred:

self = <test_deployment_health.TestDeploymentHealth object at 0x000001E6D96FF2F0>
base_url = 'http://localhost:8000'

    def test_websocket_endpoint(self, base_url: str):
        """Test that WebSocket endpoint is accessible."""
        # Convert HTTP URL to WebSocket URL
        ws_url = base_url.replace("http://", "ws://").replace("https://", "wss://")
    
        # Test WebSocket endpoint availability (basic HTTP check)
>       response = requests.get(
            f"{base_url}/api/websocket/health",
            timeout=10
        )

tests\smoke\test_deployment_health.py:163: 
_ _ _ _ _ _ _ _ _ _ _ _ _ _ _ _ _ _ _ _ _ _ _ _ _ _ _ _ _ _ _ _ _ _ _ _ _ _ _ _
..\..\..\..\AppData\Roaming\Python\Python313\site-packages\requests\api.py:73: in get
    return request("get", url, params=params, **kwargs)
           ^^^^^^^^^^^^^^^^^^^^^^^^^^^^^^^^^^^^^^^^^^^^
..\..\..\..\AppData\Roaming\Python\Python313\site-packages\requests\api.py:59: in request
    return session.request(method=method, url=url, **kwargs)
           ^^^^^^^^^^^^^^^^^^^^^^^^^^^^^^^^^^^^^^^^^^^^^^^^^
..\..\..\..\AppData\Roaming\Python\Python313\site-packages\requests\sessions.py:589: in request
    resp = self.send(prep, **send_kwargs)
           ^^^^^^^^^^^^^^^^^^^^^^^^^^^^^^
..\..\..\..\AppData\Roaming\Python\Python313\site-packages\requests\sessions.py:703: in send
    r = adapter.send(request, **kwargs)
        ^^^^^^^^^^^^^^^^^^^^^^^^^^^^^^^
_ _ _ _ _ _ _ _ _ _ _ _ _ _ _ _ _ _ _ _ _ _ _ _ _ _ _ _ _ _ _ _ _ _ _ _ _ _ _ _

self = <requests.adapters.HTTPAdapter object at 0x000001E6DE8C0750>
request = <PreparedRequest [GET]>, stream = False
timeout = Timeout(connect=10, read=10, total=None), verify = True, cert = None
proxies = OrderedDict()

    def send(
        self, request, stream=False, timeout=None, verify=True, cert=None, proxies=None
    ):
        """Sends PreparedRequest object. Returns Response object.
    
        :param request: The :class:`PreparedRequest <PreparedRequest>` being sent.
        :param stream: (optional) Whether to stream the request content.
        :param timeout: (optional) How long to wait for the server to send
            data before giving up, as a float, or a :ref:`(connect timeout,
            read timeout) <timeouts>` tuple.
        :type timeout: float or tuple or urllib3 Timeout object
        :param verify: (optional) Either a boolean, in which case it controls whether
            we verify the server's TLS certificate, or a string, in which case it
            must be a path to a CA bundle to use
        :param cert: (optional) Any user-provided SSL certificate to be trusted.
        :param proxies: (optional) The proxies dictionary to apply to the request.
        :rtype: requests.Response
        """
    
        try:
            conn = self.get_connection_with_tls_context(
                request, verify, proxies=proxies, cert=cert
            )
        except LocationValueError as e:
            raise InvalidURL(e, request=request)
    
        self.cert_verify(conn, request.url, verify, cert)
        url = self.request_url(request, proxies)
        self.add_headers(
            request,
            stream=stream,
            timeout=timeout,
            verify=verify,
            cert=cert,
            proxies=proxies,
        )
    
        chunked = not (request.body is None or "Content-Length" in request.headers)
    
        if isinstance(timeout, tuple):
            try:
                connect, read = timeout
                timeout = TimeoutSauce(connect=connect, read=read)
            except ValueError:
                raise ValueError(
                    f"Invalid timeout {timeout}. Pass a (connect, read) timeout tuple, "
                    f"or a single float to set both timeouts to the same value."
                )
        elif isinstance(timeout, TimeoutSauce):
            pass
        else:
            timeout = TimeoutSauce(connect=timeout, read=timeout)
    
        try:
            resp = conn.urlopen(
                method=request.method,
                url=url,
                body=request.body,
                headers=request.headers,
                redirect=False,
                assert_same_host=False,
                preload_content=False,
                decode_content=False,
                retries=self.max_retries,
                timeout=timeout,
                chunked=chunked,
            )
    
        except (ProtocolError, OSError) as err:
            raise ConnectionError(err, request=request)
    
        except MaxRetryError as e:
            if isinstance(e.reason, ConnectTimeoutError):
                # TODO: Remove this in 3.0.0: see #2811
                if not isinstance(e.reason, NewConnectionError):
                    raise ConnectTimeout(e, request=request)
    
            if isinstance(e.reason, ResponseError):
                raise RetryError(e, request=request)
    
            if isinstance(e.reason, _ProxyError):
                raise ProxyError(e, request=request)
    
            if isinstance(e.reason, _SSLError):
                # This branch is for urllib3 v1.22 and later.
                raise SSLError(e, request=request)
    
>           raise ConnectionError(e, request=request)
E           requests.exceptions.ConnectionError: HTTPConnectionPool(host='localhost', port=8000): Max retries exceeded with url: /api/websocket/health (Caused by NewConnectionError('<urllib3.connection.HTTPConnection object at 0x000001E6DE560F30>: Failed to establish a new connection: [WinError 10061] No connection could be made because the target machine actively refused it'))

..\..\..\..\AppData\Roaming\Python\Python313\site-packages\requests\adapters.py:700: ConnectionError
_________________ TestDeploymentHealth.test_api_response_time _________________

self = <urllib3.connection.HTTPConnection object at 0x000001E6DE561370>

    def _new_conn(self) -> socket.socket:
        """Establish a socket connection and set nodelay settings on it.
    
        :return: New socket connection.
        """
        try:
>           sock = connection.create_connection(
                (self._dns_host, self.port),
                self.timeout,
                source_address=self.source_address,
                socket_options=self.socket_options,
            )

..\..\..\..\AppData\Roaming\Python\Python313\site-packages\urllib3\connection.py:198: 
_ _ _ _ _ _ _ _ _ _ _ _ _ _ _ _ _ _ _ _ _ _ _ _ _ _ _ _ _ _ _ _ _ _ _ _ _ _ _ _
..\..\..\..\AppData\Roaming\Python\Python313\site-packages\urllib3\util\connection.py:85: in create_connection
    raise err
_ _ _ _ _ _ _ _ _ _ _ _ _ _ _ _ _ _ _ _ _ _ _ _ _ _ _ _ _ _ _ _ _ _ _ _ _ _ _ _

address = ('localhost', 8000), timeout = 5, source_address = None
socket_options = [(6, 1, 1)]

    def create_connection(
        address: tuple[str, int],
        timeout: _TYPE_TIMEOUT = _DEFAULT_TIMEOUT,
        source_address: tuple[str, int] | None = None,
        socket_options: _TYPE_SOCKET_OPTIONS | None = None,
    ) -> socket.socket:
        """Connect to *address* and return the socket object.
    
        Convenience function.  Connect to *address* (a 2-tuple ``(host,
        port)``) and return the socket object.  Passing the optional
        *timeout* parameter will set the timeout on the socket instance
        before attempting to connect.  If no *timeout* is supplied, the
        global default timeout setting returned by :func:`socket.getdefaulttimeout`
        is used.  If *source_address* is set it must be a tuple of (host, port)
        for the socket to bind as a source address before making the connection.
        An host of '' or port 0 tells the OS to use the default.
        """
    
        host, port = address
        if host.startswith("["):
            host = host.strip("[]")
        err = None
    
        # Using the value from allowed_gai_family() in the context of getaddrinfo lets
        # us select whether to work with IPv4 DNS records, IPv6 records, or both.
        # The original create_connection function always returns all records.
        family = allowed_gai_family()
    
        try:
            host.encode("idna")
        except UnicodeError:
            raise LocationParseError(f"'{host}', label empty or too long") from None
    
        for res in socket.getaddrinfo(host, port, family, socket.SOCK_STREAM):
            af, socktype, proto, canonname, sa = res
            sock = None
            try:
                sock = socket.socket(af, socktype, proto)
    
                # If provided, set socket level options before connecting.
                _set_socket_options(sock, socket_options)
    
                if timeout is not _DEFAULT_TIMEOUT:
                    sock.settimeout(timeout)
                if source_address:
                    sock.bind(source_address)
>               sock.connect(sa)
E               ConnectionRefusedError: [WinError 10061] No connection could be made because the target machine actively refused it

..\..\..\..\AppData\Roaming\Python\Python313\site-packages\urllib3\util\connection.py:73: ConnectionRefusedError

The above exception was the direct cause of the following exception:

self = <urllib3.connectionpool.HTTPConnectionPool object at 0x000001E6DE4C58D0>
method = 'GET', url = '/api/health', body = None
headers = {'User-Agent': 'python-requests/2.32.3', 'Accept-Encoding': 'gzip, deflate, br, zstd', 'Accept': '*/*', 'Connection': 'keep-alive'}
retries = Retry(total=0, connect=None, read=False, redirect=None, status=None)
redirect = False, assert_same_host = False
timeout = Timeout(connect=5, read=5, total=None), pool_timeout = None
release_conn = False, chunked = False, body_pos = None, preload_content = False
decode_content = False, response_kw = {}
parsed_url = Url(scheme=None, auth=None, host=None, port=None, path='/api/health', query=None, fragment=None)
destination_scheme = None, conn = None, release_this_conn = True
http_tunnel_required = False, err = None, clean_exit = False

    def urlopen(  # type: ignore[override]
        self,
        method: str,
        url: str,
        body: _TYPE_BODY | None = None,
        headers: typing.Mapping[str, str] | None = None,
        retries: Retry | bool | int | None = None,
        redirect: bool = True,
        assert_same_host: bool = True,
        timeout: _TYPE_TIMEOUT = _DEFAULT_TIMEOUT,
        pool_timeout: int | None = None,
        release_conn: bool | None = None,
        chunked: bool = False,
        body_pos: _TYPE_BODY_POSITION | None = None,
        preload_content: bool = True,
        decode_content: bool = True,
        **response_kw: typing.Any,
    ) -> BaseHTTPResponse:
        """
        Get a connection from the pool and perform an HTTP request. This is the
        lowest level call for making a request, so you'll need to specify all
        the raw details.
    
        .. note::
    
           More commonly, it's appropriate to use a convenience method
           such as :meth:`request`.
    
        .. note::
    
           `release_conn` will only behave as expected if
           `preload_content=False` because we want to make
           `preload_content=False` the default behaviour someday soon without
           breaking backwards compatibility.
    
        :param method:
            HTTP request method (such as GET, POST, PUT, etc.)
    
        :param url:
            The URL to perform the request on.
    
        :param body:
            Data to send in the request body, either :class:`str`, :class:`bytes`,
            an iterable of :class:`str`/:class:`bytes`, or a file-like object.
    
        :param headers:
            Dictionary of custom headers to send, such as User-Agent,
            If-None-Match, etc. If None, pool headers are used. If provided,
            these headers completely replace any pool-specific headers.
    
        :param retries:
            Configure the number of retries to allow before raising a
            :class:`~urllib3.exceptions.MaxRetryError` exception.
    
            If ``None`` (default) will retry 3 times, see ``Retry.DEFAULT``. Pass a
            :class:`~urllib3.util.retry.Retry` object for fine-grained control
            over different types of retries.
            Pass an integer number to retry connection errors that many times,
            but no other types of errors. Pass zero to never retry.
    
            If ``False``, then retries are disabled and any exception is raised
            immediately. Also, instead of raising a MaxRetryError on redirects,
            the redirect response will be returned.
    
        :type retries: :class:`~urllib3.util.retry.Retry`, False, or an int.
    
        :param redirect:
            If True, automatically handle redirects (status codes 301, 302,
            303, 307, 308). Each redirect counts as a retry. Disabling retries
            will disable redirect, too.
    
        :param assert_same_host:
            If ``True``, will make sure that the host of the pool requests is
            consistent else will raise HostChangedError. When ``False``, you can
            use the pool on an HTTP proxy and request foreign hosts.
    
        :param timeout:
            If specified, overrides the default timeout for this one
            request. It may be a float (in seconds) or an instance of
            :class:`urllib3.util.Timeout`.
    
        :param pool_timeout:
            If set and the pool is set to block=True, then this method will
            block for ``pool_timeout`` seconds and raise EmptyPoolError if no
            connection is available within the time period.
    
        :param bool preload_content:
            If True, the response's body will be preloaded into memory.
    
        :param bool decode_content:
            If True, will attempt to decode the body based on the
            'content-encoding' header.
    
        :param release_conn:
            If False, then the urlopen call will not release the connection
            back into the pool once a response is received (but will release if
            you read the entire contents of the response such as when
            `preload_content=True`). This is useful if you're not preloading
            the response's content immediately. You will need to call
            ``r.release_conn()`` on the response ``r`` to return the connection
            back into the pool. If None, it takes the value of ``preload_content``
            which defaults to ``True``.
    
        :param bool chunked:
            If True, urllib3 will send the body using chunked transfer
            encoding. Otherwise, urllib3 will send the body using the standard
            content-length form. Defaults to False.
    
        :param int body_pos:
            Position to seek to in file-like body in the event of a retry or
            redirect. Typically this won't need to be set because urllib3 will
            auto-populate the value when needed.
        """
        parsed_url = parse_url(url)
        destination_scheme = parsed_url.scheme
    
        if headers is None:
            headers = self.headers
    
        if not isinstance(retries, Retry):
            retries = Retry.from_int(retries, redirect=redirect, default=self.retries)
    
        if release_conn is None:
            release_conn = preload_content
    
        # Check host
        if assert_same_host and not self.is_same_host(url):
            raise HostChangedError(self, url, retries)
    
        # Ensure that the URL we're connecting to is properly encoded
        if url.startswith("/"):
            url = to_str(_encode_target(url))
        else:
            url = to_str(parsed_url.url)
    
        conn = None
    
        # Track whether `conn` needs to be released before
        # returning/raising/recursing. Update this variable if necessary, and
        # leave `release_conn` constant throughout the function. That way, if
        # the function recurses, the original value of `release_conn` will be
        # passed down into the recursive call, and its value will be respected.
        #
        # See issue #651 [1] for details.
        #
        # [1] <https://github.com/urllib3/urllib3/issues/651>
        release_this_conn = release_conn
    
        http_tunnel_required = connection_requires_http_tunnel(
            self.proxy, self.proxy_config, destination_scheme
        )
    
        # Merge the proxy headers. Only done when not using HTTP CONNECT. We
        # have to copy the headers dict so we can safely change it without those
        # changes being reflected in anyone else's copy.
        if not http_tunnel_required:
            headers = headers.copy()  # type: ignore[attr-defined]
            headers.update(self.proxy_headers)  # type: ignore[union-attr]
    
        # Must keep the exception bound to a separate variable or else Python 3
        # complains about UnboundLocalError.
        err = None
    
        # Keep track of whether we cleanly exited the except block. This
        # ensures we do proper cleanup in finally.
        clean_exit = False
    
        # Rewind body position, if needed. Record current position
        # for future rewinds in the event of a redirect/retry.
        body_pos = set_file_position(body, body_pos)
    
        try:
            # Request a connection from the queue.
            timeout_obj = self._get_timeout(timeout)
            conn = self._get_conn(timeout=pool_timeout)
    
            conn.timeout = timeout_obj.connect_timeout  # type: ignore[assignment]
    
            # Is this a closed/new connection that requires CONNECT tunnelling?
            if self.proxy is not None and http_tunnel_required and conn.is_closed:
                try:
                    self._prepare_proxy(conn)
                except (BaseSSLError, OSError, SocketTimeout) as e:
                    self._raise_timeout(
                        err=e, url=self.proxy.url, timeout_value=conn.timeout
                    )
                    raise
    
            # If we're going to release the connection in ``finally:``, then
            # the response doesn't need to know about the connection. Otherwise
            # it will also try to release it and we'll have a double-release
            # mess.
            response_conn = conn if not release_conn else None
    
            # Make the request on the HTTPConnection object
>           response = self._make_request(
                conn,
                method,
                url,
                timeout=timeout_obj,
                body=body,
                headers=headers,
                chunked=chunked,
                retries=retries,
                response_conn=response_conn,
                preload_content=preload_content,
                decode_content=decode_content,
                **response_kw,
            )

..\..\..\..\AppData\Roaming\Python\Python313\site-packages\urllib3\connectionpool.py:787: 
_ _ _ _ _ _ _ _ _ _ _ _ _ _ _ _ _ _ _ _ _ _ _ _ _ _ _ _ _ _ _ _ _ _ _ _ _ _ _ _
..\..\..\..\AppData\Roaming\Python\Python313\site-packages\urllib3\connectionpool.py:493: in _make_request
    conn.request(
..\..\..\..\AppData\Roaming\Python\Python313\site-packages\urllib3\connection.py:445: in request
    self.endheaders()
C:\Program Files\Python313\Lib\http\client.py:1333: in endheaders
    self._send_output(message_body, encode_chunked=encode_chunked)
C:\Program Files\Python313\Lib\http\client.py:1093: in _send_output
    self.send(msg)
C:\Program Files\Python313\Lib\http\client.py:1037: in send
    self.connect()
..\..\..\..\AppData\Roaming\Python\Python313\site-packages\urllib3\connection.py:276: in connect
    self.sock = self._new_conn()
                ^^^^^^^^^^^^^^^^
_ _ _ _ _ _ _ _ _ _ _ _ _ _ _ _ _ _ _ _ _ _ _ _ _ _ _ _ _ _ _ _ _ _ _ _ _ _ _ _

self = <urllib3.connection.HTTPConnection object at 0x000001E6DE561370>

    def _new_conn(self) -> socket.socket:
        """Establish a socket connection and set nodelay settings on it.
    
        :return: New socket connection.
        """
        try:
            sock = connection.create_connection(
                (self._dns_host, self.port),
                self.timeout,
                source_address=self.source_address,
                socket_options=self.socket_options,
            )
        except socket.gaierror as e:
            raise NameResolutionError(self.host, self, e) from e
        except SocketTimeout as e:
            raise ConnectTimeoutError(
                self,
                f"Connection to {self.host} timed out. (connect timeout={self.timeout})",
            ) from e
    
        except OSError as e:
>           raise NewConnectionError(
                self, f"Failed to establish a new connection: {e}"
            ) from e
E           urllib3.exceptions.NewConnectionError: <urllib3.connection.HTTPConnection object at 0x000001E6DE561370>: Failed to establish a new connection: [WinError 10061] No connection could be made because the target machine actively refused it

..\..\..\..\AppData\Roaming\Python\Python313\site-packages\urllib3\connection.py:213: NewConnectionError

The above exception was the direct cause of the following exception:

self = <requests.adapters.HTTPAdapter object at 0x000001E6DE720350>
request = <PreparedRequest [GET]>, stream = False
timeout = Timeout(connect=5, read=5, total=None), verify = True, cert = None
proxies = OrderedDict()

    def send(
        self, request, stream=False, timeout=None, verify=True, cert=None, proxies=None
    ):
        """Sends PreparedRequest object. Returns Response object.
    
        :param request: The :class:`PreparedRequest <PreparedRequest>` being sent.
        :param stream: (optional) Whether to stream the request content.
        :param timeout: (optional) How long to wait for the server to send
            data before giving up, as a float, or a :ref:`(connect timeout,
            read timeout) <timeouts>` tuple.
        :type timeout: float or tuple or urllib3 Timeout object
        :param verify: (optional) Either a boolean, in which case it controls whether
            we verify the server's TLS certificate, or a string, in which case it
            must be a path to a CA bundle to use
        :param cert: (optional) Any user-provided SSL certificate to be trusted.
        :param proxies: (optional) The proxies dictionary to apply to the request.
        :rtype: requests.Response
        """
    
        try:
            conn = self.get_connection_with_tls_context(
                request, verify, proxies=proxies, cert=cert
            )
        except LocationValueError as e:
            raise InvalidURL(e, request=request)
    
        self.cert_verify(conn, request.url, verify, cert)
        url = self.request_url(request, proxies)
        self.add_headers(
            request,
            stream=stream,
            timeout=timeout,
            verify=verify,
            cert=cert,
            proxies=proxies,
        )
    
        chunked = not (request.body is None or "Content-Length" in request.headers)
    
        if isinstance(timeout, tuple):
            try:
                connect, read = timeout
                timeout = TimeoutSauce(connect=connect, read=read)
            except ValueError:
                raise ValueError(
                    f"Invalid timeout {timeout}. Pass a (connect, read) timeout tuple, "
                    f"or a single float to set both timeouts to the same value."
                )
        elif isinstance(timeout, TimeoutSauce):
            pass
        else:
            timeout = TimeoutSauce(connect=timeout, read=timeout)
    
        try:
>           resp = conn.urlopen(
                method=request.method,
                url=url,
                body=request.body,
                headers=request.headers,
                redirect=False,
                assert_same_host=False,
                preload_content=False,
                decode_content=False,
                retries=self.max_retries,
                timeout=timeout,
                chunked=chunked,
            )

..\..\..\..\AppData\Roaming\Python\Python313\site-packages\requests\adapters.py:667: 
_ _ _ _ _ _ _ _ _ _ _ _ _ _ _ _ _ _ _ _ _ _ _ _ _ _ _ _ _ _ _ _ _ _ _ _ _ _ _ _
..\..\..\..\AppData\Roaming\Python\Python313\site-packages\urllib3\connectionpool.py:841: in urlopen
    retries = retries.increment(
_ _ _ _ _ _ _ _ _ _ _ _ _ _ _ _ _ _ _ _ _ _ _ _ _ _ _ _ _ _ _ _ _ _ _ _ _ _ _ _

self = Retry(total=0, connect=None, read=False, redirect=None, status=None)
method = 'GET', url = '/api/health', response = None
error = NewConnectionError('<urllib3.connection.HTTPConnection object at 0x000001E6DE561370>: Failed to establish a new connection: [WinError 10061] No connection could be made because the target machine actively refused it')
_pool = <urllib3.connectionpool.HTTPConnectionPool object at 0x000001E6DE4C58D0>
_stacktrace = <traceback object at 0x000001E6DEC0A440>

    def increment(
        self,
        method: str | None = None,
        url: str | None = None,
        response: BaseHTTPResponse | None = None,
        error: Exception | None = None,
        _pool: ConnectionPool | None = None,
        _stacktrace: TracebackType | None = None,
    ) -> Self:
        """Return a new Retry object with incremented retry counters.
    
        :param response: A response object, or None, if the server did not
            return a response.
        :type response: :class:`~urllib3.response.BaseHTTPResponse`
        :param Exception error: An error encountered during the request, or
            None if the response was received successfully.
    
        :return: A new ``Retry`` object.
        """
        if self.total is False and error:
            # Disabled, indicate to re-raise the error.
            raise reraise(type(error), error, _stacktrace)
    
        total = self.total
        if total is not None:
            total -= 1
    
        connect = self.connect
        read = self.read
        redirect = self.redirect
        status_count = self.status
        other = self.other
        cause = "unknown"
        status = None
        redirect_location = None
    
        if error and self._is_connection_error(error):
            # Connect retry?
            if connect is False:
                raise reraise(type(error), error, _stacktrace)
            elif connect is not None:
                connect -= 1
    
        elif error and self._is_read_error(error):
            # Read retry?
            if read is False or method is None or not self._is_method_retryable(method):
                raise reraise(type(error), error, _stacktrace)
            elif read is not None:
                read -= 1
    
        elif error:
            # Other retry?
            if other is not None:
                other -= 1
    
        elif response and response.get_redirect_location():
            # Redirect retry?
            if redirect is not None:
                redirect -= 1
            cause = "too many redirects"
            response_redirect_location = response.get_redirect_location()
            if response_redirect_location:
                redirect_location = response_redirect_location
            status = response.status
    
        else:
            # Incrementing because of a server error like a 500 in
            # status_forcelist and the given method is in the allowed_methods
            cause = ResponseError.GENERIC_ERROR
            if response and response.status:
                if status_count is not None:
                    status_count -= 1
                cause = ResponseError.SPECIFIC_ERROR.format(status_code=response.status)
                status = response.status
    
        history = self.history + (
            RequestHistory(method, url, error, status, redirect_location),
        )
    
        new_retry = self.new(
            total=total,
            connect=connect,
            read=read,
            redirect=redirect,
            status=status_count,
            other=other,
            history=history,
        )
    
        if new_retry.is_exhausted():
            reason = error or ResponseError(cause)
>           raise MaxRetryError(_pool, url, reason) from reason  # type: ignore[arg-type]
            ^^^^^^^^^^^^^^^^^^^^^^^^^^^^^^^^^^^^^^^^^^^^^^^^^^^
E           urllib3.exceptions.MaxRetryError: HTTPConnectionPool(host='localhost', port=8000): Max retries exceeded with url: /api/health (Caused by NewConnectionError('<urllib3.connection.HTTPConnection object at 0x000001E6DE561370>: Failed to establish a new connection: [WinError 10061] No connection could be made because the target machine actively refused it'))

..\..\..\..\AppData\Roaming\Python\Python313\site-packages\urllib3\util\retry.py:519: MaxRetryError

During handling of the above exception, another exception occurred:

self = <test_deployment_health.TestDeploymentHealth object at 0x000001E6D96FE5D0>
base_url = 'http://localhost:8000', auth_headers = {}

    def test_api_response_time(self, base_url: str, auth_headers: Dict[str, str]):
        """Test that API responses are within acceptable time limits."""
        start_time = time.time()
    
>       response = requests.get(
            f"{base_url}/api/health",
            headers=auth_headers,
            timeout=5
        )

tests\smoke\test_deployment_health.py:173: 
_ _ _ _ _ _ _ _ _ _ _ _ _ _ _ _ _ _ _ _ _ _ _ _ _ _ _ _ _ _ _ _ _ _ _ _ _ _ _ _
..\..\..\..\AppData\Roaming\Python\Python313\site-packages\requests\api.py:73: in get
    return request("get", url, params=params, **kwargs)
           ^^^^^^^^^^^^^^^^^^^^^^^^^^^^^^^^^^^^^^^^^^^^
..\..\..\..\AppData\Roaming\Python\Python313\site-packages\requests\api.py:59: in request
    return session.request(method=method, url=url, **kwargs)
           ^^^^^^^^^^^^^^^^^^^^^^^^^^^^^^^^^^^^^^^^^^^^^^^^^
..\..\..\..\AppData\Roaming\Python\Python313\site-packages\requests\sessions.py:589: in request
    resp = self.send(prep, **send_kwargs)
           ^^^^^^^^^^^^^^^^^^^^^^^^^^^^^^
..\..\..\..\AppData\Roaming\Python\Python313\site-packages\requests\sessions.py:703: in send
    r = adapter.send(request, **kwargs)
        ^^^^^^^^^^^^^^^^^^^^^^^^^^^^^^^
_ _ _ _ _ _ _ _ _ _ _ _ _ _ _ _ _ _ _ _ _ _ _ _ _ _ _ _ _ _ _ _ _ _ _ _ _ _ _ _

self = <requests.adapters.HTTPAdapter object at 0x000001E6DE720350>
request = <PreparedRequest [GET]>, stream = False
timeout = Timeout(connect=5, read=5, total=None), verify = True, cert = None
proxies = OrderedDict()

    def send(
        self, request, stream=False, timeout=None, verify=True, cert=None, proxies=None
    ):
        """Sends PreparedRequest object. Returns Response object.
    
        :param request: The :class:`PreparedRequest <PreparedRequest>` being sent.
        :param stream: (optional) Whether to stream the request content.
        :param timeout: (optional) How long to wait for the server to send
            data before giving up, as a float, or a :ref:`(connect timeout,
            read timeout) <timeouts>` tuple.
        :type timeout: float or tuple or urllib3 Timeout object
        :param verify: (optional) Either a boolean, in which case it controls whether
            we verify the server's TLS certificate, or a string, in which case it
            must be a path to a CA bundle to use
        :param cert: (optional) Any user-provided SSL certificate to be trusted.
        :param proxies: (optional) The proxies dictionary to apply to the request.
        :rtype: requests.Response
        """
    
        try:
            conn = self.get_connection_with_tls_context(
                request, verify, proxies=proxies, cert=cert
            )
        except LocationValueError as e:
            raise InvalidURL(e, request=request)
    
        self.cert_verify(conn, request.url, verify, cert)
        url = self.request_url(request, proxies)
        self.add_headers(
            request,
            stream=stream,
            timeout=timeout,
            verify=verify,
            cert=cert,
            proxies=proxies,
        )
    
        chunked = not (request.body is None or "Content-Length" in request.headers)
    
        if isinstance(timeout, tuple):
            try:
                connect, read = timeout
                timeout = TimeoutSauce(connect=connect, read=read)
            except ValueError:
                raise ValueError(
                    f"Invalid timeout {timeout}. Pass a (connect, read) timeout tuple, "
                    f"or a single float to set both timeouts to the same value."
                )
        elif isinstance(timeout, TimeoutSauce):
            pass
        else:
            timeout = TimeoutSauce(connect=timeout, read=timeout)
    
        try:
            resp = conn.urlopen(
                method=request.method,
                url=url,
                body=request.body,
                headers=request.headers,
                redirect=False,
                assert_same_host=False,
                preload_content=False,
                decode_content=False,
                retries=self.max_retries,
                timeout=timeout,
                chunked=chunked,
            )
    
        except (ProtocolError, OSError) as err:
            raise ConnectionError(err, request=request)
    
        except MaxRetryError as e:
            if isinstance(e.reason, ConnectTimeoutError):
                # TODO: Remove this in 3.0.0: see #2811
                if not isinstance(e.reason, NewConnectionError):
                    raise ConnectTimeout(e, request=request)
    
            if isinstance(e.reason, ResponseError):
                raise RetryError(e, request=request)
    
            if isinstance(e.reason, _ProxyError):
                raise ProxyError(e, request=request)
    
            if isinstance(e.reason, _SSLError):
                # This branch is for urllib3 v1.22 and later.
                raise SSLError(e, request=request)
    
>           raise ConnectionError(e, request=request)
E           requests.exceptions.ConnectionError: HTTPConnectionPool(host='localhost', port=8000): Max retries exceeded with url: /api/health (Caused by NewConnectionError('<urllib3.connection.HTTPConnection object at 0x000001E6DE561370>: Failed to establish a new connection: [WinError 10061] No connection could be made because the target machine actively refused it'))

..\..\..\..\AppData\Roaming\Python\Python313\site-packages\requests\adapters.py:700: ConnectionError
________________ TestDeploymentHealth.test_concurrent_requests ________________

self = <urllib3.connection.HTTPConnection object at 0x000001E6DE561E10>

    def _new_conn(self) -> socket.socket:
        """Establish a socket connection and set nodelay settings on it.
    
        :return: New socket connection.
        """
        try:
>           sock = connection.create_connection(
                (self._dns_host, self.port),
                self.timeout,
                source_address=self.source_address,
                socket_options=self.socket_options,
            )

..\..\..\..\AppData\Roaming\Python\Python313\site-packages\urllib3\connection.py:198: 
_ _ _ _ _ _ _ _ _ _ _ _ _ _ _ _ _ _ _ _ _ _ _ _ _ _ _ _ _ _ _ _ _ _ _ _ _ _ _ _
..\..\..\..\AppData\Roaming\Python\Python313\site-packages\urllib3\util\connection.py:85: in create_connection
    raise err
_ _ _ _ _ _ _ _ _ _ _ _ _ _ _ _ _ _ _ _ _ _ _ _ _ _ _ _ _ _ _ _ _ _ _ _ _ _ _ _

address = ('localhost', 8000), timeout = 10, source_address = None
socket_options = [(6, 1, 1)]

    def create_connection(
        address: tuple[str, int],
        timeout: _TYPE_TIMEOUT = _DEFAULT_TIMEOUT,
        source_address: tuple[str, int] | None = None,
        socket_options: _TYPE_SOCKET_OPTIONS | None = None,
    ) -> socket.socket:
        """Connect to *address* and return the socket object.
    
        Convenience function.  Connect to *address* (a 2-tuple ``(host,
        port)``) and return the socket object.  Passing the optional
        *timeout* parameter will set the timeout on the socket instance
        before attempting to connect.  If no *timeout* is supplied, the
        global default timeout setting returned by :func:`socket.getdefaulttimeout`
        is used.  If *source_address* is set it must be a tuple of (host, port)
        for the socket to bind as a source address before making the connection.
        An host of '' or port 0 tells the OS to use the default.
        """
    
        host, port = address
        if host.startswith("["):
            host = host.strip("[]")
        err = None
    
        # Using the value from allowed_gai_family() in the context of getaddrinfo lets
        # us select whether to work with IPv4 DNS records, IPv6 records, or both.
        # The original create_connection function always returns all records.
        family = allowed_gai_family()
    
        try:
            host.encode("idna")
        except UnicodeError:
            raise LocationParseError(f"'{host}', label empty or too long") from None
    
        for res in socket.getaddrinfo(host, port, family, socket.SOCK_STREAM):
            af, socktype, proto, canonname, sa = res
            sock = None
            try:
                sock = socket.socket(af, socktype, proto)
    
                # If provided, set socket level options before connecting.
                _set_socket_options(sock, socket_options)
    
                if timeout is not _DEFAULT_TIMEOUT:
                    sock.settimeout(timeout)
                if source_address:
                    sock.bind(source_address)
>               sock.connect(sa)
E               ConnectionRefusedError: [WinError 10061] No connection could be made because the target machine actively refused it

..\..\..\..\AppData\Roaming\Python\Python313\site-packages\urllib3\util\connection.py:73: ConnectionRefusedError

The above exception was the direct cause of the following exception:

self = <urllib3.connectionpool.HTTPConnectionPool object at 0x000001E6DE827310>
method = 'GET', url = '/api/health', body = None
headers = {'User-Agent': 'python-requests/2.32.3', 'Accept-Encoding': 'gzip, deflate, br, zstd', 'Accept': '*/*', 'Connection': 'keep-alive'}
retries = Retry(total=0, connect=None, read=False, redirect=None, status=None)
redirect = False, assert_same_host = False
timeout = Timeout(connect=10, read=10, total=None), pool_timeout = None
release_conn = False, chunked = False, body_pos = None, preload_content = False
decode_content = False, response_kw = {}
parsed_url = Url(scheme=None, auth=None, host=None, port=None, path='/api/health', query=None, fragment=None)
destination_scheme = None, conn = None, release_this_conn = True
http_tunnel_required = False, err = None, clean_exit = False

    def urlopen(  # type: ignore[override]
        self,
        method: str,
        url: str,
        body: _TYPE_BODY | None = None,
        headers: typing.Mapping[str, str] | None = None,
        retries: Retry | bool | int | None = None,
        redirect: bool = True,
        assert_same_host: bool = True,
        timeout: _TYPE_TIMEOUT = _DEFAULT_TIMEOUT,
        pool_timeout: int | None = None,
        release_conn: bool | None = None,
        chunked: bool = False,
        body_pos: _TYPE_BODY_POSITION | None = None,
        preload_content: bool = True,
        decode_content: bool = True,
        **response_kw: typing.Any,
    ) -> BaseHTTPResponse:
        """
        Get a connection from the pool and perform an HTTP request. This is the
        lowest level call for making a request, so you'll need to specify all
        the raw details.
    
        .. note::
    
           More commonly, it's appropriate to use a convenience method
           such as :meth:`request`.
    
        .. note::
    
           `release_conn` will only behave as expected if
           `preload_content=False` because we want to make
           `preload_content=False` the default behaviour someday soon without
           breaking backwards compatibility.
    
        :param method:
            HTTP request method (such as GET, POST, PUT, etc.)
    
        :param url:
            The URL to perform the request on.
    
        :param body:
            Data to send in the request body, either :class:`str`, :class:`bytes`,
            an iterable of :class:`str`/:class:`bytes`, or a file-like object.
    
        :param headers:
            Dictionary of custom headers to send, such as User-Agent,
            If-None-Match, etc. If None, pool headers are used. If provided,
            these headers completely replace any pool-specific headers.
    
        :param retries:
            Configure the number of retries to allow before raising a
            :class:`~urllib3.exceptions.MaxRetryError` exception.
    
            If ``None`` (default) will retry 3 times, see ``Retry.DEFAULT``. Pass a
            :class:`~urllib3.util.retry.Retry` object for fine-grained control
            over different types of retries.
            Pass an integer number to retry connection errors that many times,
            but no other types of errors. Pass zero to never retry.
    
            If ``False``, then retries are disabled and any exception is raised
            immediately. Also, instead of raising a MaxRetryError on redirects,
            the redirect response will be returned.
    
        :type retries: :class:`~urllib3.util.retry.Retry`, False, or an int.
    
        :param redirect:
            If True, automatically handle redirects (status codes 301, 302,
            303, 307, 308). Each redirect counts as a retry. Disabling retries
            will disable redirect, too.
    
        :param assert_same_host:
            If ``True``, will make sure that the host of the pool requests is
            consistent else will raise HostChangedError. When ``False``, you can
            use the pool on an HTTP proxy and request foreign hosts.
    
        :param timeout:
            If specified, overrides the default timeout for this one
            request. It may be a float (in seconds) or an instance of
            :class:`urllib3.util.Timeout`.
    
        :param pool_timeout:
            If set and the pool is set to block=True, then this method will
            block for ``pool_timeout`` seconds and raise EmptyPoolError if no
            connection is available within the time period.
    
        :param bool preload_content:
            If True, the response's body will be preloaded into memory.
    
        :param bool decode_content:
            If True, will attempt to decode the body based on the
            'content-encoding' header.
    
        :param release_conn:
            If False, then the urlopen call will not release the connection
            back into the pool once a response is received (but will release if
            you read the entire contents of the response such as when
            `preload_content=True`). This is useful if you're not preloading
            the response's content immediately. You will need to call
            ``r.release_conn()`` on the response ``r`` to return the connection
            back into the pool. If None, it takes the value of ``preload_content``
            which defaults to ``True``.
    
        :param bool chunked:
            If True, urllib3 will send the body using chunked transfer
            encoding. Otherwise, urllib3 will send the body using the standard
            content-length form. Defaults to False.
    
        :param int body_pos:
            Position to seek to in file-like body in the event of a retry or
            redirect. Typically this won't need to be set because urllib3 will
            auto-populate the value when needed.
        """
        parsed_url = parse_url(url)
        destination_scheme = parsed_url.scheme
    
        if headers is None:
            headers = self.headers
    
        if not isinstance(retries, Retry):
            retries = Retry.from_int(retries, redirect=redirect, default=self.retries)
    
        if release_conn is None:
            release_conn = preload_content
    
        # Check host
        if assert_same_host and not self.is_same_host(url):
            raise HostChangedError(self, url, retries)
    
        # Ensure that the URL we're connecting to is properly encoded
        if url.startswith("/"):
            url = to_str(_encode_target(url))
        else:
            url = to_str(parsed_url.url)
    
        conn = None
    
        # Track whether `conn` needs to be released before
        # returning/raising/recursing. Update this variable if necessary, and
        # leave `release_conn` constant throughout the function. That way, if
        # the function recurses, the original value of `release_conn` will be
        # passed down into the recursive call, and its value will be respected.
        #
        # See issue #651 [1] for details.
        #
        # [1] <https://github.com/urllib3/urllib3/issues/651>
        release_this_conn = release_conn
    
        http_tunnel_required = connection_requires_http_tunnel(
            self.proxy, self.proxy_config, destination_scheme
        )
    
        # Merge the proxy headers. Only done when not using HTTP CONNECT. We
        # have to copy the headers dict so we can safely change it without those
        # changes being reflected in anyone else's copy.
        if not http_tunnel_required:
            headers = headers.copy()  # type: ignore[attr-defined]
            headers.update(self.proxy_headers)  # type: ignore[union-attr]
    
        # Must keep the exception bound to a separate variable or else Python 3
        # complains about UnboundLocalError.
        err = None
    
        # Keep track of whether we cleanly exited the except block. This
        # ensures we do proper cleanup in finally.
        clean_exit = False
    
        # Rewind body position, if needed. Record current position
        # for future rewinds in the event of a redirect/retry.
        body_pos = set_file_position(body, body_pos)
    
        try:
            # Request a connection from the queue.
            timeout_obj = self._get_timeout(timeout)
            conn = self._get_conn(timeout=pool_timeout)
    
            conn.timeout = timeout_obj.connect_timeout  # type: ignore[assignment]
    
            # Is this a closed/new connection that requires CONNECT tunnelling?
            if self.proxy is not None and http_tunnel_required and conn.is_closed:
                try:
                    self._prepare_proxy(conn)
                except (BaseSSLError, OSError, SocketTimeout) as e:
                    self._raise_timeout(
                        err=e, url=self.proxy.url, timeout_value=conn.timeout
                    )
                    raise
    
            # If we're going to release the connection in ``finally:``, then
            # the response doesn't need to know about the connection. Otherwise
            # it will also try to release it and we'll have a double-release
            # mess.
            response_conn = conn if not release_conn else None
    
            # Make the request on the HTTPConnection object
>           response = self._make_request(
                conn,
                method,
                url,
                timeout=timeout_obj,
                body=body,
                headers=headers,
                chunked=chunked,
                retries=retries,
                response_conn=response_conn,
                preload_content=preload_content,
                decode_content=decode_content,
                **response_kw,
            )

..\..\..\..\AppData\Roaming\Python\Python313\site-packages\urllib3\connectionpool.py:787: 
_ _ _ _ _ _ _ _ _ _ _ _ _ _ _ _ _ _ _ _ _ _ _ _ _ _ _ _ _ _ _ _ _ _ _ _ _ _ _ _
..\..\..\..\AppData\Roaming\Python\Python313\site-packages\urllib3\connectionpool.py:493: in _make_request
    conn.request(
..\..\..\..\AppData\Roaming\Python\Python313\site-packages\urllib3\connection.py:445: in request
    self.endheaders()
C:\Program Files\Python313\Lib\http\client.py:1333: in endheaders
    self._send_output(message_body, encode_chunked=encode_chunked)
C:\Program Files\Python313\Lib\http\client.py:1093: in _send_output
    self.send(msg)
C:\Program Files\Python313\Lib\http\client.py:1037: in send
    self.connect()
..\..\..\..\AppData\Roaming\Python\Python313\site-packages\urllib3\connection.py:276: in connect
    self.sock = self._new_conn()
                ^^^^^^^^^^^^^^^^
_ _ _ _ _ _ _ _ _ _ _ _ _ _ _ _ _ _ _ _ _ _ _ _ _ _ _ _ _ _ _ _ _ _ _ _ _ _ _ _

self = <urllib3.connection.HTTPConnection object at 0x000001E6DE561E10>

    def _new_conn(self) -> socket.socket:
        """Establish a socket connection and set nodelay settings on it.
    
        :return: New socket connection.
        """
        try:
            sock = connection.create_connection(
                (self._dns_host, self.port),
                self.timeout,
                source_address=self.source_address,
                socket_options=self.socket_options,
            )
        except socket.gaierror as e:
            raise NameResolutionError(self.host, self, e) from e
        except SocketTimeout as e:
            raise ConnectTimeoutError(
                self,
                f"Connection to {self.host} timed out. (connect timeout={self.timeout})",
            ) from e
    
        except OSError as e:
>           raise NewConnectionError(
                self, f"Failed to establish a new connection: {e}"
            ) from e
E           urllib3.exceptions.NewConnectionError: <urllib3.connection.HTTPConnection object at 0x000001E6DE561E10>: Failed to establish a new connection: [WinError 10061] No connection could be made because the target machine actively refused it

..\..\..\..\AppData\Roaming\Python\Python313\site-packages\urllib3\connection.py:213: NewConnectionError

The above exception was the direct cause of the following exception:

self = <requests.adapters.HTTPAdapter object at 0x000001E6DE6BA4D0>
request = <PreparedRequest [GET]>, stream = False
timeout = Timeout(connect=10, read=10, total=None), verify = True, cert = None
proxies = OrderedDict()

    def send(
        self, request, stream=False, timeout=None, verify=True, cert=None, proxies=None
    ):
        """Sends PreparedRequest object. Returns Response object.
    
        :param request: The :class:`PreparedRequest <PreparedRequest>` being sent.
        :param stream: (optional) Whether to stream the request content.
        :param timeout: (optional) How long to wait for the server to send
            data before giving up, as a float, or a :ref:`(connect timeout,
            read timeout) <timeouts>` tuple.
        :type timeout: float or tuple or urllib3 Timeout object
        :param verify: (optional) Either a boolean, in which case it controls whether
            we verify the server's TLS certificate, or a string, in which case it
            must be a path to a CA bundle to use
        :param cert: (optional) Any user-provided SSL certificate to be trusted.
        :param proxies: (optional) The proxies dictionary to apply to the request.
        :rtype: requests.Response
        """
    
        try:
            conn = self.get_connection_with_tls_context(
                request, verify, proxies=proxies, cert=cert
            )
        except LocationValueError as e:
            raise InvalidURL(e, request=request)
    
        self.cert_verify(conn, request.url, verify, cert)
        url = self.request_url(request, proxies)
        self.add_headers(
            request,
            stream=stream,
            timeout=timeout,
            verify=verify,
            cert=cert,
            proxies=proxies,
        )
    
        chunked = not (request.body is None or "Content-Length" in request.headers)
    
        if isinstance(timeout, tuple):
            try:
                connect, read = timeout
                timeout = TimeoutSauce(connect=connect, read=read)
            except ValueError:
                raise ValueError(
                    f"Invalid timeout {timeout}. Pass a (connect, read) timeout tuple, "
                    f"or a single float to set both timeouts to the same value."
                )
        elif isinstance(timeout, TimeoutSauce):
            pass
        else:
            timeout = TimeoutSauce(connect=timeout, read=timeout)
    
        try:
>           resp = conn.urlopen(
                method=request.method,
                url=url,
                body=request.body,
                headers=request.headers,
                redirect=False,
                assert_same_host=False,
                preload_content=False,
                decode_content=False,
                retries=self.max_retries,
                timeout=timeout,
                chunked=chunked,
            )

..\..\..\..\AppData\Roaming\Python\Python313\site-packages\requests\adapters.py:667: 
_ _ _ _ _ _ _ _ _ _ _ _ _ _ _ _ _ _ _ _ _ _ _ _ _ _ _ _ _ _ _ _ _ _ _ _ _ _ _ _
..\..\..\..\AppData\Roaming\Python\Python313\site-packages\urllib3\connectionpool.py:841: in urlopen
    retries = retries.increment(
_ _ _ _ _ _ _ _ _ _ _ _ _ _ _ _ _ _ _ _ _ _ _ _ _ _ _ _ _ _ _ _ _ _ _ _ _ _ _ _

self = Retry(total=0, connect=None, read=False, redirect=None, status=None)
method = 'GET', url = '/api/health', response = None
error = NewConnectionError('<urllib3.connection.HTTPConnection object at 0x000001E6DE561E10>: Failed to establish a new connection: [WinError 10061] No connection could be made because the target machine actively refused it')
_pool = <urllib3.connectionpool.HTTPConnectionPool object at 0x000001E6DE827310>
_stacktrace = <traceback object at 0x000001E6DE87EE80>

    def increment(
        self,
        method: str | None = None,
        url: str | None = None,
        response: BaseHTTPResponse | None = None,
        error: Exception | None = None,
        _pool: ConnectionPool | None = None,
        _stacktrace: TracebackType | None = None,
    ) -> Self:
        """Return a new Retry object with incremented retry counters.
    
        :param response: A response object, or None, if the server did not
            return a response.
        :type response: :class:`~urllib3.response.BaseHTTPResponse`
        :param Exception error: An error encountered during the request, or
            None if the response was received successfully.
    
        :return: A new ``Retry`` object.
        """
        if self.total is False and error:
            # Disabled, indicate to re-raise the error.
            raise reraise(type(error), error, _stacktrace)
    
        total = self.total
        if total is not None:
            total -= 1
    
        connect = self.connect
        read = self.read
        redirect = self.redirect
        status_count = self.status
        other = self.other
        cause = "unknown"
        status = None
        redirect_location = None
    
        if error and self._is_connection_error(error):
            # Connect retry?
            if connect is False:
                raise reraise(type(error), error, _stacktrace)
            elif connect is not None:
                connect -= 1
    
        elif error and self._is_read_error(error):
            # Read retry?
            if read is False or method is None or not self._is_method_retryable(method):
                raise reraise(type(error), error, _stacktrace)
            elif read is not None:
                read -= 1
    
        elif error:
            # Other retry?
            if other is not None:
                other -= 1
    
        elif response and response.get_redirect_location():
            # Redirect retry?
            if redirect is not None:
                redirect -= 1
            cause = "too many redirects"
            response_redirect_location = response.get_redirect_location()
            if response_redirect_location:
                redirect_location = response_redirect_location
            status = response.status
    
        else:
            # Incrementing because of a server error like a 500 in
            # status_forcelist and the given method is in the allowed_methods
            cause = ResponseError.GENERIC_ERROR
            if response and response.status:
                if status_count is not None:
                    status_count -= 1
                cause = ResponseError.SPECIFIC_ERROR.format(status_code=response.status)
                status = response.status
    
        history = self.history + (
            RequestHistory(method, url, error, status, redirect_location),
        )
    
        new_retry = self.new(
            total=total,
            connect=connect,
            read=read,
            redirect=redirect,
            status=status_count,
            other=other,
            history=history,
        )
    
        if new_retry.is_exhausted():
            reason = error or ResponseError(cause)
>           raise MaxRetryError(_pool, url, reason) from reason  # type: ignore[arg-type]
            ^^^^^^^^^^^^^^^^^^^^^^^^^^^^^^^^^^^^^^^^^^^^^^^^^^^
E           urllib3.exceptions.MaxRetryError: HTTPConnectionPool(host='localhost', port=8000): Max retries exceeded with url: /api/health (Caused by NewConnectionError('<urllib3.connection.HTTPConnection object at 0x000001E6DE561E10>: Failed to establish a new connection: [WinError 10061] No connection could be made because the target machine actively refused it'))

..\..\..\..\AppData\Roaming\Python\Python313\site-packages\urllib3\util\retry.py:519: MaxRetryError

During handling of the above exception, another exception occurred:

self = <test_deployment_health.TestDeploymentHealth object at 0x000001E6D9915EF0>
base_url = 'http://localhost:8000', auth_headers = {}

    def test_concurrent_requests(self, base_url: str, auth_headers: Dict[str, str]):
        """Test that the system can handle multiple concurrent requests."""
        import concurrent.futures
        import threading
    
        def make_request():
            response = requests.get(
                f"{base_url}/api/health",
                headers=auth_headers,
                timeout=10
            )
            return response.status_code == 200
    
        # Make 10 concurrent requests
        with concurrent.futures.ThreadPoolExecutor(max_workers=10) as executor:
            futures = [executor.submit(make_request) for _ in range(10)]
>           results = [future.result() for future in concurrent.futures.as_completed(futures)]
                       ^^^^^^^^^^^^^^^

tests\smoke\test_deployment_health.py:200: 
_ _ _ _ _ _ _ _ _ _ _ _ _ _ _ _ _ _ _ _ _ _ _ _ _ _ _ _ _ _ _ _ _ _ _ _ _ _ _ _
C:\Program Files\Python313\Lib\concurrent\futures\_base.py:449: in result
    return self.__get_result()
           ^^^^^^^^^^^^^^^^^^^
C:\Program Files\Python313\Lib\concurrent\futures\_base.py:401: in __get_result
    raise self._exception
C:\Program Files\Python313\Lib\concurrent\futures\thread.py:59: in run
    result = self.fn(*self.args, **self.kwargs)
             ^^^^^^^^^^^^^^^^^^^^^^^^^^^^^^^^^^
tests\smoke\test_deployment_health.py:190: in make_request
    response = requests.get(
..\..\..\..\AppData\Roaming\Python\Python313\site-packages\requests\api.py:73: in get
    return request("get", url, params=params, **kwargs)
           ^^^^^^^^^^^^^^^^^^^^^^^^^^^^^^^^^^^^^^^^^^^^
..\..\..\..\AppData\Roaming\Python\Python313\site-packages\requests\api.py:59: in request
    return session.request(method=method, url=url, **kwargs)
           ^^^^^^^^^^^^^^^^^^^^^^^^^^^^^^^^^^^^^^^^^^^^^^^^^
..\..\..\..\AppData\Roaming\Python\Python313\site-packages\requests\sessions.py:589: in request
    resp = self.send(prep, **send_kwargs)
           ^^^^^^^^^^^^^^^^^^^^^^^^^^^^^^
..\..\..\..\AppData\Roaming\Python\Python313\site-packages\requests\sessions.py:703: in send
    r = adapter.send(request, **kwargs)
        ^^^^^^^^^^^^^^^^^^^^^^^^^^^^^^^
_ _ _ _ _ _ _ _ _ _ _ _ _ _ _ _ _ _ _ _ _ _ _ _ _ _ _ _ _ _ _ _ _ _ _ _ _ _ _ _

self = <requests.adapters.HTTPAdapter object at 0x000001E6DE6BA4D0>
request = <PreparedRequest [GET]>, stream = False
timeout = Timeout(connect=10, read=10, total=None), verify = True, cert = None
proxies = OrderedDict()

    def send(
        self, request, stream=False, timeout=None, verify=True, cert=None, proxies=None
    ):
        """Sends PreparedRequest object. Returns Response object.
    
        :param request: The :class:`PreparedRequest <PreparedRequest>` being sent.
        :param stream: (optional) Whether to stream the request content.
        :param timeout: (optional) How long to wait for the server to send
            data before giving up, as a float, or a :ref:`(connect timeout,
            read timeout) <timeouts>` tuple.
        :type timeout: float or tuple or urllib3 Timeout object
        :param verify: (optional) Either a boolean, in which case it controls whether
            we verify the server's TLS certificate, or a string, in which case it
            must be a path to a CA bundle to use
        :param cert: (optional) Any user-provided SSL certificate to be trusted.
        :param proxies: (optional) The proxies dictionary to apply to the request.
        :rtype: requests.Response
        """
    
        try:
            conn = self.get_connection_with_tls_context(
                request, verify, proxies=proxies, cert=cert
            )
        except LocationValueError as e:
            raise InvalidURL(e, request=request)
    
        self.cert_verify(conn, request.url, verify, cert)
        url = self.request_url(request, proxies)
        self.add_headers(
            request,
            stream=stream,
            timeout=timeout,
            verify=verify,
            cert=cert,
            proxies=proxies,
        )
    
        chunked = not (request.body is None or "Content-Length" in request.headers)
    
        if isinstance(timeout, tuple):
            try:
                connect, read = timeout
                timeout = TimeoutSauce(connect=connect, read=read)
            except ValueError:
                raise ValueError(
                    f"Invalid timeout {timeout}. Pass a (connect, read) timeout tuple, "
                    f"or a single float to set both timeouts to the same value."
                )
        elif isinstance(timeout, TimeoutSauce):
            pass
        else:
            timeout = TimeoutSauce(connect=timeout, read=timeout)
    
        try:
            resp = conn.urlopen(
                method=request.method,
                url=url,
                body=request.body,
                headers=request.headers,
                redirect=False,
                assert_same_host=False,
                preload_content=False,
                decode_content=False,
                retries=self.max_retries,
                timeout=timeout,
                chunked=chunked,
            )
    
        except (ProtocolError, OSError) as err:
            raise ConnectionError(err, request=request)
    
        except MaxRetryError as e:
            if isinstance(e.reason, ConnectTimeoutError):
                # TODO: Remove this in 3.0.0: see #2811
                if not isinstance(e.reason, NewConnectionError):
                    raise ConnectTimeout(e, request=request)
    
            if isinstance(e.reason, ResponseError):
                raise RetryError(e, request=request)
    
            if isinstance(e.reason, _ProxyError):
                raise ProxyError(e, request=request)
    
            if isinstance(e.reason, _SSLError):
                # This branch is for urllib3 v1.22 and later.
                raise SSLError(e, request=request)
    
>           raise ConnectionError(e, request=request)
E           requests.exceptions.ConnectionError: HTTPConnectionPool(host='localhost', port=8000): Max retries exceeded with url: /api/health (Caused by NewConnectionError('<urllib3.connection.HTTPConnection object at 0x000001E6DE561E10>: Failed to establish a new connection: [WinError 10061] No connection could be made because the target machine actively refused it'))

..\..\..\..\AppData\Roaming\Python\Python313\site-packages\requests\adapters.py:700: ConnectionError
______________ TestSecurityHeaders.test_security_headers_present ______________

self = <urllib3.connection.HTTPConnection object at 0x000001E6DE563790>

    def _new_conn(self) -> socket.socket:
        """Establish a socket connection and set nodelay settings on it.
    
        :return: New socket connection.
        """
        try:
>           sock = connection.create_connection(
                (self._dns_host, self.port),
                self.timeout,
                source_address=self.source_address,
                socket_options=self.socket_options,
            )

..\..\..\..\AppData\Roaming\Python\Python313\site-packages\urllib3\connection.py:198: 
_ _ _ _ _ _ _ _ _ _ _ _ _ _ _ _ _ _ _ _ _ _ _ _ _ _ _ _ _ _ _ _ _ _ _ _ _ _ _ _
..\..\..\..\AppData\Roaming\Python\Python313\site-packages\urllib3\util\connection.py:85: in create_connection
    raise err
_ _ _ _ _ _ _ _ _ _ _ _ _ _ _ _ _ _ _ _ _ _ _ _ _ _ _ _ _ _ _ _ _ _ _ _ _ _ _ _

address = ('localhost', 8000), timeout = 10, source_address = None
socket_options = [(6, 1, 1)]

    def create_connection(
        address: tuple[str, int],
        timeout: _TYPE_TIMEOUT = _DEFAULT_TIMEOUT,
        source_address: tuple[str, int] | None = None,
        socket_options: _TYPE_SOCKET_OPTIONS | None = None,
    ) -> socket.socket:
        """Connect to *address* and return the socket object.
    
        Convenience function.  Connect to *address* (a 2-tuple ``(host,
        port)``) and return the socket object.  Passing the optional
        *timeout* parameter will set the timeout on the socket instance
        before attempting to connect.  If no *timeout* is supplied, the
        global default timeout setting returned by :func:`socket.getdefaulttimeout`
        is used.  If *source_address* is set it must be a tuple of (host, port)
        for the socket to bind as a source address before making the connection.
        An host of '' or port 0 tells the OS to use the default.
        """
    
        host, port = address
        if host.startswith("["):
            host = host.strip("[]")
        err = None
    
        # Using the value from allowed_gai_family() in the context of getaddrinfo lets
        # us select whether to work with IPv4 DNS records, IPv6 records, or both.
        # The original create_connection function always returns all records.
        family = allowed_gai_family()
    
        try:
            host.encode("idna")
        except UnicodeError:
            raise LocationParseError(f"'{host}', label empty or too long") from None
    
        for res in socket.getaddrinfo(host, port, family, socket.SOCK_STREAM):
            af, socktype, proto, canonname, sa = res
            sock = None
            try:
                sock = socket.socket(af, socktype, proto)
    
                # If provided, set socket level options before connecting.
                _set_socket_options(sock, socket_options)
    
                if timeout is not _DEFAULT_TIMEOUT:
                    sock.settimeout(timeout)
                if source_address:
                    sock.bind(source_address)
>               sock.connect(sa)
E               ConnectionRefusedError: [WinError 10061] No connection could be made because the target machine actively refused it

..\..\..\..\AppData\Roaming\Python\Python313\site-packages\urllib3\util\connection.py:73: ConnectionRefusedError

The above exception was the direct cause of the following exception:

self = <urllib3.connectionpool.HTTPConnectionPool object at 0x000001E6DE81AF90>
method = 'GET', url = '/api/health', body = None
headers = {'User-Agent': 'python-requests/2.32.3', 'Accept-Encoding': 'gzip, deflate, br, zstd', 'Accept': '*/*', 'Connection': 'keep-alive'}
retries = Retry(total=0, connect=None, read=False, redirect=None, status=None)
redirect = False, assert_same_host = False
timeout = Timeout(connect=10, read=10, total=None), pool_timeout = None
release_conn = False, chunked = False, body_pos = None, preload_content = False
decode_content = False, response_kw = {}
parsed_url = Url(scheme=None, auth=None, host=None, port=None, path='/api/health', query=None, fragment=None)
destination_scheme = None, conn = None, release_this_conn = True
http_tunnel_required = False, err = None, clean_exit = False

    def urlopen(  # type: ignore[override]
        self,
        method: str,
        url: str,
        body: _TYPE_BODY | None = None,
        headers: typing.Mapping[str, str] | None = None,
        retries: Retry | bool | int | None = None,
        redirect: bool = True,
        assert_same_host: bool = True,
        timeout: _TYPE_TIMEOUT = _DEFAULT_TIMEOUT,
        pool_timeout: int | None = None,
        release_conn: bool | None = None,
        chunked: bool = False,
        body_pos: _TYPE_BODY_POSITION | None = None,
        preload_content: bool = True,
        decode_content: bool = True,
        **response_kw: typing.Any,
    ) -> BaseHTTPResponse:
        """
        Get a connection from the pool and perform an HTTP request. This is the
        lowest level call for making a request, so you'll need to specify all
        the raw details.
    
        .. note::
    
           More commonly, it's appropriate to use a convenience method
           such as :meth:`request`.
    
        .. note::
    
           `release_conn` will only behave as expected if
           `preload_content=False` because we want to make
           `preload_content=False` the default behaviour someday soon without
           breaking backwards compatibility.
    
        :param method:
            HTTP request method (such as GET, POST, PUT, etc.)
    
        :param url:
            The URL to perform the request on.
    
        :param body:
            Data to send in the request body, either :class:`str`, :class:`bytes`,
            an iterable of :class:`str`/:class:`bytes`, or a file-like object.
    
        :param headers:
            Dictionary of custom headers to send, such as User-Agent,
            If-None-Match, etc. If None, pool headers are used. If provided,
            these headers completely replace any pool-specific headers.
    
        :param retries:
            Configure the number of retries to allow before raising a
            :class:`~urllib3.exceptions.MaxRetryError` exception.
    
            If ``None`` (default) will retry 3 times, see ``Retry.DEFAULT``. Pass a
            :class:`~urllib3.util.retry.Retry` object for fine-grained control
            over different types of retries.
            Pass an integer number to retry connection errors that many times,
            but no other types of errors. Pass zero to never retry.
    
            If ``False``, then retries are disabled and any exception is raised
            immediately. Also, instead of raising a MaxRetryError on redirects,
            the redirect response will be returned.
    
        :type retries: :class:`~urllib3.util.retry.Retry`, False, or an int.
    
        :param redirect:
            If True, automatically handle redirects (status codes 301, 302,
            303, 307, 308). Each redirect counts as a retry. Disabling retries
            will disable redirect, too.
    
        :param assert_same_host:
            If ``True``, will make sure that the host of the pool requests is
            consistent else will raise HostChangedError. When ``False``, you can
            use the pool on an HTTP proxy and request foreign hosts.
    
        :param timeout:
            If specified, overrides the default timeout for this one
            request. It may be a float (in seconds) or an instance of
            :class:`urllib3.util.Timeout`.
    
        :param pool_timeout:
            If set and the pool is set to block=True, then this method will
            block for ``pool_timeout`` seconds and raise EmptyPoolError if no
            connection is available within the time period.
    
        :param bool preload_content:
            If True, the response's body will be preloaded into memory.
    
        :param bool decode_content:
            If True, will attempt to decode the body based on the
            'content-encoding' header.
    
        :param release_conn:
            If False, then the urlopen call will not release the connection
            back into the pool once a response is received (but will release if
            you read the entire contents of the response such as when
            `preload_content=True`). This is useful if you're not preloading
            the response's content immediately. You will need to call
            ``r.release_conn()`` on the response ``r`` to return the connection
            back into the pool. If None, it takes the value of ``preload_content``
            which defaults to ``True``.
    
        :param bool chunked:
            If True, urllib3 will send the body using chunked transfer
            encoding. Otherwise, urllib3 will send the body using the standard
            content-length form. Defaults to False.
    
        :param int body_pos:
            Position to seek to in file-like body in the event of a retry or
            redirect. Typically this won't need to be set because urllib3 will
            auto-populate the value when needed.
        """
        parsed_url = parse_url(url)
        destination_scheme = parsed_url.scheme
    
        if headers is None:
            headers = self.headers
    
        if not isinstance(retries, Retry):
            retries = Retry.from_int(retries, redirect=redirect, default=self.retries)
    
        if release_conn is None:
            release_conn = preload_content
    
        # Check host
        if assert_same_host and not self.is_same_host(url):
            raise HostChangedError(self, url, retries)
    
        # Ensure that the URL we're connecting to is properly encoded
        if url.startswith("/"):
            url = to_str(_encode_target(url))
        else:
            url = to_str(parsed_url.url)
    
        conn = None
    
        # Track whether `conn` needs to be released before
        # returning/raising/recursing. Update this variable if necessary, and
        # leave `release_conn` constant throughout the function. That way, if
        # the function recurses, the original value of `release_conn` will be
        # passed down into the recursive call, and its value will be respected.
        #
        # See issue #651 [1] for details.
        #
        # [1] <https://github.com/urllib3/urllib3/issues/651>
        release_this_conn = release_conn
    
        http_tunnel_required = connection_requires_http_tunnel(
            self.proxy, self.proxy_config, destination_scheme
        )
    
        # Merge the proxy headers. Only done when not using HTTP CONNECT. We
        # have to copy the headers dict so we can safely change it without those
        # changes being reflected in anyone else's copy.
        if not http_tunnel_required:
            headers = headers.copy()  # type: ignore[attr-defined]
            headers.update(self.proxy_headers)  # type: ignore[union-attr]
    
        # Must keep the exception bound to a separate variable or else Python 3
        # complains about UnboundLocalError.
        err = None
    
        # Keep track of whether we cleanly exited the except block. This
        # ensures we do proper cleanup in finally.
        clean_exit = False
    
        # Rewind body position, if needed. Record current position
        # for future rewinds in the event of a redirect/retry.
        body_pos = set_file_position(body, body_pos)
    
        try:
            # Request a connection from the queue.
            timeout_obj = self._get_timeout(timeout)
            conn = self._get_conn(timeout=pool_timeout)
    
            conn.timeout = timeout_obj.connect_timeout  # type: ignore[assignment]
    
            # Is this a closed/new connection that requires CONNECT tunnelling?
            if self.proxy is not None and http_tunnel_required and conn.is_closed:
                try:
                    self._prepare_proxy(conn)
                except (BaseSSLError, OSError, SocketTimeout) as e:
                    self._raise_timeout(
                        err=e, url=self.proxy.url, timeout_value=conn.timeout
                    )
                    raise
    
            # If we're going to release the connection in ``finally:``, then
            # the response doesn't need to know about the connection. Otherwise
            # it will also try to release it and we'll have a double-release
            # mess.
            response_conn = conn if not release_conn else None
    
            # Make the request on the HTTPConnection object
>           response = self._make_request(
                conn,
                method,
                url,
                timeout=timeout_obj,
                body=body,
                headers=headers,
                chunked=chunked,
                retries=retries,
                response_conn=response_conn,
                preload_content=preload_content,
                decode_content=decode_content,
                **response_kw,
            )

..\..\..\..\AppData\Roaming\Python\Python313\site-packages\urllib3\connectionpool.py:787: 
_ _ _ _ _ _ _ _ _ _ _ _ _ _ _ _ _ _ _ _ _ _ _ _ _ _ _ _ _ _ _ _ _ _ _ _ _ _ _ _
..\..\..\..\AppData\Roaming\Python\Python313\site-packages\urllib3\connectionpool.py:493: in _make_request
    conn.request(
..\..\..\..\AppData\Roaming\Python\Python313\site-packages\urllib3\connection.py:445: in request
    self.endheaders()
C:\Program Files\Python313\Lib\http\client.py:1333: in endheaders
    self._send_output(message_body, encode_chunked=encode_chunked)
C:\Program Files\Python313\Lib\http\client.py:1093: in _send_output
    self.send(msg)
C:\Program Files\Python313\Lib\http\client.py:1037: in send
    self.connect()
..\..\..\..\AppData\Roaming\Python\Python313\site-packages\urllib3\connection.py:276: in connect
    self.sock = self._new_conn()
                ^^^^^^^^^^^^^^^^
_ _ _ _ _ _ _ _ _ _ _ _ _ _ _ _ _ _ _ _ _ _ _ _ _ _ _ _ _ _ _ _ _ _ _ _ _ _ _ _

self = <urllib3.connection.HTTPConnection object at 0x000001E6DE563790>

    def _new_conn(self) -> socket.socket:
        """Establish a socket connection and set nodelay settings on it.
    
        :return: New socket connection.
        """
        try:
            sock = connection.create_connection(
                (self._dns_host, self.port),
                self.timeout,
                source_address=self.source_address,
                socket_options=self.socket_options,
            )
        except socket.gaierror as e:
            raise NameResolutionError(self.host, self, e) from e
        except SocketTimeout as e:
            raise ConnectTimeoutError(
                self,
                f"Connection to {self.host} timed out. (connect timeout={self.timeout})",
            ) from e
    
        except OSError as e:
>           raise NewConnectionError(
                self, f"Failed to establish a new connection: {e}"
            ) from e
E           urllib3.exceptions.NewConnectionError: <urllib3.connection.HTTPConnection object at 0x000001E6DE563790>: Failed to establish a new connection: [WinError 10061] No connection could be made because the target machine actively refused it

..\..\..\..\AppData\Roaming\Python\Python313\site-packages\urllib3\connection.py:213: NewConnectionError

The above exception was the direct cause of the following exception:

self = <requests.adapters.HTTPAdapter object at 0x000001E6DE63D3D0>
request = <PreparedRequest [GET]>, stream = False
timeout = Timeout(connect=10, read=10, total=None), verify = True, cert = None
proxies = OrderedDict()

    def send(
        self, request, stream=False, timeout=None, verify=True, cert=None, proxies=None
    ):
        """Sends PreparedRequest object. Returns Response object.
    
        :param request: The :class:`PreparedRequest <PreparedRequest>` being sent.
        :param stream: (optional) Whether to stream the request content.
        :param timeout: (optional) How long to wait for the server to send
            data before giving up, as a float, or a :ref:`(connect timeout,
            read timeout) <timeouts>` tuple.
        :type timeout: float or tuple or urllib3 Timeout object
        :param verify: (optional) Either a boolean, in which case it controls whether
            we verify the server's TLS certificate, or a string, in which case it
            must be a path to a CA bundle to use
        :param cert: (optional) Any user-provided SSL certificate to be trusted.
        :param proxies: (optional) The proxies dictionary to apply to the request.
        :rtype: requests.Response
        """
    
        try:
            conn = self.get_connection_with_tls_context(
                request, verify, proxies=proxies, cert=cert
            )
        except LocationValueError as e:
            raise InvalidURL(e, request=request)
    
        self.cert_verify(conn, request.url, verify, cert)
        url = self.request_url(request, proxies)
        self.add_headers(
            request,
            stream=stream,
            timeout=timeout,
            verify=verify,
            cert=cert,
            proxies=proxies,
        )
    
        chunked = not (request.body is None or "Content-Length" in request.headers)
    
        if isinstance(timeout, tuple):
            try:
                connect, read = timeout
                timeout = TimeoutSauce(connect=connect, read=read)
            except ValueError:
                raise ValueError(
                    f"Invalid timeout {timeout}. Pass a (connect, read) timeout tuple, "
                    f"or a single float to set both timeouts to the same value."
                )
        elif isinstance(timeout, TimeoutSauce):
            pass
        else:
            timeout = TimeoutSauce(connect=timeout, read=timeout)
    
        try:
>           resp = conn.urlopen(
                method=request.method,
                url=url,
                body=request.body,
                headers=request.headers,
                redirect=False,
                assert_same_host=False,
                preload_content=False,
                decode_content=False,
                retries=self.max_retries,
                timeout=timeout,
                chunked=chunked,
            )

..\..\..\..\AppData\Roaming\Python\Python313\site-packages\requests\adapters.py:667: 
_ _ _ _ _ _ _ _ _ _ _ _ _ _ _ _ _ _ _ _ _ _ _ _ _ _ _ _ _ _ _ _ _ _ _ _ _ _ _ _
..\..\..\..\AppData\Roaming\Python\Python313\site-packages\urllib3\connectionpool.py:841: in urlopen
    retries = retries.increment(
_ _ _ _ _ _ _ _ _ _ _ _ _ _ _ _ _ _ _ _ _ _ _ _ _ _ _ _ _ _ _ _ _ _ _ _ _ _ _ _

self = Retry(total=0, connect=None, read=False, redirect=None, status=None)
method = 'GET', url = '/api/health', response = None
error = NewConnectionError('<urllib3.connection.HTTPConnection object at 0x000001E6DE563790>: Failed to establish a new connection: [WinError 10061] No connection could be made because the target machine actively refused it')
_pool = <urllib3.connectionpool.HTTPConnectionPool object at 0x000001E6DE81AF90>
_stacktrace = <traceback object at 0x000001E6DEACE5C0>

    def increment(
        self,
        method: str | None = None,
        url: str | None = None,
        response: BaseHTTPResponse | None = None,
        error: Exception | None = None,
        _pool: ConnectionPool | None = None,
        _stacktrace: TracebackType | None = None,
    ) -> Self:
        """Return a new Retry object with incremented retry counters.
    
        :param response: A response object, or None, if the server did not
            return a response.
        :type response: :class:`~urllib3.response.BaseHTTPResponse`
        :param Exception error: An error encountered during the request, or
            None if the response was received successfully.
    
        :return: A new ``Retry`` object.
        """
        if self.total is False and error:
            # Disabled, indicate to re-raise the error.
            raise reraise(type(error), error, _stacktrace)
    
        total = self.total
        if total is not None:
            total -= 1
    
        connect = self.connect
        read = self.read
        redirect = self.redirect
        status_count = self.status
        other = self.other
        cause = "unknown"
        status = None
        redirect_location = None
    
        if error and self._is_connection_error(error):
            # Connect retry?
            if connect is False:
                raise reraise(type(error), error, _stacktrace)
            elif connect is not None:
                connect -= 1
    
        elif error and self._is_read_error(error):
            # Read retry?
            if read is False or method is None or not self._is_method_retryable(method):
                raise reraise(type(error), error, _stacktrace)
            elif read is not None:
                read -= 1
    
        elif error:
            # Other retry?
            if other is not None:
                other -= 1
    
        elif response and response.get_redirect_location():
            # Redirect retry?
            if redirect is not None:
                redirect -= 1
            cause = "too many redirects"
            response_redirect_location = response.get_redirect_location()
            if response_redirect_location:
                redirect_location = response_redirect_location
            status = response.status
    
        else:
            # Incrementing because of a server error like a 500 in
            # status_forcelist and the given method is in the allowed_methods
            cause = ResponseError.GENERIC_ERROR
            if response and response.status:
                if status_count is not None:
                    status_count -= 1
                cause = ResponseError.SPECIFIC_ERROR.format(status_code=response.status)
                status = response.status
    
        history = self.history + (
            RequestHistory(method, url, error, status, redirect_location),
        )
    
        new_retry = self.new(
            total=total,
            connect=connect,
            read=read,
            redirect=redirect,
            status=status_count,
            other=other,
            history=history,
        )
    
        if new_retry.is_exhausted():
            reason = error or ResponseError(cause)
>           raise MaxRetryError(_pool, url, reason) from reason  # type: ignore[arg-type]
            ^^^^^^^^^^^^^^^^^^^^^^^^^^^^^^^^^^^^^^^^^^^^^^^^^^^
E           urllib3.exceptions.MaxRetryError: HTTPConnectionPool(host='localhost', port=8000): Max retries exceeded with url: /api/health (Caused by NewConnectionError('<urllib3.connection.HTTPConnection object at 0x000001E6DE563790>: Failed to establish a new connection: [WinError 10061] No connection could be made because the target machine actively refused it'))

..\..\..\..\AppData\Roaming\Python\Python313\site-packages\urllib3\util\retry.py:519: MaxRetryError

During handling of the above exception, another exception occurred:

self = <test_deployment_health.TestSecurityHeaders object at 0x000001E6D9944910>
base_url = 'http://localhost:8000'

    def test_security_headers_present(self, base_url: str):
        """Test that required security headers are present."""
>       response = requests.get(f"{base_url}/api/health", timeout=10)
                   ^^^^^^^^^^^^^^^^^^^^^^^^^^^^^^^^^^^^^^^^^^^^^^^^^^

tests\smoke\test_deployment_health.py:217: 
_ _ _ _ _ _ _ _ _ _ _ _ _ _ _ _ _ _ _ _ _ _ _ _ _ _ _ _ _ _ _ _ _ _ _ _ _ _ _ _
..\..\..\..\AppData\Roaming\Python\Python313\site-packages\requests\api.py:73: in get
    return request("get", url, params=params, **kwargs)
           ^^^^^^^^^^^^^^^^^^^^^^^^^^^^^^^^^^^^^^^^^^^^
..\..\..\..\AppData\Roaming\Python\Python313\site-packages\requests\api.py:59: in request
    return session.request(method=method, url=url, **kwargs)
           ^^^^^^^^^^^^^^^^^^^^^^^^^^^^^^^^^^^^^^^^^^^^^^^^^
..\..\..\..\AppData\Roaming\Python\Python313\site-packages\requests\sessions.py:589: in request
    resp = self.send(prep, **send_kwargs)
           ^^^^^^^^^^^^^^^^^^^^^^^^^^^^^^
..\..\..\..\AppData\Roaming\Python\Python313\site-packages\requests\sessions.py:703: in send
    r = adapter.send(request, **kwargs)
        ^^^^^^^^^^^^^^^^^^^^^^^^^^^^^^^
_ _ _ _ _ _ _ _ _ _ _ _ _ _ _ _ _ _ _ _ _ _ _ _ _ _ _ _ _ _ _ _ _ _ _ _ _ _ _ _

self = <requests.adapters.HTTPAdapter object at 0x000001E6DE63D3D0>
request = <PreparedRequest [GET]>, stream = False
timeout = Timeout(connect=10, read=10, total=None), verify = True, cert = None
proxies = OrderedDict()

    def send(
        self, request, stream=False, timeout=None, verify=True, cert=None, proxies=None
    ):
        """Sends PreparedRequest object. Returns Response object.
    
        :param request: The :class:`PreparedRequest <PreparedRequest>` being sent.
        :param stream: (optional) Whether to stream the request content.
        :param timeout: (optional) How long to wait for the server to send
            data before giving up, as a float, or a :ref:`(connect timeout,
            read timeout) <timeouts>` tuple.
        :type timeout: float or tuple or urllib3 Timeout object
        :param verify: (optional) Either a boolean, in which case it controls whether
            we verify the server's TLS certificate, or a string, in which case it
            must be a path to a CA bundle to use
        :param cert: (optional) Any user-provided SSL certificate to be trusted.
        :param proxies: (optional) The proxies dictionary to apply to the request.
        :rtype: requests.Response
        """
    
        try:
            conn = self.get_connection_with_tls_context(
                request, verify, proxies=proxies, cert=cert
            )
        except LocationValueError as e:
            raise InvalidURL(e, request=request)
    
        self.cert_verify(conn, request.url, verify, cert)
        url = self.request_url(request, proxies)
        self.add_headers(
            request,
            stream=stream,
            timeout=timeout,
            verify=verify,
            cert=cert,
            proxies=proxies,
        )
    
        chunked = not (request.body is None or "Content-Length" in request.headers)
    
        if isinstance(timeout, tuple):
            try:
                connect, read = timeout
                timeout = TimeoutSauce(connect=connect, read=read)
            except ValueError:
                raise ValueError(
                    f"Invalid timeout {timeout}. Pass a (connect, read) timeout tuple, "
                    f"or a single float to set both timeouts to the same value."
                )
        elif isinstance(timeout, TimeoutSauce):
            pass
        else:
            timeout = TimeoutSauce(connect=timeout, read=timeout)
    
        try:
            resp = conn.urlopen(
                method=request.method,
                url=url,
                body=request.body,
                headers=request.headers,
                redirect=False,
                assert_same_host=False,
                preload_content=False,
                decode_content=False,
                retries=self.max_retries,
                timeout=timeout,
                chunked=chunked,
            )
    
        except (ProtocolError, OSError) as err:
            raise ConnectionError(err, request=request)
    
        except MaxRetryError as e:
            if isinstance(e.reason, ConnectTimeoutError):
                # TODO: Remove this in 3.0.0: see #2811
                if not isinstance(e.reason, NewConnectionError):
                    raise ConnectTimeout(e, request=request)
    
            if isinstance(e.reason, ResponseError):
                raise RetryError(e, request=request)
    
            if isinstance(e.reason, _ProxyError):
                raise ProxyError(e, request=request)
    
            if isinstance(e.reason, _SSLError):
                # This branch is for urllib3 v1.22 and later.
                raise SSLError(e, request=request)
    
>           raise ConnectionError(e, request=request)
E           requests.exceptions.ConnectionError: HTTPConnectionPool(host='localhost', port=8000): Max retries exceeded with url: /api/health (Caused by NewConnectionError('<urllib3.connection.HTTPConnection object at 0x000001E6DE563790>: Failed to establish a new connection: [WinError 10061] No connection could be made because the target machine actively refused it'))

..\..\..\..\AppData\Roaming\Python\Python313\site-packages\requests\adapters.py:700: ConnectionError
____________________ TestSecurityHeaders.test_cors_headers ____________________

self = <urllib3.connection.HTTPConnection object at 0x000001E6DE562AD0>

    def _new_conn(self) -> socket.socket:
        """Establish a socket connection and set nodelay settings on it.
    
        :return: New socket connection.
        """
        try:
>           sock = connection.create_connection(
                (self._dns_host, self.port),
                self.timeout,
                source_address=self.source_address,
                socket_options=self.socket_options,
            )

..\..\..\..\AppData\Roaming\Python\Python313\site-packages\urllib3\connection.py:198: 
_ _ _ _ _ _ _ _ _ _ _ _ _ _ _ _ _ _ _ _ _ _ _ _ _ _ _ _ _ _ _ _ _ _ _ _ _ _ _ _
..\..\..\..\AppData\Roaming\Python\Python313\site-packages\urllib3\util\connection.py:85: in create_connection
    raise err
_ _ _ _ _ _ _ _ _ _ _ _ _ _ _ _ _ _ _ _ _ _ _ _ _ _ _ _ _ _ _ _ _ _ _ _ _ _ _ _

address = ('localhost', 8000), timeout = 10, source_address = None
socket_options = [(6, 1, 1)]

    def create_connection(
        address: tuple[str, int],
        timeout: _TYPE_TIMEOUT = _DEFAULT_TIMEOUT,
        source_address: tuple[str, int] | None = None,
        socket_options: _TYPE_SOCKET_OPTIONS | None = None,
    ) -> socket.socket:
        """Connect to *address* and return the socket object.
    
        Convenience function.  Connect to *address* (a 2-tuple ``(host,
        port)``) and return the socket object.  Passing the optional
        *timeout* parameter will set the timeout on the socket instance
        before attempting to connect.  If no *timeout* is supplied, the
        global default timeout setting returned by :func:`socket.getdefaulttimeout`
        is used.  If *source_address* is set it must be a tuple of (host, port)
        for the socket to bind as a source address before making the connection.
        An host of '' or port 0 tells the OS to use the default.
        """
    
        host, port = address
        if host.startswith("["):
            host = host.strip("[]")
        err = None
    
        # Using the value from allowed_gai_family() in the context of getaddrinfo lets
        # us select whether to work with IPv4 DNS records, IPv6 records, or both.
        # The original create_connection function always returns all records.
        family = allowed_gai_family()
    
        try:
            host.encode("idna")
        except UnicodeError:
            raise LocationParseError(f"'{host}', label empty or too long") from None
    
        for res in socket.getaddrinfo(host, port, family, socket.SOCK_STREAM):
            af, socktype, proto, canonname, sa = res
            sock = None
            try:
                sock = socket.socket(af, socktype, proto)
    
                # If provided, set socket level options before connecting.
                _set_socket_options(sock, socket_options)
    
                if timeout is not _DEFAULT_TIMEOUT:
                    sock.settimeout(timeout)
                if source_address:
                    sock.bind(source_address)
>               sock.connect(sa)
E               ConnectionRefusedError: [WinError 10061] No connection could be made because the target machine actively refused it

..\..\..\..\AppData\Roaming\Python\Python313\site-packages\urllib3\util\connection.py:73: ConnectionRefusedError

The above exception was the direct cause of the following exception:

self = <urllib3.connectionpool.HTTPConnectionPool object at 0x000001E6DE826970>
method = 'OPTIONS', url = '/api/health', body = None
headers = {'User-Agent': 'python-requests/2.32.3', 'Accept-Encoding': 'gzip, deflate, br, zstd', 'Accept': '*/*', 'Connection': 'keep-alive', 'Origin': 'https://example.com', 'Content-Length': '0'}
retries = Retry(total=0, connect=None, read=False, redirect=None, status=None)
redirect = False, assert_same_host = False
timeout = Timeout(connect=10, read=10, total=None), pool_timeout = None
release_conn = False, chunked = False, body_pos = None, preload_content = False
decode_content = False, response_kw = {}
parsed_url = Url(scheme=None, auth=None, host=None, port=None, path='/api/health', query=None, fragment=None)
destination_scheme = None, conn = None, release_this_conn = True
http_tunnel_required = False, err = None, clean_exit = False

    def urlopen(  # type: ignore[override]
        self,
        method: str,
        url: str,
        body: _TYPE_BODY | None = None,
        headers: typing.Mapping[str, str] | None = None,
        retries: Retry | bool | int | None = None,
        redirect: bool = True,
        assert_same_host: bool = True,
        timeout: _TYPE_TIMEOUT = _DEFAULT_TIMEOUT,
        pool_timeout: int | None = None,
        release_conn: bool | None = None,
        chunked: bool = False,
        body_pos: _TYPE_BODY_POSITION | None = None,
        preload_content: bool = True,
        decode_content: bool = True,
        **response_kw: typing.Any,
    ) -> BaseHTTPResponse:
        """
        Get a connection from the pool and perform an HTTP request. This is the
        lowest level call for making a request, so you'll need to specify all
        the raw details.
    
        .. note::
    
           More commonly, it's appropriate to use a convenience method
           such as :meth:`request`.
    
        .. note::
    
           `release_conn` will only behave as expected if
           `preload_content=False` because we want to make
           `preload_content=False` the default behaviour someday soon without
           breaking backwards compatibility.
    
        :param method:
            HTTP request method (such as GET, POST, PUT, etc.)
    
        :param url:
            The URL to perform the request on.
    
        :param body:
            Data to send in the request body, either :class:`str`, :class:`bytes`,
            an iterable of :class:`str`/:class:`bytes`, or a file-like object.
    
        :param headers:
            Dictionary of custom headers to send, such as User-Agent,
            If-None-Match, etc. If None, pool headers are used. If provided,
            these headers completely replace any pool-specific headers.
    
        :param retries:
            Configure the number of retries to allow before raising a
            :class:`~urllib3.exceptions.MaxRetryError` exception.
    
            If ``None`` (default) will retry 3 times, see ``Retry.DEFAULT``. Pass a
            :class:`~urllib3.util.retry.Retry` object for fine-grained control
            over different types of retries.
            Pass an integer number to retry connection errors that many times,
            but no other types of errors. Pass zero to never retry.
    
            If ``False``, then retries are disabled and any exception is raised
            immediately. Also, instead of raising a MaxRetryError on redirects,
            the redirect response will be returned.
    
        :type retries: :class:`~urllib3.util.retry.Retry`, False, or an int.
    
        :param redirect:
            If True, automatically handle redirects (status codes 301, 302,
            303, 307, 308). Each redirect counts as a retry. Disabling retries
            will disable redirect, too.
    
        :param assert_same_host:
            If ``True``, will make sure that the host of the pool requests is
            consistent else will raise HostChangedError. When ``False``, you can
            use the pool on an HTTP proxy and request foreign hosts.
    
        :param timeout:
            If specified, overrides the default timeout for this one
            request. It may be a float (in seconds) or an instance of
            :class:`urllib3.util.Timeout`.
    
        :param pool_timeout:
            If set and the pool is set to block=True, then this method will
            block for ``pool_timeout`` seconds and raise EmptyPoolError if no
            connection is available within the time period.
    
        :param bool preload_content:
            If True, the response's body will be preloaded into memory.
    
        :param bool decode_content:
            If True, will attempt to decode the body based on the
            'content-encoding' header.
    
        :param release_conn:
            If False, then the urlopen call will not release the connection
            back into the pool once a response is received (but will release if
            you read the entire contents of the response such as when
            `preload_content=True`). This is useful if you're not preloading
            the response's content immediately. You will need to call
            ``r.release_conn()`` on the response ``r`` to return the connection
            back into the pool. If None, it takes the value of ``preload_content``
            which defaults to ``True``.
    
        :param bool chunked:
            If True, urllib3 will send the body using chunked transfer
            encoding. Otherwise, urllib3 will send the body using the standard
            content-length form. Defaults to False.
    
        :param int body_pos:
            Position to seek to in file-like body in the event of a retry or
            redirect. Typically this won't need to be set because urllib3 will
            auto-populate the value when needed.
        """
        parsed_url = parse_url(url)
        destination_scheme = parsed_url.scheme
    
        if headers is None:
            headers = self.headers
    
        if not isinstance(retries, Retry):
            retries = Retry.from_int(retries, redirect=redirect, default=self.retries)
    
        if release_conn is None:
            release_conn = preload_content
    
        # Check host
        if assert_same_host and not self.is_same_host(url):
            raise HostChangedError(self, url, retries)
    
        # Ensure that the URL we're connecting to is properly encoded
        if url.startswith("/"):
            url = to_str(_encode_target(url))
        else:
            url = to_str(parsed_url.url)
    
        conn = None
    
        # Track whether `conn` needs to be released before
        # returning/raising/recursing. Update this variable if necessary, and
        # leave `release_conn` constant throughout the function. That way, if
        # the function recurses, the original value of `release_conn` will be
        # passed down into the recursive call, and its value will be respected.
        #
        # See issue #651 [1] for details.
        #
        # [1] <https://github.com/urllib3/urllib3/issues/651>
        release_this_conn = release_conn
    
        http_tunnel_required = connection_requires_http_tunnel(
            self.proxy, self.proxy_config, destination_scheme
        )
    
        # Merge the proxy headers. Only done when not using HTTP CONNECT. We
        # have to copy the headers dict so we can safely change it without those
        # changes being reflected in anyone else's copy.
        if not http_tunnel_required:
            headers = headers.copy()  # type: ignore[attr-defined]
            headers.update(self.proxy_headers)  # type: ignore[union-attr]
    
        # Must keep the exception bound to a separate variable or else Python 3
        # complains about UnboundLocalError.
        err = None
    
        # Keep track of whether we cleanly exited the except block. This
        # ensures we do proper cleanup in finally.
        clean_exit = False
    
        # Rewind body position, if needed. Record current position
        # for future rewinds in the event of a redirect/retry.
        body_pos = set_file_position(body, body_pos)
    
        try:
            # Request a connection from the queue.
            timeout_obj = self._get_timeout(timeout)
            conn = self._get_conn(timeout=pool_timeout)
    
            conn.timeout = timeout_obj.connect_timeout  # type: ignore[assignment]
    
            # Is this a closed/new connection that requires CONNECT tunnelling?
            if self.proxy is not None and http_tunnel_required and conn.is_closed:
                try:
                    self._prepare_proxy(conn)
                except (BaseSSLError, OSError, SocketTimeout) as e:
                    self._raise_timeout(
                        err=e, url=self.proxy.url, timeout_value=conn.timeout
                    )
                    raise
    
            # If we're going to release the connection in ``finally:``, then
            # the response doesn't need to know about the connection. Otherwise
            # it will also try to release it and we'll have a double-release
            # mess.
            response_conn = conn if not release_conn else None
    
            # Make the request on the HTTPConnection object
>           response = self._make_request(
                conn,
                method,
                url,
                timeout=timeout_obj,
                body=body,
                headers=headers,
                chunked=chunked,
                retries=retries,
                response_conn=response_conn,
                preload_content=preload_content,
                decode_content=decode_content,
                **response_kw,
            )

..\..\..\..\AppData\Roaming\Python\Python313\site-packages\urllib3\connectionpool.py:787: 
_ _ _ _ _ _ _ _ _ _ _ _ _ _ _ _ _ _ _ _ _ _ _ _ _ _ _ _ _ _ _ _ _ _ _ _ _ _ _ _
..\..\..\..\AppData\Roaming\Python\Python313\site-packages\urllib3\connectionpool.py:493: in _make_request
    conn.request(
..\..\..\..\AppData\Roaming\Python\Python313\site-packages\urllib3\connection.py:445: in request
    self.endheaders()
C:\Program Files\Python313\Lib\http\client.py:1333: in endheaders
    self._send_output(message_body, encode_chunked=encode_chunked)
C:\Program Files\Python313\Lib\http\client.py:1093: in _send_output
    self.send(msg)
C:\Program Files\Python313\Lib\http\client.py:1037: in send
    self.connect()
..\..\..\..\AppData\Roaming\Python\Python313\site-packages\urllib3\connection.py:276: in connect
    self.sock = self._new_conn()
                ^^^^^^^^^^^^^^^^
_ _ _ _ _ _ _ _ _ _ _ _ _ _ _ _ _ _ _ _ _ _ _ _ _ _ _ _ _ _ _ _ _ _ _ _ _ _ _ _

self = <urllib3.connection.HTTPConnection object at 0x000001E6DE562AD0>

    def _new_conn(self) -> socket.socket:
        """Establish a socket connection and set nodelay settings on it.
    
        :return: New socket connection.
        """
        try:
            sock = connection.create_connection(
                (self._dns_host, self.port),
                self.timeout,
                source_address=self.source_address,
                socket_options=self.socket_options,
            )
        except socket.gaierror as e:
            raise NameResolutionError(self.host, self, e) from e
        except SocketTimeout as e:
            raise ConnectTimeoutError(
                self,
                f"Connection to {self.host} timed out. (connect timeout={self.timeout})",
            ) from e
    
        except OSError as e:
>           raise NewConnectionError(
                self, f"Failed to establish a new connection: {e}"
            ) from e
E           urllib3.exceptions.NewConnectionError: <urllib3.connection.HTTPConnection object at 0x000001E6DE562AD0>: Failed to establish a new connection: [WinError 10061] No connection could be made because the target machine actively refused it

..\..\..\..\AppData\Roaming\Python\Python313\site-packages\urllib3\connection.py:213: NewConnectionError

The above exception was the direct cause of the following exception:

self = <requests.adapters.HTTPAdapter object at 0x000001E6DEBEB6D0>
request = <PreparedRequest [OPTIONS]>, stream = False
timeout = Timeout(connect=10, read=10, total=None), verify = True, cert = None
proxies = OrderedDict()

    def send(
        self, request, stream=False, timeout=None, verify=True, cert=None, proxies=None
    ):
        """Sends PreparedRequest object. Returns Response object.
    
        :param request: The :class:`PreparedRequest <PreparedRequest>` being sent.
        :param stream: (optional) Whether to stream the request content.
        :param timeout: (optional) How long to wait for the server to send
            data before giving up, as a float, or a :ref:`(connect timeout,
            read timeout) <timeouts>` tuple.
        :type timeout: float or tuple or urllib3 Timeout object
        :param verify: (optional) Either a boolean, in which case it controls whether
            we verify the server's TLS certificate, or a string, in which case it
            must be a path to a CA bundle to use
        :param cert: (optional) Any user-provided SSL certificate to be trusted.
        :param proxies: (optional) The proxies dictionary to apply to the request.
        :rtype: requests.Response
        """
    
        try:
            conn = self.get_connection_with_tls_context(
                request, verify, proxies=proxies, cert=cert
            )
        except LocationValueError as e:
            raise InvalidURL(e, request=request)
    
        self.cert_verify(conn, request.url, verify, cert)
        url = self.request_url(request, proxies)
        self.add_headers(
            request,
            stream=stream,
            timeout=timeout,
            verify=verify,
            cert=cert,
            proxies=proxies,
        )
    
        chunked = not (request.body is None or "Content-Length" in request.headers)
    
        if isinstance(timeout, tuple):
            try:
                connect, read = timeout
                timeout = TimeoutSauce(connect=connect, read=read)
            except ValueError:
                raise ValueError(
                    f"Invalid timeout {timeout}. Pass a (connect, read) timeout tuple, "
                    f"or a single float to set both timeouts to the same value."
                )
        elif isinstance(timeout, TimeoutSauce):
            pass
        else:
            timeout = TimeoutSauce(connect=timeout, read=timeout)
    
        try:
>           resp = conn.urlopen(
                method=request.method,
                url=url,
                body=request.body,
                headers=request.headers,
                redirect=False,
                assert_same_host=False,
                preload_content=False,
                decode_content=False,
                retries=self.max_retries,
                timeout=timeout,
                chunked=chunked,
            )

..\..\..\..\AppData\Roaming\Python\Python313\site-packages\requests\adapters.py:667: 
_ _ _ _ _ _ _ _ _ _ _ _ _ _ _ _ _ _ _ _ _ _ _ _ _ _ _ _ _ _ _ _ _ _ _ _ _ _ _ _
..\..\..\..\AppData\Roaming\Python\Python313\site-packages\urllib3\connectionpool.py:841: in urlopen
    retries = retries.increment(
_ _ _ _ _ _ _ _ _ _ _ _ _ _ _ _ _ _ _ _ _ _ _ _ _ _ _ _ _ _ _ _ _ _ _ _ _ _ _ _

self = Retry(total=0, connect=None, read=False, redirect=None, status=None)
method = 'OPTIONS', url = '/api/health', response = None
error = NewConnectionError('<urllib3.connection.HTTPConnection object at 0x000001E6DE562AD0>: Failed to establish a new connection: [WinError 10061] No connection could be made because the target machine actively refused it')
_pool = <urllib3.connectionpool.HTTPConnectionPool object at 0x000001E6DE826970>
_stacktrace = <traceback object at 0x000001E6DECA2480>

    def increment(
        self,
        method: str | None = None,
        url: str | None = None,
        response: BaseHTTPResponse | None = None,
        error: Exception | None = None,
        _pool: ConnectionPool | None = None,
        _stacktrace: TracebackType | None = None,
    ) -> Self:
        """Return a new Retry object with incremented retry counters.
    
        :param response: A response object, or None, if the server did not
            return a response.
        :type response: :class:`~urllib3.response.BaseHTTPResponse`
        :param Exception error: An error encountered during the request, or
            None if the response was received successfully.
    
        :return: A new ``Retry`` object.
        """
        if self.total is False and error:
            # Disabled, indicate to re-raise the error.
            raise reraise(type(error), error, _stacktrace)
    
        total = self.total
        if total is not None:
            total -= 1
    
        connect = self.connect
        read = self.read
        redirect = self.redirect
        status_count = self.status
        other = self.other
        cause = "unknown"
        status = None
        redirect_location = None
    
        if error and self._is_connection_error(error):
            # Connect retry?
            if connect is False:
                raise reraise(type(error), error, _stacktrace)
            elif connect is not None:
                connect -= 1
    
        elif error and self._is_read_error(error):
            # Read retry?
            if read is False or method is None or not self._is_method_retryable(method):
                raise reraise(type(error), error, _stacktrace)
            elif read is not None:
                read -= 1
    
        elif error:
            # Other retry?
            if other is not None:
                other -= 1
    
        elif response and response.get_redirect_location():
            # Redirect retry?
            if redirect is not None:
                redirect -= 1
            cause = "too many redirects"
            response_redirect_location = response.get_redirect_location()
            if response_redirect_location:
                redirect_location = response_redirect_location
            status = response.status
    
        else:
            # Incrementing because of a server error like a 500 in
            # status_forcelist and the given method is in the allowed_methods
            cause = ResponseError.GENERIC_ERROR
            if response and response.status:
                if status_count is not None:
                    status_count -= 1
                cause = ResponseError.SPECIFIC_ERROR.format(status_code=response.status)
                status = response.status
    
        history = self.history + (
            RequestHistory(method, url, error, status, redirect_location),
        )
    
        new_retry = self.new(
            total=total,
            connect=connect,
            read=read,
            redirect=redirect,
            status=status_count,
            other=other,
            history=history,
        )
    
        if new_retry.is_exhausted():
            reason = error or ResponseError(cause)
>           raise MaxRetryError(_pool, url, reason) from reason  # type: ignore[arg-type]
            ^^^^^^^^^^^^^^^^^^^^^^^^^^^^^^^^^^^^^^^^^^^^^^^^^^^
E           urllib3.exceptions.MaxRetryError: HTTPConnectionPool(host='localhost', port=8000): Max retries exceeded with url: /api/health (Caused by NewConnectionError('<urllib3.connection.HTTPConnection object at 0x000001E6DE562AD0>: Failed to establish a new connection: [WinError 10061] No connection could be made because the target machine actively refused it'))

..\..\..\..\AppData\Roaming\Python\Python313\site-packages\urllib3\util\retry.py:519: MaxRetryError

During handling of the above exception, another exception occurred:

self = <test_deployment_health.TestSecurityHeaders object at 0x000001E6D9944A50>
base_url = 'http://localhost:8000'

    def test_cors_headers(self, base_url: str):
        """Test CORS headers configuration."""
>       response = requests.options(
            f"{base_url}/api/health",
            headers={"Origin": "https://example.com"},
            timeout=10
        )

tests\smoke\test_deployment_health.py:237: 
_ _ _ _ _ _ _ _ _ _ _ _ _ _ _ _ _ _ _ _ _ _ _ _ _ _ _ _ _ _ _ _ _ _ _ _ _ _ _ _
..\..\..\..\AppData\Roaming\Python\Python313\site-packages\requests\api.py:85: in options
    return request("options", url, **kwargs)
           ^^^^^^^^^^^^^^^^^^^^^^^^^^^^^^^^^
..\..\..\..\AppData\Roaming\Python\Python313\site-packages\requests\api.py:59: in request
    return session.request(method=method, url=url, **kwargs)
           ^^^^^^^^^^^^^^^^^^^^^^^^^^^^^^^^^^^^^^^^^^^^^^^^^
..\..\..\..\AppData\Roaming\Python\Python313\site-packages\requests\sessions.py:589: in request
    resp = self.send(prep, **send_kwargs)
           ^^^^^^^^^^^^^^^^^^^^^^^^^^^^^^
..\..\..\..\AppData\Roaming\Python\Python313\site-packages\requests\sessions.py:703: in send
    r = adapter.send(request, **kwargs)
        ^^^^^^^^^^^^^^^^^^^^^^^^^^^^^^^
_ _ _ _ _ _ _ _ _ _ _ _ _ _ _ _ _ _ _ _ _ _ _ _ _ _ _ _ _ _ _ _ _ _ _ _ _ _ _ _

self = <requests.adapters.HTTPAdapter object at 0x000001E6DEBEB6D0>
request = <PreparedRequest [OPTIONS]>, stream = False
timeout = Timeout(connect=10, read=10, total=None), verify = True, cert = None
proxies = OrderedDict()

    def send(
        self, request, stream=False, timeout=None, verify=True, cert=None, proxies=None
    ):
        """Sends PreparedRequest object. Returns Response object.
    
        :param request: The :class:`PreparedRequest <PreparedRequest>` being sent.
        :param stream: (optional) Whether to stream the request content.
        :param timeout: (optional) How long to wait for the server to send
            data before giving up, as a float, or a :ref:`(connect timeout,
            read timeout) <timeouts>` tuple.
        :type timeout: float or tuple or urllib3 Timeout object
        :param verify: (optional) Either a boolean, in which case it controls whether
            we verify the server's TLS certificate, or a string, in which case it
            must be a path to a CA bundle to use
        :param cert: (optional) Any user-provided SSL certificate to be trusted.
        :param proxies: (optional) The proxies dictionary to apply to the request.
        :rtype: requests.Response
        """
    
        try:
            conn = self.get_connection_with_tls_context(
                request, verify, proxies=proxies, cert=cert
            )
        except LocationValueError as e:
            raise InvalidURL(e, request=request)
    
        self.cert_verify(conn, request.url, verify, cert)
        url = self.request_url(request, proxies)
        self.add_headers(
            request,
            stream=stream,
            timeout=timeout,
            verify=verify,
            cert=cert,
            proxies=proxies,
        )
    
        chunked = not (request.body is None or "Content-Length" in request.headers)
    
        if isinstance(timeout, tuple):
            try:
                connect, read = timeout
                timeout = TimeoutSauce(connect=connect, read=read)
            except ValueError:
                raise ValueError(
                    f"Invalid timeout {timeout}. Pass a (connect, read) timeout tuple, "
                    f"or a single float to set both timeouts to the same value."
                )
        elif isinstance(timeout, TimeoutSauce):
            pass
        else:
            timeout = TimeoutSauce(connect=timeout, read=timeout)
    
        try:
            resp = conn.urlopen(
                method=request.method,
                url=url,
                body=request.body,
                headers=request.headers,
                redirect=False,
                assert_same_host=False,
                preload_content=False,
                decode_content=False,
                retries=self.max_retries,
                timeout=timeout,
                chunked=chunked,
            )
    
        except (ProtocolError, OSError) as err:
            raise ConnectionError(err, request=request)
    
        except MaxRetryError as e:
            if isinstance(e.reason, ConnectTimeoutError):
                # TODO: Remove this in 3.0.0: see #2811
                if not isinstance(e.reason, NewConnectionError):
                    raise ConnectTimeout(e, request=request)
    
            if isinstance(e.reason, ResponseError):
                raise RetryError(e, request=request)
    
            if isinstance(e.reason, _ProxyError):
                raise ProxyError(e, request=request)
    
            if isinstance(e.reason, _SSLError):
                # This branch is for urllib3 v1.22 and later.
                raise SSLError(e, request=request)
    
>           raise ConnectionError(e, request=request)
E           requests.exceptions.ConnectionError: HTTPConnectionPool(host='localhost', port=8000): Max retries exceeded with url: /api/health (Caused by NewConnectionError('<urllib3.connection.HTTPConnection object at 0x000001E6DE562AD0>: Failed to establish a new connection: [WinError 10061] No connection could be made because the target machine actively refused it'))

..\..\..\..\AppData\Roaming\Python\Python313\site-packages\requests\adapters.py:700: ConnectionError
_________________________ test_dynamic_hedging_system _________________________
async def functions are not natively supported.
You need to install a suitable plugin for your async framework, for example:
  - anyio
  - pytest-asyncio
  - pytest-tornasync
  - pytest-trio
  - pytest-twisted
___________________________ test_hedge_calculators ____________________________
async def functions are not natively supported.
You need to install a suitable plugin for your async framework, for example:
  - anyio
  - pytest-asyncio
  - pytest-tornasync
  - pytest-trio
  - pytest-twisted
____________________________ test_order_management ____________________________
async def functions are not natively supported.
You need to install a suitable plugin for your async framework, for example:
  - anyio
  - pytest-asyncio
  - pytest-tornasync
  - pytest-trio
  - pytest-twisted
____________________________ test_order_management ____________________________
async def functions are not natively supported.
You need to install a suitable plugin for your async framework, for example:
  - anyio
  - pytest-asyncio
  - pytest-tornasync
  - pytest-trio
  - pytest-twisted
_________________________ test_order_management_only __________________________
async def functions are not natively supported.
You need to install a suitable plugin for your async framework, for example:
  - anyio
  - pytest-asyncio
  - pytest-tornasync
  - pytest-trio
  - pytest-twisted
__________________________ test_basic_functionality ___________________________
async def functions are not natively supported.
You need to install a suitable plugin for your async framework, for example:
  - anyio
  - pytest-asyncio
  - pytest-tornasync
  - pytest-trio
  - pytest-twisted
____________________________ test_order_management ____________________________
async def functions are not natively supported.
You need to install a suitable plugin for your async framework, for example:
  - anyio
  - pytest-asyncio
  - pytest-tornasync
  - pytest-trio
  - pytest-twisted
__________________________ test_portfolio_optimizer ___________________________
async def functions are not natively supported.
You need to install a suitable plugin for your async framework, for example:
  - anyio
  - pytest-asyncio
  - pytest-tornasync
  - pytest-trio
  - pytest-twisted
________________________ test_stress_testing_framework ________________________
async def functions are not natively supported.
You need to install a suitable plugin for your async framework, for example:
  - anyio
  - pytest-asyncio
  - pytest-tornasync
  - pytest-trio
  - pytest-twisted
_________________________ test_convenience_functions __________________________
async def functions are not natively supported.
You need to install a suitable plugin for your async framework, for example:
  - anyio
  - pytest-asyncio
  - pytest-tornasync
  - pytest-trio
  - pytest-twisted
_______________________________ test_var_engine _______________________________
async def functions are not natively supported.
You need to install a suitable plugin for your async framework, for example:
  - anyio
  - pytest-asyncio
  - pytest-tornasync
  - pytest-trio
  - pytest-twisted
_____________ TestEndToEndTrading.test_complete_trading_workflow ______________

self = <Coroutine test_complete_trading_workflow>

    def runtest(self) -> None:
        synchronized_obj = wrap_in_sync(self.obj)
        with MonkeyPatch.context() as c:
            c.setattr(self, "obj", synchronized_obj)
>           super().runtest()

..\..\..\..\AppData\Roaming\Python\Python313\site-packages\pytest_asyncio\plugin.py:426: 
_ _ _ _ _ _ _ _ _ _ _ _ _ _ _ _ _ _ _ _ _ _ _ _ _ _ _ _ _ _ _ _ _ _ _ _ _ _ _ _
..\..\..\..\AppData\Roaming\Python\Python313\site-packages\pytest_asyncio\plugin.py:642: in inner
    _loop.run_until_complete(task)
C:\Program Files\Python313\Lib\asyncio\base_events.py:725: in run_until_complete
    return future.result()
           ^^^^^^^^^^^^^^^
C:\Program Files\Python313\Lib\unittest\mock.py:1440: in patched
    with self.decoration_helper(patched,
C:\Program Files\Python313\Lib\contextlib.py:141: in __enter__
    return next(self.gen)
           ^^^^^^^^^^^^^^
C:\Program Files\Python313\Lib\unittest\mock.py:1405: in decoration_helper
    arg = exit_stack.enter_context(patching)
          ^^^^^^^^^^^^^^^^^^^^^^^^^^^^^^^^^^
C:\Program Files\Python313\Lib\contextlib.py:530: in enter_context
    result = _enter(cm)
             ^^^^^^^^^^
C:\Program Files\Python313\Lib\unittest\mock.py:1481: in __enter__
    self.target = self.getter()
                  ^^^^^^^^^^^^^
_ _ _ _ _ _ _ _ _ _ _ _ _ _ _ _ _ _ _ _ _ _ _ _ _ _ _ _ _ _ _ _ _ _ _ _ _ _ _ _

name = 'nautilus_trader_engine.core.engine'

    def resolve_name(name):
        """
        Resolve a name to an object.
    
        It is expected that `name` will be a string in one of the following
        formats, where W is shorthand for a valid Python identifier and dot stands
        for a literal period in these pseudo-regexes:
    
        W(.W)*
        W(.W)*:(W(.W)*)?
    
        The first form is intended for backward compatibility only. It assumes that
        some part of the dotted name is a package, and the rest is an object
        somewhere within that package, possibly nested inside other objects.
        Because the place where the package stops and the object hierarchy starts
        can't be inferred by inspection, repeated attempts to import must be done
        with this form.
    
        In the second form, the caller makes the division point clear through the
        provision of a single colon: the dotted name to the left of the colon is a
        package to be imported, and the dotted name to the right is the object
        hierarchy within that package. Only one import is needed in this form. If
        it ends with the colon, then a module object is returned.
    
        The function will return an object (which might be a module), or raise one
        of the following exceptions:
    
        ValueError - if `name` isn't in a recognised format
        ImportError - if an import failed when it shouldn't have
        AttributeError - if a failure occurred when traversing the object hierarchy
                         within the imported package to get to the desired object.
        """
        global _NAME_PATTERN
        if _NAME_PATTERN is None:
            # Lazy import to speedup Python startup time
            import re
            dotted_words = r'(?!\d)(\w+)(\.(?!\d)(\w+))*'
            _NAME_PATTERN = re.compile(f'^(?P<pkg>{dotted_words})'
                                       f'(?P<cln>:(?P<obj>{dotted_words})?)?$',
                                       re.UNICODE)
    
        m = _NAME_PATTERN.match(name)
        if not m:
            raise ValueError(f'invalid format: {name!r}')
        gd = m.groupdict()
        if gd.get('cln'):
            # there is a colon - a one-step import is all that's needed
            mod = importlib.import_module(gd['pkg'])
            parts = gd.get('obj')
            parts = parts.split('.') if parts else []
        else:
            # no colon - have to iterate to find the package boundary
            parts = name.split('.')
            modname = parts.pop(0)
            # first part *must* be a module/package.
            mod = importlib.import_module(modname)
            while parts:
                p = parts[0]
                s = f'{modname}.{p}'
                try:
                    mod = importlib.import_module(s)
                    parts.pop(0)
                    modname = s
                except ImportError:
                    break
        # if we reach this point, mod is the module, already imported, and
        # parts is the list of parts in the object hierarchy to be traversed, or
        # an empty list if just the module is wanted.
        result = mod
        for p in parts:
>           result = getattr(result, p)
                     ^^^^^^^^^^^^^^^^^^
E           AttributeError: module 'nautilus_trader_engine.core' has no attribute 'engine'

C:\Program Files\Python313\Lib\pkgutil.py:528: AttributeError
_____________ TestEndToEndTrading.test_risk_management_validation _____________

self = <test_end_to_end_trading.TestEndToEndTrading object at 0x000001E6D991E3F0>

    @pytest.mark.asyncio
    async def test_risk_management_validation(self):
        """Test risk management validation before order execution."""
        # Mock portfolio state
        mock_portfolio = {
            'portfolio_id': self.portfolio_id,
            'total_value': 100000.0,
            'available_cash': 50000.0,
            'positions': [
                {
                    'symbol': 'GBPUSD',
                    'quantity': 50000,
                    'side': 'LONG',
                    'unrealized_pnl': 250.0
                }
            ],
            'risk_metrics': {
                'var_95': 2000.0,
                'portfolio_beta': 1.15,
                'concentration_risk': 0.25
            }
        }
    
        # Mock proposed order
        mock_proposed_order = {
            'symbol': self.test_symbol,
            'side': 'BUY',
            'quantity': 100000,
            'estimated_value': 108510.0
        }
    
        # Mock risk validation
>       with patch('nautilus_trader_engine.risk.RiskManager') as mock_risk_mgr:
             ^^^^^^^^^^^^^^^^^^^^^^^^^^^^^^^^^^^^^^^^^^^^^^^^

tests\system\test_end_to_end_trading.py:168: 
_ _ _ _ _ _ _ _ _ _ _ _ _ _ _ _ _ _ _ _ _ _ _ _ _ _ _ _ _ _ _ _ _ _ _ _ _ _ _ _
C:\Program Files\Python313\Lib\unittest\mock.py:1497: in __enter__
    original, local = self.get_original()
                      ^^^^^^^^^^^^^^^^^^^
_ _ _ _ _ _ _ _ _ _ _ _ _ _ _ _ _ _ _ _ _ _ _ _ _ _ _ _ _ _ _ _ _ _ _ _ _ _ _ _

self = <unittest.mock._patch object at 0x000001E6DE578830>

    def get_original(self):
        target = self.getter()
        name = self.attribute
    
        original = DEFAULT
        local = False
    
        try:
            original = target.__dict__[name]
        except (AttributeError, KeyError):
            original = getattr(target, name, DEFAULT)
        else:
            local = True
    
        if name in _builtins and isinstance(target, ModuleType):
            self.create = True
    
        if not self.create and original is DEFAULT:
>           raise AttributeError(
                "%s does not have the attribute %r" % (target, name)
            )
E           AttributeError: <module 'nautilus_trader_engine.risk' from 'C:\\Users\\Vincent_Pereira\\Projects\\Algo_Trading_Projects\\Trae\\Algorithmic Trading System\\nautilus_trader_engine\\risk\\__init__.py'> does not have the attribute 'RiskManager'

C:\Program Files\Python313\Lib\unittest\mock.py:1467: AttributeError
_____________ TestEndToEndTrading.test_order_execution_and_fills ______________

self = <test_end_to_end_trading.TestEndToEndTrading object at 0x000001E6D991DF30>

    @pytest.mark.asyncio
    async def test_order_execution_and_fills(self):
        """Test order execution and fill processing."""
        # Mock order submission
        mock_order = {
            'order_id': 'ORD_001',
            'symbol': self.test_symbol,
            'side': 'BUY',
            'quantity': 100000,
            'order_type': 'MARKET',
            'status': 'SUBMITTED'
        }
    
        # Mock partial fills
        mock_fills = [
            {
                'fill_id': 'FILL_001',
                'order_id': 'ORD_001',
                'quantity': 60000,
                'price': 1.0851,
                'timestamp': datetime.now().isoformat()
            },
            {
                'fill_id': 'FILL_002',
                'order_id': 'ORD_001',
                'quantity': 40000,
                'price': 1.0852,
                'timestamp': (datetime.now() + timedelta(seconds=5)).isoformat()
            }
        ]
    
        # Mock broker adapter
>       with patch('nautilus_trader_engine.adapters.IBKRAdapter') as mock_adapter:
             ^^^^^^^^^^^^^^^^^^^^^^^^^^^^^^^^^^^^^^^^^^^^^^^^^^^^

tests\system\test_end_to_end_trading.py:221: 
_ _ _ _ _ _ _ _ _ _ _ _ _ _ _ _ _ _ _ _ _ _ _ _ _ _ _ _ _ _ _ _ _ _ _ _ _ _ _ _
C:\Program Files\Python313\Lib\unittest\mock.py:1497: in __enter__
    original, local = self.get_original()
                      ^^^^^^^^^^^^^^^^^^^
_ _ _ _ _ _ _ _ _ _ _ _ _ _ _ _ _ _ _ _ _ _ _ _ _ _ _ _ _ _ _ _ _ _ _ _ _ _ _ _

self = <unittest.mock._patch object at 0x000001E6DE5789F0>

    def get_original(self):
        target = self.getter()
        name = self.attribute
    
        original = DEFAULT
        local = False
    
        try:
            original = target.__dict__[name]
        except (AttributeError, KeyError):
            original = getattr(target, name, DEFAULT)
        else:
            local = True
    
        if name in _builtins and isinstance(target, ModuleType):
            self.create = True
    
        if not self.create and original is DEFAULT:
>           raise AttributeError(
                "%s does not have the attribute %r" % (target, name)
            )
E           AttributeError: <module 'nautilus_trader_engine.adapters' (namespace) from ['C:\\Users\\Vincent_Pereira\\Projects\\Algo_Trading_Projects\\Trae\\Algorithmic Trading System\\nautilus_trader_engine\\adapters']> does not have the attribute 'IBKRAdapter'

C:\Program Files\Python313\Lib\unittest\mock.py:1467: AttributeError
__________ TestEndToEndTrading.test_portfolio_update_after_execution __________

self = <test_end_to_end_trading.TestEndToEndTrading object at 0x000001E6D99BC710>

    @pytest.mark.asyncio
    async def test_portfolio_update_after_execution(self):
        """Test portfolio update after successful order execution."""
        # Mock execution result
        mock_execution = {
            'order_id': 'ORD_001',
            'symbol': self.test_symbol,
            'side': 'BUY',
            'quantity': 100000,
            'price': 1.0851,
            'commission': 5.0,
            'timestamp': datetime.now().isoformat()
        }
    
        # Mock portfolio before execution
        mock_portfolio_before = {
            'total_value': 100000.0,
            'available_cash': 50000.0,
            'positions': []
        }
    
        # Mock portfolio after execution
        mock_portfolio_after = {
            'total_value': 100000.0,
            'available_cash': 41485.0,  # 50000 - (100000 * 1.0851) + 5
            'positions': [
                {
                    'symbol': self.test_symbol,
                    'quantity': 100000,
                    'side': 'LONG',
                    'entry_price': 1.0851,
                    'current_price': 1.0851,
                    'unrealized_pnl': 0.0
                }
            ]
        }
    
        # Mock portfolio manager
>       with patch('nautilus_trader_engine.portfolio.PortfolioManager') as mock_portfolio_mgr:
             ^^^^^^^^^^^^^^^^^^^^^^^^^^^^^^^^^^^^^^^^^^^^^^^^^^^^^^^^^^

tests\system\test_end_to_end_trading.py:277: 
_ _ _ _ _ _ _ _ _ _ _ _ _ _ _ _ _ _ _ _ _ _ _ _ _ _ _ _ _ _ _ _ _ _ _ _ _ _ _ _
C:\Program Files\Python313\Lib\unittest\mock.py:1497: in __enter__
    original, local = self.get_original()
                      ^^^^^^^^^^^^^^^^^^^
_ _ _ _ _ _ _ _ _ _ _ _ _ _ _ _ _ _ _ _ _ _ _ _ _ _ _ _ _ _ _ _ _ _ _ _ _ _ _ _

self = <unittest.mock._patch object at 0x000001E6DE19AA50>

    def get_original(self):
        target = self.getter()
        name = self.attribute
    
        original = DEFAULT
        local = False
    
        try:
            original = target.__dict__[name]
        except (AttributeError, KeyError):
            original = getattr(target, name, DEFAULT)
        else:
            local = True
    
        if name in _builtins and isinstance(target, ModuleType):
            self.create = True
    
        if not self.create and original is DEFAULT:
>           raise AttributeError(
                "%s does not have the attribute %r" % (target, name)
            )
E           AttributeError: <module 'nautilus_trader_engine.portfolio' from 'C:\\Users\\Vincent_Pereira\\Projects\\Algo_Trading_Projects\\Trae\\Algorithmic Trading System\\nautilus_trader_engine\\portfolio\\__init__.py'> does not have the attribute 'PortfolioManager'

C:\Program Files\Python313\Lib\unittest\mock.py:1467: AttributeError
__________ TestEndToEndTrading.test_stop_loss_trigger_and_execution ___________

self = <test_end_to_end_trading.TestEndToEndTrading object at 0x000001E6D98DA030>

    @pytest.mark.asyncio
    async def test_stop_loss_trigger_and_execution(self):
        """Test stop loss trigger and execution workflow."""
        # Mock existing position
        mock_position = {
            'symbol': self.test_symbol,
            'quantity': 100000,
            'side': 'LONG',
            'entry_price': 1.0851,
            'stop_loss': 1.0800,
            'take_profit': 1.0900
        }
    
        # Mock market data triggering stop loss
        mock_market_data = {
            'symbol': self.test_symbol,
            'bid': 1.0799,
            'ask': 1.0801,
            'last': 1.0800,
            'timestamp': datetime.now().isoformat()
        }
    
        # Mock stop loss order
        mock_stop_order = {
            'order_id': 'SL_001',
            'symbol': self.test_symbol,
            'side': 'SELL',
            'quantity': 100000,
            'order_type': 'MARKET',
            'trigger_price': 1.0800,
            'status': 'TRIGGERED'
        }
    
        # Mock stop loss execution
>       with patch('nautilus_trader_engine.risk.StopLossManager') as mock_sl_mgr:
             ^^^^^^^^^^^^^^^^^^^^^^^^^^^^^^^^^^^^^^^^^^^^^^^^^^^^

tests\system\test_end_to_end_trading.py:330: 
_ _ _ _ _ _ _ _ _ _ _ _ _ _ _ _ _ _ _ _ _ _ _ _ _ _ _ _ _ _ _ _ _ _ _ _ _ _ _ _
C:\Program Files\Python313\Lib\unittest\mock.py:1497: in __enter__
    original, local = self.get_original()
                      ^^^^^^^^^^^^^^^^^^^
_ _ _ _ _ _ _ _ _ _ _ _ _ _ _ _ _ _ _ _ _ _ _ _ _ _ _ _ _ _ _ _ _ _ _ _ _ _ _ _

self = <unittest.mock._patch object at 0x000001E6DE579710>

    def get_original(self):
        target = self.getter()
        name = self.attribute
    
        original = DEFAULT
        local = False
    
        try:
            original = target.__dict__[name]
        except (AttributeError, KeyError):
            original = getattr(target, name, DEFAULT)
        else:
            local = True
    
        if name in _builtins and isinstance(target, ModuleType):
            self.create = True
    
        if not self.create and original is DEFAULT:
>           raise AttributeError(
                "%s does not have the attribute %r" % (target, name)
            )
E           AttributeError: <module 'nautilus_trader_engine.risk' from 'C:\\Users\\Vincent_Pereira\\Projects\\Algo_Trading_Projects\\Trae\\Algorithmic Trading System\\nautilus_trader_engine\\risk\\__init__.py'> does not have the attribute 'StopLossManager'

C:\Program Files\Python313\Lib\unittest\mock.py:1467: AttributeError
_______________ TestLatencySystem.test_order_placement_latency ________________

self = <test_latency.TestLatencySystem object at 0x000001E6D9946AD0>

    @pytest.mark.asyncio
    async def test_order_placement_latency(self):
        """Test order placement latency"""
        num_orders = 100
    
        for i in range(num_orders):
>           measurement_id = self.profiler.start_measurement(
                             ^^^^^^^^^^^^^
                LatencyType.ORDER_PLACEMENT,
                "place_market_order",
                "order_system"
            )
E           AttributeError: 'TestLatencySystem' object has no attribute 'profiler'

tests\system\test_latency.py:444: AttributeError
_______________ TestLatencySystem.test_market_data_feed_latency _______________

self = <test_latency.TestLatencySystem object at 0x000001E6D9947250>

    @pytest.mark.asyncio
    async def test_market_data_feed_latency(self):
        """Test market data feed latency"""
        received_data = []
        latency_measurements = []
    
        async def data_callback(market_data):
            receive_time = time.time_ns()
            send_time = market_data['timestamp']
            latency_ns = receive_time - send_time
            latency_us = latency_ns / 1000
    
            latency_measurements.append(latency_us)
            received_data.append(market_data)
    
        # Subscribe to feed
>       await self.market_feed.subscribe(data_callback)
              ^^^^^^^^^^^^^^^^
E       AttributeError: 'TestLatencySystem' object has no attribute 'market_feed'

tests\system\test_latency.py:483: AttributeError
_______________ TestLatencySystem.test_risk_calculation_latency _______________

self = <test_latency.TestLatencySystem object at 0x000001E6D991EFD0>

    @pytest.mark.asyncio
    async def test_risk_calculation_latency(self):
        """Test risk calculation latency"""
        num_calculations = 50
    
        for i in range(num_calculations):
            # Modify portfolio slightly for each calculation
>           test_portfolio = self.test_portfolio.copy()
                             ^^^^^^^^^^^^^^^^^^^
E           AttributeError: 'TestLatencySystem' object has no attribute 'test_portfolio'

tests\system\test_latency.py:515: AttributeError
________________ TestLatencySystem.test_database_query_latency ________________

self = <test_latency.TestLatencySystem object at 0x000001E6D991ED70>

    @pytest.mark.asyncio
    async def test_database_query_latency(self):
        """Test database query latency"""
        queries = [
            "SELECT * FROM orders WHERE symbol = 'AAPL'",
            "SELECT * FROM positions JOIN portfolios ON positions.portfolio_id = portfolios.id",
            "SELECT symbol, SUM(quantity) FROM trades GROUP BY symbol ORDER BY SUM(quantity) DESC",
            "INSERT INTO orders (symbol, quantity, price) VALUES ('MSFT', 100, 300.0)",
            "UPDATE positions SET quantity = 150 WHERE symbol = 'GOOGL'"
        ]
    
        for query in queries:
>           result, measurement = await self.profiler.measure_async(
                                        ^^^^^^^^^^^^^
                LatencyType.DATABASE_QUERY,
                f"execute_query",
                "database",
                self.database.query(query)
            )
E           AttributeError: 'TestLatencySystem' object has no attribute 'profiler'

tests\system\test_latency.py:550: AttributeError
____________ TestLatencySystem.test_concurrent_operations_latency _____________

self = <test_latency.TestLatencySystem object at 0x000001E6D99BEC30>

    @pytest.mark.asyncio
    async def test_concurrent_operations_latency(self):
        """Test latency under concurrent load"""
        num_concurrent = 20
        operations_per_task = 10
    
        async def order_task():
            for i in range(operations_per_task):
                measurement_id = self.profiler.start_measurement(
                    LatencyType.ORDER_EXECUTION,
                    "concurrent_order",
                    "order_system"
                )
    
                try:
                    await self.order_system.place_order(f"STOCK_{i}", 100, 100.0)
                    self.profiler.end_measurement(measurement_id, success=True)
                except Exception as e:
                    self.profiler.end_measurement(measurement_id, success=False, error_message=str(e))
    
        async def risk_task():
            for i in range(operations_per_task):
                measurement_id = self.profiler.start_measurement(
                    LatencyType.RISK_CALCULATION,
                    "concurrent_risk",
                    "risk_engine"
                )
    
                try:
                    await self.risk_engine.calculate_risk(self.test_portfolio)
                    self.profiler.end_measurement(measurement_id, success=True)
                except Exception as e:
                    self.profiler.end_measurement(measurement_id, success=False, error_message=str(e))
    
        # Create concurrent tasks
        tasks = []
        for i in range(num_concurrent // 2):
            tasks.append(asyncio.create_task(order_task()))
            tasks.append(asyncio.create_task(risk_task()))
    
        # Execute all tasks concurrently
        start_time = time.time()
>       await asyncio.gather(*tasks)

tests\system\test_latency.py:611: 
_ _ _ _ _ _ _ _ _ _ _ _ _ _ _ _ _ _ _ _ _ _ _ _ _ _ _ _ _ _ _ _ _ _ _ _ _ _ _ _

    async def order_task():
        for i in range(operations_per_task):
>           measurement_id = self.profiler.start_measurement(
                             ^^^^^^^^^^^^^
                LatencyType.ORDER_EXECUTION,
                "concurrent_order",
                "order_system"
            )
E           AttributeError: 'TestLatencySystem' object has no attribute 'profiler'

tests\system\test_latency.py:577: AttributeError
________________ TestLatencySystem.test_memory_access_latency _________________

self = <test_latency.TestLatencySystem object at 0x000001E6D98DA580>

    @pytest.mark.asyncio
    async def test_memory_access_latency(self):
        """Test memory access latency patterns"""
        # Create large data structures to test memory access patterns
        large_dict = {f"key_{i}": f"value_{i}" * 100 for i in range(10000)}
        large_list = [random.random() for _ in range(100000)]
    
        # Test dictionary access
        for i in range(1000):
            key = f"key_{random.randint(0, 9999)}"
    
>           measurement_id = self.profiler.start_measurement(
                             ^^^^^^^^^^^^^
                LatencyType.MEMORY_ACCESS,
                "dict_lookup",
                "memory"
            )
E           AttributeError: 'TestLatencySystem' object has no attribute 'profiler'

tests\system\test_latency.py:644: AttributeError
_________ TestLatencySystem.test_latency_percentiles_and_distribution _________

self = <test_latency.TestLatencySystem object at 0x000001E6D98DB020>

    @pytest.mark.asyncio
    async def test_latency_percentiles_and_distribution(self):
        """Test latency distribution and percentile calculations"""
        # Generate measurements with known distribution
        base_latency = 1000  # 1ms base
        num_measurements = 1000
    
        for i in range(num_measurements):
            # Create bimodal distribution (fast and slow operations)
            if i < num_measurements * 0.9:  # 90% fast operations
                latency = base_latency + random.uniform(-100, 100)
            else:  # 10% slow operations
                latency = base_latency * 5 + random.uniform(-500, 500)
    
>           measurement_id = self.profiler.start_measurement(
                             ^^^^^^^^^^^^^
                LatencyType.API_RESPONSE,
                "test_operation",
                "test_component"
            )
E           AttributeError: 'TestLatencySystem' object has no attribute 'profiler'

tests\system\test_latency.py:689: AttributeError
_____________ TestLatencySystem.test_latency_regression_detection _____________

self = <test_latency.TestLatencySystem object at 0x000001E6D998D150>

    @pytest.mark.asyncio
    async def test_latency_regression_detection(self):
        """Test detection of latency regressions"""
        # Baseline measurements
        baseline_latency = 500  # 500\u03bcs baseline
    
        for i in range(100):
>           measurement_id = self.profiler.start_measurement(
                             ^^^^^^^^^^^^^
                LatencyType.ORDER_PLACEMENT,
                "baseline_order",
                "order_system"
            )
E           AttributeError: 'TestLatencySystem' object has no attribute 'profiler'

tests\system\test_latency.py:735: AttributeError
__________ TestLatencySystem.test_system_resource_impact_on_latency ___________

self = <test_latency.TestLatencySystem object at 0x000001E6D998DA50>

    @pytest.mark.asyncio
    async def test_system_resource_impact_on_latency(self):
        """Test how system resource usage affects latency"""
        # Measure baseline latency
        baseline_measurements = []
    
        for i in range(50):
>           measurement_id = self.profiler.start_measurement(
                             ^^^^^^^^^^^^^
                LatencyType.ORDER_PLACEMENT,
                "baseline_resource_test",
                "order_system"
            )
E           AttributeError: 'TestLatencySystem' object has no attribute 'profiler'

tests\system\test_latency.py:784: AttributeError
___________ TestLatencySystem.test_latency_monitoring_and_alerting ____________

self = <test_latency.TestLatencySystem object at 0x000001E6D99A4230>

    @pytest.mark.asyncio
    async def test_latency_monitoring_and_alerting(self):
        """Test latency monitoring and alerting thresholds"""
        # Define SLA thresholds
        sla_thresholds = {
            LatencyType.ORDER_PLACEMENT: LatencyTarget.LOW.value,  # 1ms
            LatencyType.RISK_CALCULATION: LatencyTarget.LOW.value,  # 1ms
            LatencyType.DATABASE_QUERY: LatencyTarget.HIGH.value,  # 100ms
        }
    
        violations = []
    
        # Test order placement
        for i in range(20):
>           measurement_id = self.profiler.start_measurement(
                             ^^^^^^^^^^^^^
                LatencyType.ORDER_PLACEMENT,
                "sla_test_order",
                "order_system"
            )
E           AttributeError: 'TestLatencySystem' object has no attribute 'profiler'

tests\system\test_latency.py:851: AttributeError
_____________ TestLatencySystem.test_end_to_end_latency_workflow ______________

self = <test_latency.TestLatencySystem object at 0x000001E6D99A4320>

    @pytest.mark.asyncio
    async def test_end_to_end_latency_workflow(self):
        """Test complete end-to-end latency measurement workflow"""
        # Simulate complete trading workflow with latency measurement
        workflow_steps = [
            ("market_data_receive", LatencyType.MARKET_DATA_FEED),
            ("risk_validation", LatencyType.RISK_CALCULATION),
            ("order_placement", LatencyType.ORDER_PLACEMENT),
            ("portfolio_update", LatencyType.PORTFOLIO_UPDATE),
            ("database_persist", LatencyType.DATABASE_QUERY)
        ]
    
        num_workflows = 10
        workflow_latencies = []
    
        for workflow_id in range(num_workflows):
            workflow_start = time.perf_counter()
            step_measurements = []
    
            for step_name, latency_type in workflow_steps:
>               measurement_id = self.profiler.start_measurement(
                                 ^^^^^^^^^^^^^
                    latency_type,
                    step_name,
                    "workflow",
                    metadata={'workflow_id': workflow_id}
                )
E               AttributeError: 'TestLatencySystem' object has no attribute 'profiler'

tests\system\test_latency.py:932: AttributeError
________ TestMultiAssetTradingSystem.test_asset_manager_initialization ________

self = <test_multi_asset_trading.TestMultiAssetTradingSystem object at 0x000001E6D9947ED0>

    @pytest.mark.asyncio
    async def test_asset_manager_initialization(self):
        """Test asset manager initialization with multiple asset classes"""
        # Verify assets are loaded
>       assert len(self.asset_manager.assets) > 0
                   ^^^^^^^^^^^^^^^^^^
E       AttributeError: 'TestMultiAssetTradingSystem' object has no attribute 'asset_manager'

tests\system\test_multi_asset_trading.py:752: AttributeError
_______________ TestMultiAssetTradingSystem.test_equity_trading _______________

self = <test_multi_asset_trading.TestMultiAssetTradingSystem object at 0x000001E6D9A08050>

    @pytest.mark.asyncio
    async def test_equity_trading(self):
        """Test equity trading functionality"""
        # Get equity assets
>       equity_assets = self.asset_manager.get_assets_by_class(AssetClass.EQUITY)
                        ^^^^^^^^^^^^^^^^^^
E       AttributeError: 'TestMultiAssetTradingSystem' object has no attribute 'asset_manager'

tests\system\test_multi_asset_trading.py:772: AttributeError
_______________ TestMultiAssetTradingSystem.test_forex_trading ________________

self = <test_multi_asset_trading.TestMultiAssetTradingSystem object at 0x000001E6D991F6F0>

    @pytest.mark.asyncio
    async def test_forex_trading(self):
        """Test forex trading functionality"""
        # Get forex assets
>       forex_assets = self.asset_manager.get_assets_by_class(AssetClass.FOREX)
                       ^^^^^^^^^^^^^^^^^^
E       AttributeError: 'TestMultiAssetTradingSystem' object has no attribute 'asset_manager'

tests\system\test_multi_asset_trading.py:803: AttributeError
___________ TestMultiAssetTradingSystem.test_cryptocurrency_trading ___________

self = <test_multi_asset_trading.TestMultiAssetTradingSystem object at 0x000001E6D991F820>

    @pytest.mark.asyncio
    async def test_cryptocurrency_trading(self):
        """Test cryptocurrency trading functionality"""
        # Get crypto assets
>       crypto_assets = self.asset_manager.get_assets_by_class(AssetClass.CRYPTOCURRENCY)
                        ^^^^^^^^^^^^^^^^^^
E       AttributeError: 'TestMultiAssetTradingSystem' object has no attribute 'asset_manager'

tests\system\test_multi_asset_trading.py:832: AttributeError
_____________ TestMultiAssetTradingSystem.test_commodity_trading ______________

self = <test_multi_asset_trading.TestMultiAssetTradingSystem object at 0x000001E6D99BE450>

    @pytest.mark.asyncio
    async def test_commodity_trading(self):
        """Test commodity trading functionality"""
        # Get commodity assets
>       commodity_assets = self.asset_manager.get_assets_by_class(AssetClass.COMMODITY)
                           ^^^^^^^^^^^^^^^^^^
E       AttributeError: 'TestMultiAssetTradingSystem' object has no attribute 'asset_manager'

tests\system\test_multi_asset_trading.py:860: AttributeError
___________ TestMultiAssetTradingSystem.test_multi_asset_portfolio ____________

self = <test_multi_asset_trading.TestMultiAssetTradingSystem object at 0x000001E6D98DB350>

    @pytest.mark.asyncio
    async def test_multi_asset_portfolio(self):
        """Test portfolio with multiple asset classes"""
        # Place orders across different asset classes
        orders = [
            Order("", "AAPL", AssetClass.EQUITY, OrderType.MARKET, "buy", Decimal('50')),
            Order("", "EURUSD", AssetClass.FOREX, OrderType.MARKET, "buy", Decimal('5000')),
            Order("", "BTCUSD", AssetClass.CRYPTOCURRENCY, OrderType.MARKET, "buy", Decimal('0.05')),
            Order("", "XAUUSD", AssetClass.COMMODITY, OrderType.MARKET, "buy", Decimal('2')),
            Order("", "SPY", AssetClass.ETF, OrderType.MARKET, "buy", Decimal('25'))
        ]
    
        # Execute all orders
        for order in orders:
>           result = await self.order_manager.place_order(order)
                           ^^^^^^^^^^^^^^^^^^
E           AttributeError: 'TestMultiAssetTradingSystem' object has no attribute 'order_manager'

tests\system\test_multi_asset_trading.py:898: AttributeError
________ TestMultiAssetTradingSystem.test_cross_asset_risk_management _________

self = <test_multi_asset_trading.TestMultiAssetTradingSystem object at 0x000001E6D98DBDF0>

    @pytest.mark.asyncio
    async def test_cross_asset_risk_management(self):
        """Test risk management across multiple asset classes"""
        # Place large order that should trigger risk limits
        large_order = Order(
            order_id="",
            symbol="AAPL",
            asset_class=AssetClass.EQUITY,
            order_type=OrderType.MARKET,
            side="buy",
            quantity=Decimal('10000')  # Large position
        )
    
        # Validate order against risk limits
>       validation_result = await self.risk_manager.validate_order(self.test_portfolio.portfolio_id, large_order)
                                  ^^^^^^^^^^^^^^^^^
E       AttributeError: 'TestMultiAssetTradingSystem' object has no attribute 'risk_manager'

tests\system\test_multi_asset_trading.py:929: AttributeError
______ TestMultiAssetTradingSystem.test_execution_latency_by_asset_class ______

self = <test_multi_asset_trading.TestMultiAssetTradingSystem object at 0x000001E6D998DC50>

    @pytest.mark.asyncio
    async def test_execution_latency_by_asset_class(self):
        """Test execution latency varies by asset class"""
        # Place orders for different asset classes
        test_orders = [
            ("AAPL", AssetClass.EQUITY),
            ("EURUSD", AssetClass.FOREX),
            ("BTCUSD", AssetClass.CRYPTOCURRENCY),
            ("XAUUSD", AssetClass.COMMODITY)
        ]
    
        for symbol, asset_class in test_orders:
            order = Order(
                order_id="",
                symbol=symbol,
                asset_class=asset_class,
                order_type=OrderType.MARKET,
                side="buy",
                quantity=Decimal('1')
            )
    
>           await self.order_manager.place_order(order)
                  ^^^^^^^^^^^^^^^^^^
E           AttributeError: 'TestMultiAssetTradingSystem' object has no attribute 'order_manager'

tests\system\test_multi_asset_trading.py:970: AttributeError
_______ TestMultiAssetTradingSystem.test_concurrent_multi_asset_trading _______

self = <test_multi_asset_trading.TestMultiAssetTradingSystem object at 0x000001E6D998DD50>

    @pytest.mark.asyncio
    async def test_concurrent_multi_asset_trading(self):
        """Test concurrent trading across multiple asset classes"""
        # Create orders for different asset classes
        concurrent_orders = [
            Order("", "AAPL", AssetClass.EQUITY, OrderType.MARKET, "buy", Decimal('10')),
            Order("", "GOOGL", AssetClass.EQUITY, OrderType.MARKET, "buy", Decimal('5')),
            Order("", "EURUSD", AssetClass.FOREX, OrderType.MARKET, "buy", Decimal('1000')),
            Order("", "GBPUSD", AssetClass.FOREX, OrderType.MARKET, "buy", Decimal('1000')),
            Order("", "BTCUSD", AssetClass.CRYPTOCURRENCY, OrderType.MARKET, "buy", Decimal('0.01')),
            Order("", "ETHUSD", AssetClass.CRYPTOCURRENCY, OrderType.MARKET, "buy", Decimal('0.1')),
        ]
    
        # Execute orders concurrently
>       tasks = [self.order_manager.place_order(order) for order in concurrent_orders]
                 ^^^^^^^^^^^^^^^^^^
E       AttributeError: 'TestMultiAssetTradingSystem' object has no attribute 'order_manager'

tests\system\test_multi_asset_trading.py:1002: AttributeError
_____ TestMultiAssetTradingSystem.test_market_data_updates_across_assets ______

self = <test_multi_asset_trading.TestMultiAssetTradingSystem object at 0x000001E6D99A47D0>

    @pytest.mark.asyncio
    async def test_market_data_updates_across_assets(self):
        """Test market data updates across different asset classes"""
        # Get initial market data
        test_symbols = ["AAPL", "EURUSD", "BTCUSD", "XAUUSD"]
        initial_prices = {}
    
        for symbol in test_symbols:
>           market_data = self.asset_manager.get_market_data(symbol)
                          ^^^^^^^^^^^^^^^^^^
E           AttributeError: 'TestMultiAssetTradingSystem' object has no attribute 'asset_manager'

tests\system\test_multi_asset_trading.py:1028: AttributeError
_________ TestMultiAssetTradingSystem.test_portfolio_risk_monitoring __________

self = <test_multi_asset_trading.TestMultiAssetTradingSystem object at 0x000001E6D99A49B0>

    @pytest.mark.asyncio
    async def test_portfolio_risk_monitoring(self):
        """Test portfolio risk monitoring across asset classes"""
        # Build diversified portfolio
        orders = [
            Order("", "AAPL", AssetClass.EQUITY, OrderType.MARKET, "buy", Decimal('100')),
            Order("", "EURUSD", AssetClass.FOREX, OrderType.MARKET, "buy", Decimal('10000')),
            Order("", "BTCUSD", AssetClass.CRYPTOCURRENCY, OrderType.MARKET, "buy", Decimal('0.1')),
            Order("", "XAUUSD", AssetClass.COMMODITY, OrderType.MARKET, "buy", Decimal('5')),
        ]
    
        # Execute orders and update positions
        for order in orders:
>           await self.order_manager.place_order(order)
                  ^^^^^^^^^^^^^^^^^^
E           AttributeError: 'TestMultiAssetTradingSystem' object has no attribute 'order_manager'

tests\system\test_multi_asset_trading.py:1056: AttributeError
______ TestMultiAssetTradingSystem.test_order_validation_by_asset_class _______

self = <test_multi_asset_trading.TestMultiAssetTradingSystem object at 0x000001E6D99E0750>

    @pytest.mark.asyncio
    async def test_order_validation_by_asset_class(self):
        """Test order validation rules specific to asset classes"""
        # Test equity order validation
>       equity_asset = self.asset_manager.get_asset("AAPL")
                       ^^^^^^^^^^^^^^^^^^
E       AttributeError: 'TestMultiAssetTradingSystem' object has no attribute 'asset_manager'

tests\system\test_multi_asset_trading.py:1078: AttributeError
______ TestMultiAssetTradingSystem.test_performance_across_asset_classes ______

self = <test_multi_asset_trading.TestMultiAssetTradingSystem object at 0x000001E6D99E0210>

    @pytest.mark.asyncio
    async def test_performance_across_asset_classes(self):
        """Test system performance across different asset classes"""
        # Measure execution time for each asset class
        asset_class_performance = {}
    
        test_cases = [
            ("AAPL", AssetClass.EQUITY),
            ("EURUSD", AssetClass.FOREX),
            ("BTCUSD", AssetClass.CRYPTOCURRENCY),
            ("XAUUSD", AssetClass.COMMODITY),
            ("SPY", AssetClass.ETF)
        ]
    
        for symbol, asset_class in test_cases:
            start_time = time.time()
    
            order = Order(
                order_id="",
                symbol=symbol,
                asset_class=asset_class,
                order_type=OrderType.MARKET,
                side="buy",
                quantity=Decimal('1')
            )
    
>           await self.order_manager.place_order(order)
                  ^^^^^^^^^^^^^^^^^^
E           AttributeError: 'TestMultiAssetTradingSystem' object has no attribute 'order_manager'

tests\system\test_multi_asset_trading.py:1135: AttributeError
_______ TestMultiAssetTradingSystem.test_system_scalability_multi_asset _______

self = <test_multi_asset_trading.TestMultiAssetTradingSystem object at 0x000001E6D99DC120>

    @pytest.mark.asyncio
    async def test_system_scalability_multi_asset(self):
        """Test system scalability with multiple asset classes"""
        # Create large number of orders across asset classes
        num_orders_per_class = 10
        asset_symbols = {
            AssetClass.EQUITY: ["AAPL", "GOOGL", "TSLA"],
            AssetClass.FOREX: ["EURUSD", "GBPUSD", "USDJPY"],
            AssetClass.CRYPTOCURRENCY: ["BTCUSD", "ETHUSD", "ADAUSD"]
        }
    
        all_orders = []
    
        for asset_class, symbols in asset_symbols.items():
            for i in range(num_orders_per_class):
                symbol = symbols[i % len(symbols)]
                order = Order(
                    order_id="",
                    symbol=symbol,
                    asset_class=asset_class,
                    order_type=OrderType.MARKET,
                    side="buy" if i % 2 == 0 else "sell",
                    quantity=Decimal('1')
                )
                all_orders.append(order)
    
        # Execute orders in batches
        batch_size = 5
        start_time = time.time()
    
        for i in range(0, len(all_orders), batch_size):
            batch = all_orders[i:i + batch_size]
>           tasks = [self.order_manager.place_order(order) for order in batch]
                     ^^^^^^^^^^^^^^^^^^
E           AttributeError: 'TestMultiAssetTradingSystem' object has no attribute 'order_manager'

tests\system\test_multi_asset_trading.py:1178: AttributeError
______ TestMultiAssetTradingSystem.test_end_to_end_multi_asset_workflow _______

self = <test_multi_asset_trading.TestMultiAssetTradingSystem object at 0x000001E6D99828D0>

    @pytest.mark.asyncio
    async def test_end_to_end_multi_asset_workflow(self):
        """Test complete end-to-end multi-asset trading workflow"""
        # 1. Initialize portfolio
>       portfolio_id = self.test_portfolio.portfolio_id
                       ^^^^^^^^^^^^^^^^^^^
E       AttributeError: 'TestMultiAssetTradingSystem' object has no attribute 'test_portfolio'

tests\system\test_multi_asset_trading.py:1193: AttributeError
______ TestPerformanceBenchmarks.test_market_data_processing_throughput _______

self = <test_performance_benchmarks.TestPerformanceBenchmarks object at 0x000001E6D9A082D0>

    @pytest.mark.asyncio
    async def test_market_data_processing_throughput(self):
        """Test market data processing throughput benchmarks."""
        processed_count = 0
        processing_times = []
    
        # Mock market data processor
>       with patch('nautilus_trader_engine.data.MarketDataProcessor') as mock_processor:
             ^^^^^^^^^^^^^^^^^^^^^^^^^^^^^^^^^^^^^^^^^^^^^^^^^^^^^^^^

tests\system\test_performance_benchmarks.py:91: 
_ _ _ _ _ _ _ _ _ _ _ _ _ _ _ _ _ _ _ _ _ _ _ _ _ _ _ _ _ _ _ _ _ _ _ _ _ _ _ _
C:\Program Files\Python313\Lib\unittest\mock.py:1497: in __enter__
    original, local = self.get_original()
                      ^^^^^^^^^^^^^^^^^^^
_ _ _ _ _ _ _ _ _ _ _ _ _ _ _ _ _ _ _ _ _ _ _ _ _ _ _ _ _ _ _ _ _ _ _ _ _ _ _ _

self = <unittest.mock._patch object at 0x000001E6DE515E10>

    def get_original(self):
        target = self.getter()
        name = self.attribute
    
        original = DEFAULT
        local = False
    
        try:
            original = target.__dict__[name]
        except (AttributeError, KeyError):
            original = getattr(target, name, DEFAULT)
        else:
            local = True
    
        if name in _builtins and isinstance(target, ModuleType):
            self.create = True
    
        if not self.create and original is DEFAULT:
>           raise AttributeError(
                "%s does not have the attribute %r" % (target, name)
            )
E           AttributeError: <module 'nautilus_trader_engine.data' from 'C:\\Users\\Vincent_Pereira\\Projects\\Algo_Trading_Projects\\Trae\\Algorithmic Trading System\\nautilus_trader_engine\\data\\__init__.py'> does not have the attribute 'MarketDataProcessor'

C:\Program Files\Python313\Lib\unittest\mock.py:1467: AttributeError
______ TestPerformanceBenchmarks.test_portfolio_calculation_performance _______

self = <test_performance_benchmarks.TestPerformanceBenchmarks object at 0x000001E6D991FBB0>

    @pytest.mark.asyncio
    async def test_portfolio_calculation_performance(self):
        """Test portfolio calculation performance benchmarks."""
        calculation_times = []
    
        # Mock portfolio with large number of positions
        mock_positions = [
            {
                'symbol': f'PAIR_{i:04d}',
                'quantity': 100000 + (i * 1000),
                'entry_price': 1.0000 + (i * 0.0001),
                'current_price': 1.0000 + (i * 0.0001) + 0.0005,
                'side': 'LONG' if i % 2 == 0 else 'SHORT'
            }
            for i in range(self.test_data_sizes['medium'])
        ]
    
        # Mock portfolio manager
>       with patch('nautilus_trader_engine.portfolio.PortfolioManager') as mock_portfolio:
             ^^^^^^^^^^^^^^^^^^^^^^^^^^^^^^^^^^^^^^^^^^^^^^^^^^^^^^^^^^

tests\system\test_performance_benchmarks.py:149: 
_ _ _ _ _ _ _ _ _ _ _ _ _ _ _ _ _ _ _ _ _ _ _ _ _ _ _ _ _ _ _ _ _ _ _ _ _ _ _ _
C:\Program Files\Python313\Lib\unittest\mock.py:1497: in __enter__
    original, local = self.get_original()
                      ^^^^^^^^^^^^^^^^^^^
_ _ _ _ _ _ _ _ _ _ _ _ _ _ _ _ _ _ _ _ _ _ _ _ _ _ _ _ _ _ _ _ _ _ _ _ _ _ _ _

self = <unittest.mock._patch object at 0x000001E6DE517770>

    def get_original(self):
        target = self.getter()
        name = self.attribute
    
        original = DEFAULT
        local = False
    
        try:
            original = target.__dict__[name]
        except (AttributeError, KeyError):
            original = getattr(target, name, DEFAULT)
        else:
            local = True
    
        if name in _builtins and isinstance(target, ModuleType):
            self.create = True
    
        if not self.create and original is DEFAULT:
>           raise AttributeError(
                "%s does not have the attribute %r" % (target, name)
            )
E           AttributeError: <module 'nautilus_trader_engine.portfolio' from 'C:\\Users\\Vincent_Pereira\\Projects\\Algo_Trading_Projects\\Trae\\Algorithmic Trading System\\nautilus_trader_engine\\portfolio\\__init__.py'> does not have the attribute 'PortfolioManager'

C:\Program Files\Python313\Lib\unittest\mock.py:1467: AttributeError
_________ TestPerformanceBenchmarks.test_risk_calculation_performance _________

self = <test_performance_benchmarks.TestPerformanceBenchmarks object at 0x000001E6D991FCE0>

    @pytest.mark.asyncio
    async def test_risk_calculation_performance(self):
        """Test risk calculation performance benchmarks."""
        risk_calculation_times = []
    
        # Mock large portfolio for risk calculations
        mock_portfolio_data = {
            'positions': [
                {
                    'symbol': f'ASSET_{i:04d}',
                    'quantity': 100000,
                    'market_value': 100000 + (i * 1000),
                    'volatility': 0.15 + (i * 0.001),
                    'correlation_matrix_row': [0.1 + (j * 0.01) for j in range(100)]
                }
                for i in range(100)
            ],
            'market_data': {
                'risk_free_rate': 0.02,
                'market_volatility': 0.20
            }
        }
    
        # Mock risk manager
>       with patch('nautilus_trader_engine.risk.RiskManager') as mock_risk_mgr:
             ^^^^^^^^^^^^^^^^^^^^^^^^^^^^^^^^^^^^^^^^^^^^^^^^

tests\system\test_performance_benchmarks.py:213: 
_ _ _ _ _ _ _ _ _ _ _ _ _ _ _ _ _ _ _ _ _ _ _ _ _ _ _ _ _ _ _ _ _ _ _ _ _ _ _ _
C:\Program Files\Python313\Lib\unittest\mock.py:1497: in __enter__
    original, local = self.get_original()
                      ^^^^^^^^^^^^^^^^^^^
_ _ _ _ _ _ _ _ _ _ _ _ _ _ _ _ _ _ _ _ _ _ _ _ _ _ _ _ _ _ _ _ _ _ _ _ _ _ _ _

self = <unittest.mock._patch object at 0x000001E6DE5173F0>

    def get_original(self):
        target = self.getter()
        name = self.attribute
    
        original = DEFAULT
        local = False
    
        try:
            original = target.__dict__[name]
        except (AttributeError, KeyError):
            original = getattr(target, name, DEFAULT)
        else:
            local = True
    
        if name in _builtins and isinstance(target, ModuleType):
            self.create = True
    
        if not self.create and original is DEFAULT:
>           raise AttributeError(
                "%s does not have the attribute %r" % (target, name)
            )
E           AttributeError: <module 'nautilus_trader_engine.risk' from 'C:\\Users\\Vincent_Pereira\\Projects\\Algo_Trading_Projects\\Trae\\Algorithmic Trading System\\nautilus_trader_engine\\risk\\__init__.py'> does not have the attribute 'RiskManager'

C:\Program Files\Python313\Lib\unittest\mock.py:1467: AttributeError
________ TestPerformanceBenchmarks.test_strategy_execution_performance ________

self = <test_performance_benchmarks.TestPerformanceBenchmarks object at 0x000001E6D99EA8D0>

    @pytest.mark.asyncio
    async def test_strategy_execution_performance(self):
        """Test strategy execution performance benchmarks."""
        strategy_execution_times = []
    
        # Mock market data for strategy analysis
        mock_market_data = {
            'ohlc_data': [
                {
                    'timestamp': datetime.now() - timedelta(minutes=i),
                    'open': 1.0850 + (i * 0.0001),
                    'high': 1.0855 + (i * 0.0001),
                    'low': 1.0845 + (i * 0.0001),
                    'close': 1.0851 + (i * 0.0001),
                    'volume': 1000000 + (i * 10000)
                }
                for i in range(1000)  # 1000 data points
            ]
        }
    
        # Mock strategy engine
>       with patch('nautilus_trader_engine.strategies.StrategyEngine') as mock_strategy:
             ^^^^^^^^^^^^^^^^^^^^^^^^^^^^^^^^^^^^^^^^^^^^^^^^^^^^^^^^^

tests\system\test_performance_benchmarks.py:277: 
_ _ _ _ _ _ _ _ _ _ _ _ _ _ _ _ _ _ _ _ _ _ _ _ _ _ _ _ _ _ _ _ _ _ _ _ _ _ _ _
C:\Program Files\Python313\Lib\unittest\mock.py:1497: in __enter__
    original, local = self.get_original()
                      ^^^^^^^^^^^^^^^^^^^
_ _ _ _ _ _ _ _ _ _ _ _ _ _ _ _ _ _ _ _ _ _ _ _ _ _ _ _ _ _ _ _ _ _ _ _ _ _ _ _

self = <unittest.mock._patch object at 0x000001E6DE5167B0>

    def get_original(self):
        target = self.getter()
        name = self.attribute
    
        original = DEFAULT
        local = False
    
        try:
            original = target.__dict__[name]
        except (AttributeError, KeyError):
            original = getattr(target, name, DEFAULT)
        else:
            local = True
    
        if name in _builtins and isinstance(target, ModuleType):
            self.create = True
    
        if not self.create and original is DEFAULT:
>           raise AttributeError(
                "%s does not have the attribute %r" % (target, name)
            )
E           AttributeError: <module 'nautilus_trader_engine.strategies' from 'C:\\Users\\Vincent_Pereira\\Projects\\Algo_Trading_Projects\\Trae\\Algorithmic Trading System\\nautilus_trader_engine\\strategies\\__init__.py'> does not have the attribute 'StrategyEngine'

C:\Program Files\Python313\Lib\unittest\mock.py:1467: AttributeError
_____________ TestPerformanceBenchmarks.test_cpu_usage_benchmarks _____________

self = <test_performance_benchmarks.TestPerformanceBenchmarks object at 0x000001E6D998F450>

    def test_cpu_usage_benchmarks(self):
        """Test CPU usage benchmarks during intensive operations."""
        cpu_usage_samples = []
    
        def cpu_intensive_task():
            """Simulate CPU-intensive trading calculations."""
            # Simulate complex mathematical calculations
            for i in range(100000):
                # Monte Carlo simulation for option pricing
                import math
                import random
    
                S = 100  # Stock price
                K = 105  # Strike price
                T = 1    # Time to expiration
                r = 0.05 # Risk-free rate
                sigma = 0.2  # Volatility
    
                # Black-Scholes calculation
                d1 = (math.log(S/K) + (r + 0.5*sigma**2)*T) / (sigma*math.sqrt(T))
                d2 = d1 - sigma*math.sqrt(T)
    
                # Simulate random walk
                price_path = [S]
                for j in range(100):
                    random_shock = random.gauss(0, 1)
                    new_price = price_path[-1] * math.exp((r - 0.5*sigma**2)*(1/252) + sigma*random_shock*math.sqrt(1/252))
                    price_path.append(new_price)
    
        # Monitor CPU usage during intensive operations
        def monitor_cpu():
            for _ in range(20):  # Monitor for 2 seconds
                cpu_percent = psutil.cpu_percent(interval=0.1)
                cpu_usage_samples.append(cpu_percent)
    
        # Start CPU monitoring in separate thread
        monitor_thread = threading.Thread(target=monitor_cpu)
        monitor_thread.start()
    
        # Execute CPU-intensive tasks
        start_time = time.perf_counter()
    
        with ThreadPoolExecutor(max_workers=4) as executor:
            futures = [executor.submit(cpu_intensive_task) for _ in range(4)]
            for future in as_completed(futures):
                future.result()
    
        end_time = time.perf_counter()
        execution_time = end_time - start_time
    
        # Wait for monitoring to complete
        monitor_thread.join()
    
        # Analyze CPU usage
        if cpu_usage_samples:
            avg_cpu_usage = statistics.mean(cpu_usage_samples)
            max_cpu_usage = max(cpu_usage_samples)
        else:
            avg_cpu_usage = 0
            max_cpu_usage = 0
    
        # Verify CPU usage is within acceptable limits
        assert avg_cpu_usage < self.performance_thresholds['cpu_usage_percent']
>       assert execution_time < 10  # Should complete within 10 seconds
        ^^^^^^^^^^^^^^^^^^^^^^^^^^
E       assert 105.07140760000038 < 10

tests\system\test_performance_benchmarks.py:524: AssertionError
__________ TestPerformanceBenchmarks.test_database_query_performance __________

self = <test_performance_benchmarks.TestPerformanceBenchmarks object at 0x000001E6D998F550>

    @pytest.mark.asyncio
    async def test_database_query_performance(self):
        """Test database query performance benchmarks."""
        query_times = []
    
        # Mock database operations
>       with patch('database.app.db.postgres.PostgreSQLManager') as mock_db:
             ^^^^^^^^^^^^^^^^^^^^^^^^^^^^^^^^^^^^^^^^^^^^^^^^^^^

tests\system\test_performance_benchmarks.py:532: 
_ _ _ _ _ _ _ _ _ _ _ _ _ _ _ _ _ _ _ _ _ _ _ _ _ _ _ _ _ _ _ _ _ _ _ _ _ _ _ _
C:\Program Files\Python313\Lib\unittest\mock.py:1481: in __enter__
    self.target = self.getter()
                  ^^^^^^^^^^^^^
_ _ _ _ _ _ _ _ _ _ _ _ _ _ _ _ _ _ _ _ _ _ _ _ _ _ _ _ _ _ _ _ _ _ _ _ _ _ _ _

name = 'database.app.db.postgres'

    def resolve_name(name):
        """
        Resolve a name to an object.
    
        It is expected that `name` will be a string in one of the following
        formats, where W is shorthand for a valid Python identifier and dot stands
        for a literal period in these pseudo-regexes:
    
        W(.W)*
        W(.W)*:(W(.W)*)?
    
        The first form is intended for backward compatibility only. It assumes that
        some part of the dotted name is a package, and the rest is an object
        somewhere within that package, possibly nested inside other objects.
        Because the place where the package stops and the object hierarchy starts
        can't be inferred by inspection, repeated attempts to import must be done
        with this form.
    
        In the second form, the caller makes the division point clear through the
        provision of a single colon: the dotted name to the left of the colon is a
        package to be imported, and the dotted name to the right is the object
        hierarchy within that package. Only one import is needed in this form. If
        it ends with the colon, then a module object is returned.
    
        The function will return an object (which might be a module), or raise one
        of the following exceptions:
    
        ValueError - if `name` isn't in a recognised format
        ImportError - if an import failed when it shouldn't have
        AttributeError - if a failure occurred when traversing the object hierarchy
                         within the imported package to get to the desired object.
        """
        global _NAME_PATTERN
        if _NAME_PATTERN is None:
            # Lazy import to speedup Python startup time
            import re
            dotted_words = r'(?!\d)(\w+)(\.(?!\d)(\w+))*'
            _NAME_PATTERN = re.compile(f'^(?P<pkg>{dotted_words})'
                                       f'(?P<cln>:(?P<obj>{dotted_words})?)?$',
                                       re.UNICODE)
    
        m = _NAME_PATTERN.match(name)
        if not m:
            raise ValueError(f'invalid format: {name!r}')
        gd = m.groupdict()
        if gd.get('cln'):
            # there is a colon - a one-step import is all that's needed
            mod = importlib.import_module(gd['pkg'])
            parts = gd.get('obj')
            parts = parts.split('.') if parts else []
        else:
            # no colon - have to iterate to find the package boundary
            parts = name.split('.')
            modname = parts.pop(0)
            # first part *must* be a module/package.
            mod = importlib.import_module(modname)
            while parts:
                p = parts[0]
                s = f'{modname}.{p}'
                try:
                    mod = importlib.import_module(s)
                    parts.pop(0)
                    modname = s
                except ImportError:
                    break
        # if we reach this point, mod is the module, already imported, and
        # parts is the list of parts in the object hierarchy to be traversed, or
        # an empty list if just the module is wanted.
        result = mod
        for p in parts:
>           result = getattr(result, p)
                     ^^^^^^^^^^^^^^^^^^
E           AttributeError: module 'database.app.db' has no attribute 'postgres'

C:\Program Files\Python313\Lib\pkgutil.py:528: AttributeError
___________ TestChaosEngineering.test_latency_injection_experiment ____________

self = <test_system_chaos_engineering.TestChaosEngineering object at 0x000001E6D9A09D10>

    @pytest.mark.asyncio
    async def test_latency_injection_experiment(self):
        """Test latency injection chaos experiment"""
        experiment = ChaosExperiment(
            experiment_id="latency_001",
            name="API Latency Injection",
            experiment_type=ChaosExperimentType.LATENCY_INJECTION,
            description="Inject additional latency to test system resilience",
            target_components=["trading_api"],
            duration_seconds=10.0,
            impact_level=ImpactLevel.MEDIUM,
            hypothesis="System should handle increased latency gracefully without cascading failures",
            success_criteria={
                "system_recovers": True,
                "error_rate_below": 10.0,
                "latency_below": 500.0
            },
            rollback_plan=["Remove latency injection", "Verify normal latency restored"],
            safety_checks=["low_traffic_period"],
            parameters={"additional_latency_ms": 200}
        )
    
>       self.chaos_framework.register_experiment(experiment)
        ^^^^^^^^^^^^^^^^^^^^
E       AttributeError: 'TestChaosEngineering' object has no attribute 'chaos_framework'

tests\system\test_system_chaos_engineering.py:696: AttributeError
_______________ TestChaosEngineering.test_cpu_stress_experiment _______________

self = <test_system_chaos_engineering.TestChaosEngineering object at 0x000001E6D9A09BD0>

    @pytest.mark.asyncio
    async def test_cpu_stress_experiment(self):
        """Test CPU stress chaos experiment"""
        experiment = ChaosExperiment(
            experiment_id="cpu_stress_001",
            name="CPU Stress Test",
            experiment_type=ChaosExperimentType.CPU_STRESS,
            description="Stress CPU to test system behavior under high load",
            target_components=["trading_engine"],
            duration_seconds=8.0,
            impact_level=ImpactLevel.HIGH,
            hypothesis="System should maintain core functionality under CPU stress",
            success_criteria={
                "system_recovers": True,
                "error_rate_below": 20.0
            },
            rollback_plan=["Stop CPU stress", "Monitor CPU usage normalization"],
            safety_checks=["backup_systems_ready"],
            parameters={"cpu_load_percent": 60}
        )
    
>       self.chaos_framework.register_experiment(experiment)
        ^^^^^^^^^^^^^^^^^^^^
E       AttributeError: 'TestChaosEngineering' object has no attribute 'chaos_framework'

tests\system\test_system_chaos_engineering.py:741: AttributeError
______________ TestChaosEngineering.test_service_kill_experiment ______________

self = <test_system_chaos_engineering.TestChaosEngineering object at 0x000001E6D9A2C8A0>

    @pytest.mark.asyncio
    async def test_service_kill_experiment(self):
        """Test service kill chaos experiment"""
        experiment = ChaosExperiment(
            experiment_id="service_kill_001",
            name="Trading Service Kill",
            experiment_type=ChaosExperimentType.SERVICE_KILL,
            description="Kill trading service to test recovery mechanisms",
            target_components=["trading_service"],
            duration_seconds=5.0,
            impact_level=ImpactLevel.CRITICAL,
            hypothesis="Service should restart automatically and resume operations",
            success_criteria={
                "system_recovers": True
            },
            rollback_plan=["Restart service", "Verify service health"],
            safety_checks=["backup_systems_ready", "low_traffic_period"],
            parameters={}
        )
    
>       self.chaos_framework.register_experiment(experiment)
        ^^^^^^^^^^^^^^^^^^^^
E       AttributeError: 'TestChaosEngineering' object has no attribute 'chaos_framework'

tests\system\test_system_chaos_engineering.py:779: AttributeError
______________ TestChaosEngineering.test_memory_leak_experiment _______________

self = <test_system_chaos_engineering.TestChaosEngineering object at 0x000001E6D9A2D6E0>

    @pytest.mark.asyncio
    async def test_memory_leak_experiment(self):
        """Test memory leak chaos experiment"""
        experiment = ChaosExperiment(
            experiment_id="memory_leak_001",
            name="Memory Leak Simulation",
            experiment_type=ChaosExperimentType.MEMORY_LEAK,
            description="Simulate memory leak to test memory management",
            target_components=["trading_engine"],
            duration_seconds=6.0,
            impact_level=ImpactLevel.MEDIUM,
            hypothesis="System should detect and handle memory pressure gracefully",
            success_criteria={
                "system_recovers": True,
                "error_rate_below": 15.0
            },
            rollback_plan=["Stop memory leak", "Trigger garbage collection"],
            safety_checks=["low_traffic_period"],
            parameters={"memory_leak_mb": 200}
        )
    
>       self.chaos_framework.register_experiment(experiment)
        ^^^^^^^^^^^^^^^^^^^^
E       AttributeError: 'TestChaosEngineering' object has no attribute 'chaos_framework'

tests\system\test_system_chaos_engineering.py:819: AttributeError
___________ TestChaosEngineering.test_database_slowdown_experiment ____________

self = <test_system_chaos_engineering.TestChaosEngineering object at 0x000001E6D99EB530>

    @pytest.mark.asyncio
    async def test_database_slowdown_experiment(self):
        """Test database slowdown chaos experiment"""
        experiment = ChaosExperiment(
            experiment_id="db_slowdown_001",
            name="Database Slowdown",
            experiment_type=ChaosExperimentType.DATABASE_SLOWDOWN,
            description="Slow down database operations to test timeout handling",
            target_components=["database"],
            duration_seconds=7.0,
            impact_level=ImpactLevel.HIGH,
            hypothesis="System should handle database slowdowns with proper timeouts and retries",
            success_criteria={
                "system_recovers": True,
                "error_rate_below": 25.0,
                "throughput_above": 100.0
            },
            rollback_plan=["Remove database slowdown", "Verify query performance"],
            safety_checks=["backup_systems_ready"],
            parameters={"db_slowdown_ms": 300}
        )
    
>       self.chaos_framework.register_experiment(experiment)
        ^^^^^^^^^^^^^^^^^^^^
E       AttributeError: 'TestChaosEngineering' object has no attribute 'chaos_framework'

tests\system\test_system_chaos_engineering.py:856: AttributeError
______________ TestChaosEngineering.test_experiment_safety_abort ______________

self = <test_system_chaos_engineering.TestChaosEngineering object at 0x000001E6D9A15150>

    @pytest.mark.asyncio
    async def test_experiment_safety_abort(self):
        """Test experiment safety abort mechanism"""
        # Create experiment with parameters that will trigger abort
        experiment = ChaosExperiment(
            experiment_id="safety_abort_001",
            name="Safety Abort Test",
            experiment_type=ChaosExperimentType.LATENCY_INJECTION,
            description="Test safety abort when thresholds are exceeded",
            target_components=["trading_api"],
            duration_seconds=20.0,  # Long duration
            impact_level=ImpactLevel.MEDIUM,
            hypothesis="Safety mechanisms should abort experiment when thresholds exceeded",
            success_criteria={"system_recovers": True},
            rollback_plan=["Remove latency injection"],
            safety_checks=[],
            parameters={"additional_latency_ms": 8000}  # Very high latency to trigger abort
        )
    
        # Lower abort threshold for this test
>       self.chaos_framework.abort_threshold['latency_ms'] = 5000
        ^^^^^^^^^^^^^^^^^^^^
E       AttributeError: 'TestChaosEngineering' object has no attribute 'chaos_framework'

tests\system\test_system_chaos_engineering.py:894: AttributeError
___________ TestChaosEngineering.test_concurrent_chaos_experiments ____________

self = <test_system_chaos_engineering.TestChaosEngineering object at 0x000001E6D9A15260>

    @pytest.mark.asyncio
    async def test_concurrent_chaos_experiments(self):
        """Test running multiple chaos experiments concurrently"""
        # Create multiple lightweight experiments
        experiments = [
            ChaosExperiment(
                experiment_id="concurrent_001",
                name="Concurrent Latency Test 1",
                experiment_type=ChaosExperimentType.LATENCY_INJECTION,
                description="Concurrent latency injection test",
                target_components=["api_1"],
                duration_seconds=3.0,
                impact_level=ImpactLevel.LOW,
                hypothesis="System handles concurrent latency injection",
                success_criteria={"system_recovers": True},
                rollback_plan=["Remove latency"],
                safety_checks=[],
                parameters={"additional_latency_ms": 50}
            ),
            ChaosExperiment(
                experiment_id="concurrent_002",
                name="Concurrent CPU Test",
                experiment_type=ChaosExperimentType.CPU_STRESS,
                description="Concurrent CPU stress test",
                target_components=["engine_1"],
                duration_seconds=3.0,
                impact_level=ImpactLevel.LOW,
                hypothesis="System handles concurrent CPU stress",
                success_criteria={"system_recovers": True},
                rollback_plan=["Remove CPU stress"],
                safety_checks=[],
                parameters={"cpu_load_percent": 20}
            )
        ]
    
        # Register experiments
        for exp in experiments:
>           self.chaos_framework.register_experiment(exp)
            ^^^^^^^^^^^^^^^^^^^^
E           AttributeError: 'TestChaosEngineering' object has no attribute 'chaos_framework'

tests\system\test_system_chaos_engineering.py:948: AttributeError
____________ TestChaosEngineering.test_chaos_experiment_reporting _____________

self = <test_system_chaos_engineering.TestChaosEngineering object at 0x000001E6D9A44550>

    @pytest.mark.asyncio
    async def test_chaos_experiment_reporting(self):
        """Test chaos experiment reporting functionality"""
        experiment = ChaosExperiment(
            experiment_id="reporting_001",
            name="Reporting Test Experiment",
            experiment_type=ChaosExperimentType.LATENCY_INJECTION,
            description="Test experiment for reporting functionality",
            target_components=["reporting_api"],
            duration_seconds=4.0,
            impact_level=ImpactLevel.LOW,
            hypothesis="Reporting system captures all experiment data",
            success_criteria={
                "system_recovers": True,
                "error_rate_below": 5.0
            },
            rollback_plan=["Remove latency injection", "Verify system health"],
            safety_checks=["low_traffic_period"],
            parameters={"additional_latency_ms": 100}
        )
    
>       self.chaos_framework.register_experiment(experiment)
        ^^^^^^^^^^^^^^^^^^^^
E       AttributeError: 'TestChaosEngineering' object has no attribute 'chaos_framework'

tests\system\test_system_chaos_engineering.py:985: AttributeError
___________ TestChaosEngineering.test_system_resilience_under_chaos ___________

self = <test_system_chaos_engineering.TestChaosEngineering object at 0x000001E6D9A44E50>

    @pytest.mark.asyncio
    async def test_system_resilience_under_chaos(self):
        """Test overall system resilience under various chaos conditions"""
        # Test system with realistic trading workload during chaos
        num_orders = 50
        chaos_types = [
            (ChaosExperimentType.LATENCY_INJECTION, {"additional_latency_ms": 100}),
            (ChaosExperimentType.CPU_STRESS, {"cpu_load_percent": 30}),
            (ChaosExperimentType.MEMORY_LEAK, {"memory_leak_mb": 100})
        ]
    
        for chaos_type, parameters in chaos_types:
            logger.info(f"Testing resilience under {chaos_type.value}")
    
            # Inject chaos
>           self.trading_system.inject_chaos(chaos_type, parameters)
            ^^^^^^^^^^^^^^^^^^^
E           AttributeError: 'TestChaosEngineering' object has no attribute 'trading_system'

tests\system\test_system_chaos_engineering.py:1037: AttributeError
____________ TestDisasterRecovery.test_database_failover_scenario _____________

self = <test_system_disaster_recovery.TestDisasterRecovery object at 0x000001E6D9A0A850>

    @pytest.mark.asyncio
    async def test_database_failover_scenario(self):
        """Test database failover disaster recovery"""
        # Create database failover scenario
        scenario = DisasterScenario(
            scenario_id="db_failover_001",
            disaster_type=DisasterType.DATABASE_FAILURE,
            description="Primary database failure with failover to replica",
            affected_components=["primary_db"],
            expected_recovery_time=30.0,  # 30 seconds
            data_loss_tolerance=5.0,  # 5% acceptable data loss
            business_impact="High - Trading operations affected",
            recovery_procedures=[
                "Detect primary database failure",
                "Promote replica to primary",
                "Update application configuration",
                "Validate data integrity"
            ],
            success_criteria={
                "max_downtime": 60.0,  # 1 minute max
                "data_integrity": 95.0,  # 95% minimum
                "service_availability": 90.0  # 90% minimum
            }
        )
    
>       self.orchestrator.create_scenario(scenario)
        ^^^^^^^^^^^^^^^^^
E       AttributeError: 'TestDisasterRecovery' object has no attribute 'orchestrator'

tests\system\test_system_disaster_recovery.py:635: AttributeError
____________ TestDisasterRecovery.test_cascading_failure_scenario _____________

self = <test_system_disaster_recovery.TestDisasterRecovery object at 0x000001E6D9A09E50>

    @pytest.mark.asyncio
    async def test_cascading_failure_scenario(self):
        """Test cascading failure disaster recovery"""
        scenario = DisasterScenario(
            scenario_id="cascading_001",
            disaster_type=DisasterType.CASCADING_FAILURE,
            description="Market data failure causing trading engine and risk engine failures",
            affected_components=["market_data", "trading_engine", "risk_engine"],
            expected_recovery_time=45.0,
            data_loss_tolerance=1.0,
            business_impact="Critical - All trading operations halted",
            recovery_procedures=[
                "Restore market data feed",
                "Restart trading engine",
                "Restart risk engine",
                "Validate system integration"
            ],
            success_criteria={
                "max_downtime": 120.0,  # 2 minutes max
                "service_availability": 95.0
            }
        )
    
>       self.orchestrator.create_scenario(scenario)
        ^^^^^^^^^^^^^^^^^
E       AttributeError: 'TestDisasterRecovery' object has no attribute 'orchestrator'

tests\system\test_system_disaster_recovery.py:682: AttributeError
______________ TestDisasterRecovery.test_load_balancer_failover _______________

self = <test_system_disaster_recovery.TestDisasterRecovery object at 0x000001E6D9A2E3F0>

    @pytest.mark.asyncio
    async def test_load_balancer_failover(self):
        """Test load balancer failover scenario"""
        # Simulate normal traffic
        initial_requests = 50
        for i in range(initial_requests):
            try:
                response = self.api_lb.route_request({'request_id': i, 'data': f'test_data_{i}'})
                assert 'backend_id' in response
            except Exception as e:
                logger.error(f"Request {i} failed: {e}")
    
>       initial_stats = self.api_lb.get_statistics()
                        ^^^^^^^^^^^
E       AttributeError: 'TestDisasterRecovery' object has no attribute 'api_lb'

tests\system\test_system_disaster_recovery.py:713: AttributeError
------------------------------ Captured log call ------------------------------
ERROR    test_system_disaster_recovery:test_system_disaster_recovery.py:711 Request 0 failed: 'TestDisasterRecovery' object has no attribute 'api_lb'
ERROR    test_system_disaster_recovery:test_system_disaster_recovery.py:711 Request 1 failed: 'TestDisasterRecovery' object has no attribute 'api_lb'
ERROR    test_system_disaster_recovery:test_system_disaster_recovery.py:711 Request 2 failed: 'TestDisasterRecovery' object has no attribute 'api_lb'
ERROR    test_system_disaster_recovery:test_system_disaster_recovery.py:711 Request 3 failed: 'TestDisasterRecovery' object has no attribute 'api_lb'
ERROR    test_system_disaster_recovery:test_system_disaster_recovery.py:711 Request 4 failed: 'TestDisasterRecovery' object has no attribute 'api_lb'
ERROR    test_system_disaster_recovery:test_system_disaster_recovery.py:711 Request 5 failed: 'TestDisasterRecovery' object has no attribute 'api_lb'
ERROR    test_system_disaster_recovery:test_system_disaster_recovery.py:711 Request 6 failed: 'TestDisasterRecovery' object has no attribute 'api_lb'
ERROR    test_system_disaster_recovery:test_system_disaster_recovery.py:711 Request 7 failed: 'TestDisasterRecovery' object has no attribute 'api_lb'
ERROR    test_system_disaster_recovery:test_system_disaster_recovery.py:711 Request 8 failed: 'TestDisasterRecovery' object has no attribute 'api_lb'
ERROR    test_system_disaster_recovery:test_system_disaster_recovery.py:711 Request 9 failed: 'TestDisasterRecovery' object has no attribute 'api_lb'
ERROR    test_system_disaster_recovery:test_system_disaster_recovery.py:711 Request 10 failed: 'TestDisasterRecovery' object has no attribute 'api_lb'
ERROR    test_system_disaster_recovery:test_system_disaster_recovery.py:711 Request 11 failed: 'TestDisasterRecovery' object has no attribute 'api_lb'
ERROR    test_system_disaster_recovery:test_system_disaster_recovery.py:711 Request 12 failed: 'TestDisasterRecovery' object has no attribute 'api_lb'
ERROR    test_system_disaster_recovery:test_system_disaster_recovery.py:711 Request 13 failed: 'TestDisasterRecovery' object has no attribute 'api_lb'
ERROR    test_system_disaster_recovery:test_system_disaster_recovery.py:711 Request 14 failed: 'TestDisasterRecovery' object has no attribute 'api_lb'
ERROR    test_system_disaster_recovery:test_system_disaster_recovery.py:711 Request 15 failed: 'TestDisasterRecovery' object has no attribute 'api_lb'
ERROR    test_system_disaster_recovery:test_system_disaster_recovery.py:711 Request 16 failed: 'TestDisasterRecovery' object has no attribute 'api_lb'
ERROR    test_system_disaster_recovery:test_system_disaster_recovery.py:711 Request 17 failed: 'TestDisasterRecovery' object has no attribute 'api_lb'
ERROR    test_system_disaster_recovery:test_system_disaster_recovery.py:711 Request 18 failed: 'TestDisasterRecovery' object has no attribute 'api_lb'
ERROR    test_system_disaster_recovery:test_system_disaster_recovery.py:711 Request 19 failed: 'TestDisasterRecovery' object has no attribute 'api_lb'
ERROR    test_system_disaster_recovery:test_system_disaster_recovery.py:711 Request 20 failed: 'TestDisasterRecovery' object has no attribute 'api_lb'
ERROR    test_system_disaster_recovery:test_system_disaster_recovery.py:711 Request 21 failed: 'TestDisasterRecovery' object has no attribute 'api_lb'
ERROR    test_system_disaster_recovery:test_system_disaster_recovery.py:711 Request 22 failed: 'TestDisasterRecovery' object has no attribute 'api_lb'
ERROR    test_system_disaster_recovery:test_system_disaster_recovery.py:711 Request 23 failed: 'TestDisasterRecovery' object has no attribute 'api_lb'
ERROR    test_system_disaster_recovery:test_system_disaster_recovery.py:711 Request 24 failed: 'TestDisasterRecovery' object has no attribute 'api_lb'
ERROR    test_system_disaster_recovery:test_system_disaster_recovery.py:711 Request 25 failed: 'TestDisasterRecovery' object has no attribute 'api_lb'
ERROR    test_system_disaster_recovery:test_system_disaster_recovery.py:711 Request 26 failed: 'TestDisasterRecovery' object has no attribute 'api_lb'
ERROR    test_system_disaster_recovery:test_system_disaster_recovery.py:711 Request 27 failed: 'TestDisasterRecovery' object has no attribute 'api_lb'
ERROR    test_system_disaster_recovery:test_system_disaster_recovery.py:711 Request 28 failed: 'TestDisasterRecovery' object has no attribute 'api_lb'
ERROR    test_system_disaster_recovery:test_system_disaster_recovery.py:711 Request 29 failed: 'TestDisasterRecovery' object has no attribute 'api_lb'
ERROR    test_system_disaster_recovery:test_system_disaster_recovery.py:711 Request 30 failed: 'TestDisasterRecovery' object has no attribute 'api_lb'
ERROR    test_system_disaster_recovery:test_system_disaster_recovery.py:711 Request 31 failed: 'TestDisasterRecovery' object has no attribute 'api_lb'
ERROR    test_system_disaster_recovery:test_system_disaster_recovery.py:711 Request 32 failed: 'TestDisasterRecovery' object has no attribute 'api_lb'
ERROR    test_system_disaster_recovery:test_system_disaster_recovery.py:711 Request 33 failed: 'TestDisasterRecovery' object has no attribute 'api_lb'
ERROR    test_system_disaster_recovery:test_system_disaster_recovery.py:711 Request 34 failed: 'TestDisasterRecovery' object has no attribute 'api_lb'
ERROR    test_system_disaster_recovery:test_system_disaster_recovery.py:711 Request 35 failed: 'TestDisasterRecovery' object has no attribute 'api_lb'
ERROR    test_system_disaster_recovery:test_system_disaster_recovery.py:711 Request 36 failed: 'TestDisasterRecovery' object has no attribute 'api_lb'
ERROR    test_system_disaster_recovery:test_system_disaster_recovery.py:711 Request 37 failed: 'TestDisasterRecovery' object has no attribute 'api_lb'
ERROR    test_system_disaster_recovery:test_system_disaster_recovery.py:711 Request 38 failed: 'TestDisasterRecovery' object has no attribute 'api_lb'
ERROR    test_system_disaster_recovery:test_system_disaster_recovery.py:711 Request 39 failed: 'TestDisasterRecovery' object has no attribute 'api_lb'
ERROR    test_system_disaster_recovery:test_system_disaster_recovery.py:711 Request 40 failed: 'TestDisasterRecovery' object has no attribute 'api_lb'
ERROR    test_system_disaster_recovery:test_system_disaster_recovery.py:711 Request 41 failed: 'TestDisasterRecovery' object has no attribute 'api_lb'
ERROR    test_system_disaster_recovery:test_system_disaster_recovery.py:711 Request 42 failed: 'TestDisasterRecovery' object has no attribute 'api_lb'
ERROR    test_system_disaster_recovery:test_system_disaster_recovery.py:711 Request 43 failed: 'TestDisasterRecovery' object has no attribute 'api_lb'
ERROR    test_system_disaster_recovery:test_system_disaster_recovery.py:711 Request 44 failed: 'TestDisasterRecovery' object has no attribute 'api_lb'
ERROR    test_system_disaster_recovery:test_system_disaster_recovery.py:711 Request 45 failed: 'TestDisasterRecovery' object has no attribute 'api_lb'
ERROR    test_system_disaster_recovery:test_system_disaster_recovery.py:711 Request 46 failed: 'TestDisasterRecovery' object has no attribute 'api_lb'
ERROR    test_system_disaster_recovery:test_system_disaster_recovery.py:711 Request 47 failed: 'TestDisasterRecovery' object has no attribute 'api_lb'
ERROR    test_system_disaster_recovery:test_system_disaster_recovery.py:711 Request 48 failed: 'TestDisasterRecovery' object has no attribute 'api_lb'
ERROR    test_system_disaster_recovery:test_system_disaster_recovery.py:711 Request 49 failed: 'TestDisasterRecovery' object has no attribute 'api_lb'
_____________ TestDisasterRecovery.test_data_corruption_recovery ______________

self = <test_system_disaster_recovery.TestDisasterRecovery object at 0x000001E6D9A2E520>

    @pytest.mark.asyncio
    async def test_data_corruption_recovery(self):
        """Test data corruption detection and recovery"""
        scenario = DisasterScenario(
            scenario_id="data_corruption_001",
            disaster_type=DisasterType.DATA_CORRUPTION,
            description="Database corruption requiring backup restoration",
            affected_components=["primary_db"],
            expected_recovery_time=180.0,  # 3 minutes
            data_loss_tolerance=10.0,  # 10% acceptable loss
            business_impact="High - Data integrity compromised",
            recovery_procedures=[
                "Detect data corruption",
                "Stop write operations",
                "Restore from latest backup",
                "Validate data integrity"
            ],
            success_criteria={
                "max_downtime": 300.0,  # 5 minutes max
                "data_integrity": 90.0
            }
        )
    
>       self.orchestrator.create_scenario(scenario)
        ^^^^^^^^^^^^^^^^^
E       AttributeError: 'TestDisasterRecovery' object has no attribute 'orchestrator'

tests\system\test_system_disaster_recovery.py:765: AttributeError
____________ TestDisasterRecovery.test_network_partition_recovery _____________

self = <test_system_disaster_recovery.TestDisasterRecovery object at 0x000001E6D9A316D0>

    @pytest.mark.asyncio
    async def test_network_partition_recovery(self):
        """Test network partition disaster recovery"""
        scenario = DisasterScenario(
            scenario_id="network_partition_001",
            disaster_type=DisasterType.NETWORK_PARTITION,
            description="Network partition isolating market data service",
            affected_components=["market_data"],
            expected_recovery_time=60.0,
            data_loss_tolerance=0.0,  # No data loss expected
            business_impact="Medium - Market data unavailable",
            recovery_procedures=[
                "Detect network partition",
                "Switch to backup data feed",
                "Monitor network connectivity",
                "Restore primary connection"
            ],
            success_criteria={
                "max_downtime": 90.0,
                "service_availability": 80.0
            }
        )
    
>       self.orchestrator.create_scenario(scenario)
        ^^^^^^^^^^^^^^^^^
E       AttributeError: 'TestDisasterRecovery' object has no attribute 'orchestrator'

tests\system\test_system_disaster_recovery.py:816: AttributeError
____________ TestDisasterRecovery.test_memory_exhaustion_recovery _____________

self = <test_system_disaster_recovery.TestDisasterRecovery object at 0x000001E6D9A158C0>

    @pytest.mark.asyncio
    async def test_memory_exhaustion_recovery(self):
        """Test memory exhaustion disaster recovery"""
        scenario = DisasterScenario(
            scenario_id="memory_exhaustion_001",
            disaster_type=DisasterType.MEMORY_EXHAUSTION,
            description="Trading engine memory exhaustion requiring restart",
            affected_components=["trading_engine"],
            expected_recovery_time=30.0,
            data_loss_tolerance=2.0,
            business_impact="High - Trading operations degraded",
            recovery_procedures=[
                "Detect memory exhaustion",
                "Graceful service shutdown",
                "Clear memory",
                "Restart service"
            ],
            success_criteria={
                "max_downtime": 60.0,
                "service_availability": 90.0
            }
        )
    
>       self.orchestrator.create_scenario(scenario)
        ^^^^^^^^^^^^^^^^^
E       AttributeError: 'TestDisasterRecovery' object has no attribute 'orchestrator'

tests\system\test_system_disaster_recovery.py:861: AttributeError
____________ TestDisasterRecovery.test_disaster_recovery_reporting ____________

self = <test_system_disaster_recovery.TestDisasterRecovery object at 0x000001E6D9A159D0>

    @pytest.mark.asyncio
    async def test_disaster_recovery_reporting(self):
        """Test disaster recovery reporting and metrics"""
        # Execute multiple disaster scenarios
        scenarios_to_test = [
            DisasterScenario(
                scenario_id="report_test_001",
                disaster_type=DisasterType.SERVICE_CRASH,
                description="Service crash test for reporting",
                affected_components=["portfolio_service"],
                expected_recovery_time=20.0,
                data_loss_tolerance=1.0,
                business_impact="Medium",
                recovery_procedures=["Restart service"],
                success_criteria={"max_downtime": 30.0, "service_availability": 95.0}
            ),
            DisasterScenario(
                scenario_id="report_test_002",
                disaster_type=DisasterType.CPU_OVERLOAD,
                description="CPU overload test for reporting",
                affected_components=["risk_engine"],
                expected_recovery_time=15.0,
                data_loss_tolerance=0.0,
                business_impact="Low",
                recovery_procedures=["Scale resources"],
                success_criteria={"max_downtime": 20.0, "service_availability": 98.0}
            )
        ]
    
        for scenario in scenarios_to_test:
>           self.orchestrator.create_scenario(scenario)
            ^^^^^^^^^^^^^^^^^
E           AttributeError: 'TestDisasterRecovery' object has no attribute 'orchestrator'

tests\system\test_system_disaster_recovery.py:909: AttributeError
___________ TestDisasterRecovery.test_concurrent_disaster_scenarios ___________

self = <test_system_disaster_recovery.TestDisasterRecovery object at 0x000001E6D9A45950>

    @pytest.mark.asyncio
    async def test_concurrent_disaster_scenarios(self):
        """Test handling multiple concurrent disaster scenarios"""
        # Create multiple concurrent disaster scenarios
        concurrent_scenarios = [
            DisasterScenario(
                scenario_id="concurrent_001",
                disaster_type=DisasterType.SERVICE_CRASH,
                description="Portfolio service crash",
                affected_components=["portfolio_service"],
                expected_recovery_time=25.0,
                data_loss_tolerance=1.0,
                business_impact="Medium",
                recovery_procedures=["Restart portfolio service"],
                success_criteria={"max_downtime": 40.0}
            ),
            DisasterScenario(
                scenario_id="concurrent_002",
                disaster_type=DisasterType.NETWORK_PARTITION,
                description="Market data network partition",
                affected_components=["market_data"],
                expected_recovery_time=30.0,
                data_loss_tolerance=0.0,
                business_impact="High",
                recovery_procedures=["Switch to backup feed"],
                success_criteria={"max_downtime": 45.0}
            ),
            DisasterScenario(
                scenario_id="concurrent_003",
                disaster_type=DisasterType.CPU_OVERLOAD,
                description="Risk engine CPU overload",
                affected_components=["risk_engine"],
                expected_recovery_time=20.0,
                data_loss_tolerance=0.0,
                business_impact="Medium",
                recovery_procedures=["Scale CPU resources"],
                success_criteria={"max_downtime": 35.0}
            )
        ]
    
        # Register scenarios
        for scenario in concurrent_scenarios:
>           self.orchestrator.create_scenario(scenario)
            ^^^^^^^^^^^^^^^^^
E           AttributeError: 'TestDisasterRecovery' object has no attribute 'orchestrator'

tests\system\test_system_disaster_recovery.py:985: AttributeError
______ TestAPIVersionManager.test_get_version_from_request_accept_header ______

args = (<tests.test_advanced_rest_api.TestAPIVersionManager object at 0x000001E6DAC79480>,)
keywargs = {'version_manager': <nautilus_trader_engine.api.advanced_rest_api.APIVersionManager object at 0x000001E6DE54A520>}

    @wraps(func)
    def patched(*args, **keywargs):
>       with self.decoration_helper(patched,
                                    args,
                                    keywargs) as (newargs, newkeywargs):

C:\Program Files\Python313\Lib\unittest\mock.py:1423: 
_ _ _ _ _ _ _ _ _ _ _ _ _ _ _ _ _ _ _ _ _ _ _ _ _ _ _ _ _ _ _ _ _ _ _ _ _ _ _ _
C:\Program Files\Python313\Lib\contextlib.py:141: in __enter__
    return next(self.gen)
           ^^^^^^^^^^^^^^
C:\Program Files\Python313\Lib\unittest\mock.py:1405: in decoration_helper
    arg = exit_stack.enter_context(patching)
          ^^^^^^^^^^^^^^^^^^^^^^^^^^^^^^^^^^
C:\Program Files\Python313\Lib\contextlib.py:530: in enter_context
    result = _enter(cm)
             ^^^^^^^^^^
C:\Program Files\Python313\Lib\unittest\mock.py:1524: in __enter__
    elif spec is None and _is_async_obj(original):
                          ^^^^^^^^^^^^^^^^^^^^^^^
C:\Program Files\Python313\Lib\unittest\mock.py:58: in _is_async_obj
    if hasattr(obj, '__func__'):
       ^^^^^^^^^^^^^^^^^^^^^^^^
..\..\..\..\AppData\Roaming\Python\Python313\site-packages\werkzeug\local.py:318: in __get__
    obj = instance._get_current_object()
          ^^^^^^^^^^^^^^^^^^^^^^^^^^^^^^
_ _ _ _ _ _ _ _ _ _ _ _ _ _ _ _ _ _ _ _ _ _ _ _ _ _ _ _ _ _ _ _ _ _ _ _ _ _ _ _

    def _get_current_object() -> T:
        try:
            obj = local.get()
        except LookupError:
>           raise RuntimeError(unbound_message) from None
E           RuntimeError: Working outside of request context.
E           
E           This typically means that you attempted to use functionality that needed
E           an active HTTP request. Consult the documentation on testing for
E           information about how to avoid this problem.

..\..\..\..\AppData\Roaming\Python\Python313\site-packages\werkzeug\local.py:519: RuntimeError
________ TestAPIVersionManager.test_get_version_from_request_url_path _________

args = (<tests.test_advanced_rest_api.TestAPIVersionManager object at 0x000001E6DAC97AD0>,)
keywargs = {'version_manager': <nautilus_trader_engine.api.advanced_rest_api.APIVersionManager object at 0x000001E6DE54A060>}

    @wraps(func)
    def patched(*args, **keywargs):
>       with self.decoration_helper(patched,
                                    args,
                                    keywargs) as (newargs, newkeywargs):

C:\Program Files\Python313\Lib\unittest\mock.py:1423: 
_ _ _ _ _ _ _ _ _ _ _ _ _ _ _ _ _ _ _ _ _ _ _ _ _ _ _ _ _ _ _ _ _ _ _ _ _ _ _ _
C:\Program Files\Python313\Lib\contextlib.py:141: in __enter__
    return next(self.gen)
           ^^^^^^^^^^^^^^
C:\Program Files\Python313\Lib\unittest\mock.py:1405: in decoration_helper
    arg = exit_stack.enter_context(patching)
          ^^^^^^^^^^^^^^^^^^^^^^^^^^^^^^^^^^
C:\Program Files\Python313\Lib\contextlib.py:530: in enter_context
    result = _enter(cm)
             ^^^^^^^^^^
C:\Program Files\Python313\Lib\unittest\mock.py:1524: in __enter__
    elif spec is None and _is_async_obj(original):
                          ^^^^^^^^^^^^^^^^^^^^^^^
C:\Program Files\Python313\Lib\unittest\mock.py:58: in _is_async_obj
    if hasattr(obj, '__func__'):
       ^^^^^^^^^^^^^^^^^^^^^^^^
..\..\..\..\AppData\Roaming\Python\Python313\site-packages\werkzeug\local.py:318: in __get__
    obj = instance._get_current_object()
          ^^^^^^^^^^^^^^^^^^^^^^^^^^^^^^
_ _ _ _ _ _ _ _ _ _ _ _ _ _ _ _ _ _ _ _ _ _ _ _ _ _ _ _ _ _ _ _ _ _ _ _ _ _ _ _

    def _get_current_object() -> T:
        try:
            obj = local.get()
        except LookupError:
>           raise RuntimeError(unbound_message) from None
E           RuntimeError: Working outside of request context.
E           
E           This typically means that you attempted to use functionality that needed
E           an active HTTP request. Consult the documentation on testing for
E           information about how to avoid this problem.

..\..\..\..\AppData\Roaming\Python\Python313\site-packages\werkzeug\local.py:519: RuntimeError
_______ TestAPIVersionManager.test_get_version_from_request_query_param _______

args = (<tests.test_advanced_rest_api.TestAPIVersionManager object at 0x000001E6DAC32F10>,)
keywargs = {'version_manager': <nautilus_trader_engine.api.advanced_rest_api.APIVersionManager object at 0x000001E68CF55A30>}

    @wraps(func)
    def patched(*args, **keywargs):
>       with self.decoration_helper(patched,
                                    args,
                                    keywargs) as (newargs, newkeywargs):

C:\Program Files\Python313\Lib\unittest\mock.py:1423: 
_ _ _ _ _ _ _ _ _ _ _ _ _ _ _ _ _ _ _ _ _ _ _ _ _ _ _ _ _ _ _ _ _ _ _ _ _ _ _ _
C:\Program Files\Python313\Lib\contextlib.py:141: in __enter__
    return next(self.gen)
           ^^^^^^^^^^^^^^
C:\Program Files\Python313\Lib\unittest\mock.py:1405: in decoration_helper
    arg = exit_stack.enter_context(patching)
          ^^^^^^^^^^^^^^^^^^^^^^^^^^^^^^^^^^
C:\Program Files\Python313\Lib\contextlib.py:530: in enter_context
    result = _enter(cm)
             ^^^^^^^^^^
C:\Program Files\Python313\Lib\unittest\mock.py:1524: in __enter__
    elif spec is None and _is_async_obj(original):
                          ^^^^^^^^^^^^^^^^^^^^^^^
C:\Program Files\Python313\Lib\unittest\mock.py:58: in _is_async_obj
    if hasattr(obj, '__func__'):
       ^^^^^^^^^^^^^^^^^^^^^^^^
..\..\..\..\AppData\Roaming\Python\Python313\site-packages\werkzeug\local.py:318: in __get__
    obj = instance._get_current_object()
          ^^^^^^^^^^^^^^^^^^^^^^^^^^^^^^
_ _ _ _ _ _ _ _ _ _ _ _ _ _ _ _ _ _ _ _ _ _ _ _ _ _ _ _ _ _ _ _ _ _ _ _ _ _ _ _

    def _get_current_object() -> T:
        try:
            obj = local.get()
        except LookupError:
>           raise RuntimeError(unbound_message) from None
E           RuntimeError: Working outside of request context.
E           
E           This typically means that you attempted to use functionality that needed
E           an active HTTP request. Consult the documentation on testing for
E           information about how to avoid this problem.

..\..\..\..\AppData\Roaming\Python\Python313\site-packages\werkzeug\local.py:519: RuntimeError
_________ TestAPIVersionManager.test_get_version_from_request_default _________

args = (<tests.test_advanced_rest_api.TestAPIVersionManager object at 0x000001E6DAC33020>,)
keywargs = {'version_manager': <nautilus_trader_engine.api.advanced_rest_api.APIVersionManager object at 0x000001E6DE504380>}

    @wraps(func)
    def patched(*args, **keywargs):
>       with self.decoration_helper(patched,
                                    args,
                                    keywargs) as (newargs, newkeywargs):

C:\Program Files\Python313\Lib\unittest\mock.py:1423: 
_ _ _ _ _ _ _ _ _ _ _ _ _ _ _ _ _ _ _ _ _ _ _ _ _ _ _ _ _ _ _ _ _ _ _ _ _ _ _ _
C:\Program Files\Python313\Lib\contextlib.py:141: in __enter__
    return next(self.gen)
           ^^^^^^^^^^^^^^
C:\Program Files\Python313\Lib\unittest\mock.py:1405: in decoration_helper
    arg = exit_stack.enter_context(patching)
          ^^^^^^^^^^^^^^^^^^^^^^^^^^^^^^^^^^
C:\Program Files\Python313\Lib\contextlib.py:530: in enter_context
    result = _enter(cm)
             ^^^^^^^^^^
C:\Program Files\Python313\Lib\unittest\mock.py:1524: in __enter__
    elif spec is None and _is_async_obj(original):
                          ^^^^^^^^^^^^^^^^^^^^^^^
C:\Program Files\Python313\Lib\unittest\mock.py:58: in _is_async_obj
    if hasattr(obj, '__func__'):
       ^^^^^^^^^^^^^^^^^^^^^^^^
..\..\..\..\AppData\Roaming\Python\Python313\site-packages\werkzeug\local.py:318: in __get__
    obj = instance._get_current_object()
          ^^^^^^^^^^^^^^^^^^^^^^^^^^^^^^
_ _ _ _ _ _ _ _ _ _ _ _ _ _ _ _ _ _ _ _ _ _ _ _ _ _ _ _ _ _ _ _ _ _ _ _ _ _ _ _

    def _get_current_object() -> T:
        try:
            obj = local.get()
        except LookupError:
>           raise RuntimeError(unbound_message) from None
E           RuntimeError: Working outside of request context.
E           
E           This typically means that you attempted to use functionality that needed
E           an active HTTP request. Consult the documentation on testing for
E           information about how to avoid this problem.

..\..\..\..\AppData\Roaming\Python\Python313\site-packages\werkzeug\local.py:519: RuntimeError
__________ TestVersionManager.test_get_version_from_request_url_path __________

args = (<tests.test_advanced_rest_api.TestVersionManager object at 0x000001E6DAC33350>,)
keywargs = {'version_manager': <nautilus_trader_engine.api.versioning.VersionManager object at 0x000001E6DE269C70>}

    @wraps(func)
    def patched(*args, **keywargs):
>       with self.decoration_helper(patched,
                                    args,
                                    keywargs) as (newargs, newkeywargs):

C:\Program Files\Python313\Lib\unittest\mock.py:1423: 
_ _ _ _ _ _ _ _ _ _ _ _ _ _ _ _ _ _ _ _ _ _ _ _ _ _ _ _ _ _ _ _ _ _ _ _ _ _ _ _
C:\Program Files\Python313\Lib\contextlib.py:141: in __enter__
    return next(self.gen)
           ^^^^^^^^^^^^^^
C:\Program Files\Python313\Lib\unittest\mock.py:1405: in decoration_helper
    arg = exit_stack.enter_context(patching)
          ^^^^^^^^^^^^^^^^^^^^^^^^^^^^^^^^^^
C:\Program Files\Python313\Lib\contextlib.py:530: in enter_context
    result = _enter(cm)
             ^^^^^^^^^^
C:\Program Files\Python313\Lib\unittest\mock.py:1524: in __enter__
    elif spec is None and _is_async_obj(original):
                          ^^^^^^^^^^^^^^^^^^^^^^^
C:\Program Files\Python313\Lib\unittest\mock.py:58: in _is_async_obj
    if hasattr(obj, '__func__'):
       ^^^^^^^^^^^^^^^^^^^^^^^^
..\..\..\..\AppData\Roaming\Python\Python313\site-packages\werkzeug\local.py:318: in __get__
    obj = instance._get_current_object()
          ^^^^^^^^^^^^^^^^^^^^^^^^^^^^^^
_ _ _ _ _ _ _ _ _ _ _ _ _ _ _ _ _ _ _ _ _ _ _ _ _ _ _ _ _ _ _ _ _ _ _ _ _ _ _ _

    def _get_current_object() -> T:
        try:
            obj = local.get()
        except LookupError:
>           raise RuntimeError(unbound_message) from None
E           RuntimeError: Working outside of request context.
E           
E           This typically means that you attempted to use functionality that needed
E           an active HTTP request. Consult the documentation on testing for
E           information about how to avoid this problem.

..\..\..\..\AppData\Roaming\Python\Python313\site-packages\werkzeug\local.py:519: RuntimeError
________ TestVersionManager.test_get_version_from_request_query_param _________

args = (<tests.test_advanced_rest_api.TestVersionManager object at 0x000001E6DAC33460>,)
keywargs = {'version_manager': <nautilus_trader_engine.api.versioning.VersionManager object at 0x000001E6DE5049E0>}

    @wraps(func)
    def patched(*args, **keywargs):
>       with self.decoration_helper(patched,
                                    args,
                                    keywargs) as (newargs, newkeywargs):

C:\Program Files\Python313\Lib\unittest\mock.py:1423: 
_ _ _ _ _ _ _ _ _ _ _ _ _ _ _ _ _ _ _ _ _ _ _ _ _ _ _ _ _ _ _ _ _ _ _ _ _ _ _ _
C:\Program Files\Python313\Lib\contextlib.py:141: in __enter__
    return next(self.gen)
           ^^^^^^^^^^^^^^
C:\Program Files\Python313\Lib\unittest\mock.py:1405: in decoration_helper
    arg = exit_stack.enter_context(patching)
          ^^^^^^^^^^^^^^^^^^^^^^^^^^^^^^^^^^
C:\Program Files\Python313\Lib\contextlib.py:530: in enter_context
    result = _enter(cm)
             ^^^^^^^^^^
C:\Program Files\Python313\Lib\unittest\mock.py:1524: in __enter__
    elif spec is None and _is_async_obj(original):
                          ^^^^^^^^^^^^^^^^^^^^^^^
C:\Program Files\Python313\Lib\unittest\mock.py:58: in _is_async_obj
    if hasattr(obj, '__func__'):
       ^^^^^^^^^^^^^^^^^^^^^^^^
..\..\..\..\AppData\Roaming\Python\Python313\site-packages\werkzeug\local.py:318: in __get__
    obj = instance._get_current_object()
          ^^^^^^^^^^^^^^^^^^^^^^^^^^^^^^
_ _ _ _ _ _ _ _ _ _ _ _ _ _ _ _ _ _ _ _ _ _ _ _ _ _ _ _ _ _ _ _ _ _ _ _ _ _ _ _

    def _get_current_object() -> T:
        try:
            obj = local.get()
        except LookupError:
>           raise RuntimeError(unbound_message) from None
E           RuntimeError: Working outside of request context.
E           
E           This typically means that you attempted to use functionality that needed
E           an active HTTP request. Consult the documentation on testing for
E           information about how to avoid this problem.

..\..\..\..\AppData\Roaming\Python\Python313\site-packages\werkzeug\local.py:519: RuntimeError
____________ TestIntegration.test_advanced_api_creation_with_flask ____________

self = <tests.test_advanced_rest_api.TestIntegration object at 0x000001E6DAC4FB10>
mock_cors = <MagicMock name='CORS' id='2091081920400'>
mock_api = <MagicMock name='Api' id='2091081908976'>
mock_flask = <MagicMock name='Flask' id='2091081920736'>

>   ???

C:\Users\Vincent_Pereira\Projects\Algo_Trading_Projects\Kilo Code\Algorithmic Trading System\tests\test_advanced_rest_api.py:683: 
_ _ _ _ _ _ _ _ _ _ _ _ _ _ _ _ _ _ _ _ _ _ _ _ _ _ _ _ _ _ _ _ _ _ _ _ _ _ _ _
nautilus_trader_engine\api\advanced_rest_api.py:740: in create_advanced_api
    return AdvancedRestAPI(redis_url=redis_url)
           ^^^^^^^^^^^^^^^^^^^^^^^^^^^^^^^^^^^^
nautilus_trader_engine\api\advanced_rest_api.py:350: in __init__
    self._configure_app()
_ _ _ _ _ _ _ _ _ _ _ _ _ _ _ _ _ _ _ _ _ _ _ _ _ _ _ _ _ _ _ _ _ _ _ _ _ _ _ _

self = <nautilus_trader_engine.api.advanced_rest_api.AdvancedRestAPI object at 0x000001E6DE31F230>

    def _configure_app(self):
        """Configure Flask application"""
>       self.app.config['RESTX_MASK_SWAGGER'] = False
        ^^^^^^^^^^^^^^^^^^^^^^^^^^^^^^^^^^^^^
E       TypeError: 'Mock' object does not support item assignment

nautilus_trader_engine\api\advanced_rest_api.py:373: TypeError
_________ TestAssetSpecifications.test_equity_specification_creation __________

self = <tests.test_asset_class_framework.TestAssetSpecifications object at 0x000001E6DAD19090>

>   ???
E   TypeError: EquitySpecification.__init__() got an unexpected keyword argument 'sector'

C:\Users\Vincent_Pereira\Projects\Algo_Trading_Projects\Kilo Code\Algorithmic Trading System\tests\test_asset_class_framework.py:26: TypeError
__________ TestAssetSpecifications.test_bond_specification_creation ___________

self = <tests.test_asset_class_framework.TestAssetSpecifications object at 0x000001E6DAC7AEA0>

>   ???
E   NameError: name 'BondSpecification' is not defined

C:\Users\Vincent_Pereira\Projects\Algo_Trading_Projects\Kilo Code\Algorithmic Trading System\tests\test_asset_class_framework.py:68: NameError
_________ TestAssetSpecifications.test_future_specification_creation __________

self = <tests.test_asset_class_framework.TestAssetSpecifications object at 0x000001E6DAC7AD70>

>   ???
E   NameError: name 'FutureSpecification' is not defined

C:\Users\Vincent_Pereira\Projects\Algo_Trading_Projects\Kilo Code\Algorithmic Trading System\tests\test_asset_class_framework.py:89: NameError
_____ TestAssetSpecifications.test_cryptocurrency_specification_creation ______

self = <tests.test_asset_class_framework.TestAssetSpecifications object at 0x000001E6DAD0AC30>

>   ???
E   NameError: name 'CryptocurrencySpecification' is not defined

C:\Users\Vincent_Pereira\Projects\Algo_Trading_Projects\Kilo Code\Algorithmic Trading System\tests\test_asset_class_framework.py:107: NameError
_______________ TestOptionPricingModel.test_greeks_calculation ________________

self = <tests.test_asset_class_framework.TestOptionPricingModel object at 0x000001E6DAC7B230>
option_model = <nautilus_trader_engine.assets.asset_class_framework.OptionPricingModel object at 0x000001E6DE574F50>
sample_call_option = OptionSpecification(symbol='AAPL240315C00150000', asset_class=<AssetClass.OPTION: 'option'>, name='AAPL Call Option', ...: 'call'>, strike_price=150.0, expiry_date=datetime.datetime(2025, 10, 13, 0, 16, 27, 993170), implied_volatility=0.25)

>   ???
E   AssertionError: assert 'rho' in {'delta': 0.5645439358620384, 'gamma': np.float64(0.020997846153851255), 'theta': -0.01, 'vega': np.float64(0.2952822115385333)}

C:\Users\Vincent_Pereira\Projects\Algo_Trading_Projects\Kilo Code\Algorithmic Trading System\tests\test_asset_class_framework.py:287: AssertionError
_____________ TestOptionPricingModel.test_expired_option_pricing ______________

self = <tests.test_asset_class_framework.TestOptionPricingModel object at 0x000001E6DAC7B360>
option_model = <nautilus_trader_engine.assets.asset_class_framework.OptionPricingModel object at 0x000001E6DEB60770>

>   ???
E   assert np.float64(11.474817340029531) == 5.0
E    +  where 5.0 = max((155.0 - 150.0), 0)

C:\Users\Vincent_Pereira\Projects\Algo_Trading_Projects\Kilo Code\Algorithmic Trading System\tests\test_asset_class_framework.py:318: AssertionError
________________ TestFactoryFunctions.test_create_equity_asset ________________

self = <tests.test_asset_class_framework.TestFactoryFunctions object at 0x000001E6DAD1A490>

>   ???

C:\Users\Vincent_Pereira\Projects\Algo_Trading_Projects\Kilo Code\Algorithmic Trading System\tests\test_asset_class_framework.py:750: 
_ _ _ _ _ _ _ _ _ _ _ _ _ _ _ _ _ _ _ _ _ _ _ _ _ _ _ _ _ _ _ _ _ _ _ _ _ _ _ _

symbol = 'MSFT', name = 'Microsoft Corporation'
kwargs = {'current_price': 300.0, 'market_cap': 2200000000000, 'sector': 'Technology'}

    def create_equity_asset(symbol: str, name: str, **kwargs) -> EquitySpecification:
        """Factory function to create equity asset"""
>       return EquitySpecification(
            symbol=symbol,
            asset_class=AssetClass.EQUITY,
            name=name,
            **kwargs
        )
E       TypeError: EquitySpecification.__init__() got an unexpected keyword argument 'sector'

nautilus_trader_engine\assets\asset_class_framework.py:289: TypeError
_________________ TestFactoryFunctions.test_create_bond_asset _________________

self = <tests.test_asset_class_framework.TestFactoryFunctions object at 0x000001E6DAC7BA80>

>   ???
E   NameError: name 'create_bond_asset' is not defined

C:\Users\Vincent_Pereira\Projects\Algo_Trading_Projects\Kilo Code\Algorithmic Trading System\tests\test_asset_class_framework.py:781: NameError
________________ TestFactoryFunctions.test_create_future_asset ________________

self = <tests.test_asset_class_framework.TestFactoryFunctions object at 0x000001E6DAC7BBB0>

>   ???
E   NameError: name 'create_future_asset' is not defined

C:\Users\Vincent_Pereira\Projects\Algo_Trading_Projects\Kilo Code\Algorithmic Trading System\tests\test_asset_class_framework.py:797: NameError
____________ TestFactoryFunctions.test_create_cryptocurrency_asset ____________

self = <tests.test_asset_class_framework.TestFactoryFunctions object at 0x000001E6DAD5E8D0>

>   ???
E   NameError: name 'create_cryptocurrency_asset' is not defined

C:\Users\Vincent_Pereira\Projects\Algo_Trading_Projects\Kilo Code\Algorithmic Trading System\tests\test_asset_class_framework.py:812: NameError
__________________________ test_integration_scenario __________________________

>   ???
E   TypeError: create_equity_asset() takes 2 positional arguments but 3 were given

C:\Users\Vincent_Pereira\Projects\Algo_Trading_Projects\Kilo Code\Algorithmic Trading System\tests\test_asset_class_framework.py:832: TypeError
_______________ TestAuditTrailLogger.test_search_events_by_type _______________

self = <tests.test_audit_reporting.TestAuditTrailLogger object at 0x000001E6DAD84FC0>
audit_logger = <nautilus_trader_engine.reporting.audit_reporting.AuditTrailLogger object at 0x000001E6DE54B100>

>   ???
E   TypeError: AuditEvent.__init__() missing 4 required positional arguments: 'session_id', 'ip_address', 'user_agent', and 'resource'

C:\Users\Vincent_Pereira\Projects\Algo_Trading_Projects\Kilo Code\Algorithmic Trading System\tests\test_audit_reporting.py:171: TypeError
_______________ TestAuditTrailLogger.test_search_events_by_user _______________

self = <tests.test_audit_reporting.TestAuditTrailLogger object at 0x000001E6DAD0AD50>
audit_logger = <nautilus_trader_engine.reporting.audit_reporting.AuditTrailLogger object at 0x000001E6DEB61CD0>

>   ???
E   TypeError: AuditEvent.__init__() missing 4 required positional arguments: 'session_id', 'ip_address', 'user_agent', and 'resource'

C:\Users\Vincent_Pereira\Projects\Algo_Trading_Projects\Kilo Code\Algorithmic Trading System\tests\test_audit_reporting.py:203: TypeError
_______________ TestAuditTrailLogger.test_get_event_statistics ________________

self = <tests.test_audit_reporting.TestAuditTrailLogger object at 0x000001E6DAD35590>
audit_logger = <nautilus_trader_engine.reporting.audit_reporting.AuditTrailLogger object at 0x000001E6DE2F8DD0>

>   ???
E   TypeError: AuditEvent.__init__() missing 4 required positional arguments: 'session_id', 'ip_address', 'user_agent', and 'resource'

C:\Users\Vincent_Pereira\Projects\Algo_Trading_Projects\Kilo Code\Algorithmic Trading System\tests\test_audit_reporting.py:234: TypeError
_______ TestComplianceMetricsCalculator.test_calculate_trading_metrics ________

self = <tests.test_audit_reporting.TestComplianceMetricsCalculator object at 0x000001E6DADA0910>
metrics_calculator = <nautilus_trader_engine.reporting.audit_reporting.ComplianceMetricsCalculator object at 0x000001E6D4BF8AD0>
audit_logger = <nautilus_trader_engine.reporting.audit_reporting.AuditTrailLogger object at 0x000001E6DE4ECC50>

>   ???
E   TypeError: AuditEvent.__init__() missing 4 required positional arguments: 'session_id', 'ip_address', 'user_agent', and 'resource'

C:\Users\Vincent_Pereira\Projects\Algo_Trading_Projects\Kilo Code\Algorithmic Trading System\tests\test_audit_reporting.py:326: TypeError
______ TestComplianceMetricsCalculator.test_calculate_compliance_metrics ______

self = <tests.test_audit_reporting.TestComplianceMetricsCalculator object at 0x000001E6DADA0A50>
metrics_calculator = <nautilus_trader_engine.reporting.audit_reporting.ComplianceMetricsCalculator object at 0x000001E6DE5751D0>
audit_logger = <nautilus_trader_engine.reporting.audit_reporting.AuditTrailLogger object at 0x000001E6DDE0BC50>

>   ???
E   TypeError: AuditEvent.__init__() missing 4 required positional arguments: 'session_id', 'ip_address', 'user_agent', and 'resource'

C:\Users\Vincent_Pereira\Projects\Algo_Trading_Projects\Kilo Code\Algorithmic Trading System\tests\test_audit_reporting.py:359: TypeError
_________ TestComplianceMetricsCalculator.test_calculate_all_metrics __________

self = <tests.test_audit_reporting.TestComplianceMetricsCalculator object at 0x000001E6DAD85220>
metrics_calculator = <nautilus_trader_engine.reporting.audit_reporting.ComplianceMetricsCalculator object at 0x000001E6DE576990>
audit_logger = <nautilus_trader_engine.reporting.audit_reporting.AuditTrailLogger object at 0x000001E6DE4A8B90>

>   ???
E   TypeError: AuditEvent.__init__() missing 4 required positional arguments: 'session_id', 'ip_address', 'user_agent', and 'resource'

C:\Users\Vincent_Pereira\Projects\Algo_Trading_Projects\Kilo Code\Algorithmic Trading System\tests\test_audit_reporting.py:393: TypeError
______ TestRegulatoryReportGenerator.test_generate_daily_trading_report _______

self = <tests.test_audit_reporting.TestRegulatoryReportGenerator object at 0x000001E6DADA0CD0>
report_generator = <nautilus_trader_engine.reporting.audit_reporting.RegulatoryReportGenerator object at 0x000001E6DE5742D0>
audit_logger = <nautilus_trader_engine.reporting.audit_reporting.AuditTrailLogger object at 0x000001E6DEB70590>

>   ???
E   TypeError: AuditEvent.__init__() missing 4 required positional arguments: 'session_id', 'ip_address', 'user_agent', and 'resource'

C:\Users\Vincent_Pereira\Projects\Algo_Trading_Projects\Kilo Code\Algorithmic Trading System\tests\test_audit_reporting.py:534: TypeError
____ TestRegulatoryReportGenerator.test_generate_monthly_compliance_report ____

self = <tests.test_audit_reporting.TestRegulatoryReportGenerator object at 0x000001E6DAD855B0>
report_generator = <nautilus_trader_engine.reporting.audit_reporting.RegulatoryReportGenerator object at 0x000001E6DE5779D0>
audit_logger = <nautilus_trader_engine.reporting.audit_reporting.AuditTrailLogger object at 0x000001E6DE938A10>

>   ???
E   TypeError: AuditEvent.__init__() missing 4 required positional arguments: 'session_id', 'ip_address', 'user_agent', and 'resource'

C:\Users\Vincent_Pereira\Projects\Algo_Trading_Projects\Kilo Code\Algorithmic Trading System\tests\test_audit_reporting.py:584: TypeError
________________ TestIntegration.test_complete_audit_workflow _________________

self = <tests.test_audit_reporting.TestIntegration object at 0x000001E6D9A08B90>

>   ???
E   PermissionError: [WinError 32] The process cannot access the file because it is being used by another process: 'C:\\Users\\VINCEN~1\\AppData\\Local\\Temp\\tmpg7ead_1n.db'

C:\Users\Vincent_Pereira\Projects\Algo_Trading_Projects\Kilo Code\Algorithmic Trading System\tests\test_audit_reporting.py:968: PermissionError
---------------------------- Captured stdout call -----------------------------
Complete audit workflow test passed!
__________ TestRegulatoryReportGenerator.test_generate_daily_report ___________

self = <tests.test_automated_compliance.TestRegulatoryReportGenerator object at 0x000001E6DADA2350>
report_generator = <nautilus_trader_engine.compliance.automated_compliance.RegulatoryReportGenerator object at 0x000001E6D4BF8980>

>   ???
E   AssertionError: assert 0 == 2
E    +  where 0 = len([])
E    +    where [] = ComplianceReport(report_id='6eddccf0-a2f6-4977-ad27-5c5e5e666957', report_type='daily_compliance', period_start=dateti...violations': 0, 'medium_violations': 0, 'low_violations': 0, 'resolved_violations': 0, 'violation_types': {}}, data={}).violations

C:\Users\Vincent_Pereira\Projects\Algo_Trading_Projects\Kilo Code\Algorithmic Trading System\tests\test_automated_compliance.py:336: AssertionError
___ TestCrossAssetCorrelationAnalyzer.test_correlation_breakdown_detection ____

self = <tests.test_cross_asset_analytics.TestCrossAssetCorrelationAnalyzer object at 0x000001E6DAD86C40>
analyzer = <nautilus_trader_engine.analytics.cross_asset_analytics.CrossAssetCorrelationAnalyzer object at 0x000001E6DE575450>

>   ???
E   assert 0 > 0
E    +  where 0 = len([])

C:\Users\Vincent_Pereira\Projects\Algo_Trading_Projects\Kilo Code\Algorithmic Trading System\tests\test_cross_asset_analytics.py:89: AssertionError
____________ TestDataFeedManager.test_provider_chain_configuration ____________

self = <tests.test_data_feed_manager.TestDataFeedManager object at 0x000001E6DAE1EE90>
data_feed_manager = <async_generator object TestDataFeedManager.data_feed_manager at 0x000001E6DE92A810>

    @pytest.mark.asyncio
    async def test_provider_chain_configuration(self, data_feed_manager):
        """Test that provider chains are correctly configured for each asset class"""
        manager = data_feed_manager
    
        # Test stock provider chain
>       stock_chain = manager.asset_provider_chains[AssetClass.STOCK]
                      ^^^^^^^^^^^^^^^^^^^^^^^^^^^^^
E       AttributeError: 'async_generator' object has no attribute 'asset_provider_chains'

tests\test_data_feed_manager.py:75: AttributeError
______________ TestDataFeedManager.test_real_time_data_fallback _______________

self = <tests.test_data_feed_manager.TestDataFeedManager object at 0x000001E6DAE1F110>
data_feed_manager = <async_generator object TestDataFeedManager.data_feed_manager at 0x000001E6DE5B3370>

    @pytest.mark.asyncio
    async def test_real_time_data_fallback(self, data_feed_manager):
        """Test automatic fallback when primary provider fails"""
        manager = data_feed_manager
    
        # Mock Yahoo Finance to fail
        with patch.object(YahooFinanceProvider, 'get_real_time_data') as mock_yahoo:
            mock_yahoo.side_effect = Exception("Yahoo Finance API error")
    
            # Mock Alpha Vantage to succeed
            with patch.object(AlphaVantageProvider, 'get_real_time_data') as mock_alpha:
                mock_alpha.return_value = MarketDataPoint(
                    symbol="AAPL",
                    timestamp=datetime.now(),
                    open=150.0,
                    high=152.0,
                    low=149.0,
                    close=151.0,
                    volume=1000000,
                    asset_class=AssetClass.STOCK,
                    provider=DataProvider.ALPHA_VANTAGE,
                    data_type="real_time"
                )
    
                # Test fallback
                start_time = time.time()
>               data = await manager.get_real_time_data("AAPL", AssetClass.STOCK)
                             ^^^^^^^^^^^^^^^^^^^^^^^^^^
E               AttributeError: 'async_generator' object has no attribute 'get_real_time_data'

tests\test_data_feed_manager.py:117: AttributeError
___________ TestDataFeedManager.test_circuit_breaker_functionality ____________

self = <tests.test_data_feed_manager.TestDataFeedManager object at 0x000001E6DAE51BA0>
data_feed_manager = <async_generator object TestDataFeedManager.data_feed_manager at 0x000001E6DE67A400>

    @pytest.mark.asyncio
    async def test_circuit_breaker_functionality(self, data_feed_manager):
        """Test circuit breaker activates after threshold failures"""
        manager = data_feed_manager
    
        # Simulate multiple failures to trigger circuit breaker
>       for _ in range(manager.circuit_breaker_threshold):
                       ^^^^^^^^^^^^^^^^^^^^^^^^^^^^^^^^^
E       AttributeError: 'async_generator' object has no attribute 'circuit_breaker_threshold'

tests\test_data_feed_manager.py:136: AttributeError
__________________ TestDataFeedManager.test_timeout_handling __________________

self = <tests.test_data_feed_manager.TestDataFeedManager object at 0x000001E6DAE51940>
data_feed_manager = <async_generator object TestDataFeedManager.data_feed_manager at 0x000001E6DAD8C110>

    @pytest.mark.asyncio
    async def test_timeout_handling(self, data_feed_manager):
        """Test that providers timing out >3s are considered failures"""
        manager = data_feed_manager
    
        # Mock a slow provider (>3s response)
        async def slow_provider_response(*args, **kwargs):
            await asyncio.sleep(4)  # 4 second delay
            return None
    
        with patch.object(YahooFinanceProvider, 'get_real_time_data', side_effect=slow_provider_response):
            start_time = time.time()
>           data = await manager.get_real_time_data("AAPL", AssetClass.STOCK)
                         ^^^^^^^^^^^^^^^^^^^^^^^^^^
E           AttributeError: 'async_generator' object has no attribute 'get_real_time_data'

tests\test_data_feed_manager.py:165: AttributeError
_______ TestDataFeedManager.test_data_normalization_and_kafka_streaming _______

self = <tests.test_data_feed_manager.TestDataFeedManager object at 0x000001E6DAED1250>
data_feed_manager = <async_generator object TestDataFeedManager.data_feed_manager at 0x000001E6DE89FAC0>
sample_market_data = MarketDataPoint(symbol='AAPL', timestamp=datetime.datetime(2025, 9, 13, 0, 16, 34, 504394), open=150.0, high=152.0, lo...AssetClass.STOCK: 'stock'>, provider=<DataProvider.YAHOO_FINANCE: 'yahoo_finance'>, data_type='real_time', metadata={})

    @pytest.mark.asyncio
    async def test_data_normalization_and_kafka_streaming(self, data_feed_manager, sample_market_data):
        """Test data normalization and Kafka streaming"""
        manager = data_feed_manager
    
        # Test Kafka streaming
>       await manager._stream_to_kafka(sample_market_data, "real_time_data")
              ^^^^^^^^^^^^^^^^^^^^^^^^
E       AttributeError: 'async_generator' object has no attribute '_stream_to_kafka'

tests\test_data_feed_manager.py:179: AttributeError
_____________ TestDataFeedManager.test_multi_asset_class_support ______________

self = <tests.test_data_feed_manager.TestDataFeedManager object at 0x000001E6DAE886B0>
data_feed_manager = <async_generator object TestDataFeedManager.data_feed_manager at 0x000001E6DE8E7440>

    @pytest.mark.asyncio
    async def test_multi_asset_class_support(self, data_feed_manager):
        """Test support for multiple asset classes"""
        manager = data_feed_manager
    
        # Test different asset classes have appropriate provider chains
        test_cases = [
            (AssetClass.STOCK, [DataProvider.YAHOO_FINANCE, DataProvider.ALPHA_VANTAGE]),
            (AssetClass.ETF, [DataProvider.YAHOO_FINANCE, DataProvider.ALPHA_VANTAGE]),
            (AssetClass.FOREX, [DataProvider.YAHOO_FINANCE, DataProvider.OANDA]),
            (AssetClass.CRYPTO, [DataProvider.YAHOO_FINANCE, DataProvider.ALPHA_VANTAGE]),
            (AssetClass.OPTION, [DataProvider.CBOE, DataProvider.SPIDERROCK]),
            (AssetClass.FUTURE, [DataProvider.CME_GROUP, DataProvider.BARCHART])
        ]
    
        for asset_class, expected_providers in test_cases:
>           chain = manager.asset_provider_chains.get(asset_class, [])
                    ^^^^^^^^^^^^^^^^^^^^^^^^^^^^^
E           AttributeError: 'async_generator' object has no attribute 'asset_provider_chains'

tests\test_data_feed_manager.py:218: AttributeError
______________ TestDataFeedManager.test_historical_data_fallback ______________

self = <tests.test_data_feed_manager.TestDataFeedManager object at 0x000001E6DAE889E0>
data_feed_manager = <async_generator object TestDataFeedManager.data_feed_manager at 0x000001E6DE5C5560>

    @pytest.mark.asyncio
    async def test_historical_data_fallback(self, data_feed_manager):
        """Test historical data retrieval with fallback"""
        manager = data_feed_manager
    
        start_date = datetime.now() - timedelta(days=30)
        end_date = datetime.now()
    
        # Mock Yahoo Finance to fail
        with patch.object(YahooFinanceProvider, 'get_historical_data') as mock_yahoo:
            mock_yahoo.side_effect = Exception("Yahoo Finance historical API error")
    
            # Mock Alpha Vantage to succeed
            with patch.object(AlphaVantageProvider, 'get_historical_data') as mock_alpha:
                mock_alpha.return_value = [
                    MarketDataPoint(
                        symbol="AAPL",
                        timestamp=datetime.now() - timedelta(days=i),
                        open=150.0 + i,
                        high=152.0 + i,
                        low=149.0 + i,
                        close=151.0 + i,
                        volume=1000000,
                        asset_class=AssetClass.STOCK,
                        provider=DataProvider.ALPHA_VANTAGE,
                        data_type="historical"
                    ) for i in range(5)
                ]
    
                # Test historical data fallback
>               data = await manager.get_historical_data(
                             ^^^^^^^^^^^^^^^^^^^^^^^^^^^
                    "AAPL", AssetClass.STOCK, start_date, end_date
                )
E               AttributeError: 'async_generator' object has no attribute 'get_historical_data'

tests\test_data_feed_manager.py:261: AttributeError
_______________ TestDataFeedManager.test_provider_health_status _______________

self = <tests.test_data_feed_manager.TestDataFeedManager object at 0x000001E6DAE39350>
data_feed_manager = <async_generator object TestDataFeedManager.data_feed_manager at 0x000001E6DE93A810>

    @pytest.mark.asyncio
    async def test_provider_health_status(self, data_feed_manager):
        """Test provider health status reporting"""
        manager = data_feed_manager
    
        # Record some failures
>       manager._record_provider_failure(DataProvider.YAHOO_FINANCE)
        ^^^^^^^^^^^^^^^^^^^^^^^^^^^^^^^^
E       AttributeError: 'async_generator' object has no attribute '_record_provider_failure'

tests\test_data_feed_manager.py:277: AttributeError
_______________ TestDataFeedManager.test_performance_benchmarks _______________

self = <tests.test_data_feed_manager.TestDataFeedManager object at 0x000001E6DAE39650>
data_feed_manager = <async_generator object TestDataFeedManager.data_feed_manager at 0x000001E6DEBDAC20>

    @pytest.mark.asyncio
    async def test_performance_benchmarks(self, data_feed_manager):
        """Test performance benchmarks for data retrieval"""
        manager = data_feed_manager
    
        # Mock successful provider response
        mock_data = MarketDataPoint(
            symbol="AAPL",
            timestamp=datetime.now(),
            open=150.0,
            high=152.0,
            low=149.0,
            close=151.0,
            volume=1000000,
            asset_class=AssetClass.STOCK,
            provider=DataProvider.YAHOO_FINANCE,
            data_type="real_time"
        )
    
        with patch.object(YahooFinanceProvider, 'get_real_time_data', return_value=mock_data):
            # Test multiple requests to measure average performance
            latencies = []
    
            for _ in range(10):
                start_time = time.time()
>               data = await manager.get_real_time_data("AAPL", AssetClass.STOCK)
                             ^^^^^^^^^^^^^^^^^^^^^^^^^^
E               AttributeError: 'async_generator' object has no attribute 'get_real_time_data'

tests\test_data_feed_manager.py:325: AttributeError
________________ TestDataFeedManager.test_concurrent_requests _________________

self = <tests.test_data_feed_manager.TestDataFeedManager object at 0x000001E6DAC8B6B0>
data_feed_manager = <async_generator object TestDataFeedManager.data_feed_manager at 0x000001E6DE923D30>

    @pytest.mark.asyncio
    async def test_concurrent_requests(self, data_feed_manager):
        """Test handling of concurrent data requests"""
        manager = data_feed_manager
    
        # Mock successful provider response
        mock_data = MarketDataPoint(
            symbol="AAPL",
            timestamp=datetime.now(),
            open=150.0,
            high=152.0,
            low=149.0,
            close=151.0,
            volume=1000000,
            asset_class=AssetClass.STOCK,
            provider=DataProvider.YAHOO_FINANCE,
            data_type="real_time"
        )
    
        with patch.object(YahooFinanceProvider, 'get_real_time_data', return_value=mock_data):
            # Create concurrent requests
            symbols = ["AAPL", "GOOGL", "MSFT", "TSLA", "AMZN"]
    
            start_time = time.time()
    
            tasks = [
>               manager.get_real_time_data(symbol, AssetClass.STOCK)
                ^^^^^^^^^^^^^^^^^^^^^^^^^^
                for symbol in symbols
            ]
E           AttributeError: 'async_generator' object has no attribute 'get_real_time_data'

tests\test_data_feed_manager.py:366: AttributeError
______________________ TestDataFeeds.test_fallback_logic ______________________

self = <tests.test_data_feeds.TestDataFeeds testMethod=test_fallback_logic>

    def test_fallback_logic(self):
        """Test fallback logic when primary source fails"""
        with patch.object(self.manager, '_fetch_yahoo_finance') as mock_yahoo, \
             patch.object(self.manager, '_fetch_alpha_vantage') as mock_alpha:
    
            # Make Yahoo Finance fail
            mock_yahoo.side_effect = Exception("Yahoo Finance unavailable")
    
            # Make Alpha Vantage succeed
            mock_alpha.return_value = DataResponse(
                data=pd.DataFrame({'close': [100, 101, 102]}),
                source=DataSource.ALPHA_VANTAGE,
                ticker="AAPL",
                asset_class=AssetClass.STOCK,
                metadata={},
                timestamp=1234567890,
                success=True
            )
    
            response = self.manager.get_data("AAPL", asset_class=AssetClass.STOCK)
    
            # Should have fallen back to Alpha Vantage
>           self.assertTrue(response.success)
E           AssertionError: False is not true

tests\test_data_feeds.py:166: AssertionError
------------------------------ Captured log call ------------------------------
ERROR    nautilus_trader_engine.core.data_feeds:data_feeds.py:545 {"source": "yahoo_finance", "error": "Yahoo Finance unavailable", "event": "Error fetching from source", "logger": "nautilus_trader_engine.core.data_feeds", "level": "error", "timestamp": "2025-09-12T23:16:39.779833Z"}
ERROR    nautilus_trader_engine.core.data_feeds:data_feeds.py:545 {"source": "investing_com", "error": "Investing.com integration not yet implemented", "event": "Error fetching from source", "logger": "nautilus_trader_engine.core.data_feeds", "level": "error", "timestamp": "2025-09-12T23:16:39.781715Z"}
ERROR    nautilus_trader_engine.core.data_feeds:data_feeds.py:545 {"source": "cme_group", "error": "CME Group integration not yet implemented", "event": "Error fetching from source", "logger": "nautilus_trader_engine.core.data_feeds", "level": "error", "timestamp": "2025-09-12T23:16:39.782775Z"}
ERROR    nautilus_trader_engine.core.data_feeds:data_feeds.py:545 {"source": "barchart", "error": "Barchart integration not yet implemented", "event": "Error fetching from source", "logger": "nautilus_trader_engine.core.data_feeds", "level": "error", "timestamp": "2025-09-12T23:16:39.783700Z"}
ERROR    nautilus_trader_engine.core.data_feeds:data_feeds.py:545 {"source": "spiderrock", "error": "SpiderRock integration not yet implemented", "event": "Error fetching from source", "logger": "nautilus_trader_engine.core.data_feeds", "level": "error", "timestamp": "2025-09-12T23:16:39.784654Z"}
ERROR    nautilus_trader_engine.core.data_feeds:data_feeds.py:545 {"source": "trading_charts", "error": "TradingCharts integration not yet implemented", "event": "Error fetching from source", "logger": "nautilus_trader_engine.core.data_feeds", "level": "error", "timestamp": "2025-09-12T23:16:39.785583Z"}
ERROR    nautilus_trader_engine.core.data_feeds:data_feeds.py:468 {"ticker": "AAPL", "asset_class": "stock", "last_error": null, "event": "All data sources failed", "logger": "nautilus_trader_engine.core.data_feeds", "level": "error", "timestamp": "2025-09-12T23:16:39.786408Z"}
_____________________________ test_security_setup _____________________________

    def test_security_setup():
        """Test security setup files exist and are properly configured"""
    
        # Check if requirements.txt exists and contains security tools
>       requirements_path = os.path.join(os.path.dirname(__file__), '..', 'nautilus_trader_engine', 'requirements.txt')
                            ^^
E       NameError: name 'os' is not defined. Did you forget to import 'os'?

tests\test_data_feeds.py:174: NameError
___________________ TestTraceDebugger.test_find_slow_traces ___________________

self = <tests.test_distributed_tracing.TestTraceDebugger object at 0x000001E6DAF72C10>
debugger = <nautilus_trader_engine.monitoring.distributed_tracing.TraceDebugger object at 0x000001E6EBC3D7F0>

>   ???
E   assert 0 >= 2
E    +  where 0 = len([])

C:\Users\Vincent_Pereira\Projects\Algo_Trading_Projects\Kilo Code\Algorithmic Trading System\tests\test_distributed_tracing.py:330: AssertionError
----------------------------- Captured log setup ------------------------------
WARNING  nautilus_trader_engine.monitoring.distributed_tracing:distributed_tracing.py:168 OpenTelemetry not available, using custom tracer
__________________ TestTraceDebugger.test_analyze_trace_tree __________________

self = <tests.test_distributed_tracing.TestTraceDebugger object at 0x000001E6DAF72D50>
debugger = <nautilus_trader_engine.monitoring.distributed_tracing.TraceDebugger object at 0x000001E6DE577ED0>

>   ???
E   assert 0.039 == 1000.0

C:\Users\Vincent_Pereira\Projects\Algo_Trading_Projects\Kilo Code\Algorithmic Trading System\tests\test_distributed_tracing.py:361: AssertionError
----------------------------- Captured log setup ------------------------------
WARNING  nautilus_trader_engine.monitoring.distributed_tracing:distributed_tracing.py:168 OpenTelemetry not available, using custom tracer
__________ TestSystemDocumentation.test_documentation_file_structure __________

self = <tests.test_documentation_task_14_1.TestSystemDocumentation testMethod=test_documentation_file_structure>

>   ???
E   AssertionError: 3 != 0 : advanced_rest_api.md missing required sections: ['API Overview', 'Endpoints', 'Examples']

C:\Users\Vincent_Pereira\Projects\Algo_Trading_Projects\Kilo Code\Algorithmic Trading System\tests\test_documentation_task_14_1.py:159: AssertionError
_________ TestSystemDocumentation.test_documentation_markdown_syntax __________

self = <tests.test_documentation_task_14_1.TestSystemDocumentation testMethod=test_documentation_markdown_syntax>

>   ???
E   AssertionError: Regex didn't match: '#+ .+' not found in '' : visualization_systems.md should have at least one header

C:\Users\Vincent_Pereira\Projects\Algo_Trading_Projects\Kilo Code\Algorithmic Trading System\tests\test_documentation_task_14_1.py:171: AssertionError
_________ TestAnomalyDetectors.test_statistical_detector_normal_data __________

self = <tests.test_intelligent_alerting.TestAnomalyDetectors object at 0x000001E6DB4976F0>

>   ???
E   assert np.False_ is False

C:\Users\Vincent_Pereira\Projects\Algo_Trading_Projects\Kilo Code\Algorithmic Trading System\tests\test_intelligent_alerting.py:81: AssertionError
________ TestAnomalyDetectors.test_statistical_detector_anomalous_data ________

self = <tests.test_intelligent_alerting.TestAnomalyDetectors object at 0x000001E6DB55CEF0>

>   ???
E   assert False is True

C:\Users\Vincent_Pereira\Projects\Algo_Trading_Projects\Kilo Code\Algorithmic Trading System\tests\test_intelligent_alerting.py:92: AssertionError
____________ TestAnomalyDetectors.test_trend_detector_strong_trend ____________

self = <tests.test_intelligent_alerting.TestAnomalyDetectors object at 0x000001E6DB3FBBD0>

>   ???
E   assert np.True_ is True

C:\Users\Vincent_Pereira\Projects\Algo_Trading_Projects\Kilo Code\Algorithmic Trading System\tests\test_intelligent_alerting.py:111: AssertionError
________________ TestAlertEvaluator.test_evaluate_anomaly_rule ________________

self = <tests.test_intelligent_alerting.TestAlertEvaluator object at 0x000001E6DB497820>
evaluator = <nautilus_trader_engine.monitoring.intelligent_alerting.AlertEvaluator object at 0x000001E6DEB62060>
anomaly_rule = AlertRule(rule_id='anomaly_rule', name='Anomaly Rule', description='Test anomaly rule', metric_name='test_metric', con...eated_at=datetime.datetime(2025, 9, 13, 0, 16, 43, 34075), updated_at=datetime.datetime(2025, 9, 13, 0, 16, 43, 34079))

>   ???
E   assert None is not None

C:\Users\Vincent_Pereira\Projects\Algo_Trading_Projects\Kilo Code\Algorithmic Trading System\tests\test_intelligent_alerting.py:185: AssertionError
____________________ TestMarketDataAPI.test_get_providers _____________________

self = <tests.test_market_data_api.TestMarketDataAPI object at 0x000001E6DB58A490>
mock_validate = <MagicMock name='validate_provider_credentials' id='2091309110272'>
mock_get_config = <MagicMock name='get_provider_config' id='2091309119344'>
mock_get_available = <MagicMock name='get_available_providers' id='2091309116656'>

    @patch('market_data_service.api.get_available_providers')
    @patch('market_data_service.api.get_provider_config')
    @patch('market_data_service.api.validate_provider_credentials')
    def test_get_providers(self, mock_validate, mock_get_config, mock_get_available):
        """Test get providers endpoint"""
        # Mock provider configuration
>       mock_config = ProviderConfig(
            name="yahoo_finance",
            display_name="Yahoo Finance",
            tier=ProviderTier.PRIMARY,
            api_key_required=False,
            supported_exchanges=["NYSE", "NASDAQ"],
            supported_countries=["US"],
            data_quality_score=0.85,
            free_tier_available=True
        )
E       TypeError: ProviderConfig.__init__() missing 4 required positional arguments: 'api_key', 'endpoints', 'limits', and 'features'

tests\test_market_data_api.py:73: TypeError
_________________ TestMarketDataAPI.test_get_provider_health __________________

self = <tests.test_market_data_api.TestMarketDataAPI object at 0x000001E6DB5863F0>
mock_get_manager = <AsyncMock name='get_manager' id='2091309582048'>

    @patch('market_data_service.api.get_manager')
    def test_get_provider_health(self, mock_get_manager):
        """Test provider health status endpoint"""
        # Mock health status
        mock_health = {
            "timestamp": datetime.now().isoformat(),
            "providers": {
                "yahoo_finance": {
                    "status": "healthy",
                    "last_success": datetime.now().isoformat(),
                    "failure_count": 0,
                    "response_time_ms": 150.5
                }
            },
            "circuit_breakers": {
                "yahoo_finance": {
                    "active": False,
                    "failure_threshold": 5,
                    "current_failures": 0
                }
            }
        }
    
        self.mock_manager.get_provider_health_status = AsyncMock(return_value=mock_health)
        mock_get_manager.return_value = self.mock_manager
    
        response = self.client.get("/providers/health")
>       assert response.status_code == 200
E       assert 503 == 200
E        +  where 503 = <Response [503 Service Unavailable]>.status_code

tests\test_market_data_api.py:125: AssertionError
______________ TestMarketDataAPI.test_get_real_time_data_success ______________

self = <tests.test_market_data_api.TestMarketDataAPI object at 0x000001E6DB5815B0>
mock_get_manager = <AsyncMock name='get_manager' id='2091309120688'>

    @patch('market_data_service.api.get_manager')
    def test_get_real_time_data_success(self, mock_get_manager):
        """Test successful real-time data retrieval"""
        self.mock_manager.get_real_time_data = AsyncMock(return_value=self.mock_data_point)
        mock_get_manager.return_value = self.mock_manager
    
        response = self.client.get(
            f"/data/real-time/{self.test_symbol}?asset_class={self.test_asset_class.value}"
        )
>       assert response.status_code == 200
E       assert 503 == 200
E        +  where 503 = <Response [503 Service Unavailable]>.status_code

tests\test_market_data_api.py:156: AssertionError
_____________ TestMarketDataAPI.test_get_real_time_data_not_found _____________

self = <tests.test_market_data_api.TestMarketDataAPI object at 0x000001E6DB4DA250>
mock_get_manager = <AsyncMock name='get_manager' id='2091309119344'>

    @patch('market_data_service.api.get_manager')
    def test_get_real_time_data_not_found(self, mock_get_manager):
        """Test real-time data retrieval when no data available"""
        self.mock_manager.get_real_time_data = AsyncMock(return_value=None)
        mock_get_manager.return_value = self.mock_manager
    
        response = self.client.get(
            f"/data/real-time/INVALID?asset_class={self.test_asset_class.value}"
        )
>       assert response.status_code == 404
E       assert 503 == 404
E        +  where 503 = <Response [503 Service Unavailable]>.status_code

tests\test_market_data_api.py:174: AssertionError
_________________ TestMarketDataAPI.test_get_historical_data __________________

self = <tests.test_market_data_api.TestMarketDataAPI object at 0x000001E6DB4DA360>
mock_get_manager = <AsyncMock name='get_manager' id='2091309107920'>

    @patch('market_data_service.api.get_manager')
    def test_get_historical_data(self, mock_get_manager):
        """Test historical data retrieval"""
        # Create multiple data points for historical data
        historical_data = [
            MarketDataPoint(
                symbol=self.test_symbol,
                timestamp=datetime.now() - timedelta(days=i),
                open=150.0 + i,
                high=155.0 + i,
                low=149.0 + i,
                close=154.0 + i,
                volume=1000000 + i * 10000,
                asset_class=self.test_asset_class,
                provider=DataProvider.YAHOO_FINANCE,
                data_type=DataType.HISTORICAL,
                metadata={"exchange": "NASDAQ"}
            )
            for i in range(5)
        ]
    
        self.mock_manager.get_historical_data = AsyncMock(return_value=historical_data)
        mock_get_manager.return_value = self.mock_manager
    
        request_data = {
            "symbol": self.test_symbol,
            "asset_class": self.test_asset_class.value,
            "start_date": (datetime.now() - timedelta(days=7)).isoformat(),
            "end_date": datetime.now().isoformat(),
            "interval": "1d"
        }
    
        response = self.client.post("/data/historical", json=request_data)
>       assert response.status_code == 200
E       assert 503 == 200
E        +  where 503 = <Response [503 Service Unavailable]>.status_code

tests\test_market_data_api.py:212: AssertionError
_______________ TestMarketDataAPI.test_get_bulk_data_real_time ________________

self = <tests.test_market_data_api.TestMarketDataAPI object at 0x000001E6DB4D2A50>
mock_get_manager = <AsyncMock name='get_manager' id='2091309583056'>

    @patch('market_data_service.api.get_manager')
    def test_get_bulk_data_real_time(self, mock_get_manager):
        """Test bulk real-time data retrieval"""
        symbols = ["AAPL", "GOOGL", "MSFT"]
    
        # Mock data for each symbol
        mock_data_points = {
            symbol: MarketDataPoint(
                symbol=symbol,
                timestamp=datetime.now(),
                open=150.0,
                high=155.0,
                low=149.0,
                close=154.0,
                volume=1000000,
                asset_class=self.test_asset_class,
                provider=DataProvider.YAHOO_FINANCE,
                data_type=DataType.REAL_TIME,
                metadata={"exchange": "NASDAQ"}
            )
            for symbol in symbols
        }
    
        async def mock_get_real_time(symbol, asset_class):
            return mock_data_points.get(symbol)
    
        self.mock_manager.get_real_time_data = mock_get_real_time
        mock_get_manager.return_value = self.mock_manager
    
        request_data = {
            "symbols": symbols,
            "asset_class": self.test_asset_class.value,
            "data_type": "real_time"
        }
    
        response = self.client.post("/data/bulk", json=request_data)
>       assert response.status_code == 200
E       assert 503 == 200
E        +  where 503 = <Response [503 Service Unavailable]>.status_code

tests\test_market_data_api.py:255: AssertionError
____________________ TestMarketDataAPI.test_test_provider _____________________

self = <tests.test_market_data_api.TestMarketDataAPI object at 0x000001E6DB4D2B50>
mock_get_manager = <AsyncMock name='get_manager' id='2091309587424'>

    @patch('market_data_service.api.get_manager')
    def test_test_provider(self, mock_get_manager):
        """Test provider testing endpoint"""
        provider_name = "yahoo_finance"
    
        # Mock provider with context manager support
        mock_provider = AsyncMock()
        mock_provider.__aenter__ = AsyncMock(return_value=mock_provider)
        mock_provider.__aexit__ = AsyncMock(return_value=None)
        mock_provider.get_real_time_data = AsyncMock(return_value=self.mock_data_point)
    
        self.mock_manager.providers = {provider_name: mock_provider}
        mock_get_manager.return_value = self.mock_manager
    
        response = self.client.post(f"/providers/test/{provider_name}")
>       assert response.status_code == 200
E       assert 503 == 200
E        +  where 503 = <Response [503 Service Unavailable]>.status_code

tests\test_market_data_api.py:279: AssertionError
_________________ TestMarketDataAPI.test_get_service_metrics __________________

self = <tests.test_market_data_api.TestMarketDataAPI object at 0x000001E6DB4C56D0>
mock_get_manager = <AsyncMock name='get_manager' id='2091309584064'>

    @patch('market_data_service.api.get_manager')
    def test_get_service_metrics(self, mock_get_manager):
        """Test service metrics endpoint"""
        # Mock Kafka producer metrics
        mock_kafka_producer = Mock()
        mock_kafka_producer.get_metrics.return_value = {
            "messages_sent": 1000,
            "messages_failed": 5,
            "avg_latency_ms": 2.5,
            "throughput_per_sec": 500.0
        }
    
        self.mock_manager.kafka_producer = mock_kafka_producer
        self.mock_manager.failure_counts = {
            DataProvider.YAHOO_FINANCE: 2,
            DataProvider.ALPHA_VANTAGE: 0
        }
        self.mock_manager.circuit_breaker_threshold = 5
        self.mock_manager.providers = {"yahoo_finance": Mock(), "alpha_vantage": Mock()}
    
        mock_get_manager.return_value = self.mock_manager
    
        response = self.client.get("/metrics")
>       assert response.status_code == 200
E       assert 503 == 200
E        +  where 503 = <Response [503 Service Unavailable]>.status_code

tests\test_market_data_api.py:311: AssertionError
_________________ TestMarketDataAPI.test_invalid_asset_class __________________

self = <tests.test_market_data_api.TestMarketDataAPI object at 0x000001E6DB4C59A0>

    def test_invalid_asset_class(self):
        """Test handling of invalid asset class"""
        response = self.client.get("/data/real-time/AAPL?asset_class=INVALID")
>       assert response.status_code == 422  # Validation error
        ^^^^^^^^^^^^^^^^^^^^^^^^^^^^^^^^^^
E       assert 503 == 422
E        +  where 503 = <Response [503 Service Unavailable]>.status_code

tests\test_market_data_api.py:323: AssertionError
_____________ TestMarketDataAPI.test_missing_required_parameters ______________

self = <tests.test_market_data_api.TestMarketDataAPI object at 0x000001E6DB5DB690>

    def test_missing_required_parameters(self):
        """Test handling of missing required parameters"""
        # Missing asset_class parameter
        response = self.client.get("/data/real-time/AAPL")
>       assert response.status_code == 422
E       assert 503 == 422
E        +  where 503 = <Response [503 Service Unavailable]>.status_code

tests\test_market_data_api.py:329: AssertionError
__________ TestMarketDataAPI.test_bulk_data_historical_missing_dates __________

self = <tests.test_market_data_api.TestMarketDataAPI object at 0x000001E6DB5DB930>
mock_get_manager = <AsyncMock name='get_manager' id='2091293526736'>

    @patch('market_data_service.api.get_manager')
    def test_bulk_data_historical_missing_dates(self, mock_get_manager):
        """Test bulk historical data request without required dates"""
        mock_get_manager.return_value = self.mock_manager
    
        request_data = {
            "symbols": ["AAPL"],
            "asset_class": self.test_asset_class.value,
            "data_type": "historical"
            # Missing start_date and end_date
        }
    
        response = self.client.post("/data/bulk", json=request_data)
>       assert response.status_code == 400
E       assert 503 == 400
E        +  where 503 = <Response [503 Service Unavailable]>.status_code

tests\test_market_data_api.py:348: AssertionError
________________ TestMarketDataAPI.test_bulk_data_invalid_type ________________

self = <tests.test_market_data_api.TestMarketDataAPI object at 0x000001E6DB54E410>
mock_get_manager = <AsyncMock name='get_manager' id='2091293527744'>

    @patch('market_data_service.api.get_manager')
    def test_bulk_data_invalid_type(self, mock_get_manager):
        """Test bulk data request with invalid data type"""
        mock_get_manager.return_value = self.mock_manager
    
        request_data = {
            "symbols": ["AAPL"],
            "asset_class": self.test_asset_class.value,
            "data_type": "invalid_type"
        }
    
        response = self.client.post("/data/bulk", json=request_data)
>       assert response.status_code == 400
E       assert 503 == 400
E        +  where 503 = <Response [503 Service Unavailable]>.status_code

tests\test_market_data_api.py:363: AssertionError
______ TestMarketDataAPIPerformance.test_concurrent_requests_performance ______

self = <tests.test_market_data_api.TestMarketDataAPIPerformance object at 0x000001E6DB58A5D0>
mock_get_manager = <AsyncMock name='get_manager' id='2091293528416'>

    @pytest.mark.asyncio
    @patch('market_data_service.api.get_manager')
    async def test_concurrent_requests_performance(self, mock_get_manager):
        """Test API performance under concurrent load"""
        mock_manager = Mock(spec=DataFeedManager)
        mock_data_point = MarketDataPoint(
            symbol="AAPL",
            timestamp=datetime.now(),
            open=150.0,
            high=155.0,
            low=149.0,
            close=154.0,
            volume=1000000,
            asset_class=AssetClass.STOCK,
            provider=DataProvider.YAHOO_FINANCE,
            data_type=DataType.REAL_TIME,
            metadata={}
        )
    
        mock_manager.get_real_time_data = AsyncMock(return_value=mock_data_point)
        mock_get_manager.return_value = mock_manager
    
        # Test concurrent requests
        num_requests = 50
        start_time = datetime.now()
    
>       async with AsyncClient(app=app, base_url="http://test") as ac:
                   ^^^^^^^^^^^^^^^^^^^^^^^^^^^^^^^^^^^^^^^^^^^^
E       TypeError: AsyncClient.__init__() got an unexpected keyword argument 'app'

tests\test_market_data_api.py:399: TypeError
_________ TestMarketDataAPIPerformance.test_bulk_request_performance __________

self = <tests.test_market_data_api.TestMarketDataAPIPerformance object at 0x000001E6DB58A710>
mock_get_manager = <AsyncMock name='get_manager' id='2091293530096'>

    @pytest.mark.asyncio
    @patch('market_data_service.api.get_manager')
    async def test_bulk_request_performance(self, mock_get_manager):
        """Test bulk request performance"""
        mock_manager = Mock(spec=DataFeedManager)
    
        # Mock bulk data response
        async def mock_get_real_time(symbol, asset_class):
            return MarketDataPoint(
                symbol=symbol,
                timestamp=datetime.now(),
                open=150.0,
                high=155.0,
                low=149.0,
                close=154.0,
                volume=1000000,
                asset_class=asset_class,
                provider=DataProvider.YAHOO_FINANCE,
                data_type=DataType.REAL_TIME,
                metadata={}
            )
    
        mock_manager.get_real_time_data = mock_get_real_time
        mock_get_manager.return_value = mock_manager
    
        # Test bulk request with many symbols
        symbols = [f"SYMBOL{i:03d}" for i in range(100)]
    
        request_data = {
            "symbols": symbols,
            "asset_class": AssetClass.STOCK.value,
            "data_type": "real_time"
        }
    
        start_time = datetime.now()
    
>       async with AsyncClient(app=app, base_url="http://test") as ac:
                   ^^^^^^^^^^^^^^^^^^^^^^^^^^^^^^^^^^^^^^^^^^^^
E       TypeError: AsyncClient.__init__() got an unexpected keyword argument 'app'

tests\test_market_data_api.py:463: TypeError
_________ TestBusinessMetricsCollector.test_collect_portfolio_metrics _________

self = <tests.test_metrics_collection.TestBusinessMetricsCollector object at 0x000001E6DB58AFD0>
business_collector = <nautilus_trader_engine.monitoring.metrics_collection.BusinessMetricsCollector object at 0x000001E6EAD14410>

>   ???
E   assert 0 == 1
E    +  where 0 = len(deque([]))

C:\Users\Vincent_Pereira\Projects\Algo_Trading_Projects\Kilo Code\Algorithmic Trading System\tests\test_metrics_collection.py:236: AssertionError
------------------------------ Captured log call ------------------------------
WARNING  nautilus_trader_engine.monitoring.metrics_collection:metrics_collection.py:126 Metric trading.pnl.total not registered, skipping collection
_______________________ test_order_submission_pipeline ________________________

    @contextlib.contextmanager
    def map_httpcore_exceptions() -> typing.Iterator[None]:
        global HTTPCORE_EXC_MAP
        if len(HTTPCORE_EXC_MAP) == 0:
            HTTPCORE_EXC_MAP = _load_httpcore_exceptions()
        try:
>           yield

..\..\..\..\AppData\Roaming\Python\Python313\site-packages\httpx\_transports\default.py:101: 
_ _ _ _ _ _ _ _ _ _ _ _ _ _ _ _ _ _ _ _ _ _ _ _ _ _ _ _ _ _ _ _ _ _ _ _ _ _ _ _
..\..\..\..\AppData\Roaming\Python\Python313\site-packages\httpx\_transports\default.py:394: in handle_async_request
    resp = await self._pool.handle_async_request(req)
           ^^^^^^^^^^^^^^^^^^^^^^^^^^^^^^^^^^^^^^^^^^
..\..\..\..\AppData\Roaming\Python\Python313\site-packages\httpcore\_async\connection_pool.py:256: in handle_async_request
    raise exc from None
..\..\..\..\AppData\Roaming\Python\Python313\site-packages\httpcore\_async\connection_pool.py:236: in handle_async_request
    response = await connection.handle_async_request(
..\..\..\..\AppData\Roaming\Python\Python313\site-packages\httpcore\_async\connection.py:101: in handle_async_request
    raise exc
..\..\..\..\AppData\Roaming\Python\Python313\site-packages\httpcore\_async\connection.py:78: in handle_async_request
    stream = await self._connect(request)
             ^^^^^^^^^^^^^^^^^^^^^^^^^^^^
..\..\..\..\AppData\Roaming\Python\Python313\site-packages\httpcore\_async\connection.py:124: in _connect
    stream = await self._network_backend.connect_tcp(**kwargs)
             ^^^^^^^^^^^^^^^^^^^^^^^^^^^^^^^^^^^^^^^^^^^^^^^^^
..\..\..\..\AppData\Roaming\Python\Python313\site-packages\httpcore\_backends\auto.py:31: in connect_tcp
    return await self._backend.connect_tcp(
..\..\..\..\AppData\Roaming\Python\Python313\site-packages\httpcore\_backends\anyio.py:113: in connect_tcp
    with map_exceptions(exc_map):
         ^^^^^^^^^^^^^^^^^^^^^^^
C:\Program Files\Python313\Lib\contextlib.py:162: in __exit__
    self.gen.throw(value)
_ _ _ _ _ _ _ _ _ _ _ _ _ _ _ _ _ _ _ _ _ _ _ _ _ _ _ _ _ _ _ _ _ _ _ _ _ _ _ _

map = {<class 'TimeoutError'>: <class 'httpcore.ConnectTimeout'>, <class 'OSError'>: <class 'httpcore.ConnectError'>, <class 'anyio.BrokenResourceError'>: <class 'httpcore.ConnectError'>}

    @contextlib.contextmanager
    def map_exceptions(map: ExceptionMapping) -> typing.Iterator[None]:
        try:
            yield
        except Exception as exc:  # noqa: PIE786
            for from_exc, to_exc in map.items():
                if isinstance(exc, from_exc):
>                   raise to_exc(exc) from exc
E                   httpcore.ConnectError: All connection attempts failed

..\..\..\..\AppData\Roaming\Python\Python313\site-packages\httpcore\_exceptions.py:14: ConnectError

The above exception was the direct cause of the following exception:

kafka_consumer = <async_generator object kafka_consumer at 0x000001E6EACFB880>

    @pytest.mark.asyncio
    async def test_order_submission_pipeline(kafka_consumer):
        # 1. Send an order request to the API
        order_data = {
            "symbol": {"symbol": "TEST", "exchange": "NASDAQ", "asset_class": "STK"},
            "order_type": "MARKET",
            "side": "BUY",
            "quantity": 10.0,
            "price": None,
            "stop_price": None,
            "time_in_force": "DAY"
        }
        headers = {"Authorization": "Bearer demo_token"}
    
        async with httpx.AsyncClient() as client:
>           response = await client.post(f"{API_URL}/api/v1/orders", json=order_data, headers=headers)
                       ^^^^^^^^^^^^^^^^^^^^^^^^^^^^^^^^^^^^^^^^^^^^^^^^^^^^^^^^^^^^^^^^^^^^^^^^^^^^^^^

tests\test_order_pipeline.py:42: 
_ _ _ _ _ _ _ _ _ _ _ _ _ _ _ _ _ _ _ _ _ _ _ _ _ _ _ _ _ _ _ _ _ _ _ _ _ _ _ _
..\..\..\..\AppData\Roaming\Python\Python313\site-packages\httpx\_client.py:1859: in post
    return await self.request(
..\..\..\..\AppData\Roaming\Python\Python313\site-packages\httpx\_client.py:1540: in request
    return await self.send(request, auth=auth, follow_redirects=follow_redirects)
           ^^^^^^^^^^^^^^^^^^^^^^^^^^^^^^^^^^^^^^^^^^^^^^^^^^^^^^^^^^^^^^^^^^^^^^
..\..\..\..\AppData\Roaming\Python\Python313\site-packages\httpx\_client.py:1629: in send
    response = await self._send_handling_auth(
..\..\..\..\AppData\Roaming\Python\Python313\site-packages\httpx\_client.py:1657: in _send_handling_auth
    response = await self._send_handling_redirects(
..\..\..\..\AppData\Roaming\Python\Python313\site-packages\httpx\_client.py:1694: in _send_handling_redirects
    response = await self._send_single_request(request)
               ^^^^^^^^^^^^^^^^^^^^^^^^^^^^^^^^^^^^^^^^
..\..\..\..\AppData\Roaming\Python\Python313\site-packages\httpx\_client.py:1730: in _send_single_request
    response = await transport.handle_async_request(request)
               ^^^^^^^^^^^^^^^^^^^^^^^^^^^^^^^^^^^^^^^^^^^^^
..\..\..\..\AppData\Roaming\Python\Python313\site-packages\httpx\_transports\default.py:393: in handle_async_request
    with map_httpcore_exceptions():
         ^^^^^^^^^^^^^^^^^^^^^^^^^
C:\Program Files\Python313\Lib\contextlib.py:162: in __exit__
    self.gen.throw(value)
_ _ _ _ _ _ _ _ _ _ _ _ _ _ _ _ _ _ _ _ _ _ _ _ _ _ _ _ _ _ _ _ _ _ _ _ _ _ _ _

    @contextlib.contextmanager
    def map_httpcore_exceptions() -> typing.Iterator[None]:
        global HTTPCORE_EXC_MAP
        if len(HTTPCORE_EXC_MAP) == 0:
            HTTPCORE_EXC_MAP = _load_httpcore_exceptions()
        try:
            yield
        except Exception as exc:
            mapped_exc = None
    
            for from_exc, to_exc in HTTPCORE_EXC_MAP.items():
                if not isinstance(exc, from_exc):
                    continue
                # We want to map to the most specific exception we can find.
                # Eg if `exc` is an `httpcore.ReadTimeout`, we want to map to
                # `httpx.ReadTimeout`, not just `httpx.TimeoutException`.
                if mapped_exc is None or issubclass(to_exc, mapped_exc):
                    mapped_exc = to_exc
    
            if mapped_exc is None:  # pragma: no cover
                raise
    
            message = str(exc)
>           raise mapped_exc(message) from exc
E           httpx.ConnectError: All connection attempts failed

..\..\..\..\AppData\Roaming\Python\Python313\site-packages\httpx\_transports\default.py:118: ConnectError
_____________ TestOptionsMarginCalculator.test_short_call_margin ______________

self = <tests.test_unified_margin_system.TestOptionsMarginCalculator object at 0x000001E6DB7B2850>
calculator = <nautilus_trader_engine.risk.unified_margin_system.OptionsMarginCalculator object at 0x000001E6E63A0690>
short_call_position = Position(symbol='AAPL240315C00160000', asset_class=<AssetClass.OPTION: 'option'>, quantity=-2, current_price=5.0, mark...intenance_margin_rate=0.0, exchange='', currency='USD', last_updated=datetime.datetime(2025, 9, 13, 0, 16, 59, 367935))

>   ???
E   AssertionError: assert 0.0037847248505033684 > 1.0
E    +  where 0.0037847248505033684 = MarginRequirement(position_id='AAPL240315C00160000', margin_type=<MarginType.OPTIONS: 'options'>, required_margin=2201...tions Standard Margin', risk_scenarios={}, offsets={}, calculated_at=datetime.datetime(2025, 9, 13, 0, 16, 59, 370944)).leverage

C:\Users\Vincent_Pereira\Projects\Algo_Trading_Projects\Kilo Code\Algorithmic Trading System\tests\test_unified_margin_system.py:185: AssertionError
___________ TestSPANMarginCalculator.test_span_margin_with_options ____________

self = <tests.test_unified_margin_system.TestSPANMarginCalculator object at 0x000001E6DB7B2AD0>
calculator = <nautilus_trader_engine.risk.unified_margin_system.SPANMarginCalculator object at 0x000001E6E63A0410>

>   ???
E   assert 25787.2 < 23500.0

C:\Users\Vincent_Pereira\Projects\Algo_Trading_Projects\Kilo Code\Algorithmic Trading System\tests\test_unified_margin_system.py:292: AssertionError
_____________ TestTradingDashboard.test_trading_data_provider_pnl _____________

self = <tests.test_visualization_system.TestTradingDashboard object at 0x000001E6DC50D150>
trading_data_provider = <nautilus_trader_engine.visualization.trading_dashboard.TradingDataProvider object at 0x000001E6EBC15FD0>

    @pytest.mark.asyncio
    async def test_trading_data_provider_pnl(self, trading_data_provider):
        """Test trading data provider P&L data"""
        data = await trading_data_provider.get_data("pnl", {"days": 30})
    
>       assert "pnl_data" in data
E       AssertionError: assert 'pnl_data' in {}

tests\test_visualization_system.py:96: AssertionError
------------------------------ Captured log call ------------------------------
ERROR    nautilus_trader_engine.visualization.trading_dashboard:trading_dashboard.py:151 Error getting trading data: The truth value of a DatetimeIndex is ambiguous. Use a.empty, a.bool(), a.item(), a.any() or a.all().
______________ TestDashboardBuilder.test_metric_widget_provider _______________

self = <tests.test_visualization_system.TestDashboardBuilder object at 0x000001E6DC50D6A0>

    @pytest.mark.asyncio
    async def test_metric_widget_provider(self):
        """Test metric widget data provider"""
        provider = MetricWidgetProvider()
    
        widget_config = WidgetConfig(
            widget_id="test_metric",
            widget_type=WidgetType.METRIC,
            title="Portfolio Value",
            position={"x": 0, "y": 0, "w": 4, "h": 2},
            data_source="portfolio.value",
            parameters={'metric_type': 'portfolio_value'}
        )
    
        data = await provider.get_widget_data(widget_config)
    
>       assert "value" in data
E       AssertionError: assert 'value' in {'error': 'Unknown data source: portfolio.value'}

tests\test_visualization_system.py:406: AssertionError
_____________ TestDashboardBuilder.test_dashboard_layout_creation _____________

self = <tests.test_visualization_system.TestDashboardBuilder object at 0x000001E6DC4474D0>

    def test_dashboard_layout_creation(self):
        """Test dashboard layout creation"""
>       layout = DashboardLayout(
            layout_id="test_layout",
            name="Test Layout",
            description="Test layout for unit tests",
            theme="light",
            owner_id="test_user"
        )
E       TypeError: DashboardLayout.__init__() got an unexpected keyword argument 'name'

tests\test_visualization_system.py:449: TypeError
________ TestIntegration.test_dashboard_builder_with_multiple_widgets _________

self = <tests.test_visualization_system.TestIntegration object at 0x000001E6DC4D2350>

    @pytest.mark.asyncio
    async def test_dashboard_builder_with_multiple_widgets(self):
        """Test dashboard builder with multiple widget types"""
>       builder = DashboardBuilder()
                  ^^^^^^^^^^^^^^^^^^
E       TypeError: DashboardBuilder.__init__() missing 1 required positional argument: 'dashboard_system'

tests\test_visualization_system.py:500: TypeError
_____________ TestMobileTradingApp.test_mobile_app_initialization _____________

self = <tests.test_visualization_systems.TestMobileTradingApp object at 0x000001E6DC574EF0>

>   ???

C:\Users\Vincent_Pereira\Projects\Algo_Trading_Projects\Kilo Code\Algorithmic Trading System\tests\test_visualization_systems.py:114: 
_ _ _ _ _ _ _ _ _ _ _ _ _ _ _ _ _ _ _ _ _ _ _ _ _ _ _ _ _ _ _ _ _ _ _ _ _ _ _ _

self = <nautilus_trader_engine.mobile.mobile_trading_app.MobileTradingApp object at 0x000001E6DEED6A50>
host = '127.0.0.1', port = 5555, enable_offline = True

    def __init__(self, host: str = "0.0.0.0", port: int = 5001, enable_offline: bool = True):
        self.host = host
        self.port = port
        self.enable_offline = enable_offline
        self.logger = logging.getLogger(__name__)
    
        if not FLASK_AVAILABLE:
            raise ImportError("Flask and related packages are required for mobile app")
    
        self.app = Flask(__name__)
        self.app.secret_key = 'mobile_trading_secret_key'
>       self.socketio = SocketIO(self.app, cors_allowed_origins="*")
                        ^^^^^^^^
E       NameError: name 'SocketIO' is not defined

nautilus_trader_engine\mobile\mobile_trading_app.py:116: NameError
_______________ TestMobileTradingApp.test_mobile_app_no_offline _______________

self = <tests.test_visualization_systems.TestMobileTradingApp object at 0x000001E6DC50E690>

>   ???

C:\Users\Vincent_Pereira\Projects\Algo_Trading_Projects\Kilo Code\Algorithmic Trading System\tests\test_visualization_systems.py:135: 
_ _ _ _ _ _ _ _ _ _ _ _ _ _ _ _ _ _ _ _ _ _ _ _ _ _ _ _ _ _ _ _ _ _ _ _ _ _ _ _

self = <nautilus_trader_engine.mobile.mobile_trading_app.MobileTradingApp object at 0x000001E6E5229D10>
host = '127.0.0.1', port = 5555, enable_offline = True

    def __init__(self, host: str = "0.0.0.0", port: int = 5001, enable_offline: bool = True):
        self.host = host
        self.port = port
        self.enable_offline = enable_offline
        self.logger = logging.getLogger(__name__)
    
        if not FLASK_AVAILABLE:
            raise ImportError("Flask and related packages are required for mobile app")
    
        self.app = Flask(__name__)
        self.app.secret_key = 'mobile_trading_secret_key'
>       self.socketio = SocketIO(self.app, cors_allowed_origins="*")
                        ^^^^^^^^
E       NameError: name 'SocketIO' is not defined

nautilus_trader_engine\mobile\mobile_trading_app.py:116: NameError
____________ TestMobileTradingApp.test_mobile_app_offline_disabled ____________

self = <tests.test_visualization_systems.TestMobileTradingApp object at 0x000001E6DC4DA850>

>   ???

C:\Users\Vincent_Pereira\Projects\Algo_Trading_Projects\Kilo Code\Algorithmic Trading System\tests\test_visualization_systems.py:143: 
_ _ _ _ _ _ _ _ _ _ _ _ _ _ _ _ _ _ _ _ _ _ _ _ _ _ _ _ _ _ _ _ _ _ _ _ _ _ _ _

self = <nautilus_trader_engine.mobile.mobile_trading_app.MobileTradingApp object at 0x000001E6E392AFD0>
host = '127.0.0.1', port = 5555, enable_offline = False

    def __init__(self, host: str = "0.0.0.0", port: int = 5001, enable_offline: bool = True):
        self.host = host
        self.port = port
        self.enable_offline = enable_offline
        self.logger = logging.getLogger(__name__)
    
        if not FLASK_AVAILABLE:
            raise ImportError("Flask and related packages are required for mobile app")
    
        self.app = Flask(__name__)
        self.app.secret_key = 'mobile_trading_secret_key'
>       self.socketio = SocketIO(self.app, cors_allowed_origins="*")
                        ^^^^^^^^
E       NameError: name 'SocketIO' is not defined

nautilus_trader_engine\mobile\mobile_trading_app.py:116: NameError
_____________ TestMobileComponents.test_mobile_component_creation _____________

self = <tests.test_visualization_systems.TestMobileComponents object at 0x000001E6DC4D3D90>

>   ???
E   AttributeError: 'MobileComponent' object has no attribute 'is_resizable'. Did you mean: 'is_visible'?

C:\Users\Vincent_Pereira\Projects\Algo_Trading_Projects\Kilo Code\Algorithmic Trading System\tests\test_visualization_systems.py:222: AttributeError
____ TestCustomizableDashboardSystem.test_dashboard_system_initialization _____

self = <tests.test_visualization_systems.TestCustomizableDashboardSystem object at 0x000001E6DC577650>

>   ???

C:\Users\Vincent_Pereira\Projects\Algo_Trading_Projects\Kilo Code\Algorithmic Trading System\tests\test_visualization_systems.py:423: 
_ _ _ _ _ _ _ _ _ _ _ _ _ _ _ _ _ _ _ _ _ _ _ _ _ _ _ _ _ _ _ _ _ _ _ _ _ _ _ _

self = <nautilus_trader_engine.visualization.customizable_dashboard.CustomizableDashboardSystem object at 0x000001E6DEE965D0>
host = '127.0.0.1', port = 5556

    def __init__(self, host: str = "0.0.0.0", port: int = 5002):
        self.host = host
        self.port = port
        self.logger = logging.getLogger(__name__)
    
        if not FLASK_AVAILABLE:
            raise ImportError("Flask and related packages are required for dashboard system")
    
>       self.app = Flask(__name__)
                   ^^^^^^^^^^^^^^^
E       TypeError: 'NoneType' object is not callable

nautilus_trader_engine\visualization\customizable_dashboard.py:632: TypeError
____________ TestIntegration.test_mobile_app_dashboard_integration ____________

self = <tests.test_visualization_systems.TestIntegration object at 0x000001E6DC5B8410>

>   ???

C:\Users\Vincent_Pereira\Projects\Algo_Trading_Projects\Kilo Code\Algorithmic Trading System\tests\test_visualization_systems.py:756: 
_ _ _ _ _ _ _ _ _ _ _ _ _ _ _ _ _ _ _ _ _ _ _ _ _ _ _ _ _ _ _ _ _ _ _ _ _ _ _ _

self = <nautilus_trader_engine.mobile.mobile_trading_app.MobileTradingApp object at 0x000001E6DEEC0CB0>
host = '127.0.0.1', port = 5557, enable_offline = True

    def __init__(self, host: str = "0.0.0.0", port: int = 5001, enable_offline: bool = True):
        self.host = host
        self.port = port
        self.enable_offline = enable_offline
        self.logger = logging.getLogger(__name__)
    
        if not FLASK_AVAILABLE:
            raise ImportError("Flask and related packages are required for mobile app")
    
        self.app = Flask(__name__)
        self.app.secret_key = 'mobile_trading_secret_key'
>       self.socketio = SocketIO(self.app, cors_allowed_origins="*")
                        ^^^^^^^^
E       NameError: name 'SocketIO' is not defined

nautilus_trader_engine\mobile\mobile_trading_app.py:116: NameError
_________ TestMultiAssetSupport.test_cross_asset_portfolio_management _________

self = <test_multi_asset_support.TestMultiAssetSupport object at 0x000001E6DC65B250>

    @pytest.mark.asyncio
    async def test_cross_asset_portfolio_management(self):
        """Test portfolio management across multiple asset classes."""
        # Mock portfolio manager
>       with patch('nautilus_trader_engine.portfolio.MultiAssetPortfolioManager') as mock_portfolio:
             ^^^^^^^^^^^^^^^^^^^^^^^^^^^^^^^^^^^^^^^^^^^^^^^^^^^^^^^^^^^^^^^^^^^^

tests\uat\test_multi_asset_support.py:136: 
_ _ _ _ _ _ _ _ _ _ _ _ _ _ _ _ _ _ _ _ _ _ _ _ _ _ _ _ _ _ _ _ _ _ _ _ _ _ _ _
C:\Program Files\Python313\Lib\unittest\mock.py:1497: in __enter__
    original, local = self.get_original()
                      ^^^^^^^^^^^^^^^^^^^
_ _ _ _ _ _ _ _ _ _ _ _ _ _ _ _ _ _ _ _ _ _ _ _ _ _ _ _ _ _ _ _ _ _ _ _ _ _ _ _

self = <unittest.mock._patch object at 0x000001E6DEEEBAF0>

    def get_original(self):
        target = self.getter()
        name = self.attribute
    
        original = DEFAULT
        local = False
    
        try:
            original = target.__dict__[name]
        except (AttributeError, KeyError):
            original = getattr(target, name, DEFAULT)
        else:
            local = True
    
        if name in _builtins and isinstance(target, ModuleType):
            self.create = True
    
        if not self.create and original is DEFAULT:
>           raise AttributeError(
                "%s does not have the attribute %r" % (target, name)
            )
E           AttributeError: <module 'nautilus_trader_engine.portfolio' from 'C:\\Users\\Vincent_Pereira\\Projects\\Algo_Trading_Projects\\Trae\\Algorithmic Trading System\\nautilus_trader_engine\\portfolio\\__init__.py'> does not have the attribute 'MultiAssetPortfolioManager'

C:\Program Files\Python313\Lib\unittest\mock.py:1467: AttributeError
__________ TestRealtimeProcessing.test_market_data_streaming_latency __________

self = <test_realtime_processing.TestRealtimeProcessing object at 0x000001E6DC65B610>

    @pytest.mark.asyncio
    async def test_market_data_streaming_latency(self):
        """Test market data streaming latency under normal conditions."""
        latency_measurements = []
    
        # Mock market data stream
        with patch('nautilus_trader_engine.data.RealtimeMarketDataStream') as mock_stream:
            mock_instance = AsyncMock()
            mock_stream.return_value = mock_instance
    
            # Simulate market data updates with latency tracking
            async def simulate_market_data_update(symbol: str) -> Dict:
                start_time = time.perf_counter()
    
                # Simulate data processing delay - reduced for test environment
                await asyncio.sleep(0.001)  # 1ms processing time
    
                end_time = time.perf_counter()
                latency_ms = (end_time - start_time) * 1000
                latency_measurements.append(latency_ms)
    
                return {
                    'symbol': symbol,
                    'bid': 1.0850 + (time.time() % 100) * 0.0001,
                    'ask': 1.0852 + (time.time() % 100) * 0.0001,
                    'timestamp': datetime.now().isoformat(),
                    'latency_ms': latency_ms
                }
    
            mock_instance.subscribe_to_symbol.return_value = {'status': 'subscribed'}
            mock_instance.get_latest_update.side_effect = simulate_market_data_update
    
            stream = mock_stream()
    
            # Test market data subscription
            for symbol in self.test_market_data['symbols']:
                subscription_result = await stream.subscribe_to_symbol(symbol)
                assert subscription_result['status'] == 'subscribed'
    
            # Simulate real-time market data updates
            update_tasks = []
            for _ in range(50):  # Reduced from 100 to 50 updates per symbol for test environment
                for symbol in self.test_market_data['symbols']:
                    task = asyncio.create_task(stream.get_latest_update(symbol))
                    update_tasks.append(task)
    
            # Wait for all updates to complete
            results = await asyncio.gather(*update_tasks)
    
            # Analyze latency performance
            assert len(latency_measurements) > 0, "No latency measurements recorded"
    
            # Calculate percentiles
            sorted_latencies = sorted(latency_measurements)
            p50_latency = sorted_latencies[len(sorted_latencies) // 2]
            p95_latency = sorted_latencies[int(len(sorted_latencies) * 0.95)]
            p99_latency = sorted_latencies[int(len(sorted_latencies) * 0.99)]
    
            # Verify latency benchmarks - adjusted for test environment
            benchmarks = self.performance_benchmarks['market_data_latency']
            # Increase tolerance for test environment
>           assert p50_latency <= benchmarks['target_p50'] * 2, f"P50 latency {p50_latency}ms exceeds adjusted target {benchmarks['target_p50'] * 2}ms"
E           AssertionError: P50 latency 13.714300002902746ms exceeds adjusted target 10.0ms
E           assert 13.714300002902746 <= (5.0 * 2)

tests\uat\test_realtime_processing.py:121: AssertionError
______ TestRealtimeProcessing.test_event_driven_architecture_performance ______

self = <test_realtime_processing.TestRealtimeProcessing object at 0x000001E6DC62F020>

    @pytest.mark.asyncio
    async def test_event_driven_architecture_performance(self):
        """Test event-driven architecture performance and message processing."""
        processed_events = []
        event_processing_times = []
    
        # Mock event bus
        with patch('nautilus_trader_engine.events.RealtimeEventBus') as mock_event_bus:
            mock_instance = AsyncMock()
            mock_event_bus.return_value = mock_instance
    
            # Event processing simulation
            async def process_event(event: Dict) -> Dict:
                start_time = time.perf_counter()
    
                # Simulate event processing based on type - reduced for test environment
                processing_delays = {
                    'market_data_update': 0.0005,  # 0.5ms
                    'order_fill': 0.002,          # 2ms
                    'risk_alert': 0.005,          # 5ms
                    'portfolio_update': 0.007,    # 7ms
                    'system_notification': 0.001  # 1ms
                }
    
                delay = processing_delays.get(event['type'], 0.002)
                await asyncio.sleep(delay)
    
                end_time = time.perf_counter()
                processing_time_ms = (end_time - start_time) * 1000
                event_processing_times.append(processing_time_ms)
    
                processed_event = {
                    'event_id': event['event_id'],
                    'type': event['type'],
                    'processing_time_ms': processing_time_ms,
                    'processed_at': datetime.now().isoformat(),
                    'status': 'processed'
                }
    
                processed_events.append(processed_event)
                return processed_event
    
            # Event publishing simulation
            published_events = []
    
            async def publish_event(event: Dict) -> Dict:
                event['published_at'] = datetime.now().isoformat()
                published_events.append(event)
                return {'status': 'published', 'event_id': event['event_id']}
    
            mock_instance.process_event.side_effect = process_event
            mock_instance.publish_event.side_effect = publish_event
    
            event_bus = mock_event_bus()
    
            # Generate test events - reduced for test environment
            test_events = []
            event_types = ['market_data_update', 'order_fill', 'risk_alert', 'portfolio_update', 'system_notification']
    
            for i in range(500):  # Reduced from 1000 to 500 events for test environment
                event = {
                    'event_id': f'EVT_{i+1:06d}',
                    'type': event_types[i % len(event_types)],
                    'data': {
                        'symbol': self.test_market_data['symbols'][i % len(self.test_market_data['symbols'])],
                        'value': 100.0 + (i % 100) * 0.01,
                        'timestamp': datetime.now().isoformat()
                    },
                    'priority': 'normal' if i % 10 != 0 else 'high'
                }
                test_events.append(event)
    
            # Test event publishing
            start_time = time.perf_counter()
    
            publish_tasks = [event_bus.publish_event(event) for event in test_events]
            publish_results = await asyncio.gather(*publish_tasks)
    
            publish_duration = time.perf_counter() - start_time
    
            # Test event processing
            process_start_time = time.perf_counter()
    
            process_tasks = [event_bus.process_event(event) for event in test_events]
            process_results = await asyncio.gather(*process_tasks)
    
            process_duration = time.perf_counter() - process_start_time
    
            # Analyze event processing performance
            events_per_second = len(test_events) / process_duration
    
            # Verify event processing throughput - adjusted for test environment
            assert events_per_second >= 1000, f"Event processing throughput {events_per_second:.1f} events/sec below 1000 events/sec"
    
            # Verify all events were processed
            assert len(processed_events) == len(test_events), "Not all events were processed"
            assert len(published_events) == len(test_events), "Not all events were published"
    
            # Analyze processing times by event type
            processing_by_type = {}
            for event in processed_events:
                event_type = next(e['type'] for e in test_events if e['event_id'] == event['event_id'])
                if event_type not in processing_by_type:
                    processing_by_type[event_type] = []
                processing_by_type[event_type].append(event['processing_time_ms'])
    
            # Verify processing times are reasonable for each event type - adjusted for test environment
            expected_max_times = {
                'market_data_update': 25,   # 25ms max (increased from 10ms, adjusted for test environment)
                'order_fill': 35,          # 35ms max (increased from 15ms, adjusted for test environment)
                'risk_alert': 55,          # 55ms max (increased from 25ms, adjusted for test environment)
                'portfolio_update': 65,    # 65ms max (increased from 30ms, adjusted for test environment)
                'system_notification': 25  # 25ms max (increased from 10ms, adjusted for test environment)
            }
    
            for event_type, times in processing_by_type.items():
                avg_time = sum(times) / len(times)
                max_time = max(times)
                expected_max = expected_max_times.get(event_type, 110)  # Increased from 100
    
                # Adjust for test environment variations
                expected_max = expected_max * 1.1
    
>               assert max_time <= expected_max, \
                    f"Max processing time for {event_type}: {max_time:.1f}ms exceeds {expected_max}ms"
E               AssertionError: Max processing time for market_data_update: 30.9ms exceeds 27.500000000000004ms
E               assert 30.920699995476753 <= 27.500000000000004

tests\uat\test_realtime_processing.py:705: AssertionError
_________________ TestCacheCoherency.test_cache_invalidation __________________

args = (<test_caching_system.TestCacheCoherency object at 0x000001E6DC7E8A50>,)
keywargs = {}

    @wraps(func)
    def patched(*args, **keywargs):
>       with self.decoration_helper(patched,
                                    args,
                                    keywargs) as (newargs, newkeywargs):

C:\Program Files\Python313\Lib\unittest\mock.py:1423: 
_ _ _ _ _ _ _ _ _ _ _ _ _ _ _ _ _ _ _ _ _ _ _ _ _ _ _ _ _ _ _ _ _ _ _ _ _ _ _ _
C:\Program Files\Python313\Lib\contextlib.py:141: in __enter__
    return next(self.gen)
           ^^^^^^^^^^^^^^
C:\Program Files\Python313\Lib\unittest\mock.py:1405: in decoration_helper
    arg = exit_stack.enter_context(patching)
          ^^^^^^^^^^^^^^^^^^^^^^^^^^^^^^^^^^
C:\Program Files\Python313\Lib\contextlib.py:530: in enter_context
    result = _enter(cm)
             ^^^^^^^^^^
C:\Program Files\Python313\Lib\unittest\mock.py:1497: in __enter__
    original, local = self.get_original()
                      ^^^^^^^^^^^^^^^^^^^
_ _ _ _ _ _ _ _ _ _ _ _ _ _ _ _ _ _ _ _ _ _ _ _ _ _ _ _ _ _ _ _ _ _ _ _ _ _ _ _

self = <unittest.mock._patch object at 0x000001E6DC746890>

    def get_original(self):
        target = self.getter()
        name = self.attribute
    
        original = DEFAULT
        local = False
    
        try:
            original = target.__dict__[name]
        except (AttributeError, KeyError):
            original = getattr(target, name, DEFAULT)
        else:
            local = True
    
        if name in _builtins and isinstance(target, ModuleType):
            self.create = True
    
        if not self.create and original is DEFAULT:
>           raise AttributeError(
                "%s does not have the attribute %r" % (target, name)
            )
E           AttributeError: <module 'nautilus_trader_engine.core.caching.cache_coherency' from 'C:\\Users\\Vincent_Pereira\\Projects\\Algo_Trading_Projects\\Trae\\Algorithmic Trading System\\nautilus_trader_engine\\core\\caching\\cache_coherency.py'> does not have the attribute 'CacheCoherency'

C:\Program Files\Python313\Lib\unittest\mock.py:1467: AttributeError
______________ TestCacheCoherency.test_write_through_consistency ______________

args = (<test_caching_system.TestCacheCoherency object at 0x000001E6DC7E8B90>,)
keywargs = {}

    @wraps(func)
    def patched(*args, **keywargs):
>       with self.decoration_helper(patched,
                                    args,
                                    keywargs) as (newargs, newkeywargs):

C:\Program Files\Python313\Lib\unittest\mock.py:1423: 
_ _ _ _ _ _ _ _ _ _ _ _ _ _ _ _ _ _ _ _ _ _ _ _ _ _ _ _ _ _ _ _ _ _ _ _ _ _ _ _
C:\Program Files\Python313\Lib\contextlib.py:141: in __enter__
    return next(self.gen)
           ^^^^^^^^^^^^^^
C:\Program Files\Python313\Lib\unittest\mock.py:1405: in decoration_helper
    arg = exit_stack.enter_context(patching)
          ^^^^^^^^^^^^^^^^^^^^^^^^^^^^^^^^^^
C:\Program Files\Python313\Lib\contextlib.py:530: in enter_context
    result = _enter(cm)
             ^^^^^^^^^^
C:\Program Files\Python313\Lib\unittest\mock.py:1497: in __enter__
    original, local = self.get_original()
                      ^^^^^^^^^^^^^^^^^^^
_ _ _ _ _ _ _ _ _ _ _ _ _ _ _ _ _ _ _ _ _ _ _ _ _ _ _ _ _ _ _ _ _ _ _ _ _ _ _ _

self = <unittest.mock._patch object at 0x000001E6DC746A50>

    def get_original(self):
        target = self.getter()
        name = self.attribute
    
        original = DEFAULT
        local = False
    
        try:
            original = target.__dict__[name]
        except (AttributeError, KeyError):
            original = getattr(target, name, DEFAULT)
        else:
            local = True
    
        if name in _builtins and isinstance(target, ModuleType):
            self.create = True
    
        if not self.create and original is DEFAULT:
>           raise AttributeError(
                "%s does not have the attribute %r" % (target, name)
            )
E           AttributeError: <module 'nautilus_trader_engine.core.caching.cache_coherency' from 'C:\\Users\\Vincent_Pereira\\Projects\\Algo_Trading_Projects\\Trae\\Algorithmic Trading System\\nautilus_trader_engine\\core\\caching\\cache_coherency.py'> does not have the attribute 'CacheCoherency'

C:\Program Files\Python313\Lib\unittest\mock.py:1467: AttributeError
_________ TestComplianceEngine.test_compliance_engine_initialization __________

self = <test_compliance.TestComplianceEngine object at 0x000001E6DC7E9590>

    @pytest.mark.asyncio
    async def test_compliance_engine_initialization(self):
        """Test compliance engine initialization."""
>       with patch('nautilus_trader_engine.compliance.ComplianceEngine') as mock_engine:
             ^^^^^^^^^^^^^^^^^^^^^^^^^^^^^^^^^^^^^^^^^^^^^^^^^^^^^^^^^^^

tests\unit\test_compliance.py:78: 
_ _ _ _ _ _ _ _ _ _ _ _ _ _ _ _ _ _ _ _ _ _ _ _ _ _ _ _ _ _ _ _ _ _ _ _ _ _ _ _
C:\Program Files\Python313\Lib\unittest\mock.py:1497: in __enter__
    original, local = self.get_original()
                      ^^^^^^^^^^^^^^^^^^^
_ _ _ _ _ _ _ _ _ _ _ _ _ _ _ _ _ _ _ _ _ _ _ _ _ _ _ _ _ _ _ _ _ _ _ _ _ _ _ _

self = <unittest.mock._patch object at 0x000001E6DE57B5B0>

    def get_original(self):
        target = self.getter()
        name = self.attribute
    
        original = DEFAULT
        local = False
    
        try:
            original = target.__dict__[name]
        except (AttributeError, KeyError):
            original = getattr(target, name, DEFAULT)
        else:
            local = True
    
        if name in _builtins and isinstance(target, ModuleType):
            self.create = True
    
        if not self.create and original is DEFAULT:
>           raise AttributeError(
                "%s does not have the attribute %r" % (target, name)
            )
E           AttributeError: <module 'nautilus_trader_engine.compliance' from 'C:\\Users\\Vincent_Pereira\\Projects\\Algo_Trading_Projects\\Trae\\Algorithmic Trading System\\nautilus_trader_engine\\compliance\\__init__.py'> does not have the attribute 'ComplianceEngine'

C:\Program Files\Python313\Lib\unittest\mock.py:1467: AttributeError
_____________ TestComplianceEngine.test_position_limit_compliance _____________

self = <test_compliance.TestComplianceEngine object at 0x000001E6DC7E96D0>

    @pytest.mark.asyncio
    async def test_position_limit_compliance(self):
        """Test position limit compliance checking."""
>       with patch('nautilus_trader_engine.compliance.PositionLimitChecker') as mock_checker:
             ^^^^^^^^^^^^^^^^^^^^^^^^^^^^^^^^^^^^^^^^^^^^^^^^^^^^^^^^^^^^^^^

tests\unit\test_compliance.py:114: 
_ _ _ _ _ _ _ _ _ _ _ _ _ _ _ _ _ _ _ _ _ _ _ _ _ _ _ _ _ _ _ _ _ _ _ _ _ _ _ _
C:\Program Files\Python313\Lib\unittest\mock.py:1497: in __enter__
    original, local = self.get_original()
                      ^^^^^^^^^^^^^^^^^^^
_ _ _ _ _ _ _ _ _ _ _ _ _ _ _ _ _ _ _ _ _ _ _ _ _ _ _ _ _ _ _ _ _ _ _ _ _ _ _ _

self = <unittest.mock._patch object at 0x000001E6DEFF3CB0>

    def get_original(self):
        target = self.getter()
        name = self.attribute
    
        original = DEFAULT
        local = False
    
        try:
            original = target.__dict__[name]
        except (AttributeError, KeyError):
            original = getattr(target, name, DEFAULT)
        else:
            local = True
    
        if name in _builtins and isinstance(target, ModuleType):
            self.create = True
    
        if not self.create and original is DEFAULT:
>           raise AttributeError(
                "%s does not have the attribute %r" % (target, name)
            )
E           AttributeError: <module 'nautilus_trader_engine.compliance' from 'C:\\Users\\Vincent_Pereira\\Projects\\Algo_Trading_Projects\\Trae\\Algorithmic Trading System\\nautilus_trader_engine\\compliance\\__init__.py'> does not have the attribute 'PositionLimitChecker'

C:\Program Files\Python313\Lib\unittest\mock.py:1467: AttributeError
_______________ TestComplianceEngine.test_risk_limit_compliance _______________

self = <test_compliance.TestComplianceEngine object at 0x000001E6DC6FF5C0>

    @pytest.mark.asyncio
    async def test_risk_limit_compliance(self):
        """Test risk limit compliance monitoring."""
>       with patch('nautilus_trader_engine.compliance.RiskLimitMonitor') as mock_monitor:
             ^^^^^^^^^^^^^^^^^^^^^^^^^^^^^^^^^^^^^^^^^^^^^^^^^^^^^^^^^^^

tests\unit\test_compliance.py:199: 
_ _ _ _ _ _ _ _ _ _ _ _ _ _ _ _ _ _ _ _ _ _ _ _ _ _ _ _ _ _ _ _ _ _ _ _ _ _ _ _
C:\Program Files\Python313\Lib\unittest\mock.py:1497: in __enter__
    original, local = self.get_original()
                      ^^^^^^^^^^^^^^^^^^^
_ _ _ _ _ _ _ _ _ _ _ _ _ _ _ _ _ _ _ _ _ _ _ _ _ _ _ _ _ _ _ _ _ _ _ _ _ _ _ _

self = <unittest.mock._patch object at 0x000001E6DEFF20B0>

    def get_original(self):
        target = self.getter()
        name = self.attribute
    
        original = DEFAULT
        local = False
    
        try:
            original = target.__dict__[name]
        except (AttributeError, KeyError):
            original = getattr(target, name, DEFAULT)
        else:
            local = True
    
        if name in _builtins and isinstance(target, ModuleType):
            self.create = True
    
        if not self.create and original is DEFAULT:
>           raise AttributeError(
                "%s does not have the attribute %r" % (target, name)
            )
E           AttributeError: <module 'nautilus_trader_engine.compliance' from 'C:\\Users\\Vincent_Pereira\\Projects\\Algo_Trading_Projects\\Trae\\Algorithmic Trading System\\nautilus_trader_engine\\compliance\\__init__.py'> does not have the attribute 'RiskLimitMonitor'

C:\Program Files\Python313\Lib\unittest\mock.py:1467: AttributeError
__________ TestComplianceEngine.test_trading_restriction_compliance ___________

self = <test_compliance.TestComplianceEngine object at 0x000001E6DC6FF360>

    @pytest.mark.asyncio
    async def test_trading_restriction_compliance(self):
        """Test trading restriction compliance."""
>       with patch('nautilus_trader_engine.compliance.TradingRestrictionChecker') as mock_checker:
             ^^^^^^^^^^^^^^^^^^^^^^^^^^^^^^^^^^^^^^^^^^^^^^^^^^^^^^^^^^^^^^^^^^^^

tests\unit\test_compliance.py:286: 
_ _ _ _ _ _ _ _ _ _ _ _ _ _ _ _ _ _ _ _ _ _ _ _ _ _ _ _ _ _ _ _ _ _ _ _ _ _ _ _
C:\Program Files\Python313\Lib\unittest\mock.py:1497: in __enter__
    original, local = self.get_original()
                      ^^^^^^^^^^^^^^^^^^^
_ _ _ _ _ _ _ _ _ _ _ _ _ _ _ _ _ _ _ _ _ _ _ _ _ _ _ _ _ _ _ _ _ _ _ _ _ _ _ _

self = <unittest.mock._patch object at 0x000001E6DEFF0670>

    def get_original(self):
        target = self.getter()
        name = self.attribute
    
        original = DEFAULT
        local = False
    
        try:
            original = target.__dict__[name]
        except (AttributeError, KeyError):
            original = getattr(target, name, DEFAULT)
        else:
            local = True
    
        if name in _builtins and isinstance(target, ModuleType):
            self.create = True
    
        if not self.create and original is DEFAULT:
>           raise AttributeError(
                "%s does not have the attribute %r" % (target, name)
            )
E           AttributeError: <module 'nautilus_trader_engine.compliance' from 'C:\\Users\\Vincent_Pereira\\Projects\\Algo_Trading_Projects\\Trae\\Algorithmic Trading System\\nautilus_trader_engine\\compliance\\__init__.py'> does not have the attribute 'TradingRestrictionChecker'

C:\Program Files\Python313\Lib\unittest\mock.py:1467: AttributeError
__________ TestComplianceEngine.test_real_time_compliance_monitoring __________

self = <test_compliance.TestComplianceEngine object at 0x000001E6DC7CA9F0>

    @pytest.mark.asyncio
    async def test_real_time_compliance_monitoring(self):
        """Test real-time compliance monitoring."""
>       with patch('nautilus_trader_engine.compliance.RealTimeComplianceMonitor') as mock_monitor:
             ^^^^^^^^^^^^^^^^^^^^^^^^^^^^^^^^^^^^^^^^^^^^^^^^^^^^^^^^^^^^^^^^^^^^

tests\unit\test_compliance.py:389: 
_ _ _ _ _ _ _ _ _ _ _ _ _ _ _ _ _ _ _ _ _ _ _ _ _ _ _ _ _ _ _ _ _ _ _ _ _ _ _ _
C:\Program Files\Python313\Lib\unittest\mock.py:1497: in __enter__
    original, local = self.get_original()
                      ^^^^^^^^^^^^^^^^^^^
_ _ _ _ _ _ _ _ _ _ _ _ _ _ _ _ _ _ _ _ _ _ _ _ _ _ _ _ _ _ _ _ _ _ _ _ _ _ _ _

self = <unittest.mock._patch object at 0x000001E6DEF2DD30>

    def get_original(self):
        target = self.getter()
        name = self.attribute
    
        original = DEFAULT
        local = False
    
        try:
            original = target.__dict__[name]
        except (AttributeError, KeyError):
            original = getattr(target, name, DEFAULT)
        else:
            local = True
    
        if name in _builtins and isinstance(target, ModuleType):
            self.create = True
    
        if not self.create and original is DEFAULT:
>           raise AttributeError(
                "%s does not have the attribute %r" % (target, name)
            )
E           AttributeError: <module 'nautilus_trader_engine.compliance' from 'C:\\Users\\Vincent_Pereira\\Projects\\Algo_Trading_Projects\\Trae\\Algorithmic Trading System\\nautilus_trader_engine\\compliance\\__init__.py'> does not have the attribute 'RealTimeComplianceMonitor'

C:\Program Files\Python313\Lib\unittest\mock.py:1467: AttributeError
_______________ TestComplianceEngine.test_compliance_reporting ________________

self = <test_compliance.TestComplianceEngine object at 0x000001E6DC751370>

    @pytest.mark.asyncio
    async def test_compliance_reporting(self):
        """Test compliance reporting functionality."""
>       with patch('nautilus_trader_engine.compliance.ComplianceReporter') as mock_reporter:
             ^^^^^^^^^^^^^^^^^^^^^^^^^^^^^^^^^^^^^^^^^^^^^^^^^^^^^^^^^^^^^

tests\unit\test_compliance.py:499: 
_ _ _ _ _ _ _ _ _ _ _ _ _ _ _ _ _ _ _ _ _ _ _ _ _ _ _ _ _ _ _ _ _ _ _ _ _ _ _ _
C:\Program Files\Python313\Lib\unittest\mock.py:1497: in __enter__
    original, local = self.get_original()
                      ^^^^^^^^^^^^^^^^^^^
_ _ _ _ _ _ _ _ _ _ _ _ _ _ _ _ _ _ _ _ _ _ _ _ _ _ _ _ _ _ _ _ _ _ _ _ _ _ _ _

self = <unittest.mock._patch object at 0x000001E6DEF2D7F0>

    def get_original(self):
        target = self.getter()
        name = self.attribute
    
        original = DEFAULT
        local = False
    
        try:
            original = target.__dict__[name]
        except (AttributeError, KeyError):
            original = getattr(target, name, DEFAULT)
        else:
            local = True
    
        if name in _builtins and isinstance(target, ModuleType):
            self.create = True
    
        if not self.create and original is DEFAULT:
>           raise AttributeError(
                "%s does not have the attribute %r" % (target, name)
            )
E           AttributeError: <module 'nautilus_trader_engine.compliance' from 'C:\\Users\\Vincent_Pereira\\Projects\\Algo_Trading_Projects\\Trae\\Algorithmic Trading System\\nautilus_trader_engine\\compliance\\__init__.py'> does not have the attribute 'ComplianceReporter'

C:\Program Files\Python313\Lib\unittest\mock.py:1467: AttributeError
____________ TestComplianceEngine.test_compliance_rule_validation _____________

self = <test_compliance.TestComplianceEngine object at 0x000001E6DC7516A0>

    @pytest.mark.asyncio
    async def test_compliance_rule_validation(self):
        """Test compliance rule validation and management."""
>       with patch('nautilus_trader_engine.compliance.ComplianceRuleValidator') as mock_validator:
             ^^^^^^^^^^^^^^^^^^^^^^^^^^^^^^^^^^^^^^^^^^^^^^^^^^^^^^^^^^^^^^^^^^

tests\unit\test_compliance.py:577: 
_ _ _ _ _ _ _ _ _ _ _ _ _ _ _ _ _ _ _ _ _ _ _ _ _ _ _ _ _ _ _ _ _ _ _ _ _ _ _ _
C:\Program Files\Python313\Lib\unittest\mock.py:1497: in __enter__
    original, local = self.get_original()
                      ^^^^^^^^^^^^^^^^^^^
_ _ _ _ _ _ _ _ _ _ _ _ _ _ _ _ _ _ _ _ _ _ _ _ _ _ _ _ _ _ _ _ _ _ _ _ _ _ _ _

self = <unittest.mock._patch object at 0x000001E6DEFF1D30>

    def get_original(self):
        target = self.getter()
        name = self.attribute
    
        original = DEFAULT
        local = False
    
        try:
            original = target.__dict__[name]
        except (AttributeError, KeyError):
            original = getattr(target, name, DEFAULT)
        else:
            local = True
    
        if name in _builtins and isinstance(target, ModuleType):
            self.create = True
    
        if not self.create and original is DEFAULT:
>           raise AttributeError(
                "%s does not have the attribute %r" % (target, name)
            )
E           AttributeError: <module 'nautilus_trader_engine.compliance' from 'C:\\Users\\Vincent_Pereira\\Projects\\Algo_Trading_Projects\\Trae\\Algorithmic Trading System\\nautilus_trader_engine\\compliance\\__init__.py'> does not have the attribute 'ComplianceRuleValidator'

C:\Program Files\Python313\Lib\unittest\mock.py:1467: AttributeError
_______________ TestRingBuffer.test_ring_buffer_initialization ________________

args = (<test_messaging_system.TestRingBuffer object at 0x000001E6DC7E9A90>,)
keywargs = {}

    @wraps(func)
    def patched(*args, **keywargs):
>       with self.decoration_helper(patched,
                                    args,
                                    keywargs) as (newargs, newkeywargs):

C:\Program Files\Python313\Lib\unittest\mock.py:1423: 
_ _ _ _ _ _ _ _ _ _ _ _ _ _ _ _ _ _ _ _ _ _ _ _ _ _ _ _ _ _ _ _ _ _ _ _ _ _ _ _
C:\Program Files\Python313\Lib\contextlib.py:141: in __enter__
    return next(self.gen)
           ^^^^^^^^^^^^^^
C:\Program Files\Python313\Lib\unittest\mock.py:1405: in decoration_helper
    arg = exit_stack.enter_context(patching)
          ^^^^^^^^^^^^^^^^^^^^^^^^^^^^^^^^^^
C:\Program Files\Python313\Lib\contextlib.py:530: in enter_context
    result = _enter(cm)
             ^^^^^^^^^^
C:\Program Files\Python313\Lib\unittest\mock.py:1497: in __enter__
    original, local = self.get_original()
                      ^^^^^^^^^^^^^^^^^^^
_ _ _ _ _ _ _ _ _ _ _ _ _ _ _ _ _ _ _ _ _ _ _ _ _ _ _ _ _ _ _ _ _ _ _ _ _ _ _ _

self = <unittest.mock._patch object at 0x000001E6DC7DE190>

    def get_original(self):
        target = self.getter()
        name = self.attribute
    
        original = DEFAULT
        local = False
    
        try:
            original = target.__dict__[name]
        except (AttributeError, KeyError):
            original = getattr(target, name, DEFAULT)
        else:
            local = True
    
        if name in _builtins and isinstance(target, ModuleType):
            self.create = True
    
        if not self.create and original is DEFAULT:
>           raise AttributeError(
                "%s does not have the attribute %r" % (target, name)
            )
E           AttributeError: <module 'nautilus_trader_engine.core.messaging.ring_buffer' from 'C:\\Users\\Vincent_Pereira\\Projects\\Algo_Trading_Projects\\Trae\\Algorithmic Trading System\\nautilus_trader_engine\\core\\messaging\\ring_buffer.py'> does not have the attribute 'RingBuffer'

C:\Program Files\Python313\Lib\unittest\mock.py:1467: AttributeError
_________________ TestRingBuffer.test_ring_buffer_operations __________________

args = (<test_messaging_system.TestRingBuffer object at 0x000001E6DC7E9BD0>,)
keywargs = {}

    @wraps(func)
    def patched(*args, **keywargs):
>       with self.decoration_helper(patched,
                                    args,
                                    keywargs) as (newargs, newkeywargs):

C:\Program Files\Python313\Lib\unittest\mock.py:1423: 
_ _ _ _ _ _ _ _ _ _ _ _ _ _ _ _ _ _ _ _ _ _ _ _ _ _ _ _ _ _ _ _ _ _ _ _ _ _ _ _
C:\Program Files\Python313\Lib\contextlib.py:141: in __enter__
    return next(self.gen)
           ^^^^^^^^^^^^^^
C:\Program Files\Python313\Lib\unittest\mock.py:1405: in decoration_helper
    arg = exit_stack.enter_context(patching)
          ^^^^^^^^^^^^^^^^^^^^^^^^^^^^^^^^^^
C:\Program Files\Python313\Lib\contextlib.py:530: in enter_context
    result = _enter(cm)
             ^^^^^^^^^^
C:\Program Files\Python313\Lib\unittest\mock.py:1497: in __enter__
    original, local = self.get_original()
                      ^^^^^^^^^^^^^^^^^^^
_ _ _ _ _ _ _ _ _ _ _ _ _ _ _ _ _ _ _ _ _ _ _ _ _ _ _ _ _ _ _ _ _ _ _ _ _ _ _ _

self = <unittest.mock._patch object at 0x000001E6DC7DE270>

    def get_original(self):
        target = self.getter()
        name = self.attribute
    
        original = DEFAULT
        local = False
    
        try:
            original = target.__dict__[name]
        except (AttributeError, KeyError):
            original = getattr(target, name, DEFAULT)
        else:
            local = True
    
        if name in _builtins and isinstance(target, ModuleType):
            self.create = True
    
        if not self.create and original is DEFAULT:
>           raise AttributeError(
                "%s does not have the attribute %r" % (target, name)
            )
E           AttributeError: <module 'nautilus_trader_engine.core.messaging.ring_buffer' from 'C:\\Users\\Vincent_Pereira\\Projects\\Algo_Trading_Projects\\Trae\\Algorithmic Trading System\\nautilus_trader_engine\\core\\messaging\\ring_buffer.py'> does not have the attribute 'RingBuffer'

C:\Program Files\Python313\Lib\unittest\mock.py:1467: AttributeError
_________________ TestRingBuffer.test_ring_buffer_performance _________________

args = (<test_messaging_system.TestRingBuffer object at 0x000001E6DC6FFA80>,)
keywargs = {}

    @wraps(func)
    def patched(*args, **keywargs):
>       with self.decoration_helper(patched,
                                    args,
                                    keywargs) as (newargs, newkeywargs):

C:\Program Files\Python313\Lib\unittest\mock.py:1423: 
_ _ _ _ _ _ _ _ _ _ _ _ _ _ _ _ _ _ _ _ _ _ _ _ _ _ _ _ _ _ _ _ _ _ _ _ _ _ _ _
C:\Program Files\Python313\Lib\contextlib.py:141: in __enter__
    return next(self.gen)
           ^^^^^^^^^^^^^^
C:\Program Files\Python313\Lib\unittest\mock.py:1405: in decoration_helper
    arg = exit_stack.enter_context(patching)
          ^^^^^^^^^^^^^^^^^^^^^^^^^^^^^^^^^^
C:\Program Files\Python313\Lib\contextlib.py:530: in enter_context
    result = _enter(cm)
             ^^^^^^^^^^
C:\Program Files\Python313\Lib\unittest\mock.py:1497: in __enter__
    original, local = self.get_original()
                      ^^^^^^^^^^^^^^^^^^^
_ _ _ _ _ _ _ _ _ _ _ _ _ _ _ _ _ _ _ _ _ _ _ _ _ _ _ _ _ _ _ _ _ _ _ _ _ _ _ _

self = <unittest.mock._patch object at 0x000001E6DC7DE350>

    def get_original(self):
        target = self.getter()
        name = self.attribute
    
        original = DEFAULT
        local = False
    
        try:
            original = target.__dict__[name]
        except (AttributeError, KeyError):
            original = getattr(target, name, DEFAULT)
        else:
            local = True
    
        if name in _builtins and isinstance(target, ModuleType):
            self.create = True
    
        if not self.create and original is DEFAULT:
>           raise AttributeError(
                "%s does not have the attribute %r" % (target, name)
            )
E           AttributeError: <module 'nautilus_trader_engine.core.messaging.ring_buffer' from 'C:\\Users\\Vincent_Pereira\\Projects\\Algo_Trading_Projects\\Trae\\Algorithmic Trading System\\nautilus_trader_engine\\core\\messaging\\ring_buffer.py'> does not have the attribute 'RingBuffer'

C:\Program Files\Python313\Lib\unittest\mock.py:1467: AttributeError
_________________ TestMessageRouting.test_topic_based_routing _________________

self = <test_messaging_system.TestMessageRouting object at 0x000001E6DC7E9E50>
mock_router = <MagicMock name='MessageRouter' id='2091197969952'>

    @patch('nautilus_trader_engine.core.messaging.routing.MessageRouter')
    def test_topic_based_routing(self, mock_router):
        """Test topic-based message routing."""
        mock_router_instance = Mock()
        mock_router.return_value = mock_router_instance
    
        # Mock routing behavior
        mock_router_instance.add_route.return_value = True
        mock_router_instance.route_message.return_value = 'handler_001'
        mock_router_instance.get_route_stats.return_value = {
            'total_routes': 5,
            'active_handlers': 3,
            'messages_routed': 1000
        }
    
        from nautilus_trader_engine.core.messaging.routing import MessageRouter
        router = MessageRouter(self.routing_config)
    
        # Test route addition
        result = router.add_route('market_data.*', 'market_data_handler')
        assert result is True
    
        # Test message routing
>       handler = router.route_message('market_data.EURUSD', self.sample_message)
                                                             ^^^^^^^^^^^^^^^^^^^
E       AttributeError: 'TestMessageRouting' object has no attribute 'sample_message'

tests\unit\test_messaging_system.py:244: AttributeError
_____________ TestSerialization.test_serialization_initialization _____________

args = (<test_messaging_system.TestSerialization object at 0x000001E6DC7E9F90>,)
keywargs = {}

    @wraps(func)
    def patched(*args, **keywargs):
>       with self.decoration_helper(patched,
                                    args,
                                    keywargs) as (newargs, newkeywargs):

C:\Program Files\Python313\Lib\unittest\mock.py:1423: 
_ _ _ _ _ _ _ _ _ _ _ _ _ _ _ _ _ _ _ _ _ _ _ _ _ _ _ _ _ _ _ _ _ _ _ _ _ _ _ _
C:\Program Files\Python313\Lib\contextlib.py:141: in __enter__
    return next(self.gen)
           ^^^^^^^^^^^^^^
C:\Program Files\Python313\Lib\unittest\mock.py:1405: in decoration_helper
    arg = exit_stack.enter_context(patching)
          ^^^^^^^^^^^^^^^^^^^^^^^^^^^^^^^^^^
C:\Program Files\Python313\Lib\contextlib.py:530: in enter_context
    result = _enter(cm)
             ^^^^^^^^^^
C:\Program Files\Python313\Lib\unittest\mock.py:1497: in __enter__
    original, local = self.get_original()
                      ^^^^^^^^^^^^^^^^^^^
_ _ _ _ _ _ _ _ _ _ _ _ _ _ _ _ _ _ _ _ _ _ _ _ _ _ _ _ _ _ _ _ _ _ _ _ _ _ _ _

self = <unittest.mock._patch object at 0x000001E6DC7DE6D0>

    def get_original(self):
        target = self.getter()
        name = self.attribute
    
        original = DEFAULT
        local = False
    
        try:
            original = target.__dict__[name]
        except (AttributeError, KeyError):
            original = getattr(target, name, DEFAULT)
        else:
            local = True
    
        if name in _builtins and isinstance(target, ModuleType):
            self.create = True
    
        if not self.create and original is DEFAULT:
>           raise AttributeError(
                "%s does not have the attribute %r" % (target, name)
            )
E           AttributeError: <module 'nautilus_trader_engine.core.messaging.serialization' from 'C:\\Users\\Vincent_Pereira\\Projects\\Algo_Trading_Projects\\Trae\\Algorithmic Trading System\\nautilus_trader_engine\\core\\messaging\\serialization.py'> does not have the attribute 'MessageSerializer'

C:\Program Files\Python313\Lib\unittest\mock.py:1467: AttributeError
________________ TestSerialization.test_message_serialization _________________

args = (<test_messaging_system.TestSerialization object at 0x000001E6DC7EA0D0>,)
keywargs = {}

    @wraps(func)
    def patched(*args, **keywargs):
>       with self.decoration_helper(patched,
                                    args,
                                    keywargs) as (newargs, newkeywargs):

C:\Program Files\Python313\Lib\unittest\mock.py:1423: 
_ _ _ _ _ _ _ _ _ _ _ _ _ _ _ _ _ _ _ _ _ _ _ _ _ _ _ _ _ _ _ _ _ _ _ _ _ _ _ _
C:\Program Files\Python313\Lib\contextlib.py:141: in __enter__
    return next(self.gen)
           ^^^^^^^^^^^^^^
C:\Program Files\Python313\Lib\unittest\mock.py:1405: in decoration_helper
    arg = exit_stack.enter_context(patching)
          ^^^^^^^^^^^^^^^^^^^^^^^^^^^^^^^^^^
C:\Program Files\Python313\Lib\contextlib.py:530: in enter_context
    result = _enter(cm)
             ^^^^^^^^^^
C:\Program Files\Python313\Lib\unittest\mock.py:1497: in __enter__
    original, local = self.get_original()
                      ^^^^^^^^^^^^^^^^^^^
_ _ _ _ _ _ _ _ _ _ _ _ _ _ _ _ _ _ _ _ _ _ _ _ _ _ _ _ _ _ _ _ _ _ _ _ _ _ _ _

self = <unittest.mock._patch object at 0x000001E6DC7DE7B0>

    def get_original(self):
        target = self.getter()
        name = self.attribute
    
        original = DEFAULT
        local = False
    
        try:
            original = target.__dict__[name]
        except (AttributeError, KeyError):
            original = getattr(target, name, DEFAULT)
        else:
            local = True
    
        if name in _builtins and isinstance(target, ModuleType):
            self.create = True
    
        if not self.create and original is DEFAULT:
>           raise AttributeError(
                "%s does not have the attribute %r" % (target, name)
            )
E           AttributeError: <module 'nautilus_trader_engine.core.messaging.serialization' from 'C:\\Users\\Vincent_Pereira\\Projects\\Algo_Trading_Projects\\Trae\\Algorithmic Trading System\\nautilus_trader_engine\\core\\messaging\\serialization.py'> does not have the attribute 'MessageSerializer'

C:\Program Files\Python313\Lib\unittest\mock.py:1467: AttributeError
_______________ TestSerialization.test_compression_performance ________________

args = (<test_messaging_system.TestSerialization object at 0x000001E6DC6FFCE0>,)
keywargs = {}

    @wraps(func)
    def patched(*args, **keywargs):
>       with self.decoration_helper(patched,
                                    args,
                                    keywargs) as (newargs, newkeywargs):

C:\Program Files\Python313\Lib\unittest\mock.py:1423: 
_ _ _ _ _ _ _ _ _ _ _ _ _ _ _ _ _ _ _ _ _ _ _ _ _ _ _ _ _ _ _ _ _ _ _ _ _ _ _ _
C:\Program Files\Python313\Lib\contextlib.py:141: in __enter__
    return next(self.gen)
           ^^^^^^^^^^^^^^
C:\Program Files\Python313\Lib\unittest\mock.py:1405: in decoration_helper
    arg = exit_stack.enter_context(patching)
          ^^^^^^^^^^^^^^^^^^^^^^^^^^^^^^^^^^
C:\Program Files\Python313\Lib\contextlib.py:530: in enter_context
    result = _enter(cm)
             ^^^^^^^^^^
C:\Program Files\Python313\Lib\unittest\mock.py:1497: in __enter__
    original, local = self.get_original()
                      ^^^^^^^^^^^^^^^^^^^
_ _ _ _ _ _ _ _ _ _ _ _ _ _ _ _ _ _ _ _ _ _ _ _ _ _ _ _ _ _ _ _ _ _ _ _ _ _ _ _

self = <unittest.mock._patch object at 0x000001E6DC7DE890>

    def get_original(self):
        target = self.getter()
        name = self.attribute
    
        original = DEFAULT
        local = False
    
        try:
            original = target.__dict__[name]
        except (AttributeError, KeyError):
            original = getattr(target, name, DEFAULT)
        else:
            local = True
    
        if name in _builtins and isinstance(target, ModuleType):
            self.create = True
    
        if not self.create and original is DEFAULT:
>           raise AttributeError(
                "%s does not have the attribute %r" % (target, name)
            )
E           AttributeError: <module 'nautilus_trader_engine.core.messaging.serialization' from 'C:\\Users\\Vincent_Pereira\\Projects\\Algo_Trading_Projects\\Trae\\Algorithmic Trading System\\nautilus_trader_engine\\core\\messaging\\serialization.py'> does not have the attribute 'MessageSerializer'

C:\Program Files\Python313\Lib\unittest\mock.py:1467: AttributeError
__________________ TestSerialization.test_schema_validation ___________________

args = (<test_messaging_system.TestSerialization object at 0x000001E6DC6FFE10>,)
keywargs = {}

    @wraps(func)
    def patched(*args, **keywargs):
>       with self.decoration_helper(patched,
                                    args,
                                    keywargs) as (newargs, newkeywargs):

C:\Program Files\Python313\Lib\unittest\mock.py:1423: 
_ _ _ _ _ _ _ _ _ _ _ _ _ _ _ _ _ _ _ _ _ _ _ _ _ _ _ _ _ _ _ _ _ _ _ _ _ _ _ _
C:\Program Files\Python313\Lib\contextlib.py:141: in __enter__
    return next(self.gen)
           ^^^^^^^^^^^^^^
C:\Program Files\Python313\Lib\unittest\mock.py:1405: in decoration_helper
    arg = exit_stack.enter_context(patching)
          ^^^^^^^^^^^^^^^^^^^^^^^^^^^^^^^^^^
C:\Program Files\Python313\Lib\contextlib.py:530: in enter_context
    result = _enter(cm)
             ^^^^^^^^^^
C:\Program Files\Python313\Lib\unittest\mock.py:1497: in __enter__
    original, local = self.get_original()
                      ^^^^^^^^^^^^^^^^^^^
_ _ _ _ _ _ _ _ _ _ _ _ _ _ _ _ _ _ _ _ _ _ _ _ _ _ _ _ _ _ _ _ _ _ _ _ _ _ _ _

self = <unittest.mock._patch object at 0x000001E6DC7DE970>

    def get_original(self):
        target = self.getter()
        name = self.attribute
    
        original = DEFAULT
        local = False
    
        try:
            original = target.__dict__[name]
        except (AttributeError, KeyError):
            original = getattr(target, name, DEFAULT)
        else:
            local = True
    
        if name in _builtins and isinstance(target, ModuleType):
            self.create = True
    
        if not self.create and original is DEFAULT:
>           raise AttributeError(
                "%s does not have the attribute %r" % (target, name)
            )
E           AttributeError: <module 'nautilus_trader_engine.core.messaging.serialization' from 'C:\\Users\\Vincent_Pereira\\Projects\\Algo_Trading_Projects\\Trae\\Algorithmic Trading System\\nautilus_trader_engine\\core\\messaging\\serialization.py'> does not have the attribute 'MessageSerializer'

C:\Program Files\Python313\Lib\unittest\mock.py:1467: AttributeError
________________ TestMessagingMetrics.test_metrics_collection _________________

args = (<test_messaging_system.TestMessagingMetrics object at 0x000001E6DC7EA210>,)
keywargs = {}

    @wraps(func)
    def patched(*args, **keywargs):
>       with self.decoration_helper(patched,
                                    args,
                                    keywargs) as (newargs, newkeywargs):

C:\Program Files\Python313\Lib\unittest\mock.py:1423: 
_ _ _ _ _ _ _ _ _ _ _ _ _ _ _ _ _ _ _ _ _ _ _ _ _ _ _ _ _ _ _ _ _ _ _ _ _ _ _ _
C:\Program Files\Python313\Lib\contextlib.py:141: in __enter__
    return next(self.gen)
           ^^^^^^^^^^^^^^
C:\Program Files\Python313\Lib\unittest\mock.py:1405: in decoration_helper
    arg = exit_stack.enter_context(patching)
          ^^^^^^^^^^^^^^^^^^^^^^^^^^^^^^^^^^
C:\Program Files\Python313\Lib\contextlib.py:530: in enter_context
    result = _enter(cm)
             ^^^^^^^^^^
C:\Program Files\Python313\Lib\unittest\mock.py:1497: in __enter__
    original, local = self.get_original()
                      ^^^^^^^^^^^^^^^^^^^
_ _ _ _ _ _ _ _ _ _ _ _ _ _ _ _ _ _ _ _ _ _ _ _ _ _ _ _ _ _ _ _ _ _ _ _ _ _ _ _

self = <unittest.mock._patch object at 0x000001E6DC7DEA50>

    def get_original(self):
        target = self.getter()
        name = self.attribute
    
        original = DEFAULT
        local = False
    
        try:
            original = target.__dict__[name]
        except (AttributeError, KeyError):
            original = getattr(target, name, DEFAULT)
        else:
            local = True
    
        if name in _builtins and isinstance(target, ModuleType):
            self.create = True
    
        if not self.create and original is DEFAULT:
>           raise AttributeError(
                "%s does not have the attribute %r" % (target, name)
            )
E           AttributeError: <module 'nautilus_trader_engine.core.messaging.metrics' from 'C:\\Users\\Vincent_Pereira\\Projects\\Algo_Trading_Projects\\Trae\\Algorithmic Trading System\\nautilus_trader_engine\\core\\messaging\\metrics.py'> does not have the attribute 'MessagingMetrics'

C:\Program Files\Python313\Lib\unittest\mock.py:1467: AttributeError
________________ TestMessagingMetrics.test_performance_alerts _________________

args = (<test_messaging_system.TestMessagingMetrics object at 0x000001E6DC7EA350>,)
keywargs = {}

    @wraps(func)
    def patched(*args, **keywargs):
>       with self.decoration_helper(patched,
                                    args,
                                    keywargs) as (newargs, newkeywargs):

C:\Program Files\Python313\Lib\unittest\mock.py:1423: 
_ _ _ _ _ _ _ _ _ _ _ _ _ _ _ _ _ _ _ _ _ _ _ _ _ _ _ _ _ _ _ _ _ _ _ _ _ _ _ _
C:\Program Files\Python313\Lib\contextlib.py:141: in __enter__
    return next(self.gen)
           ^^^^^^^^^^^^^^
C:\Program Files\Python313\Lib\unittest\mock.py:1405: in decoration_helper
    arg = exit_stack.enter_context(patching)
          ^^^^^^^^^^^^^^^^^^^^^^^^^^^^^^^^^^
C:\Program Files\Python313\Lib\contextlib.py:530: in enter_context
    result = _enter(cm)
             ^^^^^^^^^^
C:\Program Files\Python313\Lib\unittest\mock.py:1497: in __enter__
    original, local = self.get_original()
                      ^^^^^^^^^^^^^^^^^^^
_ _ _ _ _ _ _ _ _ _ _ _ _ _ _ _ _ _ _ _ _ _ _ _ _ _ _ _ _ _ _ _ _ _ _ _ _ _ _ _

self = <unittest.mock._patch object at 0x000001E6DC7DEB30>

    def get_original(self):
        target = self.getter()
        name = self.attribute
    
        original = DEFAULT
        local = False
    
        try:
            original = target.__dict__[name]
        except (AttributeError, KeyError):
            original = getattr(target, name, DEFAULT)
        else:
            local = True
    
        if name in _builtins and isinstance(target, ModuleType):
            self.create = True
    
        if not self.create and original is DEFAULT:
>           raise AttributeError(
                "%s does not have the attribute %r" % (target, name)
            )
E           AttributeError: <module 'nautilus_trader_engine.core.messaging.metrics' from 'C:\\Users\\Vincent_Pereira\\Projects\\Algo_Trading_Projects\\Trae\\Algorithmic Trading System\\nautilus_trader_engine\\core\\messaging\\metrics.py'> does not have the attribute 'MessagingMetrics'

C:\Program Files\Python313\Lib\unittest\mock.py:1467: AttributeError
_____________ TestKernelBypass.test_kernel_bypass_initialization ______________

args = (<test_networking_system.TestKernelBypass object at 0x000001E6DC7EAE90>,)
keywargs = {}

    @wraps(func)
    def patched(*args, **keywargs):
>       with self.decoration_helper(patched,
                                    args,
                                    keywargs) as (newargs, newkeywargs):

C:\Program Files\Python313\Lib\unittest\mock.py:1423: 
_ _ _ _ _ _ _ _ _ _ _ _ _ _ _ _ _ _ _ _ _ _ _ _ _ _ _ _ _ _ _ _ _ _ _ _ _ _ _ _
C:\Program Files\Python313\Lib\contextlib.py:141: in __enter__
    return next(self.gen)
           ^^^^^^^^^^^^^^
C:\Program Files\Python313\Lib\unittest\mock.py:1405: in decoration_helper
    arg = exit_stack.enter_context(patching)
          ^^^^^^^^^^^^^^^^^^^^^^^^^^^^^^^^^^
C:\Program Files\Python313\Lib\contextlib.py:530: in enter_context
    result = _enter(cm)
             ^^^^^^^^^^
C:\Program Files\Python313\Lib\unittest\mock.py:1497: in __enter__
    original, local = self.get_original()
                      ^^^^^^^^^^^^^^^^^^^
_ _ _ _ _ _ _ _ _ _ _ _ _ _ _ _ _ _ _ _ _ _ _ _ _ _ _ _ _ _ _ _ _ _ _ _ _ _ _ _

self = <unittest.mock._patch object at 0x000001E6DC824E50>

    def get_original(self):
        target = self.getter()
        name = self.attribute
    
        original = DEFAULT
        local = False
    
        try:
            original = target.__dict__[name]
        except (AttributeError, KeyError):
            original = getattr(target, name, DEFAULT)
        else:
            local = True
    
        if name in _builtins and isinstance(target, ModuleType):
            self.create = True
    
        if not self.create and original is DEFAULT:
>           raise AttributeError(
                "%s does not have the attribute %r" % (target, name)
            )
E           AttributeError: <module 'nautilus_trader_engine.core.networking.kernel_bypass' from 'C:\\Users\\Vincent_Pereira\\Projects\\Algo_Trading_Projects\\Trae\\Algorithmic Trading System\\nautilus_trader_engine\\core\\networking\\kernel_bypass.py'> does not have the attribute 'KernelBypass'

C:\Program Files\Python313\Lib\unittest\mock.py:1467: AttributeError
___________________ TestKernelBypass.test_dpdk_integration ____________________

args = (<test_networking_system.TestKernelBypass object at 0x000001E6DC7EAFD0>,)
keywargs = {}

    @wraps(func)
    def patched(*args, **keywargs):
>       with self.decoration_helper(patched,
                                    args,
                                    keywargs) as (newargs, newkeywargs):

C:\Program Files\Python313\Lib\unittest\mock.py:1423: 
_ _ _ _ _ _ _ _ _ _ _ _ _ _ _ _ _ _ _ _ _ _ _ _ _ _ _ _ _ _ _ _ _ _ _ _ _ _ _ _
C:\Program Files\Python313\Lib\contextlib.py:141: in __enter__
    return next(self.gen)
           ^^^^^^^^^^^^^^
C:\Program Files\Python313\Lib\unittest\mock.py:1405: in decoration_helper
    arg = exit_stack.enter_context(patching)
          ^^^^^^^^^^^^^^^^^^^^^^^^^^^^^^^^^^
C:\Program Files\Python313\Lib\contextlib.py:530: in enter_context
    result = _enter(cm)
             ^^^^^^^^^^
C:\Program Files\Python313\Lib\unittest\mock.py:1497: in __enter__
    original, local = self.get_original()
                      ^^^^^^^^^^^^^^^^^^^
_ _ _ _ _ _ _ _ _ _ _ _ _ _ _ _ _ _ _ _ _ _ _ _ _ _ _ _ _ _ _ _ _ _ _ _ _ _ _ _

self = <unittest.mock._patch object at 0x000001E6DC824F30>

    def get_original(self):
        target = self.getter()
        name = self.attribute
    
        original = DEFAULT
        local = False
    
        try:
            original = target.__dict__[name]
        except (AttributeError, KeyError):
            original = getattr(target, name, DEFAULT)
        else:
            local = True
    
        if name in _builtins and isinstance(target, ModuleType):
            self.create = True
    
        if not self.create and original is DEFAULT:
>           raise AttributeError(
                "%s does not have the attribute %r" % (target, name)
            )
E           AttributeError: <module 'nautilus_trader_engine.core.networking.kernel_bypass' from 'C:\\Users\\Vincent_Pereira\\Projects\\Algo_Trading_Projects\\Trae\\Algorithmic Trading System\\nautilus_trader_engine\\core\\networking\\kernel_bypass.py'> does not have the attribute 'KernelBypass'

C:\Program Files\Python313\Lib\unittest\mock.py:1467: AttributeError
_________________ TestKernelBypass.test_zero_copy_operations __________________

args = (<test_networking_system.TestKernelBypass object at 0x000001E6DC828770>,)
keywargs = {}

    @wraps(func)
    def patched(*args, **keywargs):
>       with self.decoration_helper(patched,
                                    args,
                                    keywargs) as (newargs, newkeywargs):

C:\Program Files\Python313\Lib\unittest\mock.py:1423: 
_ _ _ _ _ _ _ _ _ _ _ _ _ _ _ _ _ _ _ _ _ _ _ _ _ _ _ _ _ _ _ _ _ _ _ _ _ _ _ _
C:\Program Files\Python313\Lib\contextlib.py:141: in __enter__
    return next(self.gen)
           ^^^^^^^^^^^^^^
C:\Program Files\Python313\Lib\unittest\mock.py:1405: in decoration_helper
    arg = exit_stack.enter_context(patching)
          ^^^^^^^^^^^^^^^^^^^^^^^^^^^^^^^^^^
C:\Program Files\Python313\Lib\contextlib.py:530: in enter_context
    result = _enter(cm)
             ^^^^^^^^^^
C:\Program Files\Python313\Lib\unittest\mock.py:1497: in __enter__
    original, local = self.get_original()
                      ^^^^^^^^^^^^^^^^^^^
_ _ _ _ _ _ _ _ _ _ _ _ _ _ _ _ _ _ _ _ _ _ _ _ _ _ _ _ _ _ _ _ _ _ _ _ _ _ _ _

self = <unittest.mock._patch object at 0x000001E6DC825010>

    def get_original(self):
        target = self.getter()
        name = self.attribute
    
        original = DEFAULT
        local = False
    
        try:
            original = target.__dict__[name]
        except (AttributeError, KeyError):
            original = getattr(target, name, DEFAULT)
        else:
            local = True
    
        if name in _builtins and isinstance(target, ModuleType):
            self.create = True
    
        if not self.create and original is DEFAULT:
>           raise AttributeError(
                "%s does not have the attribute %r" % (target, name)
            )
E           AttributeError: <module 'nautilus_trader_engine.core.networking.kernel_bypass' from 'C:\\Users\\Vincent_Pereira\\Projects\\Algo_Trading_Projects\\Trae\\Algorithmic Trading System\\nautilus_trader_engine\\core\\networking\\kernel_bypass.py'> does not have the attribute 'KernelBypass'

C:\Program Files\Python313\Lib\unittest\mock.py:1467: AttributeError
______________ TestCPUAffinity.test_cpu_affinity_initialization _______________

args = (<test_networking_system.TestCPUAffinity object at 0x000001E6DC7EA850>,)
keywargs = {}

    @wraps(func)
    def patched(*args, **keywargs):
>       with self.decoration_helper(patched,
                                    args,
                                    keywargs) as (newargs, newkeywargs):

C:\Program Files\Python313\Lib\unittest\mock.py:1423: 
_ _ _ _ _ _ _ _ _ _ _ _ _ _ _ _ _ _ _ _ _ _ _ _ _ _ _ _ _ _ _ _ _ _ _ _ _ _ _ _
C:\Program Files\Python313\Lib\contextlib.py:141: in __enter__
    return next(self.gen)
           ^^^^^^^^^^^^^^
C:\Program Files\Python313\Lib\unittest\mock.py:1405: in decoration_helper
    arg = exit_stack.enter_context(patching)
          ^^^^^^^^^^^^^^^^^^^^^^^^^^^^^^^^^^
C:\Program Files\Python313\Lib\contextlib.py:530: in enter_context
    result = _enter(cm)
             ^^^^^^^^^^
C:\Program Files\Python313\Lib\unittest\mock.py:1497: in __enter__
    original, local = self.get_original()
                      ^^^^^^^^^^^^^^^^^^^
_ _ _ _ _ _ _ _ _ _ _ _ _ _ _ _ _ _ _ _ _ _ _ _ _ _ _ _ _ _ _ _ _ _ _ _ _ _ _ _

self = <unittest.mock._patch object at 0x000001E6DC8250F0>

    def get_original(self):
        target = self.getter()
        name = self.attribute
    
        original = DEFAULT
        local = False
    
        try:
            original = target.__dict__[name]
        except (AttributeError, KeyError):
            original = getattr(target, name, DEFAULT)
        else:
            local = True
    
        if name in _builtins and isinstance(target, ModuleType):
            self.create = True
    
        if not self.create and original is DEFAULT:
>           raise AttributeError(
                "%s does not have the attribute %r" % (target, name)
            )
E           AttributeError: <module 'nautilus_trader_engine.core.networking.cpu_affinity' from 'C:\\Users\\Vincent_Pereira\\Projects\\Algo_Trading_Projects\\Trae\\Algorithmic Trading System\\nautilus_trader_engine\\core\\networking\\cpu_affinity.py'> does not have the attribute 'CPUAffinity'

C:\Program Files\Python313\Lib\unittest\mock.py:1467: AttributeError
_____________________ TestCPUAffinity.test_thread_pinning _____________________

args = (<test_networking_system.TestCPUAffinity object at 0x000001E6DC7EB110>,)
keywargs = {}

    @wraps(func)
    def patched(*args, **keywargs):
>       with self.decoration_helper(patched,
                                    args,
                                    keywargs) as (newargs, newkeywargs):

C:\Program Files\Python313\Lib\unittest\mock.py:1423: 
_ _ _ _ _ _ _ _ _ _ _ _ _ _ _ _ _ _ _ _ _ _ _ _ _ _ _ _ _ _ _ _ _ _ _ _ _ _ _ _
C:\Program Files\Python313\Lib\contextlib.py:141: in __enter__
    return next(self.gen)
           ^^^^^^^^^^^^^^
C:\Program Files\Python313\Lib\unittest\mock.py:1405: in decoration_helper
    arg = exit_stack.enter_context(patching)
          ^^^^^^^^^^^^^^^^^^^^^^^^^^^^^^^^^^
C:\Program Files\Python313\Lib\contextlib.py:530: in enter_context
    result = _enter(cm)
             ^^^^^^^^^^
C:\Program Files\Python313\Lib\unittest\mock.py:1497: in __enter__
    original, local = self.get_original()
                      ^^^^^^^^^^^^^^^^^^^
_ _ _ _ _ _ _ _ _ _ _ _ _ _ _ _ _ _ _ _ _ _ _ _ _ _ _ _ _ _ _ _ _ _ _ _ _ _ _ _

self = <unittest.mock._patch object at 0x000001E6DC8251D0>

    def get_original(self):
        target = self.getter()
        name = self.attribute
    
        original = DEFAULT
        local = False
    
        try:
            original = target.__dict__[name]
        except (AttributeError, KeyError):
            original = getattr(target, name, DEFAULT)
        else:
            local = True
    
        if name in _builtins and isinstance(target, ModuleType):
            self.create = True
    
        if not self.create and original is DEFAULT:
>           raise AttributeError(
                "%s does not have the attribute %r" % (target, name)
            )
E           AttributeError: <module 'nautilus_trader_engine.core.networking.cpu_affinity' from 'C:\\Users\\Vincent_Pereira\\Projects\\Algo_Trading_Projects\\Trae\\Algorithmic Trading System\\nautilus_trader_engine\\core\\networking\\cpu_affinity.py'> does not have the attribute 'CPUAffinity'

C:\Program Files\Python313\Lib\unittest\mock.py:1467: AttributeError
___________________ TestCPUAffinity.test_numa_optimization ____________________

args = (<test_networking_system.TestCPUAffinity object at 0x000001E6DC8288A0>,)
keywargs = {}

    @wraps(func)
    def patched(*args, **keywargs):
>       with self.decoration_helper(patched,
                                    args,
                                    keywargs) as (newargs, newkeywargs):

C:\Program Files\Python313\Lib\unittest\mock.py:1423: 
_ _ _ _ _ _ _ _ _ _ _ _ _ _ _ _ _ _ _ _ _ _ _ _ _ _ _ _ _ _ _ _ _ _ _ _ _ _ _ _
C:\Program Files\Python313\Lib\contextlib.py:141: in __enter__
    return next(self.gen)
           ^^^^^^^^^^^^^^
C:\Program Files\Python313\Lib\unittest\mock.py:1405: in decoration_helper
    arg = exit_stack.enter_context(patching)
          ^^^^^^^^^^^^^^^^^^^^^^^^^^^^^^^^^^
C:\Program Files\Python313\Lib\contextlib.py:530: in enter_context
    result = _enter(cm)
             ^^^^^^^^^^
C:\Program Files\Python313\Lib\unittest\mock.py:1497: in __enter__
    original, local = self.get_original()
                      ^^^^^^^^^^^^^^^^^^^
_ _ _ _ _ _ _ _ _ _ _ _ _ _ _ _ _ _ _ _ _ _ _ _ _ _ _ _ _ _ _ _ _ _ _ _ _ _ _ _

self = <unittest.mock._patch object at 0x000001E6DC8252B0>

    def get_original(self):
        target = self.getter()
        name = self.attribute
    
        original = DEFAULT
        local = False
    
        try:
            original = target.__dict__[name]
        except (AttributeError, KeyError):
            original = getattr(target, name, DEFAULT)
        else:
            local = True
    
        if name in _builtins and isinstance(target, ModuleType):
            self.create = True
    
        if not self.create and original is DEFAULT:
>           raise AttributeError(
                "%s does not have the attribute %r" % (target, name)
            )
E           AttributeError: <module 'nautilus_trader_engine.core.networking.cpu_affinity' from 'C:\\Users\\Vincent_Pereira\\Projects\\Algo_Trading_Projects\\Trae\\Algorithmic Trading System\\nautilus_trader_engine\\core\\networking\\cpu_affinity.py'> does not have the attribute 'CPUAffinity'

C:\Program Files\Python313\Lib\unittest\mock.py:1467: AttributeError
____________ TestPortfolioManagement.test_portfolio_initialization ____________

self = <test_unit_portfolio_management.TestPortfolioManagement object at 0x000001E6DD8560D0>
mock_portfolio_manager = <MagicMock name='PortfolioManager' id='2091309114976'>

    @patch('nautilus_trader_engine.core.portfolio_management.PortfolioManager')
    def test_portfolio_initialization(self, mock_portfolio_manager):
        """Test portfolio initialization."""
        # Mock portfolio manager
        mock_manager = Mock()
        mock_portfolio_manager.return_value = mock_manager
        mock_manager.initialize_portfolio.return_value = {
            'portfolio_id': 'PORT_001',
            'status': 'initialized',
            'created_at': datetime.now().isoformat()
        }
    
        # Test portfolio initialization
        manager = PortfolioManager()
        result = manager.initialize_portfolio('ACC_001', 'USD', 100000.0)
    
>       assert result['portfolio_id'] == 'PORT_001'
E       AssertionError: assert 'PORT_FA03C7E5' == 'PORT_001'
E         
E         - PORT_001
E         + PORT_FA03C7E5

tests\unit\test_unit_portfolio_management.py:49: AssertionError
_______________ TestPortfolioManagement.test_position_tracking ________________

self = <test_unit_portfolio_management.TestPortfolioManagement object at 0x000001E6DD855E50>
mock_portfolio_manager = <MagicMock name='PortfolioManager' id='2091309113632'>

    @patch('nautilus_trader_engine.core.portfolio_management.PortfolioManager')
    def test_position_tracking(self, mock_portfolio_manager):
        """Test position tracking functionality."""
        # Mock portfolio manager
        mock_manager = Mock()
        mock_portfolio_manager.return_value = mock_manager
        mock_manager.get_positions.return_value = {
            'positions': [
                {
                    'symbol': 'EURUSD',
                    'quantity': 100000,
                    'side': 'LONG',
                    'entry_price': 1.0850,
                    'current_price': 1.0860,
                    'unrealized_pnl': 100.0,
                    'realized_pnl': 0.0
                },
                {
                    'symbol': 'GBPUSD',
                    'quantity': 50000,
                    'side': 'SHORT',
                    'entry_price': 1.2650,
                    'current_price': 1.2640,
                    'unrealized_pnl': 50.0,
                    'realized_pnl': 0.0
                }
            ],
            'total_positions': 2
        }
    
        # Test position tracking
        manager = PortfolioManager()
        result = manager.get_positions('PORT_001')
    
>       assert result['total_positions'] == 2
               ^^^^^^^^^^^^^^^^^^^^^^^^^
E       KeyError: 'total_positions'

tests\unit\test_unit_portfolio_management.py:87: KeyError
________________ TestPortfolioManagement.test_pnl_calculation _________________

self = <test_unit_portfolio_management.TestPortfolioManagement object at 0x000001E6DC82A3F0>
mock_portfolio_manager = <MagicMock name='PortfolioManager' id='2091094105056'>

    @patch('nautilus_trader_engine.core.portfolio_management.PortfolioManager')
    def test_pnl_calculation(self, mock_portfolio_manager):
        """Test P&L calculation functionality."""
        # Mock portfolio manager
        mock_manager = Mock()
        mock_portfolio_manager.return_value = mock_manager
        mock_manager.calculate_pnl.return_value = {
            'total_unrealized_pnl': 150.0,
            'total_realized_pnl': 250.0,
            'total_pnl': 400.0,
            'pnl_by_symbol': {
                'EURUSD': {'unrealized': 100.0, 'realized': 150.0},
                'GBPUSD': {'unrealized': 50.0, 'realized': 100.0}
            },
            'calculation_time': datetime.now().isoformat()
        }
    
        # Test P&L calculation
        manager = PortfolioManager()
        result = manager.calculate_pnl('PORT_001')
    
>       assert result['total_pnl'] == 400.0
               ^^^^^^^^^^^^^^^^^^^
E       KeyError: 'total_pnl'

tests\unit\test_unit_portfolio_management.py:113: KeyError
____________ TestPortfolioManagement.test_risk_metrics_calculation ____________

self = <test_unit_portfolio_management.TestPortfolioManagement object at 0x000001E6DC82A520>
mock_portfolio_manager = <MagicMock name='PortfolioManager' id='2091094107744'>

    @patch('nautilus_trader_engine.core.portfolio_management.PortfolioManager')
    def test_risk_metrics_calculation(self, mock_portfolio_manager):
        """Test risk metrics calculation."""
        # Mock portfolio manager
        mock_manager = Mock()
        mock_portfolio_manager.return_value = mock_manager
        mock_manager.calculate_risk_metrics.return_value = {
            'var_95': 2500.0,
            'var_99': 4000.0,
            'expected_shortfall': 5000.0,
            'sharpe_ratio': 1.25,
            'sortino_ratio': 1.45,
            'max_drawdown': 0.08,
            'volatility': 0.15,
            'beta': 0.85,
            'calculation_date': datetime.now().date().isoformat()
        }
    
        # Test risk metrics calculation
        manager = PortfolioManager()
        result = manager.calculate_risk_metrics('PORT_001')
    
>       assert result['var_95'] == 2500.0
               ^^^^^^^^^^^^^^^^
E       KeyError: 'var_95'

tests\unit\test_unit_portfolio_management.py:141: KeyError
_____________ TestPortfolioManagement.test_portfolio_rebalancing ______________

self = <test_unit_portfolio_management.TestPortfolioManagement object at 0x000001E6DD8816D0>
mock_portfolio_manager = <MagicMock name='PortfolioManager' id='2091206919232'>

    @patch('nautilus_trader_engine.core.portfolio_management.PortfolioManager')
    def test_portfolio_rebalancing(self, mock_portfolio_manager):
        """Test portfolio rebalancing functionality."""
        # Mock portfolio manager
        mock_manager = Mock()
        mock_portfolio_manager.return_value = mock_manager
        mock_manager.rebalance_portfolio.return_value = {
            'rebalance_id': 'REB_001',
            'target_allocations': {
                'EURUSD': 0.4,
                'GBPUSD': 0.3,
                'USDJPY': 0.3
            },
            'current_allocations': {
                'EURUSD': 0.5,
                'GBPUSD': 0.5,
                'USDJPY': 0.0
            },
            'required_trades': [
                {'symbol': 'EURUSD', 'action': 'SELL', 'quantity': 20000},
                {'symbol': 'GBPUSD', 'action': 'SELL', 'quantity': 10000},
                {'symbol': 'USDJPY', 'action': 'BUY', 'quantity': 30000}
            ],
            'rebalance_status': 'pending'
        }
    
        # Test portfolio rebalancing
        manager = PortfolioManager()
        target_allocations = {'EURUSD': 0.4, 'GBPUSD': 0.3, 'USDJPY': 0.3}
        result = manager.rebalance_portfolio('PORT_001', target_allocations)
    
>       assert result['rebalance_status'] == 'pending'
               ^^^^^^^^^^^^^^^^^^^^^^^^^^
E       KeyError: 'rebalance_status'

tests\unit\test_unit_portfolio_management.py:178: KeyError
_____________ TestPortfolioManagement.test_performance_analytics ______________

self = <test_unit_portfolio_management.TestPortfolioManagement object at 0x000001E6DC753570>
mock_portfolio_manager = <MagicMock name='PortfolioManager' id='2091206920240'>

    @patch('nautilus_trader_engine.core.portfolio_management.PortfolioManager')
    def test_performance_analytics(self, mock_portfolio_manager):
        """Test performance analytics functionality."""
        # Mock portfolio manager
        mock_manager = Mock()
        mock_portfolio_manager.return_value = mock_manager
        mock_manager.get_performance_analytics.return_value = {
            'total_return': 0.12,
            'annualized_return': 0.15,
            'monthly_returns': [0.02, 0.01, 0.03, -0.01, 0.02],
            'win_rate': 0.65,
            'profit_factor': 1.8,
            'average_win': 150.0,
            'average_loss': -80.0,
            'largest_win': 500.0,
            'largest_loss': -200.0,
            'consecutive_wins': 5,
            'consecutive_losses': 2,
            'analysis_period': '2024-01-01 to 2024-06-01'
        }
    
        # Test performance analytics
        manager = PortfolioManager()
        result = manager.get_performance_analytics('PORT_001')
    
>       assert result['total_return'] == 0.12
               ^^^^^^^^^^^^^^^^^^^^^^
E       KeyError: 'total_return'

tests\unit\test_unit_portfolio_management.py:208: KeyError
_______________ TestPortfolioManagement.test_margin_management ________________

self = <test_unit_portfolio_management.TestPortfolioManagement object at 0x000001E6DC753680>
mock_portfolio_manager = <MagicMock name='PortfolioManager' id='2091309113632'>

    @patch('nautilus_trader_engine.core.portfolio_management.PortfolioManager')
    def test_margin_management(self, mock_portfolio_manager):
        """Test margin management functionality."""
        # Mock portfolio manager
        mock_manager = Mock()
        mock_portfolio_manager.return_value = mock_manager
        mock_manager.calculate_margin_requirements.return_value = {
            'total_margin_required': 5000.0,
            'available_margin': 45000.0,
            'margin_utilization': 0.10,
            'margin_by_position': {
                'EURUSD': 2500.0,
                'GBPUSD': 2500.0
            },
            'margin_call_level': 0.80,
            'stop_out_level': 0.90,
            'margin_status': 'healthy'
        }
    
        # Test margin management
        manager = PortfolioManager()
        result = manager.calculate_margin_requirements('PORT_001')
    
>       assert result['margin_utilization'] == 0.10
               ^^^^^^^^^^^^^^^^^^^^^^^^^^^^
E       KeyError: 'margin_utilization'

tests\unit\test_unit_portfolio_management.py:237: KeyError
_____________ TestPortfolioManagement.test_portfolio_optimization _____________

self = <test_unit_portfolio_management.TestPortfolioManagement object at 0x000001E6DC76FB50>
mock_portfolio_manager = <MagicMock name='PortfolioManager' id='2091309115648'>

    @patch('nautilus_trader_engine.core.portfolio_management.PortfolioManager')
    def test_portfolio_optimization(self, mock_portfolio_manager):
        """Test portfolio optimization functionality."""
        # Mock portfolio manager
        mock_manager = Mock()
        mock_portfolio_manager.return_value = mock_manager
        mock_manager.optimize_portfolio.return_value = {
            'optimization_id': 'OPT_001',
            'objective': 'maximize_sharpe',
            'optimal_weights': {
                'EURUSD': 0.35,
                'GBPUSD': 0.25,
                'USDJPY': 0.20,
                'AUDUSD': 0.20
            },
            'expected_return': 0.18,
            'expected_volatility': 0.12,
            'expected_sharpe': 1.50,
            'optimization_constraints': {
                'max_weight': 0.40,
                'min_weight': 0.05,
                'max_volatility': 0.15
            },
            'optimization_status': 'completed'
        }
    
        # Test portfolio optimization
        manager = PortfolioManager()
        constraints = {'max_weight': 0.40, 'min_weight': 0.05}
        result = manager.optimize_portfolio(
            'PORT_001', 'maximize_sharpe', constraints
        )
    
>       assert result['optimization_status'] == 'completed'
               ^^^^^^^^^^^^^^^^^^^^^^^^^^^^^
E       KeyError: 'optimization_status'

tests\unit\test_unit_portfolio_management.py:275: KeyError
____________ TestPortfolioManagement.test_portfolio_stress_testing ____________

self = <test_unit_portfolio_management.TestPortfolioManagement object at 0x000001E6DC76FC50>
mock_portfolio_manager = <MagicMock name='PortfolioManager' id='2091081921408'>

    @patch('nautilus_trader_engine.core.portfolio_management.PortfolioManager')
    def test_portfolio_stress_testing(self, mock_portfolio_manager):
        """Test portfolio stress testing functionality."""
        # Mock portfolio manager
        mock_manager = Mock()
        mock_portfolio_manager.return_value = mock_manager
        mock_manager.run_stress_test.return_value = {
            'stress_test_id': 'STRESS_001',
            'scenarios': {
                'market_crash': {
                    'portfolio_value_change': -15000.0,
                    'percentage_change': -15.0,
                    'worst_position': 'EURUSD',
                    'worst_position_loss': -8000.0
                },
                'interest_rate_shock': {
                    'portfolio_value_change': -5000.0,
                    'percentage_change': -5.0,
                    'worst_position': 'GBPUSD',
                    'worst_position_loss': -3000.0
                },
                'currency_crisis': {
                    'portfolio_value_change': -12000.0,
                    'percentage_change': -12.0,
                    'worst_position': 'EURUSD',
                    'worst_position_loss': -7000.0
                }
            },
            'overall_risk_assessment': 'moderate',
            'recommendations': [
                'Consider reducing EURUSD exposure',
                'Increase diversification across currency pairs'
            ]
        }
    
        # Test portfolio stress testing
        manager = PortfolioManager()
        scenarios = ['market_crash', 'interest_rate_shock', 'currency_crisis']
        result = manager.run_stress_test('PORT_001', scenarios)
    
>       assert result['overall_risk_assessment'] == 'moderate'
               ^^^^^^^^^^^^^^^^^^^^^^^^^^^^^^^^^
E       KeyError: 'overall_risk_assessment'

tests\unit\test_unit_portfolio_management.py:320: KeyError
________________________ test_fetch_data_from_yfinance ________________________

mock_yf_download = <MagicMock name='download' id='2091094100352'>
data_fetcher = <backtesting.service.data_service.DataService object at 0x000001E6E5229810>

    @pytest.mark.asyncio
    @patch('yfinance.download')
    async def test_fetch_data_from_yfinance(mock_yf_download, data_fetcher):
        # Arrange
        request = DataRequest(
            symbol="AAPL",
            start_date=datetime(2023, 1, 1),
            end_date=datetime(2023, 1, 2),
            timeframe="1d"
        )
        data_fetcher.redis.get.return_value = None
        mock_yf_download.return_value = pd.DataFrame({
            'Date': [datetime(2023, 1, 1)],
            'Open': [140.0],
            'High': [145.0],
            'Low': [135.0],
            'Close': [142.0],
            'Adj Close': [141.0],
            'Volume': [1000000]
        })
    
        # Act
        result = await data_fetcher.fetch_data(request)
    
        # Assert
>       assert not result.empty
                   ^^^^^^^^^^^^
E       AttributeError: 'NoneType' object has no attribute 'empty'

backtesting\service\tests\test_data_fetcher.py:65: AttributeError
----------------------------- Captured log setup ------------------------------
WARNING  kafka.coordinator.consumer:consumer.py:120 group_id is None: disabling auto-commit.
------------------------------ Captured log call ------------------------------
ERROR    root:data_service.py:123 Error fetching data: Code: 516.
DB::Exception: default: Authentication failed: password is incorrect, or there is no user with such name.

If you have installed ClickHouse and forgot password you can reset it in the configuration file.
The password for default user is typically located at /etc/clickhouse-server/users.d/default-password.xml
and deleting this file will reset the password.
See also /etc/clickhouse-server/users.xml on the server where ClickHouse is installed.

. Stack trace:

0. DB::Exception::Exception(DB::Exception::MessageMasked&&, int, bool) @ 0x000000000c6251d7 in /usr/bin/clickhouse
1. DB::Exception::Exception(PreformattedMessage&&, int) @ 0x000000000715b6b1 in /usr/bin/clickhouse
2. DB::AccessControl::authenticate(DB::Credentials const&, Poco::Net::IPAddress const&) const @ 0x0000000010e5b05f in /usr/bin/clickhouse
3. DB::Session::authenticate(DB::Credentials const&, Poco::Net::SocketAddress const&) @ 0x00000000120a318d in /usr/bin/clickhouse
4. DB::TCPHandler::runImpl() @ 0x000000001313fa2e in /usr/bin/clickhouse
5. DB::TCPHandler::run() @ 0x00000000131533d9 in /usr/bin/clickhouse
6. Poco::Net::TCPServerConnection::start() @ 0x0000000015b4dc74 in /usr/bin/clickhouse
7. Poco::Net::TCPServerDispatcher::run() @ 0x0000000015b4ee71 in /usr/bin/clickhouse
8. Poco::PooledThread::run() @ 0x0000000015c85aa7 in /usr/bin/clickhouse
9. Poco::ThreadImpl::runnableEntry(void*) @ 0x0000000015c83d7c in /usr/bin/clickhouse
10. ? @ 0x00007fa193006609 in ?
11. ? @ 0x00007fa192f2b353 in ?
============================== warnings summary ===============================
algorithmic_trading_service\order_management.py:87
  C:\Users\Vincent_Pereira\Projects\Algo_Trading_Projects\Trae\Algorithmic Trading System\algorithmic_trading_service\order_management.py:87: PydanticDeprecatedSince20:
  
  Pydantic V1 style `@validator` validators are deprecated. You should migrate to Pydantic V2 style `@field_validator` validators, see the migration guide for more details. Deprecated in Pydantic V2.0 to be removed in V3.0. See Pydantic V2 Migration Guide at https://errors.pydantic.dev/2.9/migration/

algorithmic_trading_service\order_management.py:91
  C:\Users\Vincent_Pereira\Projects\Algo_Trading_Projects\Trae\Algorithmic Trading System\algorithmic_trading_service\order_management.py:91: PydanticDeprecatedSince20:
  
  Pydantic V1 style `@validator` validators are deprecated. You should migrate to Pydantic V2 style `@field_validator` validators, see the migration guide for more details. Deprecated in Pydantic V2.0 to be removed in V3.0. See Pydantic V2 Migration Guide at https://errors.pydantic.dev/2.9/migration/

algorithmic_trading_service\order_management.py:97
  C:\Users\Vincent_Pereira\Projects\Algo_Trading_Projects\Trae\Algorithmic Trading System\algorithmic_trading_service\order_management.py:97: PydanticDeprecatedSince20:
  
  Pydantic V1 style `@validator` validators are deprecated. You should migrate to Pydantic V2 style `@field_validator` validators, see the migration guide for more details. Deprecated in Pydantic V2.0 to be removed in V3.0. See Pydantic V2 Migration Guide at https://errors.pydantic.dev/2.9/migration/

..\..\..\..\AppData\Roaming\Python\Python313\site-packages\pydantic\_internal\_config.py:291
..\..\..\..\AppData\Roaming\Python\Python313\site-packages\pydantic\_internal\_config.py:291
  C:\Users\Vincent_Pereira\AppData\Roaming\Python\Python313\site-packages\pydantic\_internal\_config.py:291: PydanticDeprecatedSince20:
  
  Support for class-based `config` is deprecated, use ConfigDict instead. Deprecated in Pydantic V2.0 to be removed in V3.0. See Pydantic V2 Migration Guide at https://errors.pydantic.dev/2.9/migration/

tests\framework\database_integration_tester.py:92
  C:\Users\Vincent_Pereira\Projects\Algo_Trading_Projects\Trae\Algorithmic Trading System\tests\framework\database_integration_tester.py:92: PytestCollectionWarning:
  
  cannot collect test class 'TestDataType' because it has a __init__ constructor (from: tests/framework/test_database_integration_tester.py)

tests\framework\edge_case_framework.py:81
  C:\Users\Vincent_Pereira\Projects\Algo_Trading_Projects\Trae\Algorithmic Trading System\tests\framework\edge_case_framework.py:81: PytestCollectionWarning:
  
  cannot collect test class 'TestResult' because it has a __init__ constructor (from: tests/framework/test_edge_case_framework.py)

tests\framework\environment_manager.py:16
  C:\Users\Vincent_Pereira\Projects\Algo_Trading_Projects\Trae\Algorithmic Trading System\tests\framework\environment_manager.py:16: DeprecationWarning:
  
  pkg_resources is deprecated as an API. See https://setuptools.pypa.io/en/latest/pkg_resources.html

..\..\..\..\AppData\Roaming\Python\Python313\site-packages\pkg_resources\__init__.py:3147
  C:\Users\Vincent_Pereira\AppData\Roaming\Python\Python313\site-packages\pkg_resources\__init__.py:3147: DeprecationWarning:
  
  Deprecated call to `pkg_resources.declare_namespace('sphinxcontrib')`.
  Implementing implicit namespace packages (as specified in PEP 420) is preferred to `pkg_resources.declare_namespace`. See https://setuptools.pypa.io/en/latest/references/keywords.html#keyword-namespace-packages

tests\framework\unit_test_runner.py:30
  C:\Users\Vincent_Pereira\Projects\Algo_Trading_Projects\Trae\Algorithmic Trading System\tests\framework\unit_test_runner.py:30: PytestCollectionWarning:
  
  cannot collect test class 'TestStatus' because it has a __init__ constructor (from: tests/framework/test_unit_test_runner.py)

tests\framework\unit_test_runner.py:50
  C:\Users\Vincent_Pereira\Projects\Algo_Trading_Projects\Trae\Algorithmic Trading System\tests\framework\unit_test_runner.py:50: PytestCollectionWarning:
  
  cannot collect test class 'TestResult' because it has a __init__ constructor (from: tests/framework/test_unit_test_runner.py)

tests\framework\unit_test_runner.py:79
  C:\Users\Vincent_Pereira\Projects\Algo_Trading_Projects\Trae\Algorithmic Trading System\tests\framework\unit_test_runner.py:79: PytestCollectionWarning:
  
  cannot collect test class 'TestSuiteResult' because it has a __init__ constructor (from: tests/framework/test_unit_test_runner.py)

nautilus_trader_engine\database\database.py:14
  C:\Users\Vincent_Pereira\Projects\Algo_Trading_Projects\Trae\Algorithmic Trading System\nautilus_trader_engine\database\database.py:14: MovedIn20Warning:
  
  The ``declarative_base()`` function is now available as sqlalchemy.orm.declarative_base(). (deprecated since: 2.0) (Background on SQLAlchemy 2.0 at: https://sqlalche.me/e/b8d9)

nautilus_trader_engine\database\models.py:6
  C:\Users\Vincent_Pereira\Projects\Algo_Trading_Projects\Trae\Algorithmic Trading System\nautilus_trader_engine\database\models.py:6: MovedIn20Warning:
  
  The ``declarative_base()`` function is now available as sqlalchemy.orm.declarative_base(). (deprecated since: 2.0) (Background on SQLAlchemy 2.0 at: https://sqlalche.me/e/b8d9)

..\..\..\..\AppData\Roaming\Python\Python313\site-packages\pydantic\_internal\_config.py:341
  C:\Users\Vincent_Pereira\AppData\Roaming\Python\Python313\site-packages\pydantic\_internal\_config.py:341: UserWarning:
  
  Valid config keys have changed in V2:
  * 'orm_mode' has been renamed to 'from_attributes'

<frozen importlib._bootstrap>:488
  <frozen importlib._bootstrap>:488: DeprecationWarning:
  
  Type google._upb._message.MessageMapContainer uses PyType_Spec with a metaclass that has custom tp_new. This is deprecated and will no longer be allowed in Python 3.14.

<frozen importlib._bootstrap>:488
  <frozen importlib._bootstrap>:488: DeprecationWarning:
  
  Type google._upb._message.ScalarMapContainer uses PyType_Spec with a metaclass that has custom tp_new. This is deprecated and will no longer be allowed in Python 3.14.

..\..\..\..\AppData\Roaming\Python\Python313\site-packages\pythonjsonlogger\jsonlogger.py:11
  C:\Users\Vincent_Pereira\AppData\Roaming\Python\Python313\site-packages\pythonjsonlogger\jsonlogger.py:11: DeprecationWarning:
  
  pythonjsonlogger.jsonlogger has been moved to pythonjsonlogger.json

tests/e2e/test_complete_trading_workflow.py::TestCompleteTradingWorkflow::test_complete_buy_order_workflow
  C:\Users\Vincent_Pereira\AppData\Roaming\Python\Python313\site-packages\_pytest\fixtures.py:1181: PytestRemovedIn9Warning:
  
  'test_complete_buy_order_workflow' requested an async fixture 'trading_system', with no plugin or hook that handled it. This is usually an error, as pytest does not natively support it. This will turn into an error in pytest 9.
  See: https://docs.pytest.org/en/stable/deprecations.html#sync-test-depending-on-async-fixture

tests/e2e/test_complete_trading_workflow.py::TestCompleteTradingWorkflow::test_complete_buy_order_workflow
  C:\Users\Vincent_Pereira\AppData\Roaming\Python\Python313\site-packages\pytest_asyncio\plugin.py:598: PytestDeprecationWarning:
  
  asyncio test 'test_complete_buy_order_workflow' requested async @pytest.fixture 'trading_system' in strict mode. You might want to use @pytest_asyncio.fixture or switch to auto mode. This will become an error in future versions of flake8-asyncio.

tests/e2e/test_complete_trading_workflow.py::TestCompleteTradingWorkflow::test_risk_management_integration
  C:\Users\Vincent_Pereira\AppData\Roaming\Python\Python313\site-packages\_pytest\fixtures.py:1181: PytestRemovedIn9Warning:
  
  'test_risk_management_integration' requested an async fixture 'trading_system', with no plugin or hook that handled it. This is usually an error, as pytest does not natively support it. This will turn into an error in pytest 9.
  See: https://docs.pytest.org/en/stable/deprecations.html#sync-test-depending-on-async-fixture

tests/e2e/test_complete_trading_workflow.py::TestCompleteTradingWorkflow::test_risk_management_integration
  C:\Users\Vincent_Pereira\AppData\Roaming\Python\Python313\site-packages\pytest_asyncio\plugin.py:598: PytestDeprecationWarning:
  
  asyncio test 'test_risk_management_integration' requested async @pytest.fixture 'trading_system' in strict mode. You might want to use @pytest_asyncio.fixture or switch to auto mode. This will become an error in future versions of flake8-asyncio.

tests/e2e/test_complete_trading_workflow.py::TestCompleteTradingWorkflow::test_websocket_real_time_updates
  C:\Users\Vincent_Pereira\Projects\Algo_Trading_Projects\Trae\Algorithmic Trading System\tests\e2e\test_complete_trading_workflow.py:198: DeprecationWarning:
  
  datetime.datetime.utcnow() is deprecated and scheduled for removal in a future version. Use timezone-aware objects to represent datetimes in UTC: datetime.datetime.now(datetime.UTC).

tests/e2e/test_complete_trading_workflow.py::TestCompleteTradingWorkflow::test_multi_asset_portfolio_management
  C:\Users\Vincent_Pereira\AppData\Roaming\Python\Python313\site-packages\_pytest\fixtures.py:1181: PytestRemovedIn9Warning:
  
  'test_multi_asset_portfolio_management' requested an async fixture 'trading_system', with no plugin or hook that handled it. This is usually an error, as pytest does not natively support it. This will turn into an error in pytest 9.
  See: https://docs.pytest.org/en/stable/deprecations.html#sync-test-depending-on-async-fixture

tests/e2e/test_complete_trading_workflow.py::TestCompleteTradingWorkflow::test_multi_asset_portfolio_management
  C:\Users\Vincent_Pereira\AppData\Roaming\Python\Python313\site-packages\pytest_asyncio\plugin.py:598: PytestDeprecationWarning:
  
  asyncio test 'test_multi_asset_portfolio_management' requested async @pytest.fixture 'trading_system' in strict mode. You might want to use @pytest_asyncio.fixture or switch to auto mode. This will become an error in future versions of flake8-asyncio.

tests/e2e/test_complete_trading_workflow.py::TestCompleteTradingWorkflow::test_strategy_execution_workflow
  C:\Users\Vincent_Pereira\AppData\Roaming\Python\Python313\site-packages\_pytest\fixtures.py:1181: PytestRemovedIn9Warning:
  
  'test_strategy_execution_workflow' requested an async fixture 'trading_system', with no plugin or hook that handled it. This is usually an error, as pytest does not natively support it. This will turn into an error in pytest 9.
  See: https://docs.pytest.org/en/stable/deprecations.html#sync-test-depending-on-async-fixture

tests/e2e/test_complete_trading_workflow.py::TestCompleteTradingWorkflow::test_strategy_execution_workflow
  C:\Users\Vincent_Pereira\AppData\Roaming\Python\Python313\site-packages\pytest_asyncio\plugin.py:598: PytestDeprecationWarning:
  
  asyncio test 'test_strategy_execution_workflow' requested async @pytest.fixture 'trading_system' in strict mode. You might want to use @pytest_asyncio.fixture or switch to auto mode. This will become an error in future versions of flake8-asyncio.

tests/e2e/test_complete_trading_workflow.py::TestCompleteTradingWorkflow::test_strategy_execution_workflow
  C:\Users\Vincent_Pereira\Projects\Algo_Trading_Projects\Trae\Algorithmic Trading System\tests\e2e\test_complete_trading_workflow.py:322: DeprecationWarning:
  
  datetime.datetime.utcnow() is deprecated and scheduled for removal in a future version. Use timezone-aware objects to represent datetimes in UTC: datetime.datetime.now(datetime.UTC).

tests/e2e/test_complete_trading_workflow.py::TestCompleteTradingWorkflow::test_strategy_execution_workflow
  C:\Users\Vincent_Pereira\Projects\Algo_Trading_Projects\Trae\Algorithmic Trading System\tests\e2e\test_complete_trading_workflow.py:323: DeprecationWarning:
  
  datetime.datetime.utcnow() is deprecated and scheduled for removal in a future version. Use timezone-aware objects to represent datetimes in UTC: datetime.datetime.now(datetime.UTC).

tests/e2e/test_complete_trading_workflow.py::TestCompleteTradingWorkflow::test_strategy_execution_workflow
  C:\Users\Vincent_Pereira\Projects\Algo_Trading_Projects\Trae\Algorithmic Trading System\tests\e2e\test_complete_trading_workflow.py:324: DeprecationWarning:
  
  datetime.datetime.utcnow() is deprecated and scheduled for removal in a future version. Use timezone-aware objects to represent datetimes in UTC: datetime.datetime.now(datetime.UTC).

tests/e2e/test_complete_trading_workflow.py::TestCompleteTradingWorkflow::test_strategy_execution_workflow
  C:\Users\Vincent_Pereira\Projects\Algo_Trading_Projects\Trae\Algorithmic Trading System\tests\e2e\test_complete_trading_workflow.py:325: DeprecationWarning:
  
  datetime.datetime.utcnow() is deprecated and scheduled for removal in a future version. Use timezone-aware objects to represent datetimes in UTC: datetime.datetime.now(datetime.UTC).

tests/e2e/test_complete_trading_workflow.py::TestCompleteTradingWorkflow::test_strategy_execution_workflow
  C:\Users\Vincent_Pereira\Projects\Algo_Trading_Projects\Trae\Algorithmic Trading System\tests\e2e\test_complete_trading_workflow.py:326: DeprecationWarning:
  
  datetime.datetime.utcnow() is deprecated and scheduled for removal in a future version. Use timezone-aware objects to represent datetimes in UTC: datetime.datetime.now(datetime.UTC).

tests/e2e/test_complete_trading_workflow.py::TestCompleteTradingWorkflow::test_error_handling_and_recovery
  C:\Users\Vincent_Pereira\AppData\Roaming\Python\Python313\site-packages\_pytest\fixtures.py:1181: PytestRemovedIn9Warning:
  
  'test_error_handling_and_recovery' requested an async fixture 'trading_system', with no plugin or hook that handled it. This is usually an error, as pytest does not natively support it. This will turn into an error in pytest 9.
  See: https://docs.pytest.org/en/stable/deprecations.html#sync-test-depending-on-async-fixture

tests/e2e/test_complete_trading_workflow.py::TestCompleteTradingWorkflow::test_error_handling_and_recovery
  C:\Users\Vincent_Pereira\AppData\Roaming\Python\Python313\site-packages\pytest_asyncio\plugin.py:598: PytestDeprecationWarning:
  
  asyncio test 'test_error_handling_and_recovery' requested async @pytest.fixture 'trading_system' in strict mode. You might want to use @pytest_asyncio.fixture or switch to auto mode. This will become an error in future versions of flake8-asyncio.

tests/e2e/test_complete_trading_workflow.py::TestCompleteTradingWorkflow::test_performance_under_load
  C:\Users\Vincent_Pereira\AppData\Roaming\Python\Python313\site-packages\_pytest\fixtures.py:1181: PytestRemovedIn9Warning:
  
  'test_performance_under_load' requested an async fixture 'trading_system', with no plugin or hook that handled it. This is usually an error, as pytest does not natively support it. This will turn into an error in pytest 9.
  See: https://docs.pytest.org/en/stable/deprecations.html#sync-test-depending-on-async-fixture

tests/e2e/test_complete_trading_workflow.py::TestCompleteTradingWorkflow::test_performance_under_load
  C:\Users\Vincent_Pereira\AppData\Roaming\Python\Python313\site-packages\pytest_asyncio\plugin.py:598: PytestDeprecationWarning:
  
  asyncio test 'test_performance_under_load' requested async @pytest.fixture 'trading_system' in strict mode. You might want to use @pytest_asyncio.fixture or switch to auto mode. This will become an error in future versions of flake8-asyncio.

tests/framework/test_integration_test_runner.py::TestIntegrationTestRunner::test_register_message_passing_test
  <frozen _collections_abc>:473: RuntimeWarning:
  
  coroutine 'TestCompleteTradingWorkflow.trading_system' was never awaited
  
  Enable tracemalloc to get traceback where the object was allocated.
  See https://docs.pytest.org/en/stable/how-to/capture-warnings.html#resource-warnings for more info.

tests/framework/test_unit_test_runner.py::TestUnitTestRunner::test_run_tests_with_coverage_timeout
tests/framework/test_unit_test_runner.py::TestUnitTestRunner::test_run_tests_with_coverage_error
tests/framework/test_unit_test_runner.py::TestUnitTestRunner::test_run_specific_tests
  C:\Users\Vincent_Pereira\AppData\Roaming\Python\Python313\site-packages\coverage\inorout.py:473: CoverageWarning:
  
  --include is ignored because --source is set (include-ignored)

tests/framework/test_unit_test_runner.py::TestUnitTestRunner::test_run_specific_tests
  C:\Users\Vincent_Pereira\AppData\Roaming\Python\Python313\site-packages\coverage\control.py:945: CoverageWarning:
  
  No data was collected. (no-data-collected)

tests/integration/test_api_and_websockets.py::TestApiAndWebsockets::test_api_endpoint_health_check
  C:\Program Files\Python313\Lib\unittest\case.py:606: RuntimeWarning:
  
  coroutine 'TestApiAndWebsockets.test_api_endpoint_health_check' was never awaited
  
  Enable tracemalloc to get traceback where the object was allocated.
  See https://docs.pytest.org/en/stable/how-to/capture-warnings.html#resource-warnings for more info.

tests/integration/test_api_and_websockets.py::TestApiAndWebsockets::test_api_endpoint_health_check
  C:\Program Files\Python313\Lib\unittest\case.py:707: DeprecationWarning:
  
  It is deprecated to return a value that is not None from a test case (<bound method TestApiAndWebsockets.test_api_endpoint_health_check of <tests.integration.test_api_and_websockets.TestApiAndWebsockets testMethod=test_api_endpoint_health_check>>)

tests/integration/test_api_and_websockets.py::TestApiAndWebsockets::test_websocket_connection_and_data_streaming
  C:\Program Files\Python313\Lib\unittest\case.py:606: RuntimeWarning:
  
  coroutine 'TestApiAndWebsockets.test_websocket_connection_and_data_streaming' was never awaited
  
  Enable tracemalloc to get traceback where the object was allocated.
  See https://docs.pytest.org/en/stable/how-to/capture-warnings.html#resource-warnings for more info.

tests/integration/test_api_and_websockets.py::TestApiAndWebsockets::test_websocket_connection_and_data_streaming
  C:\Program Files\Python313\Lib\unittest\case.py:707: DeprecationWarning:
  
  It is deprecated to return a value that is not None from a test case (<bound method TestApiAndWebsockets.test_websocket_connection_and_data_streaming of <tests.integration.test_api_and_websockets.TestApiAndWebsockets testMethod=test_websocket_connection_and_data_streaming>>)

tests/integration/test_api_integration.py: 13 warnings
  C:\Users\Vincent_Pereira\AppData\Roaming\Python\Python313\site-packages\_pytest\python.py:722: RuntimeWarning:
  
  coroutine 'TestAPIIntegration.teardown_method' was never awaited
  
  Enable tracemalloc to get traceback where the object was allocated.
  See https://docs.pytest.org/en/stable/how-to/capture-warnings.html#resource-warnings for more info.

tests/integration/test_data_pipeline.py::TestDataPipeline::test_end_to_end_data_flow
  C:\Program Files\Python313\Lib\unittest\case.py:606: RuntimeWarning:
  
  coroutine 'TestDataPipeline.test_end_to_end_data_flow' was never awaited
  
  Enable tracemalloc to get traceback where the object was allocated.
  See https://docs.pytest.org/en/stable/how-to/capture-warnings.html#resource-warnings for more info.

tests/integration/test_data_pipeline.py::TestDataPipeline::test_end_to_end_data_flow
  C:\Program Files\Python313\Lib\unittest\case.py:707: DeprecationWarning:
  
  It is deprecated to return a value that is not None from a test case (<bound method TestDataPipeline.test_end_to_end_data_flow of <tests.integration.test_data_pipeline.TestDataPipeline testMethod=test_end_to_end_data_flow>>)

tests/integration/test_database_integration.py: 10 warnings
  C:\Users\Vincent_Pereira\AppData\Roaming\Python\Python313\site-packages\_pytest\python.py:722: RuntimeWarning:
  
  coroutine 'TestDatabaseIntegration.teardown_method' was never awaited
  
  Enable tracemalloc to get traceback where the object was allocated.
  See https://docs.pytest.org/en/stable/how-to/capture-warnings.html#resource-warnings for more info.

tests/integration/test_event_processing.py: 11 warnings
  C:\Users\Vincent_Pereira\AppData\Roaming\Python\Python313\site-packages\_pytest\python.py:722: RuntimeWarning:
  
  coroutine 'TestEventProcessing.teardown_method' was never awaited
  
  Enable tracemalloc to get traceback where the object was allocated.
  See https://docs.pytest.org/en/stable/how-to/capture-warnings.html#resource-warnings for more info.

tests/integration/test_external_services.py: 13 warnings
  C:\Users\Vincent_Pereira\AppData\Roaming\Python\Python313\site-packages\_pytest\python.py:722: RuntimeWarning:
  
  coroutine 'TestExternalServices.teardown_method' was never awaited
  
  Enable tracemalloc to get traceback where the object was allocated.
  See https://docs.pytest.org/en/stable/how-to/capture-warnings.html#resource-warnings for more info.

tests/integration/test_kafka_integration.py: 13 warnings
  C:\Users\Vincent_Pereira\AppData\Roaming\Python\Python313\site-packages\_pytest\python.py:722: RuntimeWarning:
  
  coroutine 'TestKafkaIntegration.teardown_method' was never awaited
  
  Enable tracemalloc to get traceback where the object was allocated.
  See https://docs.pytest.org/en/stable/how-to/capture-warnings.html#resource-warnings for more info.

tests/integration/test_performance_monitoring.py: 11 warnings
  C:\Users\Vincent_Pereira\AppData\Roaming\Python\Python313\site-packages\_pytest\python.py:722: RuntimeWarning:
  
  coroutine 'TestPerformanceMonitoring.teardown_method' was never awaited
  
  Enable tracemalloc to get traceback where the object was allocated.
  See https://docs.pytest.org/en/stable/how-to/capture-warnings.html#resource-warnings for more info.

tests/integration/test_security_integration.py: 17 warnings
  C:\Users\Vincent_Pereira\AppData\Roaming\Python\Python313\site-packages\_pytest\python.py:722: RuntimeWarning:
  
  coroutine 'TestSecurityIntegration.teardown_method' was never awaited
  
  Enable tracemalloc to get traceback where the object was allocated.
  See https://docs.pytest.org/en/stable/how-to/capture-warnings.html#resource-warnings for more info.

tests/standalone/test_graphql_api_simple.py::test_graphql_api
  C:\Users\Vincent_Pereira\AppData\Roaming\Python\Python313\site-packages\_pytest\python.py:161: PytestReturnNotNoneWarning:
  
  Test functions should return None, but tests/standalone/test_graphql_api_simple.py::test_graphql_api returned <class 'bool'>.
  Did you mean to use `assert` instead of `return`?
  See https://docs.pytest.org/en/stable/how-to/assert.html#return-not-none for more information.

tests/standalone/test_graphql_comprehensive.py::test_graphql_imports
  C:\Users\Vincent_Pereira\AppData\Roaming\Python\Python313\site-packages\_pytest\python.py:161: PytestReturnNotNoneWarning:
  
  Test functions should return None, but tests/standalone/test_graphql_comprehensive.py::test_graphql_imports returned <class 'bool'>.
  Did you mean to use `assert` instead of `return`?
  See https://docs.pytest.org/en/stable/how-to/assert.html#return-not-none for more information.

tests/standalone/test_graphql_comprehensive.py::test_graphql_api_creation
  C:\Users\Vincent_Pereira\AppData\Roaming\Python\Python313\site-packages\werkzeug\routing\rules.py:837: RuntimeWarning:
  
  coroutine 'TestCompleteTradingWorkflow.trading_system' was never awaited
  
  Enable tracemalloc to get traceback where the object was allocated.
  See https://docs.pytest.org/en/stable/how-to/capture-warnings.html#resource-warnings for more info.

tests/standalone/test_graphql_comprehensive.py::test_graphql_api_creation
  C:\Users\Vincent_Pereira\AppData\Roaming\Python\Python313\site-packages\_pytest\python.py:161: PytestReturnNotNoneWarning:
  
  Test functions should return None, but tests/standalone/test_graphql_comprehensive.py::test_graphql_api_creation returned <class 'tuple'>.
  Did you mean to use `assert` instead of `return`?
  See https://docs.pytest.org/en/stable/how-to/assert.html#return-not-none for more information.

tests/standalone/test_graphql_comprehensive.py::test_graphql_queries
  C:\Users\Vincent_Pereira\AppData\Roaming\Python\Python313\site-packages\_pytest\python.py:161: PytestReturnNotNoneWarning:
  
  Test functions should return None, but tests/standalone/test_graphql_comprehensive.py::test_graphql_queries returned <class 'bool'>.
  Did you mean to use `assert` instead of `return`?
  See https://docs.pytest.org/en/stable/how-to/assert.html#return-not-none for more information.

tests/standalone/test_graphql_comprehensive.py::test_graphql_mutations
  C:\Users\Vincent_Pereira\AppData\Roaming\Python\Python313\site-packages\_pytest\python.py:161: PytestReturnNotNoneWarning:
  
  Test functions should return None, but tests/standalone/test_graphql_comprehensive.py::test_graphql_mutations returned <class 'bool'>.
  Did you mean to use `assert` instead of `return`?
  See https://docs.pytest.org/en/stable/how-to/assert.html#return-not-none for more information.

tests/standalone/test_graphql_comprehensive.py::test_graphql_complexity
  C:\Users\Vincent_Pereira\AppData\Roaming\Python\Python313\site-packages\_pytest\python.py:161: PytestReturnNotNoneWarning:
  
  Test functions should return None, but tests/standalone/test_graphql_comprehensive.py::test_graphql_complexity returned <class 'bool'>.
  Did you mean to use `assert` instead of `return`?
  See https://docs.pytest.org/en/stable/how-to/assert.html#return-not-none for more information.

tests/standalone/test_phase2_structure.py::test_api_structure
  C:\Users\Vincent_Pereira\AppData\Roaming\Python\Python313\site-packages\_pytest\python.py:161: PytestReturnNotNoneWarning:
  
  Test functions should return None, but tests/standalone/test_phase2_structure.py::test_api_structure returned <class 'bool'>.
  Did you mean to use `assert` instead of `return`?
  See https://docs.pytest.org/en/stable/how-to/assert.html#return-not-none for more information.

tests/system/test_latency.py::TestLatencySystem::test_order_placement_latency
  C:\Users\Vincent_Pereira\AppData\Roaming\Python\Python313\site-packages\_pytest\fixtures.py:1181: PytestRemovedIn9Warning:
  
  'test_order_placement_latency' requested an async fixture 'setup_method' with autouse=True, with no plugin or hook that handled it. This is usually an error, as pytest does not natively support it. This will turn into an error in pytest 9.
  See: https://docs.pytest.org/en/stable/deprecations.html#sync-test-depending-on-async-fixture

tests/system/test_latency.py::TestLatencySystem::test_order_placement_latency
  C:\Users\Vincent_Pereira\AppData\Roaming\Python\Python313\site-packages\pytest_asyncio\plugin.py:598: PytestDeprecationWarning:
  
  asyncio test 'test_order_placement_latency' requested async @pytest.fixture 'setup_method' in strict mode. You might want to use @pytest_asyncio.fixture or switch to auto mode. This will become an error in future versions of flake8-asyncio.

tests/system/test_latency.py: 11 warnings
  C:\Users\Vincent_Pereira\AppData\Roaming\Python\Python313\site-packages\_pytest\python.py:722: RuntimeWarning:
  
  coroutine 'TestLatencySystem.teardown_method' was never awaited
  
  Enable tracemalloc to get traceback where the object was allocated.
  See https://docs.pytest.org/en/stable/how-to/capture-warnings.html#resource-warnings for more info.

tests/system/test_latency.py::TestLatencySystem::test_market_data_feed_latency
  C:\Users\Vincent_Pereira\AppData\Roaming\Python\Python313\site-packages\_pytest\fixtures.py:1181: PytestRemovedIn9Warning:
  
  'test_market_data_feed_latency' requested an async fixture 'setup_method' with autouse=True, with no plugin or hook that handled it. This is usually an error, as pytest does not natively support it. This will turn into an error in pytest 9.
  See: https://docs.pytest.org/en/stable/deprecations.html#sync-test-depending-on-async-fixture

tests/system/test_latency.py::TestLatencySystem::test_market_data_feed_latency
  C:\Users\Vincent_Pereira\AppData\Roaming\Python\Python313\site-packages\pytest_asyncio\plugin.py:598: PytestDeprecationWarning:
  
  asyncio test 'test_market_data_feed_latency' requested async @pytest.fixture 'setup_method' in strict mode. You might want to use @pytest_asyncio.fixture or switch to auto mode. This will become an error in future versions of flake8-asyncio.

tests/system/test_latency.py::TestLatencySystem::test_risk_calculation_latency
  C:\Users\Vincent_Pereira\AppData\Roaming\Python\Python313\site-packages\_pytest\fixtures.py:1181: PytestRemovedIn9Warning:
  
  'test_risk_calculation_latency' requested an async fixture 'setup_method' with autouse=True, with no plugin or hook that handled it. This is usually an error, as pytest does not natively support it. This will turn into an error in pytest 9.
  See: https://docs.pytest.org/en/stable/deprecations.html#sync-test-depending-on-async-fixture

tests/system/test_latency.py::TestLatencySystem::test_risk_calculation_latency
  C:\Users\Vincent_Pereira\AppData\Roaming\Python\Python313\site-packages\pytest_asyncio\plugin.py:598: PytestDeprecationWarning:
  
  asyncio test 'test_risk_calculation_latency' requested async @pytest.fixture 'setup_method' in strict mode. You might want to use @pytest_asyncio.fixture or switch to auto mode. This will become an error in future versions of flake8-asyncio.

tests/system/test_latency.py::TestLatencySystem::test_database_query_latency
  C:\Users\Vincent_Pereira\AppData\Roaming\Python\Python313\site-packages\_pytest\fixtures.py:1181: PytestRemovedIn9Warning:
  
  'test_database_query_latency' requested an async fixture 'setup_method' with autouse=True, with no plugin or hook that handled it. This is usually an error, as pytest does not natively support it. This will turn into an error in pytest 9.
  See: https://docs.pytest.org/en/stable/deprecations.html#sync-test-depending-on-async-fixture

tests/system/test_latency.py::TestLatencySystem::test_database_query_latency
  C:\Users\Vincent_Pereira\AppData\Roaming\Python\Python313\site-packages\pytest_asyncio\plugin.py:598: PytestDeprecationWarning:
  
  asyncio test 'test_database_query_latency' requested async @pytest.fixture 'setup_method' in strict mode. You might want to use @pytest_asyncio.fixture or switch to auto mode. This will become an error in future versions of flake8-asyncio.

tests/system/test_latency.py::TestLatencySystem::test_concurrent_operations_latency
  C:\Users\Vincent_Pereira\AppData\Roaming\Python\Python313\site-packages\_pytest\fixtures.py:1181: PytestRemovedIn9Warning:
  
  'test_concurrent_operations_latency' requested an async fixture 'setup_method' with autouse=True, with no plugin or hook that handled it. This is usually an error, as pytest does not natively support it. This will turn into an error in pytest 9.
  See: https://docs.pytest.org/en/stable/deprecations.html#sync-test-depending-on-async-fixture

tests/system/test_latency.py::TestLatencySystem::test_concurrent_operations_latency
  C:\Users\Vincent_Pereira\AppData\Roaming\Python\Python313\site-packages\pytest_asyncio\plugin.py:598: PytestDeprecationWarning:
  
  asyncio test 'test_concurrent_operations_latency' requested async @pytest.fixture 'setup_method' in strict mode. You might want to use @pytest_asyncio.fixture or switch to auto mode. This will become an error in future versions of flake8-asyncio.

tests/system/test_latency.py::TestLatencySystem::test_memory_access_latency
  C:\Users\Vincent_Pereira\AppData\Roaming\Python\Python313\site-packages\_pytest\fixtures.py:1181: PytestRemovedIn9Warning:
  
  'test_memory_access_latency' requested an async fixture 'setup_method' with autouse=True, with no plugin or hook that handled it. This is usually an error, as pytest does not natively support it. This will turn into an error in pytest 9.
  See: https://docs.pytest.org/en/stable/deprecations.html#sync-test-depending-on-async-fixture

tests/system/test_latency.py::TestLatencySystem::test_memory_access_latency
  C:\Users\Vincent_Pereira\AppData\Roaming\Python\Python313\site-packages\pytest_asyncio\plugin.py:598: PytestDeprecationWarning:
  
  asyncio test 'test_memory_access_latency' requested async @pytest.fixture 'setup_method' in strict mode. You might want to use @pytest_asyncio.fixture or switch to auto mode. This will become an error in future versions of flake8-asyncio.

tests/system/test_latency.py::TestLatencySystem::test_latency_percentiles_and_distribution
  C:\Users\Vincent_Pereira\AppData\Roaming\Python\Python313\site-packages\_pytest\fixtures.py:1181: PytestRemovedIn9Warning:
  
  'test_latency_percentiles_and_distribution' requested an async fixture 'setup_method' with autouse=True, with no plugin or hook that handled it. This is usually an error, as pytest does not natively support it. This will turn into an error in pytest 9.
  See: https://docs.pytest.org/en/stable/deprecations.html#sync-test-depending-on-async-fixture

tests/system/test_latency.py::TestLatencySystem::test_latency_percentiles_and_distribution
  C:\Users\Vincent_Pereira\AppData\Roaming\Python\Python313\site-packages\pytest_asyncio\plugin.py:598: PytestDeprecationWarning:
  
  asyncio test 'test_latency_percentiles_and_distribution' requested async @pytest.fixture 'setup_method' in strict mode. You might want to use @pytest_asyncio.fixture or switch to auto mode. This will become an error in future versions of flake8-asyncio.

tests/system/test_latency.py::TestLatencySystem::test_latency_regression_detection
  C:\Users\Vincent_Pereira\AppData\Roaming\Python\Python313\site-packages\_pytest\fixtures.py:1181: PytestRemovedIn9Warning:
  
  'test_latency_regression_detection' requested an async fixture 'setup_method' with autouse=True, with no plugin or hook that handled it. This is usually an error, as pytest does not natively support it. This will turn into an error in pytest 9.
  See: https://docs.pytest.org/en/stable/deprecations.html#sync-test-depending-on-async-fixture

tests/system/test_latency.py::TestLatencySystem::test_latency_regression_detection
  C:\Users\Vincent_Pereira\AppData\Roaming\Python\Python313\site-packages\pytest_asyncio\plugin.py:598: PytestDeprecationWarning:
  
  asyncio test 'test_latency_regression_detection' requested async @pytest.fixture 'setup_method' in strict mode. You might want to use @pytest_asyncio.fixture or switch to auto mode. This will become an error in future versions of flake8-asyncio.

tests/system/test_latency.py::TestLatencySystem::test_system_resource_impact_on_latency
  C:\Users\Vincent_Pereira\AppData\Roaming\Python\Python313\site-packages\_pytest\fixtures.py:1181: PytestRemovedIn9Warning:
  
  'test_system_resource_impact_on_latency' requested an async fixture 'setup_method' with autouse=True, with no plugin or hook that handled it. This is usually an error, as pytest does not natively support it. This will turn into an error in pytest 9.
  See: https://docs.pytest.org/en/stable/deprecations.html#sync-test-depending-on-async-fixture

tests/system/test_latency.py::TestLatencySystem::test_system_resource_impact_on_latency
  C:\Users\Vincent_Pereira\AppData\Roaming\Python\Python313\site-packages\pytest_asyncio\plugin.py:598: PytestDeprecationWarning:
  
  asyncio test 'test_system_resource_impact_on_latency' requested async @pytest.fixture 'setup_method' in strict mode. You might want to use @pytest_asyncio.fixture or switch to auto mode. This will become an error in future versions of flake8-asyncio.

tests/system/test_latency.py::TestLatencySystem::test_latency_monitoring_and_alerting
  C:\Users\Vincent_Pereira\AppData\Roaming\Python\Python313\site-packages\_pytest\fixtures.py:1181: PytestRemovedIn9Warning:
  
  'test_latency_monitoring_and_alerting' requested an async fixture 'setup_method' with autouse=True, with no plugin or hook that handled it. This is usually an error, as pytest does not natively support it. This will turn into an error in pytest 9.
  See: https://docs.pytest.org/en/stable/deprecations.html#sync-test-depending-on-async-fixture

tests/system/test_latency.py::TestLatencySystem::test_latency_monitoring_and_alerting
  C:\Users\Vincent_Pereira\AppData\Roaming\Python\Python313\site-packages\pytest_asyncio\plugin.py:598: PytestDeprecationWarning:
  
  asyncio test 'test_latency_monitoring_and_alerting' requested async @pytest.fixture 'setup_method' in strict mode. You might want to use @pytest_asyncio.fixture or switch to auto mode. This will become an error in future versions of flake8-asyncio.

tests/system/test_latency.py::TestLatencySystem::test_end_to_end_latency_workflow
  C:\Users\Vincent_Pereira\AppData\Roaming\Python\Python313\site-packages\_pytest\fixtures.py:1181: PytestRemovedIn9Warning:
  
  'test_end_to_end_latency_workflow' requested an async fixture 'setup_method' with autouse=True, with no plugin or hook that handled it. This is usually an error, as pytest does not natively support it. This will turn into an error in pytest 9.
  See: https://docs.pytest.org/en/stable/deprecations.html#sync-test-depending-on-async-fixture

tests/system/test_latency.py::TestLatencySystem::test_end_to_end_latency_workflow
  C:\Users\Vincent_Pereira\AppData\Roaming\Python\Python313\site-packages\pytest_asyncio\plugin.py:598: PytestDeprecationWarning:
  
  asyncio test 'test_end_to_end_latency_workflow' requested async @pytest.fixture 'setup_method' in strict mode. You might want to use @pytest_asyncio.fixture or switch to auto mode. This will become an error in future versions of flake8-asyncio.

tests/system/test_multi_asset_trading.py::TestMultiAssetTradingSystem::test_asset_manager_initialization
  C:\Users\Vincent_Pereira\AppData\Roaming\Python\Python313\site-packages\_pytest\fixtures.py:1181: PytestRemovedIn9Warning:
  
  'test_asset_manager_initialization' requested an async fixture 'setup_method' with autouse=True, with no plugin or hook that handled it. This is usually an error, as pytest does not natively support it. This will turn into an error in pytest 9.
  See: https://docs.pytest.org/en/stable/deprecations.html#sync-test-depending-on-async-fixture

tests/system/test_multi_asset_trading.py::TestMultiAssetTradingSystem::test_asset_manager_initialization
  C:\Users\Vincent_Pereira\AppData\Roaming\Python\Python313\site-packages\pytest_asyncio\plugin.py:598: PytestDeprecationWarning:
  
  asyncio test 'test_asset_manager_initialization' requested async @pytest.fixture 'setup_method' in strict mode. You might want to use @pytest_asyncio.fixture or switch to auto mode. This will become an error in future versions of flake8-asyncio.

tests/system/test_multi_asset_trading.py: 15 warnings
  C:\Users\Vincent_Pereira\AppData\Roaming\Python\Python313\site-packages\_pytest\python.py:722: RuntimeWarning:
  
  coroutine 'TestMultiAssetTradingSystem.teardown_method' was never awaited
  
  Enable tracemalloc to get traceback where the object was allocated.
  See https://docs.pytest.org/en/stable/how-to/capture-warnings.html#resource-warnings for more info.

tests/system/test_multi_asset_trading.py::TestMultiAssetTradingSystem::test_equity_trading
  C:\Users\Vincent_Pereira\AppData\Roaming\Python\Python313\site-packages\_pytest\fixtures.py:1181: PytestRemovedIn9Warning:
  
  'test_equity_trading' requested an async fixture 'setup_method' with autouse=True, with no plugin or hook that handled it. This is usually an error, as pytest does not natively support it. This will turn into an error in pytest 9.
  See: https://docs.pytest.org/en/stable/deprecations.html#sync-test-depending-on-async-fixture

tests/system/test_multi_asset_trading.py::TestMultiAssetTradingSystem::test_equity_trading
  C:\Users\Vincent_Pereira\AppData\Roaming\Python\Python313\site-packages\pytest_asyncio\plugin.py:598: PytestDeprecationWarning:
  
  asyncio test 'test_equity_trading' requested async @pytest.fixture 'setup_method' in strict mode. You might want to use @pytest_asyncio.fixture or switch to auto mode. This will become an error in future versions of flake8-asyncio.

tests/system/test_multi_asset_trading.py::TestMultiAssetTradingSystem::test_forex_trading
  C:\Users\Vincent_Pereira\AppData\Roaming\Python\Python313\site-packages\_pytest\fixtures.py:1181: PytestRemovedIn9Warning:
  
  'test_forex_trading' requested an async fixture 'setup_method' with autouse=True, with no plugin or hook that handled it. This is usually an error, as pytest does not natively support it. This will turn into an error in pytest 9.
  See: https://docs.pytest.org/en/stable/deprecations.html#sync-test-depending-on-async-fixture

tests/system/test_multi_asset_trading.py::TestMultiAssetTradingSystem::test_forex_trading
  C:\Users\Vincent_Pereira\AppData\Roaming\Python\Python313\site-packages\pytest_asyncio\plugin.py:598: PytestDeprecationWarning:
  
  asyncio test 'test_forex_trading' requested async @pytest.fixture 'setup_method' in strict mode. You might want to use @pytest_asyncio.fixture or switch to auto mode. This will become an error in future versions of flake8-asyncio.

tests/system/test_multi_asset_trading.py::TestMultiAssetTradingSystem::test_cryptocurrency_trading
  C:\Users\Vincent_Pereira\AppData\Roaming\Python\Python313\site-packages\_pytest\fixtures.py:1181: PytestRemovedIn9Warning:
  
  'test_cryptocurrency_trading' requested an async fixture 'setup_method' with autouse=True, with no plugin or hook that handled it. This is usually an error, as pytest does not natively support it. This will turn into an error in pytest 9.
  See: https://docs.pytest.org/en/stable/deprecations.html#sync-test-depending-on-async-fixture

tests/system/test_multi_asset_trading.py::TestMultiAssetTradingSystem::test_cryptocurrency_trading
  C:\Users\Vincent_Pereira\AppData\Roaming\Python\Python313\site-packages\pytest_asyncio\plugin.py:598: PytestDeprecationWarning:
  
  asyncio test 'test_cryptocurrency_trading' requested async @pytest.fixture 'setup_method' in strict mode. You might want to use @pytest_asyncio.fixture or switch to auto mode. This will become an error in future versions of flake8-asyncio.

tests/system/test_multi_asset_trading.py::TestMultiAssetTradingSystem::test_commodity_trading
  C:\Users\Vincent_Pereira\AppData\Roaming\Python\Python313\site-packages\_pytest\fixtures.py:1181: PytestRemovedIn9Warning:
  
  'test_commodity_trading' requested an async fixture 'setup_method' with autouse=True, with no plugin or hook that handled it. This is usually an error, as pytest does not natively support it. This will turn into an error in pytest 9.
  See: https://docs.pytest.org/en/stable/deprecations.html#sync-test-depending-on-async-fixture

tests/system/test_multi_asset_trading.py::TestMultiAssetTradingSystem::test_commodity_trading
  C:\Users\Vincent_Pereira\AppData\Roaming\Python\Python313\site-packages\pytest_asyncio\plugin.py:598: PytestDeprecationWarning:
  
  asyncio test 'test_commodity_trading' requested async @pytest.fixture 'setup_method' in strict mode. You might want to use @pytest_asyncio.fixture or switch to auto mode. This will become an error in future versions of flake8-asyncio.

tests/system/test_multi_asset_trading.py::TestMultiAssetTradingSystem::test_multi_asset_portfolio
  C:\Users\Vincent_Pereira\AppData\Roaming\Python\Python313\site-packages\_pytest\fixtures.py:1181: PytestRemovedIn9Warning:
  
  'test_multi_asset_portfolio' requested an async fixture 'setup_method' with autouse=True, with no plugin or hook that handled it. This is usually an error, as pytest does not natively support it. This will turn into an error in pytest 9.
  See: https://docs.pytest.org/en/stable/deprecations.html#sync-test-depending-on-async-fixture

tests/system/test_multi_asset_trading.py::TestMultiAssetTradingSystem::test_multi_asset_portfolio
  C:\Users\Vincent_Pereira\AppData\Roaming\Python\Python313\site-packages\pytest_asyncio\plugin.py:598: PytestDeprecationWarning:
  
  asyncio test 'test_multi_asset_portfolio' requested async @pytest.fixture 'setup_method' in strict mode. You might want to use @pytest_asyncio.fixture or switch to auto mode. This will become an error in future versions of flake8-asyncio.

tests/system/test_multi_asset_trading.py::TestMultiAssetTradingSystem::test_cross_asset_risk_management
  C:\Users\Vincent_Pereira\AppData\Roaming\Python\Python313\site-packages\_pytest\fixtures.py:1181: PytestRemovedIn9Warning:
  
  'test_cross_asset_risk_management' requested an async fixture 'setup_method' with autouse=True, with no plugin or hook that handled it. This is usually an error, as pytest does not natively support it. This will turn into an error in pytest 9.
  See: https://docs.pytest.org/en/stable/deprecations.html#sync-test-depending-on-async-fixture

tests/system/test_multi_asset_trading.py::TestMultiAssetTradingSystem::test_cross_asset_risk_management
  C:\Users\Vincent_Pereira\AppData\Roaming\Python\Python313\site-packages\pytest_asyncio\plugin.py:598: PytestDeprecationWarning:
  
  asyncio test 'test_cross_asset_risk_management' requested async @pytest.fixture 'setup_method' in strict mode. You might want to use @pytest_asyncio.fixture or switch to auto mode. This will become an error in future versions of flake8-asyncio.

tests/system/test_multi_asset_trading.py::TestMultiAssetTradingSystem::test_execution_latency_by_asset_class
  C:\Users\Vincent_Pereira\AppData\Roaming\Python\Python313\site-packages\_pytest\fixtures.py:1181: PytestRemovedIn9Warning:
  
  'test_execution_latency_by_asset_class' requested an async fixture 'setup_method' with autouse=True, with no plugin or hook that handled it. This is usually an error, as pytest does not natively support it. This will turn into an error in pytest 9.
  See: https://docs.pytest.org/en/stable/deprecations.html#sync-test-depending-on-async-fixture

tests/system/test_multi_asset_trading.py::TestMultiAssetTradingSystem::test_execution_latency_by_asset_class
  C:\Users\Vincent_Pereira\AppData\Roaming\Python\Python313\site-packages\pytest_asyncio\plugin.py:598: PytestDeprecationWarning:
  
  asyncio test 'test_execution_latency_by_asset_class' requested async @pytest.fixture 'setup_method' in strict mode. You might want to use @pytest_asyncio.fixture or switch to auto mode. This will become an error in future versions of flake8-asyncio.

tests/system/test_multi_asset_trading.py::TestMultiAssetTradingSystem::test_concurrent_multi_asset_trading
  C:\Users\Vincent_Pereira\AppData\Roaming\Python\Python313\site-packages\_pytest\fixtures.py:1181: PytestRemovedIn9Warning:
  
  'test_concurrent_multi_asset_trading' requested an async fixture 'setup_method' with autouse=True, with no plugin or hook that handled it. This is usually an error, as pytest does not natively support it. This will turn into an error in pytest 9.
  See: https://docs.pytest.org/en/stable/deprecations.html#sync-test-depending-on-async-fixture

tests/system/test_multi_asset_trading.py::TestMultiAssetTradingSystem::test_concurrent_multi_asset_trading
  C:\Users\Vincent_Pereira\AppData\Roaming\Python\Python313\site-packages\pytest_asyncio\plugin.py:598: PytestDeprecationWarning:
  
  asyncio test 'test_concurrent_multi_asset_trading' requested async @pytest.fixture 'setup_method' in strict mode. You might want to use @pytest_asyncio.fixture or switch to auto mode. This will become an error in future versions of flake8-asyncio.

tests/system/test_multi_asset_trading.py::TestMultiAssetTradingSystem::test_market_data_updates_across_assets
  C:\Users\Vincent_Pereira\AppData\Roaming\Python\Python313\site-packages\_pytest\fixtures.py:1181: PytestRemovedIn9Warning:
  
  'test_market_data_updates_across_assets' requested an async fixture 'setup_method' with autouse=True, with no plugin or hook that handled it. This is usually an error, as pytest does not natively support it. This will turn into an error in pytest 9.
  See: https://docs.pytest.org/en/stable/deprecations.html#sync-test-depending-on-async-fixture

tests/system/test_multi_asset_trading.py::TestMultiAssetTradingSystem::test_market_data_updates_across_assets
  C:\Users\Vincent_Pereira\AppData\Roaming\Python\Python313\site-packages\pytest_asyncio\plugin.py:598: PytestDeprecationWarning:
  
  asyncio test 'test_market_data_updates_across_assets' requested async @pytest.fixture 'setup_method' in strict mode. You might want to use @pytest_asyncio.fixture or switch to auto mode. This will become an error in future versions of flake8-asyncio.

tests/system/test_multi_asset_trading.py::TestMultiAssetTradingSystem::test_portfolio_risk_monitoring
  C:\Users\Vincent_Pereira\AppData\Roaming\Python\Python313\site-packages\_pytest\fixtures.py:1181: PytestRemovedIn9Warning:
  
  'test_portfolio_risk_monitoring' requested an async fixture 'setup_method' with autouse=True, with no plugin or hook that handled it. This is usually an error, as pytest does not natively support it. This will turn into an error in pytest 9.
  See: https://docs.pytest.org/en/stable/deprecations.html#sync-test-depending-on-async-fixture

tests/system/test_multi_asset_trading.py::TestMultiAssetTradingSystem::test_portfolio_risk_monitoring
  C:\Users\Vincent_Pereira\AppData\Roaming\Python\Python313\site-packages\pytest_asyncio\plugin.py:598: PytestDeprecationWarning:
  
  asyncio test 'test_portfolio_risk_monitoring' requested async @pytest.fixture 'setup_method' in strict mode. You might want to use @pytest_asyncio.fixture or switch to auto mode. This will become an error in future versions of flake8-asyncio.

tests/system/test_multi_asset_trading.py::TestMultiAssetTradingSystem::test_order_validation_by_asset_class
  C:\Users\Vincent_Pereira\AppData\Roaming\Python\Python313\site-packages\_pytest\fixtures.py:1181: PytestRemovedIn9Warning:
  
  'test_order_validation_by_asset_class' requested an async fixture 'setup_method' with autouse=True, with no plugin or hook that handled it. This is usually an error, as pytest does not natively support it. This will turn into an error in pytest 9.
  See: https://docs.pytest.org/en/stable/deprecations.html#sync-test-depending-on-async-fixture

tests/system/test_multi_asset_trading.py::TestMultiAssetTradingSystem::test_order_validation_by_asset_class
  C:\Users\Vincent_Pereira\AppData\Roaming\Python\Python313\site-packages\pytest_asyncio\plugin.py:598: PytestDeprecationWarning:
  
  asyncio test 'test_order_validation_by_asset_class' requested async @pytest.fixture 'setup_method' in strict mode. You might want to use @pytest_asyncio.fixture or switch to auto mode. This will become an error in future versions of flake8-asyncio.

tests/system/test_multi_asset_trading.py::TestMultiAssetTradingSystem::test_performance_across_asset_classes
  C:\Users\Vincent_Pereira\AppData\Roaming\Python\Python313\site-packages\_pytest\fixtures.py:1181: PytestRemovedIn9Warning:
  
  'test_performance_across_asset_classes' requested an async fixture 'setup_method' with autouse=True, with no plugin or hook that handled it. This is usually an error, as pytest does not natively support it. This will turn into an error in pytest 9.
  See: https://docs.pytest.org/en/stable/deprecations.html#sync-test-depending-on-async-fixture

tests/system/test_multi_asset_trading.py::TestMultiAssetTradingSystem::test_performance_across_asset_classes
  C:\Users\Vincent_Pereira\AppData\Roaming\Python\Python313\site-packages\pytest_asyncio\plugin.py:598: PytestDeprecationWarning:
  
  asyncio test 'test_performance_across_asset_classes' requested async @pytest.fixture 'setup_method' in strict mode. You might want to use @pytest_asyncio.fixture or switch to auto mode. This will become an error in future versions of flake8-asyncio.

tests/system/test_multi_asset_trading.py::TestMultiAssetTradingSystem::test_system_scalability_multi_asset
  C:\Users\Vincent_Pereira\AppData\Roaming\Python\Python313\site-packages\_pytest\fixtures.py:1181: PytestRemovedIn9Warning:
  
  'test_system_scalability_multi_asset' requested an async fixture 'setup_method' with autouse=True, with no plugin or hook that handled it. This is usually an error, as pytest does not natively support it. This will turn into an error in pytest 9.
  See: https://docs.pytest.org/en/stable/deprecations.html#sync-test-depending-on-async-fixture

tests/system/test_multi_asset_trading.py::TestMultiAssetTradingSystem::test_system_scalability_multi_asset
  C:\Users\Vincent_Pereira\AppData\Roaming\Python\Python313\site-packages\pytest_asyncio\plugin.py:598: PytestDeprecationWarning:
  
  asyncio test 'test_system_scalability_multi_asset' requested async @pytest.fixture 'setup_method' in strict mode. You might want to use @pytest_asyncio.fixture or switch to auto mode. This will become an error in future versions of flake8-asyncio.

tests/system/test_multi_asset_trading.py::TestMultiAssetTradingSystem::test_end_to_end_multi_asset_workflow
  C:\Users\Vincent_Pereira\AppData\Roaming\Python\Python313\site-packages\_pytest\fixtures.py:1181: PytestRemovedIn9Warning:
  
  'test_end_to_end_multi_asset_workflow' requested an async fixture 'setup_method' with autouse=True, with no plugin or hook that handled it. This is usually an error, as pytest does not natively support it. This will turn into an error in pytest 9.
  See: https://docs.pytest.org/en/stable/deprecations.html#sync-test-depending-on-async-fixture

tests/system/test_multi_asset_trading.py::TestMultiAssetTradingSystem::test_end_to_end_multi_asset_workflow
  C:\Users\Vincent_Pereira\AppData\Roaming\Python\Python313\site-packages\pytest_asyncio\plugin.py:598: PytestDeprecationWarning:
  
  asyncio test 'test_end_to_end_multi_asset_workflow' requested async @pytest.fixture 'setup_method' in strict mode. You might want to use @pytest_asyncio.fixture or switch to auto mode. This will become an error in future versions of flake8-asyncio.

tests/system/test_performance_benchmarks.py::TestPerformanceBenchmarks::test_memory_usage_benchmarks
  C:\Users\Vincent_Pereira\Projects\Algo_Trading_Projects\Trae\Algorithmic Trading System\tests\system\test_performance_benchmarks.py:410: RuntimeWarning:
  
  coroutine 'TestLatencySystem.setup_method' was never awaited
  
  Enable tracemalloc to get traceback where the object was allocated.
  See https://docs.pytest.org/en/stable/how-to/capture-warnings.html#resource-warnings for more info.

tests/system/test_performance_benchmarks.py::TestPerformanceBenchmarks::test_memory_usage_benchmarks
  C:\Users\Vincent_Pereira\Projects\Algo_Trading_Projects\Trae\Algorithmic Trading System\tests\system\test_performance_benchmarks.py:410: RuntimeWarning:
  
  coroutine 'TestMultiAssetTradingSystem.setup_method' was never awaited
  
  Enable tracemalloc to get traceback where the object was allocated.
  See https://docs.pytest.org/en/stable/how-to/capture-warnings.html#resource-warnings for more info.

tests/system/test_system_chaos_engineering.py::TestChaosEngineering::test_latency_injection_experiment
  C:\Users\Vincent_Pereira\AppData\Roaming\Python\Python313\site-packages\_pytest\fixtures.py:1181: PytestRemovedIn9Warning:
  
  'test_latency_injection_experiment' requested an async fixture 'setup_method' with autouse=True, with no plugin or hook that handled it. This is usually an error, as pytest does not natively support it. This will turn into an error in pytest 9.
  See: https://docs.pytest.org/en/stable/deprecations.html#sync-test-depending-on-async-fixture

tests/system/test_system_chaos_engineering.py::TestChaosEngineering::test_latency_injection_experiment
  C:\Users\Vincent_Pereira\AppData\Roaming\Python\Python313\site-packages\pytest_asyncio\plugin.py:598: PytestDeprecationWarning:
  
  asyncio test 'test_latency_injection_experiment' requested async @pytest.fixture 'setup_method' in strict mode. You might want to use @pytest_asyncio.fixture or switch to auto mode. This will become an error in future versions of flake8-asyncio.

tests/system/test_system_chaos_engineering.py::TestChaosEngineering::test_latency_injection_experiment
tests/system/test_system_chaos_engineering.py::TestChaosEngineering::test_cpu_stress_experiment
tests/system/test_system_chaos_engineering.py::TestChaosEngineering::test_service_kill_experiment
tests/system/test_system_chaos_engineering.py::TestChaosEngineering::test_memory_leak_experiment
tests/system/test_system_chaos_engineering.py::TestChaosEngineering::test_database_slowdown_experiment
tests/system/test_system_chaos_engineering.py::TestChaosEngineering::test_experiment_safety_abort
tests/system/test_system_chaos_engineering.py::TestChaosEngineering::test_concurrent_chaos_experiments
tests/system/test_system_chaos_engineering.py::TestChaosEngineering::test_chaos_experiment_reporting
tests/system/test_system_chaos_engineering.py::TestChaosEngineering::test_system_resilience_under_chaos
  C:\Users\Vincent_Pereira\AppData\Roaming\Python\Python313\site-packages\_pytest\python.py:722: RuntimeWarning:
  
  coroutine 'TestChaosEngineering.teardown_method' was never awaited
  
  Enable tracemalloc to get traceback where the object was allocated.
  See https://docs.pytest.org/en/stable/how-to/capture-warnings.html#resource-warnings for more info.

tests/system/test_system_chaos_engineering.py::TestChaosEngineering::test_cpu_stress_experiment
  C:\Users\Vincent_Pereira\AppData\Roaming\Python\Python313\site-packages\_pytest\fixtures.py:1181: PytestRemovedIn9Warning:
  
  'test_cpu_stress_experiment' requested an async fixture 'setup_method' with autouse=True, with no plugin or hook that handled it. This is usually an error, as pytest does not natively support it. This will turn into an error in pytest 9.
  See: https://docs.pytest.org/en/stable/deprecations.html#sync-test-depending-on-async-fixture

tests/system/test_system_chaos_engineering.py::TestChaosEngineering::test_cpu_stress_experiment
  C:\Users\Vincent_Pereira\AppData\Roaming\Python\Python313\site-packages\pytest_asyncio\plugin.py:598: PytestDeprecationWarning:
  
  asyncio test 'test_cpu_stress_experiment' requested async @pytest.fixture 'setup_method' in strict mode. You might want to use @pytest_asyncio.fixture or switch to auto mode. This will become an error in future versions of flake8-asyncio.

tests/system/test_system_chaos_engineering.py::TestChaosEngineering::test_service_kill_experiment
  C:\Users\Vincent_Pereira\AppData\Roaming\Python\Python313\site-packages\_pytest\fixtures.py:1181: PytestRemovedIn9Warning:
  
  'test_service_kill_experiment' requested an async fixture 'setup_method' with autouse=True, with no plugin or hook that handled it. This is usually an error, as pytest does not natively support it. This will turn into an error in pytest 9.
  See: https://docs.pytest.org/en/stable/deprecations.html#sync-test-depending-on-async-fixture

tests/system/test_system_chaos_engineering.py::TestChaosEngineering::test_service_kill_experiment
  C:\Users\Vincent_Pereira\AppData\Roaming\Python\Python313\site-packages\pytest_asyncio\plugin.py:598: PytestDeprecationWarning:
  
  asyncio test 'test_service_kill_experiment' requested async @pytest.fixture 'setup_method' in strict mode. You might want to use @pytest_asyncio.fixture or switch to auto mode. This will become an error in future versions of flake8-asyncio.

tests/system/test_system_chaos_engineering.py::TestChaosEngineering::test_memory_leak_experiment
  C:\Users\Vincent_Pereira\AppData\Roaming\Python\Python313\site-packages\_pytest\fixtures.py:1181: PytestRemovedIn9Warning:
  
  'test_memory_leak_experiment' requested an async fixture 'setup_method' with autouse=True, with no plugin or hook that handled it. This is usually an error, as pytest does not natively support it. This will turn into an error in pytest 9.
  See: https://docs.pytest.org/en/stable/deprecations.html#sync-test-depending-on-async-fixture

tests/system/test_system_chaos_engineering.py::TestChaosEngineering::test_memory_leak_experiment
  C:\Users\Vincent_Pereira\AppData\Roaming\Python\Python313\site-packages\pytest_asyncio\plugin.py:598: PytestDeprecationWarning:
  
  asyncio test 'test_memory_leak_experiment' requested async @pytest.fixture 'setup_method' in strict mode. You might want to use @pytest_asyncio.fixture or switch to auto mode. This will become an error in future versions of flake8-asyncio.

tests/system/test_system_chaos_engineering.py::TestChaosEngineering::test_database_slowdown_experiment
  C:\Users\Vincent_Pereira\AppData\Roaming\Python\Python313\site-packages\_pytest\fixtures.py:1181: PytestRemovedIn9Warning:
  
  'test_database_slowdown_experiment' requested an async fixture 'setup_method' with autouse=True, with no plugin or hook that handled it. This is usually an error, as pytest does not natively support it. This will turn into an error in pytest 9.
  See: https://docs.pytest.org/en/stable/deprecations.html#sync-test-depending-on-async-fixture

tests/system/test_system_chaos_engineering.py::TestChaosEngineering::test_database_slowdown_experiment
  C:\Users\Vincent_Pereira\AppData\Roaming\Python\Python313\site-packages\pytest_asyncio\plugin.py:598: PytestDeprecationWarning:
  
  asyncio test 'test_database_slowdown_experiment' requested async @pytest.fixture 'setup_method' in strict mode. You might want to use @pytest_asyncio.fixture or switch to auto mode. This will become an error in future versions of flake8-asyncio.

tests/system/test_system_chaos_engineering.py::TestChaosEngineering::test_experiment_safety_abort
  C:\Users\Vincent_Pereira\AppData\Roaming\Python\Python313\site-packages\_pytest\fixtures.py:1181: PytestRemovedIn9Warning:
  
  'test_experiment_safety_abort' requested an async fixture 'setup_method' with autouse=True, with no plugin or hook that handled it. This is usually an error, as pytest does not natively support it. This will turn into an error in pytest 9.
  See: https://docs.pytest.org/en/stable/deprecations.html#sync-test-depending-on-async-fixture

tests/system/test_system_chaos_engineering.py::TestChaosEngineering::test_experiment_safety_abort
  C:\Users\Vincent_Pereira\AppData\Roaming\Python\Python313\site-packages\pytest_asyncio\plugin.py:598: PytestDeprecationWarning:
  
  asyncio test 'test_experiment_safety_abort' requested async @pytest.fixture 'setup_method' in strict mode. You might want to use @pytest_asyncio.fixture or switch to auto mode. This will become an error in future versions of flake8-asyncio.

tests/system/test_system_chaos_engineering.py::TestChaosEngineering::test_concurrent_chaos_experiments
  C:\Users\Vincent_Pereira\AppData\Roaming\Python\Python313\site-packages\_pytest\fixtures.py:1181: PytestRemovedIn9Warning:
  
  'test_concurrent_chaos_experiments' requested an async fixture 'setup_method' with autouse=True, with no plugin or hook that handled it. This is usually an error, as pytest does not natively support it. This will turn into an error in pytest 9.
  See: https://docs.pytest.org/en/stable/deprecations.html#sync-test-depending-on-async-fixture

tests/system/test_system_chaos_engineering.py::TestChaosEngineering::test_concurrent_chaos_experiments
  C:\Users\Vincent_Pereira\AppData\Roaming\Python\Python313\site-packages\pytest_asyncio\plugin.py:598: PytestDeprecationWarning:
  
  asyncio test 'test_concurrent_chaos_experiments' requested async @pytest.fixture 'setup_method' in strict mode. You might want to use @pytest_asyncio.fixture or switch to auto mode. This will become an error in future versions of flake8-asyncio.

tests/system/test_system_chaos_engineering.py::TestChaosEngineering::test_chaos_experiment_reporting
  C:\Users\Vincent_Pereira\AppData\Roaming\Python\Python313\site-packages\_pytest\fixtures.py:1181: PytestRemovedIn9Warning:
  
  'test_chaos_experiment_reporting' requested an async fixture 'setup_method' with autouse=True, with no plugin or hook that handled it. This is usually an error, as pytest does not natively support it. This will turn into an error in pytest 9.
  See: https://docs.pytest.org/en/stable/deprecations.html#sync-test-depending-on-async-fixture

tests/system/test_system_chaos_engineering.py::TestChaosEngineering::test_chaos_experiment_reporting
  C:\Users\Vincent_Pereira\AppData\Roaming\Python\Python313\site-packages\pytest_asyncio\plugin.py:598: PytestDeprecationWarning:
  
  asyncio test 'test_chaos_experiment_reporting' requested async @pytest.fixture 'setup_method' in strict mode. You might want to use @pytest_asyncio.fixture or switch to auto mode. This will become an error in future versions of flake8-asyncio.

tests/system/test_system_chaos_engineering.py::TestChaosEngineering::test_system_resilience_under_chaos
  C:\Users\Vincent_Pereira\AppData\Roaming\Python\Python313\site-packages\_pytest\fixtures.py:1181: PytestRemovedIn9Warning:
  
  'test_system_resilience_under_chaos' requested an async fixture 'setup_method' with autouse=True, with no plugin or hook that handled it. This is usually an error, as pytest does not natively support it. This will turn into an error in pytest 9.
  See: https://docs.pytest.org/en/stable/deprecations.html#sync-test-depending-on-async-fixture

tests/system/test_system_chaos_engineering.py::TestChaosEngineering::test_system_resilience_under_chaos
  C:\Users\Vincent_Pereira\AppData\Roaming\Python\Python313\site-packages\pytest_asyncio\plugin.py:598: PytestDeprecationWarning:
  
  asyncio test 'test_system_resilience_under_chaos' requested async @pytest.fixture 'setup_method' in strict mode. You might want to use @pytest_asyncio.fixture or switch to auto mode. This will become an error in future versions of flake8-asyncio.

tests/system/test_system_disaster_recovery.py::TestDisasterRecovery::test_database_failover_scenario
  C:\Users\Vincent_Pereira\AppData\Roaming\Python\Python313\site-packages\_pytest\fixtures.py:1181: PytestRemovedIn9Warning:
  
  'test_database_failover_scenario' requested an async fixture 'setup_method' with autouse=True, with no plugin or hook that handled it. This is usually an error, as pytest does not natively support it. This will turn into an error in pytest 9.
  See: https://docs.pytest.org/en/stable/deprecations.html#sync-test-depending-on-async-fixture

tests/system/test_system_disaster_recovery.py::TestDisasterRecovery::test_database_failover_scenario
  C:\Users\Vincent_Pereira\AppData\Roaming\Python\Python313\site-packages\pytest_asyncio\plugin.py:598: PytestDeprecationWarning:
  
  asyncio test 'test_database_failover_scenario' requested async @pytest.fixture 'setup_method' in strict mode. You might want to use @pytest_asyncio.fixture or switch to auto mode. This will become an error in future versions of flake8-asyncio.

tests/system/test_system_disaster_recovery.py::TestDisasterRecovery::test_database_failover_scenario
tests/system/test_system_disaster_recovery.py::TestDisasterRecovery::test_cascading_failure_scenario
tests/system/test_system_disaster_recovery.py::TestDisasterRecovery::test_load_balancer_failover
tests/system/test_system_disaster_recovery.py::TestDisasterRecovery::test_data_corruption_recovery
tests/system/test_system_disaster_recovery.py::TestDisasterRecovery::test_network_partition_recovery
tests/system/test_system_disaster_recovery.py::TestDisasterRecovery::test_memory_exhaustion_recovery
tests/system/test_system_disaster_recovery.py::TestDisasterRecovery::test_disaster_recovery_reporting
tests/system/test_system_disaster_recovery.py::TestDisasterRecovery::test_concurrent_disaster_scenarios
  C:\Users\Vincent_Pereira\AppData\Roaming\Python\Python313\site-packages\_pytest\python.py:722: RuntimeWarning:
  
  coroutine 'TestDisasterRecovery.teardown_method' was never awaited
  
  Enable tracemalloc to get traceback where the object was allocated.
  See https://docs.pytest.org/en/stable/how-to/capture-warnings.html#resource-warnings for more info.

tests/system/test_system_disaster_recovery.py::TestDisasterRecovery::test_cascading_failure_scenario
  C:\Users\Vincent_Pereira\AppData\Roaming\Python\Python313\site-packages\_pytest\fixtures.py:1181: PytestRemovedIn9Warning:
  
  'test_cascading_failure_scenario' requested an async fixture 'setup_method' with autouse=True, with no plugin or hook that handled it. This is usually an error, as pytest does not natively support it. This will turn into an error in pytest 9.
  See: https://docs.pytest.org/en/stable/deprecations.html#sync-test-depending-on-async-fixture

tests/system/test_system_disaster_recovery.py::TestDisasterRecovery::test_cascading_failure_scenario
  C:\Users\Vincent_Pereira\AppData\Roaming\Python\Python313\site-packages\pytest_asyncio\plugin.py:598: PytestDeprecationWarning:
  
  asyncio test 'test_cascading_failure_scenario' requested async @pytest.fixture 'setup_method' in strict mode. You might want to use @pytest_asyncio.fixture or switch to auto mode. This will become an error in future versions of flake8-asyncio.

tests/system/test_system_disaster_recovery.py::TestDisasterRecovery::test_load_balancer_failover
  C:\Users\Vincent_Pereira\AppData\Roaming\Python\Python313\site-packages\_pytest\fixtures.py:1181: PytestRemovedIn9Warning:
  
  'test_load_balancer_failover' requested an async fixture 'setup_method' with autouse=True, with no plugin or hook that handled it. This is usually an error, as pytest does not natively support it. This will turn into an error in pytest 9.
  See: https://docs.pytest.org/en/stable/deprecations.html#sync-test-depending-on-async-fixture

tests/system/test_system_disaster_recovery.py::TestDisasterRecovery::test_load_balancer_failover
  C:\Users\Vincent_Pereira\AppData\Roaming\Python\Python313\site-packages\pytest_asyncio\plugin.py:598: PytestDeprecationWarning:
  
  asyncio test 'test_load_balancer_failover' requested async @pytest.fixture 'setup_method' in strict mode. You might want to use @pytest_asyncio.fixture or switch to auto mode. This will become an error in future versions of flake8-asyncio.

tests/system/test_system_disaster_recovery.py::TestDisasterRecovery::test_data_corruption_recovery
  C:\Users\Vincent_Pereira\AppData\Roaming\Python\Python313\site-packages\_pytest\fixtures.py:1181: PytestRemovedIn9Warning:
  
  'test_data_corruption_recovery' requested an async fixture 'setup_method' with autouse=True, with no plugin or hook that handled it. This is usually an error, as pytest does not natively support it. This will turn into an error in pytest 9.
  See: https://docs.pytest.org/en/stable/deprecations.html#sync-test-depending-on-async-fixture

tests/system/test_system_disaster_recovery.py::TestDisasterRecovery::test_data_corruption_recovery
  C:\Users\Vincent_Pereira\AppData\Roaming\Python\Python313\site-packages\pytest_asyncio\plugin.py:598: PytestDeprecationWarning:
  
  asyncio test 'test_data_corruption_recovery' requested async @pytest.fixture 'setup_method' in strict mode. You might want to use @pytest_asyncio.fixture or switch to auto mode. This will become an error in future versions of flake8-asyncio.

tests/system/test_system_disaster_recovery.py::TestDisasterRecovery::test_network_partition_recovery
  C:\Users\Vincent_Pereira\AppData\Roaming\Python\Python313\site-packages\_pytest\fixtures.py:1181: PytestRemovedIn9Warning:
  
  'test_network_partition_recovery' requested an async fixture 'setup_method' with autouse=True, with no plugin or hook that handled it. This is usually an error, as pytest does not natively support it. This will turn into an error in pytest 9.
  See: https://docs.pytest.org/en/stable/deprecations.html#sync-test-depending-on-async-fixture

tests/system/test_system_disaster_recovery.py::TestDisasterRecovery::test_network_partition_recovery
  C:\Users\Vincent_Pereira\AppData\Roaming\Python\Python313\site-packages\pytest_asyncio\plugin.py:598: PytestDeprecationWarning:
  
  asyncio test 'test_network_partition_recovery' requested async @pytest.fixture 'setup_method' in strict mode. You might want to use @pytest_asyncio.fixture or switch to auto mode. This will become an error in future versions of flake8-asyncio.

tests/system/test_system_disaster_recovery.py::TestDisasterRecovery::test_memory_exhaustion_recovery
  C:\Users\Vincent_Pereira\AppData\Roaming\Python\Python313\site-packages\_pytest\fixtures.py:1181: PytestRemovedIn9Warning:
  
  'test_memory_exhaustion_recovery' requested an async fixture 'setup_method' with autouse=True, with no plugin or hook that handled it. This is usually an error, as pytest does not natively support it. This will turn into an error in pytest 9.
  See: https://docs.pytest.org/en/stable/deprecations.html#sync-test-depending-on-async-fixture

tests/system/test_system_disaster_recovery.py::TestDisasterRecovery::test_memory_exhaustion_recovery
  C:\Users\Vincent_Pereira\AppData\Roaming\Python\Python313\site-packages\pytest_asyncio\plugin.py:598: PytestDeprecationWarning:
  
  asyncio test 'test_memory_exhaustion_recovery' requested async @pytest.fixture 'setup_method' in strict mode. You might want to use @pytest_asyncio.fixture or switch to auto mode. This will become an error in future versions of flake8-asyncio.

tests/system/test_system_disaster_recovery.py::TestDisasterRecovery::test_disaster_recovery_reporting
  C:\Users\Vincent_Pereira\AppData\Roaming\Python\Python313\site-packages\_pytest\fixtures.py:1181: PytestRemovedIn9Warning:
  
  'test_disaster_recovery_reporting' requested an async fixture 'setup_method' with autouse=True, with no plugin or hook that handled it. This is usually an error, as pytest does not natively support it. This will turn into an error in pytest 9.
  See: https://docs.pytest.org/en/stable/deprecations.html#sync-test-depending-on-async-fixture

tests/system/test_system_disaster_recovery.py::TestDisasterRecovery::test_disaster_recovery_reporting
  C:\Users\Vincent_Pereira\AppData\Roaming\Python\Python313\site-packages\pytest_asyncio\plugin.py:598: PytestDeprecationWarning:
  
  asyncio test 'test_disaster_recovery_reporting' requested async @pytest.fixture 'setup_method' in strict mode. You might want to use @pytest_asyncio.fixture or switch to auto mode. This will become an error in future versions of flake8-asyncio.

tests/system/test_system_disaster_recovery.py::TestDisasterRecovery::test_concurrent_disaster_scenarios
  C:\Users\Vincent_Pereira\AppData\Roaming\Python\Python313\site-packages\_pytest\fixtures.py:1181: PytestRemovedIn9Warning:
  
  'test_concurrent_disaster_scenarios' requested an async fixture 'setup_method' with autouse=True, with no plugin or hook that handled it. This is usually an error, as pytest does not natively support it. This will turn into an error in pytest 9.
  See: https://docs.pytest.org/en/stable/deprecations.html#sync-test-depending-on-async-fixture

tests/system/test_system_disaster_recovery.py::TestDisasterRecovery::test_concurrent_disaster_scenarios
  C:\Users\Vincent_Pereira\AppData\Roaming\Python\Python313\site-packages\pytest_asyncio\plugin.py:598: PytestDeprecationWarning:
  
  asyncio test 'test_concurrent_disaster_scenarios' requested async @pytest.fixture 'setup_method' in strict mode. You might want to use @pytest_asyncio.fixture or switch to auto mode. This will become an error in future versions of flake8-asyncio.

tests/test_advanced_rest_api.py::TestVersionedEndpointDecorator::test_versioned_endpoint_decorator
  C:\Users\Vincent_Pereira\Projects\Algo_Trading_Projects\Kilo Code\Algorithmic Trading System\tests\test_advanced_rest_api.py:641: DeprecationWarning:
  
  Endpoint test_endpoint is deprecated since version v3

tests/test_data_feed_manager.py::TestDataFeedManager::test_provider_chain_configuration
  C:\Users\Vincent_Pereira\AppData\Roaming\Python\Python313\site-packages\_pytest\fixtures.py:1181: PytestRemovedIn9Warning:
  
  'test_provider_chain_configuration' requested an async fixture 'data_feed_manager', with no plugin or hook that handled it. This is usually an error, as pytest does not natively support it. This will turn into an error in pytest 9.
  See: https://docs.pytest.org/en/stable/deprecations.html#sync-test-depending-on-async-fixture

tests/test_data_feed_manager.py::TestDataFeedManager::test_provider_chain_configuration
  C:\Users\Vincent_Pereira\AppData\Roaming\Python\Python313\site-packages\pytest_asyncio\plugin.py:598: PytestDeprecationWarning:
  
  asyncio test 'test_provider_chain_configuration' requested async @pytest.fixture 'data_feed_manager' in strict mode. You might want to use @pytest_asyncio.fixture or switch to auto mode. This will become an error in future versions of flake8-asyncio.

tests/test_data_feed_manager.py::TestDataFeedManager::test_real_time_data_fallback
  C:\Users\Vincent_Pereira\AppData\Roaming\Python\Python313\site-packages\_pytest\fixtures.py:1181: PytestRemovedIn9Warning:
  
  'test_real_time_data_fallback' requested an async fixture 'data_feed_manager', with no plugin or hook that handled it. This is usually an error, as pytest does not natively support it. This will turn into an error in pytest 9.
  See: https://docs.pytest.org/en/stable/deprecations.html#sync-test-depending-on-async-fixture

tests/test_data_feed_manager.py::TestDataFeedManager::test_real_time_data_fallback
  C:\Users\Vincent_Pereira\AppData\Roaming\Python\Python313\site-packages\pytest_asyncio\plugin.py:598: PytestDeprecationWarning:
  
  asyncio test 'test_real_time_data_fallback' requested async @pytest.fixture 'data_feed_manager' in strict mode. You might want to use @pytest_asyncio.fixture or switch to auto mode. This will become an error in future versions of flake8-asyncio.

tests/test_data_feed_manager.py::TestDataFeedManager::test_circuit_breaker_functionality
  C:\Users\Vincent_Pereira\AppData\Roaming\Python\Python313\site-packages\_pytest\fixtures.py:1181: PytestRemovedIn9Warning:
  
  'test_circuit_breaker_functionality' requested an async fixture 'data_feed_manager', with no plugin or hook that handled it. This is usually an error, as pytest does not natively support it. This will turn into an error in pytest 9.
  See: https://docs.pytest.org/en/stable/deprecations.html#sync-test-depending-on-async-fixture

tests/test_data_feed_manager.py::TestDataFeedManager::test_circuit_breaker_functionality
  C:\Users\Vincent_Pereira\AppData\Roaming\Python\Python313\site-packages\pytest_asyncio\plugin.py:598: PytestDeprecationWarning:
  
  asyncio test 'test_circuit_breaker_functionality' requested async @pytest.fixture 'data_feed_manager' in strict mode. You might want to use @pytest_asyncio.fixture or switch to auto mode. This will become an error in future versions of flake8-asyncio.

tests/test_data_feed_manager.py::TestDataFeedManager::test_timeout_handling
  C:\Users\Vincent_Pereira\AppData\Roaming\Python\Python313\site-packages\_pytest\fixtures.py:1181: PytestRemovedIn9Warning:
  
  'test_timeout_handling' requested an async fixture 'data_feed_manager', with no plugin or hook that handled it. This is usually an error, as pytest does not natively support it. This will turn into an error in pytest 9.
  See: https://docs.pytest.org/en/stable/deprecations.html#sync-test-depending-on-async-fixture

tests/test_data_feed_manager.py::TestDataFeedManager::test_timeout_handling
  C:\Users\Vincent_Pereira\AppData\Roaming\Python\Python313\site-packages\pytest_asyncio\plugin.py:598: PytestDeprecationWarning:
  
  asyncio test 'test_timeout_handling' requested async @pytest.fixture 'data_feed_manager' in strict mode. You might want to use @pytest_asyncio.fixture or switch to auto mode. This will become an error in future versions of flake8-asyncio.

tests/test_data_feed_manager.py::TestDataFeedManager::test_data_normalization_and_kafka_streaming
  C:\Users\Vincent_Pereira\AppData\Roaming\Python\Python313\site-packages\_pytest\fixtures.py:1181: PytestRemovedIn9Warning:
  
  'test_data_normalization_and_kafka_streaming' requested an async fixture 'data_feed_manager', with no plugin or hook that handled it. This is usually an error, as pytest does not natively support it. This will turn into an error in pytest 9.
  See: https://docs.pytest.org/en/stable/deprecations.html#sync-test-depending-on-async-fixture

tests/test_data_feed_manager.py::TestDataFeedManager::test_data_normalization_and_kafka_streaming
  C:\Users\Vincent_Pereira\AppData\Roaming\Python\Python313\site-packages\pytest_asyncio\plugin.py:598: PytestDeprecationWarning:
  
  asyncio test 'test_data_normalization_and_kafka_streaming' requested async @pytest.fixture 'data_feed_manager' in strict mode. You might want to use @pytest_asyncio.fixture or switch to auto mode. This will become an error in future versions of flake8-asyncio.

tests/test_data_feed_manager.py::TestDataFeedManager::test_multi_asset_class_support
  C:\Users\Vincent_Pereira\AppData\Roaming\Python\Python313\site-packages\_pytest\fixtures.py:1181: PytestRemovedIn9Warning:
  
  'test_multi_asset_class_support' requested an async fixture 'data_feed_manager', with no plugin or hook that handled it. This is usually an error, as pytest does not natively support it. This will turn into an error in pytest 9.
  See: https://docs.pytest.org/en/stable/deprecations.html#sync-test-depending-on-async-fixture

tests/test_data_feed_manager.py::TestDataFeedManager::test_multi_asset_class_support
  C:\Users\Vincent_Pereira\AppData\Roaming\Python\Python313\site-packages\pytest_asyncio\plugin.py:598: PytestDeprecationWarning:
  
  asyncio test 'test_multi_asset_class_support' requested async @pytest.fixture 'data_feed_manager' in strict mode. You might want to use @pytest_asyncio.fixture or switch to auto mode. This will become an error in future versions of flake8-asyncio.

tests/test_data_feed_manager.py::TestDataFeedManager::test_historical_data_fallback
  C:\Users\Vincent_Pereira\AppData\Roaming\Python\Python313\site-packages\_pytest\fixtures.py:1181: PytestRemovedIn9Warning:
  
  'test_historical_data_fallback' requested an async fixture 'data_feed_manager', with no plugin or hook that handled it. This is usually an error, as pytest does not natively support it. This will turn into an error in pytest 9.
  See: https://docs.pytest.org/en/stable/deprecations.html#sync-test-depending-on-async-fixture

tests/test_data_feed_manager.py::TestDataFeedManager::test_historical_data_fallback
  C:\Users\Vincent_Pereira\AppData\Roaming\Python\Python313\site-packages\pytest_asyncio\plugin.py:598: PytestDeprecationWarning:
  
  asyncio test 'test_historical_data_fallback' requested async @pytest.fixture 'data_feed_manager' in strict mode. You might want to use @pytest_asyncio.fixture or switch to auto mode. This will become an error in future versions of flake8-asyncio.

tests/test_data_feed_manager.py::TestDataFeedManager::test_provider_health_status
  C:\Users\Vincent_Pereira\AppData\Roaming\Python\Python313\site-packages\_pytest\fixtures.py:1181: PytestRemovedIn9Warning:
  
  'test_provider_health_status' requested an async fixture 'data_feed_manager', with no plugin or hook that handled it. This is usually an error, as pytest does not natively support it. This will turn into an error in pytest 9.
  See: https://docs.pytest.org/en/stable/deprecations.html#sync-test-depending-on-async-fixture

tests/test_data_feed_manager.py::TestDataFeedManager::test_provider_health_status
  C:\Users\Vincent_Pereira\AppData\Roaming\Python\Python313\site-packages\pytest_asyncio\plugin.py:598: PytestDeprecationWarning:
  
  asyncio test 'test_provider_health_status' requested async @pytest.fixture 'data_feed_manager' in strict mode. You might want to use @pytest_asyncio.fixture or switch to auto mode. This will become an error in future versions of flake8-asyncio.

tests/test_data_feed_manager.py::TestDataFeedManager::test_performance_benchmarks
  C:\Users\Vincent_Pereira\AppData\Roaming\Python\Python313\site-packages\_pytest\fixtures.py:1181: PytestRemovedIn9Warning:
  
  'test_performance_benchmarks' requested an async fixture 'data_feed_manager', with no plugin or hook that handled it. This is usually an error, as pytest does not natively support it. This will turn into an error in pytest 9.
  See: https://docs.pytest.org/en/stable/deprecations.html#sync-test-depending-on-async-fixture

tests/test_data_feed_manager.py::TestDataFeedManager::test_performance_benchmarks
  C:\Users\Vincent_Pereira\AppData\Roaming\Python\Python313\site-packages\pytest_asyncio\plugin.py:598: PytestDeprecationWarning:
  
  asyncio test 'test_performance_benchmarks' requested async @pytest.fixture 'data_feed_manager' in strict mode. You might want to use @pytest_asyncio.fixture or switch to auto mode. This will become an error in future versions of flake8-asyncio.

tests/test_data_feed_manager.py::TestDataFeedManager::test_concurrent_requests
  C:\Users\Vincent_Pereira\AppData\Roaming\Python\Python313\site-packages\_pytest\fixtures.py:1181: PytestRemovedIn9Warning:
  
  'test_concurrent_requests' requested an async fixture 'data_feed_manager', with no plugin or hook that handled it. This is usually an error, as pytest does not natively support it. This will turn into an error in pytest 9.
  See: https://docs.pytest.org/en/stable/deprecations.html#sync-test-depending-on-async-fixture

tests/test_data_feed_manager.py::TestDataFeedManager::test_concurrent_requests
  C:\Users\Vincent_Pereira\AppData\Roaming\Python\Python313\site-packages\pytest_asyncio\plugin.py:598: PytestDeprecationWarning:
  
  asyncio test 'test_concurrent_requests' requested async @pytest.fixture 'data_feed_manager' in strict mode. You might want to use @pytest_asyncio.fixture or switch to auto mode. This will become an error in future versions of flake8-asyncio.

tests/test_data_feeds.py::test_data_feeds_module
  C:\Users\Vincent_Pereira\AppData\Roaming\Python\Python313\site-packages\_pytest\python.py:161: PytestReturnNotNoneWarning:
  
  Test functions should return None, but tests/test_data_feeds.py::test_data_feeds_module returned <class 'bool'>.
  Did you mean to use `assert` instead of `return`?
  See https://docs.pytest.org/en/stable/how-to/assert.html#return-not-none for more information.

tests/test_mobile_offline_capability.py::TestOfflineCapabilityManager::test_get_status
  C:\Users\Vincent_Pereira\Projects\Algo_Trading_Projects\Trae\Algorithmic Trading System\nautilus_trader_engine\mobile\offline_capability.py:346: RuntimeWarning:
  
  coroutine 'OfflineCapabilityManager.sync_offline_data' was never awaited
  
  Enable tracemalloc to get traceback where the object was allocated.
  See https://docs.pytest.org/en/stable/how-to/capture-warnings.html#resource-warnings for more info.

tests/test_order_pipeline.py::test_order_submission_pipeline
  C:\Users\Vincent_Pereira\AppData\Roaming\Python\Python313\site-packages\_pytest\fixtures.py:1181: PytestRemovedIn9Warning:
  
  'test_order_pipeline.py' requested an async fixture 'kafka_consumer', with no plugin or hook that handled it. This is usually an error, as pytest does not natively support it. This will turn into an error in pytest 9.
  See: https://docs.pytest.org/en/stable/deprecations.html#sync-test-depending-on-async-fixture

tests/test_order_pipeline.py::test_order_submission_pipeline
  C:\Users\Vincent_Pereira\AppData\Roaming\Python\Python313\site-packages\pytest_asyncio\plugin.py:598: PytestDeprecationWarning:
  
  asyncio test 'test_order_submission_pipeline' requested async @pytest.fixture 'kafka_consumer' in strict mode. You might want to use @pytest_asyncio.fixture or switch to auto mode. This will become an error in future versions of flake8-asyncio.

tests/test_visualization_system.py::TestTradingDashboard::test_trading_data_provider_trades
  C:\Users\Vincent_Pereira\Projects\Algo_Trading_Projects\Trae\Algorithmic Trading System\nautilus_trader_engine\visualization\trading_dashboard.py:158: FutureWarning:
  
  'H' is deprecated and will be removed in a future version, please use 'h' instead.

tests/test_visualization_system.py::TestTradingDashboard::test_get_dashboard_data
tests/test_visualization_system.py::TestIntegration::test_full_dashboard_workflow
  C:\Users\Vincent_Pereira\Projects\Algo_Trading_Projects\Trae\Algorithmic Trading System\nautilus_trader_engine\visualization\trading_dashboard.py:271: FutureWarning:
  
  'H' is deprecated and will be removed in a future version, please use 'h' instead.

tests/uat/test_realtime_processing.py::TestRealtimeProcessing::test_event_driven_architecture_performance
  C:\Program Files\Python313\Lib\unittest\mock.py:802: RuntimeWarning:
  
  coroutine 'TestChaosEngineering.setup_method' was never awaited
  
  Enable tracemalloc to get traceback where the object was allocated.
  See https://docs.pytest.org/en/stable/how-to/capture-warnings.html#resource-warnings for more info.

tests/unit/test_technical_indicators.py::TestTechnicalIndicators::test_indicator_engine_initialization
tests/unit/test_technical_indicators.py::TestTechnicalIndicators::test_trend_indicators_calculation
tests/unit/test_technical_indicators.py::TestTechnicalIndicators::test_momentum_indicators_calculation
tests/unit/test_technical_indicators.py::TestTechnicalIndicators::test_volatility_indicators_calculation
tests/unit/test_technical_indicators.py::TestTechnicalIndicators::test_oscillator_indicators_calculation
tests/unit/test_technical_indicators.py::TestTechnicalIndicators::test_signal_generation
tests/unit/test_technical_indicators.py::TestTechnicalIndicators::test_multi_timeframe_analysis
tests/unit/test_technical_indicators.py::TestTechnicalIndicators::test_custom_indicator_support
  C:\Users\Vincent_Pereira\Projects\Algo_Trading_Projects\Trae\Algorithmic Trading System\tests\unit\test_technical_indicators.py:41: FutureWarning:
  
  'H' is deprecated and will be removed in a future version, please use 'h' instead.

tests/unit/test_trading_engine.py::TestTradingEngine::test_place_order_success
tests/unit/test_trading_engine.py::TestTradingEngine::test_place_order_risk_check_failed
tests/unit/test_trading_engine.py::TestTradingEngine::test_cancel_order_success
tests/unit/test_trading_engine.py::TestTradingEngine::test_get_positions
tests/unit/test_trading_engine.py::TestTradingEngine::test_get_orders_with_filters
tests/unit/test_trading_engine.py::TestTradingEngine::test_websocket_connection_manager
tests/unit/test_trading_engine.py::TestTradingEngine::test_broadcast_order_update
  C:\Users\Vincent_Pereira\Projects\Algo_Trading_Projects\Trae\Algorithmic Trading System\tests\unit\test_trading_engine.py:55: DeprecationWarning:
  
  datetime.datetime.utcnow() is deprecated and scheduled for removal in a future version. Use timezone-aware objects to represent datetimes in UTC: datetime.datetime.now(datetime.UTC).

tests/unit/test_trading_engine.py::TestTradingEngine::test_get_orders_with_filters
  C:\Users\Vincent_Pereira\Projects\Algo_Trading_Projects\Trae\Algorithmic Trading System\tests\unit\test_trading_engine.py:162: DeprecationWarning:
  
  datetime.datetime.utcnow() is deprecated and scheduled for removal in a future version. Use timezone-aware objects to represent datetimes in UTC: datetime.datetime.now(datetime.UTC).

backtesting/service/tests/test_data_fetcher.py::test_fetch_data_from_cache
  C:\Users\Vincent_Pereira\Projects\Algo_Trading_Projects\Trae\Algorithmic Trading System\backtesting\service\data_service.py:81: FutureWarning:
  
  Passing literal json to 'read_json' is deprecated and will be removed in a future version. To read from a literal string, wrap it in a 'StringIO' object.

-- Docs: https://docs.pytest.org/en/stable/how-to/capture-warnings.html

-------------------------------------------------- benchmark 'prepare-data': 1 tests ---------------------------------------------------
Name (time in us)                    Min         Max      Mean    StdDev    Median       IQR  Outliers  OPS (Kops/s)  Rounds  Iterations
----------------------------------------------------------------------------------------------------------------------------------------
test_benchmark_prepare_data     250.8000  1,072.1000  389.3966  117.0913  384.6000  184.1750     243;8        2.5681     697           1
----------------------------------------------------------------------------------------------------------------------------------------

Legend:
  Outliers: 1 Standard Deviation from Mean; 1.5 IQR (InterQuartile Range) from 1st Quartile and 3rd Quartile.
  OPS: Operations Per Second, computed as 1 / Mean
=========================== short test summary info ===========================
SKIPPED [1] tests\system\test_scalability.py:11: Skipping scalability tests on Windows
SKIPPED [1] tests\integration\test_qdrant_integration.py:70: qdrant_client not available
SKIPPED [1] tests\integration\test_qdrant_integration.py:91: qdrant_client not available
SKIPPED [1] tests\integration\test_qdrant_integration.py:113: qdrant_client not available
SKIPPED [1] tests\integration\test_qdrant_integration.py:146: qdrant_client not available
SKIPPED [1] tests\integration\test_qdrant_integration.py:184: qdrant_client not available
SKIPPED [1] tests\integration\test_qdrant_integration.py:225: qdrant_client not available
SKIPPED [1] tests\integration\test_qdrant_integration.py:266: qdrant_client not available
SKIPPED [1] tests\integration\test_qdrant_integration.py:303: qdrant_client not available
SKIPPED [1] tests\integration\test_qdrant_integration.py:328: qdrant_client not available
SKIPPED [1] tests\integration\test_qdrant_integration.py:361: qdrant_client not available
SKIPPED [1] tests\integration\test_vertical_slice.py:31: Skipping vertical slice test - requires external services
SKIPPED [1] ..\..\Kilo Code\Algorithmic Trading System\tests\test_zero_trust_security.py:86: pyotp library not available
SKIPPED [1] ..\..\Kilo Code\Algorithmic Trading System\tests\test_zero_trust_security.py:97: pyotp library not available
ERROR tests/e2e/test_complete_trading_workflow.py::TestAPIIntegration::test_rest_api_endpoints
ERROR tests/e2e/test_complete_trading_workflow.py::TestAPIIntegration::test_api_authentication
ERROR tests/e2e/test_complete_trading_workflow.py::TestDataConsistency::test_order_portfolio_consistency
ERROR tests/framework/test_edge_case_framework.py::TestEdgeCaseFramework::test_validate_exception_handling
ERROR tests/production_readiness/test_production_readiness.py::TestDeploymentChecker::test_pre_deployment_checklist
ERROR tests/production_readiness/test_production_readiness.py::TestDeploymentChecker::test_post_deployment_checklist
ERROR tests/production_readiness/test_production_readiness.py::TestDeploymentChecker::test_checklist_item_creation
ERROR tests/production_readiness/test_production_readiness.py::TestDeploymentChecker::test_checklist_validation_with_failures
ERROR tests/production_readiness/test_production_readiness.py::TestSecurityComplianceValidator::test_authentication_security_checks
ERROR tests/production_readiness/test_production_readiness.py::TestSecurityComplianceValidator::test_encryption_validation
ERROR tests/production_readiness/test_production_readiness.py::TestSecurityComplianceValidator::test_compliance_framework_validation
ERROR tests/production_readiness/test_production_readiness.py::TestSecurityComplianceValidator::test_network_security_validation
ERROR tests/test_asset_class_framework.py::TestEquityPricingModel::test_dividend_discount_model
ERROR tests/test_asset_class_framework.py::TestEquityPricingModel::test_pe_multiple_model
ERROR tests/test_asset_class_framework.py::TestEquityPricingModel::test_dcf_model
ERROR tests/test_asset_class_framework.py::TestEquityPricingModel::test_risk_metrics_calculation
ERROR tests/test_asset_class_framework.py::TestBondPricingModel::test_ytm_pricing
ERROR tests/test_asset_class_framework.py::TestBondPricingModel::test_duration_calculation
ERROR tests/test_asset_class_framework.py::TestBondPricingModel::test_matured_bond_pricing
ERROR tests/test_asset_class_framework.py::TestFuturePricingModel::test_cost_of_carry_pricing
ERROR tests/test_asset_class_framework.py::TestFuturePricingModel::test_future_risk_metrics
ERROR tests/test_asset_class_framework.py::TestCryptocurrencyPricingModel::test_network_value_model
ERROR tests/test_asset_class_framework.py::TestCryptocurrencyPricingModel::test_stock_to_flow_model
ERROR tests/test_asset_class_framework.py::TestCryptocurrencyPricingModel::test_crypto_risk_metrics
ERROR tests/test_asset_class_framework.py::TestAssetLifecycleManager::test_dividend_payment_handling
ERROR tests/test_asset_class_framework.py::TestAssetLifecycleManager::test_stock_split_handling
ERROR tests/test_asset_class_framework.py::TestAssetLifecycleManager::test_option_expiry_handling
ERROR tests/test_asset_class_framework.py::TestAssetClassFramework::test_asset_registration
ERROR tests/test_asset_class_framework.py::TestAssetClassFramework::test_get_assets_by_class
ERROR tests/test_asset_class_framework.py::TestAssetClassFramework::test_theoretical_price_calculation
ERROR tests/test_asset_class_framework.py::TestAssetClassFramework::test_risk_metrics_calculation
ERROR tests/test_asset_class_framework.py::TestAssetClassFramework::test_market_data_update
ERROR tests/test_asset_class_framework.py::TestAssetClassFramework::test_portfolio_summary
ERROR tests/test_asset_class_framework.py::TestAssetClassFramework::test_batch_calculations
ERROR tests/test_audit_reporting.py::TestComplianceMetricsCalculator::test_calculate_trading_metrics
ERROR tests/test_audit_reporting.py::TestComplianceMetricsCalculator::test_calculate_compliance_metrics
ERROR tests/test_audit_reporting.py::TestComplianceMetricsCalculator::test_calculate_all_metrics
ERROR tests/test_audit_reporting.py::TestComplianceMetricsCalculator::test_get_metrics_summary
ERROR tests/test_audit_reporting.py::TestRegulatoryReportGenerator::test_add_report_config
ERROR tests/test_audit_reporting.py::TestRegulatoryReportGenerator::test_generate_daily_trading_report
ERROR tests/test_audit_reporting.py::TestRegulatoryReportGenerator::test_generate_monthly_compliance_report
ERROR tests/test_audit_reporting.py::TestRegulatoryReportGenerator::test_get_report_history
ERROR tests/test_audit_reporting.py::TestAuditReportingSystem::test_system_initialization
ERROR tests/test_audit_reporting.py::TestAuditReportingSystem::test_log_audit_event
ERROR tests/test_audit_reporting.py::TestAuditReportingSystem::test_search_audit_events
ERROR tests/test_audit_reporting.py::TestAuditReportingSystem::test_generate_report
ERROR tests/test_audit_reporting.py::TestAuditReportingSystem::test_get_compliance_metrics
ERROR tests/test_audit_reporting.py::TestAuditReportingSystem::test_export_audit_trail
ERROR tests/test_audit_reporting.py::TestAuditReportingSystem::test_get_system_statistics
ERROR tests/test_dashboard_builder.py::TestDashboardBuilder::test_builder_initialization
ERROR tests/test_dashboard_builder.py::TestDashboardBuilder::test_widget_templates_initialization
ERROR tests/test_dashboard_builder.py::TestDashboardBuilder::test_create_dashboard_share
ERROR tests/test_dashboard_builder.py::TestDashboardBuilder::test_add_dashboard_permission
ERROR tests/test_dashboard_builder.py::TestDashboardBuilder::test_get_user_dashboard_access
ERROR tests/test_dashboard_builder.py::TestDashboardBuilder::test_export_dashboard
ERROR tests/test_dashboard_builder.py::TestDashboardBuilder::test_import_dashboard
ERROR tests/test_dashboard_builder.py::TestDashboardBuilder::test_get_dashboard_analytics
ERROR tests/test_dashboard_builder.py::TestIntegration::test_end_to_end_dashboard_creation
ERROR tests/test_dashboard_builder.py::TestIntegration::test_collaborative_editing_workflow
ERROR tests/test_dashboard_builder.py::TestIntegration::test_dashboard_sharing_permissions
ERROR tests/test_visualization_system.py::TestDashboardBuilder::test_dashboard_builder_initialization
ERROR tests/test_visualization_system.py::TestDashboardBuilder::test_create_layout
ERROR tests/test_visualization_system.py::TestDashboardBuilder::test_add_widget
ERROR tests/test_visualization_system.py::TestDashboardBuilder::test_add_widget_invalid_layout
ERROR tests/test_visualization_system.py::TestDashboardBuilder::test_get_layout_data
ERROR tests/test_visualization_system.py::TestDashboardBuilder::test_get_layout_data_invalid_layout
ERROR tests/test_visualization_systems.py::TestMobileTradingApp::test_start_price_updates
ERROR tests/test_visualization_systems.py::TestCustomizableDashboardSystem::test_default_themes_initialization
ERROR tests/test_visualization_systems.py::TestCustomizableDashboardSystem::test_default_templates_initialization
FAILED tests/e2e/test_backtesting_workflow.py::test_backtesting_workflow - re...
FAILED tests/e2e/test_complete_trading_workflow.py::TestCompleteTradingWorkflow::test_complete_buy_order_workflow
FAILED tests/e2e/test_complete_trading_workflow.py::TestCompleteTradingWorkflow::test_risk_management_integration
FAILED tests/e2e/test_complete_trading_workflow.py::TestCompleteTradingWorkflow::test_websocket_real_time_updates
FAILED tests/e2e/test_complete_trading_workflow.py::TestCompleteTradingWorkflow::test_multi_asset_portfolio_management
FAILED tests/e2e/test_complete_trading_workflow.py::TestCompleteTradingWorkflow::test_strategy_execution_workflow
FAILED tests/e2e/test_complete_trading_workflow.py::TestCompleteTradingWorkflow::test_error_handling_and_recovery
FAILED tests/e2e/test_complete_trading_workflow.py::TestCompleteTradingWorkflow::test_performance_under_load
FAILED tests/framework/test_edge_case_framework.py::TestEdgeCaseFramework::test_get_test_statistics
FAILED tests/portfolio/test_advanced_portfolio_manager.py::TestAdvancedPortfolioManager::test_set_target_allocation_valid
FAILED tests/portfolio/test_advanced_portfolio_manager.py::TestAdvancedPortfolioManager::test_calculate_portfolio_metrics
FAILED tests/portfolio/test_advanced_portfolio_manager.py::TestAdvancedPortfolioManager::test_check_rebalancing_needed_threshold
FAILED tests/portfolio/test_advanced_portfolio_manager.py::TestAdvancedPortfolioManager::test_calculate_current_weights
FAILED tests/portfolio/test_advanced_portfolio_manager.py::TestIntegration::test_full_portfolio_lifecycle
FAILED tests/production_readiness/test_production_readiness.py::TestPerformanceValidator::test_response_time_validation
FAILED tests/production_readiness/test_production_readiness.py::TestPerformanceValidator::test_throughput_validation
FAILED tests/production_readiness/test_production_readiness.py::TestPerformanceValidator::test_resource_utilization_validation
FAILED tests/production_readiness/test_production_readiness.py::TestPerformanceValidator::test_load_testing_validation
FAILED tests/production_readiness/test_production_readiness.py::TestPerformanceValidator::test_scalability_assessment
FAILED tests/production_readiness/test_production_readiness.py::TestProductionReadinessValidator::test_full_readiness_validation
FAILED tests/production_readiness/test_production_readiness.py::TestProductionReadinessValidator::test_environment_specific_validation
FAILED tests/production_readiness/test_production_readiness.py::TestProductionReadinessValidator::test_generate_readiness_report
FAILED tests/production_readiness/test_production_readiness.py::TestProductionReadinessAutomation::test_automation_initialization
FAILED tests/production_readiness/test_production_readiness.py::TestProductionReadinessAutomation::test_schedule_readiness_validation
FAILED tests/production_readiness/test_production_readiness.py::TestProductionReadinessAutomation::test_create_go_live_event
FAILED tests/production_readiness/test_production_readiness.py::TestProductionReadinessAutomation::test_get_validation_statistics
FAILED tests/production_readiness/test_production_readiness.py::TestProductionReadinessIntegration::test_end_to_end_readiness_validation
FAILED tests/production_readiness/test_production_readiness.py::TestProductionReadinessIntegration::test_multiple_environment_validation
FAILED tests/production_readiness/test_production_readiness.py::TestProductionReadinessPerformance::test_validation_performance
FAILED tests/production_readiness/test_production_readiness.py::TestProductionReadinessPerformance::test_concurrent_validations
FAILED tests/smoke/test_deployment_health.py::TestDeploymentHealth::test_health_endpoint
FAILED tests/smoke/test_deployment_health.py::TestDeploymentHealth::test_api_health_endpoint
FAILED tests/smoke/test_deployment_health.py::TestDeploymentHealth::test_database_connectivity
FAILED tests/smoke/test_deployment_health.py::TestDeploymentHealth::test_redis_connectivity
FAILED tests/smoke/test_deployment_health.py::TestDeploymentHealth::test_kafka_connectivity
FAILED tests/smoke/test_deployment_health.py::TestDeploymentHealth::test_market_data_service
FAILED tests/smoke/test_deployment_health.py::TestDeploymentHealth::test_order_management_service
FAILED tests/smoke/test_deployment_health.py::TestDeploymentHealth::test_portfolio_service
FAILED tests/smoke/test_deployment_health.py::TestDeploymentHealth::test_risk_management_service
FAILED tests/smoke/test_deployment_health.py::TestDeploymentHealth::test_websocket_endpoint
FAILED tests/smoke/test_deployment_health.py::TestDeploymentHealth::test_api_response_time
FAILED tests/smoke/test_deployment_health.py::TestDeploymentHealth::test_concurrent_requests
FAILED tests/smoke/test_deployment_health.py::TestSecurityHeaders::test_security_headers_present
FAILED tests/smoke/test_deployment_health.py::TestSecurityHeaders::test_cors_headers
FAILED tests/standalone/test_dynamic_hedging_simple.py::test_dynamic_hedging_system
FAILED tests/standalone/test_dynamic_hedging_simple.py::test_hedge_calculators
FAILED tests/standalone/test_order_direct.py::test_order_management - Failed:...
FAILED tests/standalone/test_order_management_simple.py::test_order_management
FAILED tests/standalone/test_order_minimal.py::test_order_management_only - F...
FAILED tests/standalone/test_order_simple.py::test_basic_functionality - Fail...
FAILED tests/standalone/test_order_standalone.py::test_order_management - Fai...
FAILED tests/standalone/test_portfolio_optimizer_simple.py::test_portfolio_optimizer
FAILED tests/standalone/test_stress_testing_simple.py::test_stress_testing_framework
FAILED tests/standalone/test_stress_testing_simple.py::test_convenience_functions
FAILED tests/standalone/test_var_simple.py::test_var_engine - Failed: async d...
FAILED tests/system/test_end_to_end_trading.py::TestEndToEndTrading::test_complete_trading_workflow
FAILED tests/system/test_end_to_end_trading.py::TestEndToEndTrading::test_risk_management_validation
FAILED tests/system/test_end_to_end_trading.py::TestEndToEndTrading::test_order_execution_and_fills
FAILED tests/system/test_end_to_end_trading.py::TestEndToEndTrading::test_portfolio_update_after_execution
FAILED tests/system/test_end_to_end_trading.py::TestEndToEndTrading::test_stop_loss_trigger_and_execution
FAILED tests/system/test_latency.py::TestLatencySystem::test_order_placement_latency
FAILED tests/system/test_latency.py::TestLatencySystem::test_market_data_feed_latency
FAILED tests/system/test_latency.py::TestLatencySystem::test_risk_calculation_latency
FAILED tests/system/test_latency.py::TestLatencySystem::test_database_query_latency
FAILED tests/system/test_latency.py::TestLatencySystem::test_concurrent_operations_latency
FAILED tests/system/test_latency.py::TestLatencySystem::test_memory_access_latency
FAILED tests/system/test_latency.py::TestLatencySystem::test_latency_percentiles_and_distribution
FAILED tests/system/test_latency.py::TestLatencySystem::test_latency_regression_detection
FAILED tests/system/test_latency.py::TestLatencySystem::test_system_resource_impact_on_latency
FAILED tests/system/test_latency.py::TestLatencySystem::test_latency_monitoring_and_alerting
FAILED tests/system/test_latency.py::TestLatencySystem::test_end_to_end_latency_workflow
FAILED tests/system/test_multi_asset_trading.py::TestMultiAssetTradingSystem::test_asset_manager_initialization
FAILED tests/system/test_multi_asset_trading.py::TestMultiAssetTradingSystem::test_equity_trading
FAILED tests/system/test_multi_asset_trading.py::TestMultiAssetTradingSystem::test_forex_trading
FAILED tests/system/test_multi_asset_trading.py::TestMultiAssetTradingSystem::test_cryptocurrency_trading
FAILED tests/system/test_multi_asset_trading.py::TestMultiAssetTradingSystem::test_commodity_trading
FAILED tests/system/test_multi_asset_trading.py::TestMultiAssetTradingSystem::test_multi_asset_portfolio
FAILED tests/system/test_multi_asset_trading.py::TestMultiAssetTradingSystem::test_cross_asset_risk_management
FAILED tests/system/test_multi_asset_trading.py::TestMultiAssetTradingSystem::test_execution_latency_by_asset_class
FAILED tests/system/test_multi_asset_trading.py::TestMultiAssetTradingSystem::test_concurrent_multi_asset_trading
FAILED tests/system/test_multi_asset_trading.py::TestMultiAssetTradingSystem::test_market_data_updates_across_assets
FAILED tests/system/test_multi_asset_trading.py::TestMultiAssetTradingSystem::test_portfolio_risk_monitoring
FAILED tests/system/test_multi_asset_trading.py::TestMultiAssetTradingSystem::test_order_validation_by_asset_class
FAILED tests/system/test_multi_asset_trading.py::TestMultiAssetTradingSystem::test_performance_across_asset_classes
FAILED tests/system/test_multi_asset_trading.py::TestMultiAssetTradingSystem::test_system_scalability_multi_asset
FAILED tests/system/test_multi_asset_trading.py::TestMultiAssetTradingSystem::test_end_to_end_multi_asset_workflow
FAILED tests/system/test_performance_benchmarks.py::TestPerformanceBenchmarks::test_market_data_processing_throughput
FAILED tests/system/test_performance_benchmarks.py::TestPerformanceBenchmarks::test_portfolio_calculation_performance
FAILED tests/system/test_performance_benchmarks.py::TestPerformanceBenchmarks::test_risk_calculation_performance
FAILED tests/system/test_performance_benchmarks.py::TestPerformanceBenchmarks::test_strategy_execution_performance
FAILED tests/system/test_performance_benchmarks.py::TestPerformanceBenchmarks::test_cpu_usage_benchmarks
FAILED tests/system/test_performance_benchmarks.py::TestPerformanceBenchmarks::test_database_query_performance
FAILED tests/system/test_system_chaos_engineering.py::TestChaosEngineering::test_latency_injection_experiment
FAILED tests/system/test_system_chaos_engineering.py::TestChaosEngineering::test_cpu_stress_experiment
FAILED tests/system/test_system_chaos_engineering.py::TestChaosEngineering::test_service_kill_experiment
FAILED tests/system/test_system_chaos_engineering.py::TestChaosEngineering::test_memory_leak_experiment
FAILED tests/system/test_system_chaos_engineering.py::TestChaosEngineering::test_database_slowdown_experiment
FAILED tests/system/test_system_chaos_engineering.py::TestChaosEngineering::test_experiment_safety_abort
FAILED tests/system/test_system_chaos_engineering.py::TestChaosEngineering::test_concurrent_chaos_experiments
FAILED tests/system/test_system_chaos_engineering.py::TestChaosEngineering::test_chaos_experiment_reporting
FAILED tests/system/test_system_chaos_engineering.py::TestChaosEngineering::test_system_resilience_under_chaos
FAILED tests/system/test_system_disaster_recovery.py::TestDisasterRecovery::test_database_failover_scenario
FAILED tests/system/test_system_disaster_recovery.py::TestDisasterRecovery::test_cascading_failure_scenario
FAILED tests/system/test_system_disaster_recovery.py::TestDisasterRecovery::test_load_balancer_failover
FAILED tests/system/test_system_disaster_recovery.py::TestDisasterRecovery::test_data_corruption_recovery
FAILED tests/system/test_system_disaster_recovery.py::TestDisasterRecovery::test_network_partition_recovery
FAILED tests/system/test_system_disaster_recovery.py::TestDisasterRecovery::test_memory_exhaustion_recovery
FAILED tests/system/test_system_disaster_recovery.py::TestDisasterRecovery::test_disaster_recovery_reporting
FAILED tests/system/test_system_disaster_recovery.py::TestDisasterRecovery::test_concurrent_disaster_scenarios
FAILED tests/test_advanced_rest_api.py::TestAPIVersionManager::test_get_version_from_request_accept_header
FAILED tests/test_advanced_rest_api.py::TestAPIVersionManager::test_get_version_from_request_url_path
FAILED tests/test_advanced_rest_api.py::TestAPIVersionManager::test_get_version_from_request_query_param
FAILED tests/test_advanced_rest_api.py::TestAPIVersionManager::test_get_version_from_request_default
FAILED tests/test_advanced_rest_api.py::TestVersionManager::test_get_version_from_request_url_path
FAILED tests/test_advanced_rest_api.py::TestVersionManager::test_get_version_from_request_query_param
FAILED tests/test_advanced_rest_api.py::TestIntegration::test_advanced_api_creation_with_flask
FAILED tests/test_asset_class_framework.py::TestAssetSpecifications::test_equity_specification_creation
FAILED tests/test_asset_class_framework.py::TestAssetSpecifications::test_bond_specification_creation
FAILED tests/test_asset_class_framework.py::TestAssetSpecifications::test_future_specification_creation
FAILED tests/test_asset_class_framework.py::TestAssetSpecifications::test_cryptocurrency_specification_creation
FAILED tests/test_asset_class_framework.py::TestOptionPricingModel::test_greeks_calculation
FAILED tests/test_asset_class_framework.py::TestOptionPricingModel::test_expired_option_pricing
FAILED tests/test_asset_class_framework.py::TestFactoryFunctions::test_create_equity_asset
FAILED tests/test_asset_class_framework.py::TestFactoryFunctions::test_create_bond_asset
FAILED tests/test_asset_class_framework.py::TestFactoryFunctions::test_create_future_asset
FAILED tests/test_asset_class_framework.py::TestFactoryFunctions::test_create_cryptocurrency_asset
FAILED tests/test_asset_class_framework.py::test_integration_scenario - TypeE...
FAILED tests/test_audit_reporting.py::TestAuditTrailLogger::test_search_events_by_type
FAILED tests/test_audit_reporting.py::TestAuditTrailLogger::test_search_events_by_user
FAILED tests/test_audit_reporting.py::TestAuditTrailLogger::test_get_event_statistics
FAILED tests/test_audit_reporting.py::TestComplianceMetricsCalculator::test_calculate_trading_metrics
FAILED tests/test_audit_reporting.py::TestComplianceMetricsCalculator::test_calculate_compliance_metrics
FAILED tests/test_audit_reporting.py::TestComplianceMetricsCalculator::test_calculate_all_metrics
FAILED tests/test_audit_reporting.py::TestRegulatoryReportGenerator::test_generate_daily_trading_report
FAILED tests/test_audit_reporting.py::TestRegulatoryReportGenerator::test_generate_monthly_compliance_report
FAILED tests/test_audit_reporting.py::TestIntegration::test_complete_audit_workflow
FAILED tests/test_automated_compliance.py::TestRegulatoryReportGenerator::test_generate_daily_report
FAILED tests/test_cross_asset_analytics.py::TestCrossAssetCorrelationAnalyzer::test_correlation_breakdown_detection
FAILED tests/test_data_feed_manager.py::TestDataFeedManager::test_provider_chain_configuration
FAILED tests/test_data_feed_manager.py::TestDataFeedManager::test_real_time_data_fallback
FAILED tests/test_data_feed_manager.py::TestDataFeedManager::test_circuit_breaker_functionality
FAILED tests/test_data_feed_manager.py::TestDataFeedManager::test_timeout_handling
FAILED tests/test_data_feed_manager.py::TestDataFeedManager::test_data_normalization_and_kafka_streaming
FAILED tests/test_data_feed_manager.py::TestDataFeedManager::test_multi_asset_class_support
FAILED tests/test_data_feed_manager.py::TestDataFeedManager::test_historical_data_fallback
FAILED tests/test_data_feed_manager.py::TestDataFeedManager::test_provider_health_status
FAILED tests/test_data_feed_manager.py::TestDataFeedManager::test_performance_benchmarks
FAILED tests/test_data_feed_manager.py::TestDataFeedManager::test_concurrent_requests
FAILED tests/test_data_feeds.py::TestDataFeeds::test_fallback_logic - Asserti...
FAILED tests/test_data_feeds.py::test_security_setup - NameError: name 'os' i...
FAILED tests/test_distributed_tracing.py::TestTraceDebugger::test_find_slow_traces
FAILED tests/test_distributed_tracing.py::TestTraceDebugger::test_analyze_trace_tree
FAILED tests/test_documentation_task_14_1.py::TestSystemDocumentation::test_documentation_file_structure
FAILED tests/test_documentation_task_14_1.py::TestSystemDocumentation::test_documentation_markdown_syntax
FAILED tests/test_intelligent_alerting.py::TestAnomalyDetectors::test_statistical_detector_normal_data
FAILED tests/test_intelligent_alerting.py::TestAnomalyDetectors::test_statistical_detector_anomalous_data
FAILED tests/test_intelligent_alerting.py::TestAnomalyDetectors::test_trend_detector_strong_trend
FAILED tests/test_intelligent_alerting.py::TestAlertEvaluator::test_evaluate_anomaly_rule
FAILED tests/test_market_data_api.py::TestMarketDataAPI::test_get_providers
FAILED tests/test_market_data_api.py::TestMarketDataAPI::test_get_provider_health
FAILED tests/test_market_data_api.py::TestMarketDataAPI::test_get_real_time_data_success
FAILED tests/test_market_data_api.py::TestMarketDataAPI::test_get_real_time_data_not_found
FAILED tests/test_market_data_api.py::TestMarketDataAPI::test_get_historical_data
FAILED tests/test_market_data_api.py::TestMarketDataAPI::test_get_bulk_data_real_time
FAILED tests/test_market_data_api.py::TestMarketDataAPI::test_test_provider
FAILED tests/test_market_data_api.py::TestMarketDataAPI::test_get_service_metrics
FAILED tests/test_market_data_api.py::TestMarketDataAPI::test_invalid_asset_class
FAILED tests/test_market_data_api.py::TestMarketDataAPI::test_missing_required_parameters
FAILED tests/test_market_data_api.py::TestMarketDataAPI::test_bulk_data_historical_missing_dates
FAILED tests/test_market_data_api.py::TestMarketDataAPI::test_bulk_data_invalid_type
FAILED tests/test_market_data_api.py::TestMarketDataAPIPerformance::test_concurrent_requests_performance
FAILED tests/test_market_data_api.py::TestMarketDataAPIPerformance::test_bulk_request_performance
FAILED tests/test_metrics_collection.py::TestBusinessMetricsCollector::test_collect_portfolio_metrics
FAILED tests/test_order_pipeline.py::test_order_submission_pipeline - httpx.C...
FAILED tests/test_unified_margin_system.py::TestOptionsMarginCalculator::test_short_call_margin
FAILED tests/test_unified_margin_system.py::TestSPANMarginCalculator::test_span_margin_with_options
FAILED tests/test_visualization_system.py::TestTradingDashboard::test_trading_data_provider_pnl
FAILED tests/test_visualization_system.py::TestDashboardBuilder::test_metric_widget_provider
FAILED tests/test_visualization_system.py::TestDashboardBuilder::test_dashboard_layout_creation
FAILED tests/test_visualization_system.py::TestIntegration::test_dashboard_builder_with_multiple_widgets
FAILED tests/test_visualization_systems.py::TestMobileTradingApp::test_mobile_app_initialization
FAILED tests/test_visualization_systems.py::TestMobileTradingApp::test_mobile_app_no_offline
FAILED tests/test_visualization_systems.py::TestMobileTradingApp::test_mobile_app_offline_disabled
FAILED tests/test_visualization_systems.py::TestMobileComponents::test_mobile_component_creation
FAILED tests/test_visualization_systems.py::TestCustomizableDashboardSystem::test_dashboard_system_initialization
FAILED tests/test_visualization_systems.py::TestIntegration::test_mobile_app_dashboard_integration
FAILED tests/uat/test_multi_asset_support.py::TestMultiAssetSupport::test_cross_asset_portfolio_management
FAILED tests/uat/test_realtime_processing.py::TestRealtimeProcessing::test_market_data_streaming_latency
FAILED tests/uat/test_realtime_processing.py::TestRealtimeProcessing::test_event_driven_architecture_performance
FAILED tests/unit/test_caching_system.py::TestCacheCoherency::test_cache_invalidation
FAILED tests/unit/test_caching_system.py::TestCacheCoherency::test_write_through_consistency
FAILED tests/unit/test_compliance.py::TestComplianceEngine::test_compliance_engine_initialization
FAILED tests/unit/test_compliance.py::TestComplianceEngine::test_position_limit_compliance
FAILED tests/unit/test_compliance.py::TestComplianceEngine::test_risk_limit_compliance
FAILED tests/unit/test_compliance.py::TestComplianceEngine::test_trading_restriction_compliance
FAILED tests/unit/test_compliance.py::TestComplianceEngine::test_real_time_compliance_monitoring
FAILED tests/unit/test_compliance.py::TestComplianceEngine::test_compliance_reporting
FAILED tests/unit/test_compliance.py::TestComplianceEngine::test_compliance_rule_validation
FAILED tests/unit/test_messaging_system.py::TestRingBuffer::test_ring_buffer_initialization
FAILED tests/unit/test_messaging_system.py::TestRingBuffer::test_ring_buffer_operations
FAILED tests/unit/test_messaging_system.py::TestRingBuffer::test_ring_buffer_performance
FAILED tests/unit/test_messaging_system.py::TestMessageRouting::test_topic_based_routing
FAILED tests/unit/test_messaging_system.py::TestSerialization::test_serialization_initialization
FAILED tests/unit/test_messaging_system.py::TestSerialization::test_message_serialization
FAILED tests/unit/test_messaging_system.py::TestSerialization::test_compression_performance
FAILED tests/unit/test_messaging_system.py::TestSerialization::test_schema_validation
FAILED tests/unit/test_messaging_system.py::TestMessagingMetrics::test_metrics_collection
FAILED tests/unit/test_messaging_system.py::TestMessagingMetrics::test_performance_alerts
FAILED tests/unit/test_networking_system.py::TestKernelBypass::test_kernel_bypass_initialization
FAILED tests/unit/test_networking_system.py::TestKernelBypass::test_dpdk_integration
FAILED tests/unit/test_networking_system.py::TestKernelBypass::test_zero_copy_operations
FAILED tests/unit/test_networking_system.py::TestCPUAffinity::test_cpu_affinity_initialization
FAILED tests/unit/test_networking_system.py::TestCPUAffinity::test_thread_pinning
FAILED tests/unit/test_networking_system.py::TestCPUAffinity::test_numa_optimization
FAILED tests/unit/test_unit_portfolio_management.py::TestPortfolioManagement::test_portfolio_initialization
FAILED tests/unit/test_unit_portfolio_management.py::TestPortfolioManagement::test_position_tracking
FAILED tests/unit/test_unit_portfolio_management.py::TestPortfolioManagement::test_pnl_calculation
FAILED tests/unit/test_unit_portfolio_management.py::TestPortfolioManagement::test_risk_metrics_calculation
FAILED tests/unit/test_unit_portfolio_management.py::TestPortfolioManagement::test_portfolio_rebalancing
FAILED tests/unit/test_unit_portfolio_management.py::TestPortfolioManagement::test_performance_analytics
FAILED tests/unit/test_unit_portfolio_management.py::TestPortfolioManagement::test_margin_management
FAILED tests/unit/test_unit_portfolio_management.py::TestPortfolioManagement::test_portfolio_optimization
FAILED tests/unit/test_unit_portfolio_management.py::TestPortfolioManagement::test_portfolio_stress_testing
FAILED backtesting/service/tests/test_data_fetcher.py::test_fetch_data_from_yfinance
